Test Backend (Python)	UNKNOWN STEP	´╗┐2025-12-10T21:33:26.2459830Z Current runner version: '2.329.0'
Test Backend (Python)	UNKNOWN STEP	2025-12-10T21:33:26.2483253Z ##[group]Runner Image Provisioner
Test Backend (Python)	UNKNOWN STEP	2025-12-10T21:33:26.2484100Z Hosted Compute Agent
Test Backend (Python)	UNKNOWN STEP	2025-12-10T21:33:26.2484956Z Version: 20251124.448
Test Backend (Python)	UNKNOWN STEP	2025-12-10T21:33:26.2485709Z Commit: fda5086b43ec66ade217e5fcd18146c879571177
Test Backend (Python)	UNKNOWN STEP	2025-12-10T21:33:26.2486440Z Build Date: 2025-11-24T21:16:26Z
Test Backend (Python)	UNKNOWN STEP	2025-12-10T21:33:26.2487054Z ##[endgroup]
Test Backend (Python)	UNKNOWN STEP	2025-12-10T21:33:26.2487615Z ##[group]Operating System
Test Backend (Python)	UNKNOWN STEP	2025-12-10T21:33:26.2488226Z Ubuntu
Test Backend (Python)	UNKNOWN STEP	2025-12-10T21:33:26.2488729Z 24.04.3
Test Backend (Python)	UNKNOWN STEP	2025-12-10T21:33:26.2489212Z LTS
Test Backend (Python)	UNKNOWN STEP	2025-12-10T21:33:26.2489747Z ##[endgroup]
Test Backend (Python)	UNKNOWN STEP	2025-12-10T21:33:26.2490219Z ##[group]Runner Image
Test Backend (Python)	UNKNOWN STEP	2025-12-10T21:33:26.2490806Z Image: ubuntu-24.04
Test Backend (Python)	UNKNOWN STEP	2025-12-10T21:33:26.2491314Z Version: 20251126.144.1
Test Backend (Python)	UNKNOWN STEP	2025-12-10T21:33:26.2492366Z Included Software: https://github.com/actions/runner-images/blob/ubuntu24/20251126.144/images/ubuntu/Ubuntu2404-Readme.md
Test Backend (Python)	UNKNOWN STEP	2025-12-10T21:33:26.2494017Z Image Release: https://github.com/actions/runner-images/releases/tag/ubuntu24%2F20251126.144
Test Backend (Python)	UNKNOWN STEP	2025-12-10T21:33:26.2495350Z ##[endgroup]
Test Backend (Python)	UNKNOWN STEP	2025-12-10T21:33:26.2496522Z ##[group]GITHUB_TOKEN Permissions
Test Backend (Python)	UNKNOWN STEP	2025-12-10T21:33:26.2498908Z Contents: read
Test Backend (Python)	UNKNOWN STEP	2025-12-10T21:33:26.2499468Z Metadata: read
Test Backend (Python)	UNKNOWN STEP	2025-12-10T21:33:26.2500510Z Packages: read
Test Backend (Python)	UNKNOWN STEP	2025-12-10T21:33:26.2501009Z ##[endgroup]
Test Backend (Python)	UNKNOWN STEP	2025-12-10T21:33:26.2503356Z Secret source: Actions
Test Backend (Python)	UNKNOWN STEP	2025-12-10T21:33:26.2504573Z Prepare workflow directory
Test Backend (Python)	UNKNOWN STEP	2025-12-10T21:33:26.2922072Z Prepare all required actions
Test Backend (Python)	UNKNOWN STEP	2025-12-10T21:33:26.2961028Z Getting action download info
Test Backend (Python)	UNKNOWN STEP	2025-12-10T21:33:26.6915156Z Download action repository 'actions/checkout@v4' (SHA:34e114876b0b11c390a56381ad16ebd13914f8d5)
Test Backend (Python)	UNKNOWN STEP	2025-12-10T21:33:27.2909401Z Download action repository 'actions/setup-python@v5' (SHA:a26af69be951a213d495a4c3e4e4022e16d87065)
Test Backend (Python)	UNKNOWN STEP	2025-12-10T21:33:27.4035094Z Download action repository 'actions/cache@v4' (SHA:0057852bfaa89a56745cba8c7296529d2fc39830)
Test Backend (Python)	UNKNOWN STEP	2025-12-10T21:33:27.5071713Z Download action repository 'codecov/codecov-action@v4' (SHA:b9fd7d16f6d7d1b5d2bec1a2887e65ceed900238)
Test Backend (Python)	UNKNOWN STEP	2025-12-10T21:33:28.0641763Z Complete job name: Test Backend (Python)
Test Backend (Python)	UNKNOWN STEP	2025-12-10T21:33:28.1181515Z ##[group]Checking docker version
Test Backend (Python)	UNKNOWN STEP	2025-12-10T21:33:28.1195410Z ##[command]/usr/bin/docker version --format '{{.Server.APIVersion}}'
Test Backend (Python)	UNKNOWN STEP	2025-12-10T21:33:28.2202162Z '1.48'
Test Backend (Python)	UNKNOWN STEP	2025-12-10T21:33:28.2220098Z Docker daemon API version: '1.48'
Test Backend (Python)	UNKNOWN STEP	2025-12-10T21:33:28.2222357Z ##[command]/usr/bin/docker version --format '{{.Client.APIVersion}}'
Test Backend (Python)	UNKNOWN STEP	2025-12-10T21:33:28.2421068Z '1.48'
Test Backend (Python)	UNKNOWN STEP	2025-12-10T21:33:28.2436064Z Docker client API version: '1.48'
Test Backend (Python)	UNKNOWN STEP	2025-12-10T21:33:28.2443671Z ##[endgroup]
Test Backend (Python)	UNKNOWN STEP	2025-12-10T21:33:28.2448341Z ##[group]Clean up resources from previous jobs
Test Backend (Python)	UNKNOWN STEP	2025-12-10T21:33:28.2454248Z ##[command]/usr/bin/docker ps --all --quiet --no-trunc --filter "label=beec52"
Test Backend (Python)	UNKNOWN STEP	2025-12-10T21:33:28.2600232Z ##[command]/usr/bin/docker network prune --force --filter "label=beec52"
Test Backend (Python)	UNKNOWN STEP	2025-12-10T21:33:28.2742099Z ##[endgroup]
Test Backend (Python)	UNKNOWN STEP	2025-12-10T21:33:28.2742986Z ##[group]Create local container network
Test Backend (Python)	UNKNOWN STEP	2025-12-10T21:33:28.2754547Z ##[command]/usr/bin/docker network create --label beec52 github_network_a92c60b38d7c4a9aaca337d64aeeb8b0
Test Backend (Python)	UNKNOWN STEP	2025-12-10T21:33:28.3340835Z 116f9c61601522f362616e47dacd0d400985e29e608e25e9a3e1778f5681b995
Test Backend (Python)	UNKNOWN STEP	2025-12-10T21:33:28.3360751Z ##[endgroup]
Test Backend (Python)	UNKNOWN STEP	2025-12-10T21:33:28.3385772Z ##[group]Starting postgres service container
Test Backend (Python)	UNKNOWN STEP	2025-12-10T21:33:28.3405319Z ##[command]/usr/bin/docker pull postgres:16-alpine
Test Backend (Python)	UNKNOWN STEP	2025-12-10T21:33:29.0323517Z 16-alpine: Pulling from library/postgres
Test Backend (Python)	UNKNOWN STEP	2025-12-10T21:33:29.1865015Z 014e56e61396: Pulling fs layer
Test Backend (Python)	UNKNOWN STEP	2025-12-10T21:33:29.1867031Z 50f6f59522f4: Pulling fs layer
Test Backend (Python)	UNKNOWN STEP	2025-12-10T21:33:29.1868790Z 2e78465396ba: Pulling fs layer
Test Backend (Python)	UNKNOWN STEP	2025-12-10T21:33:29.1870400Z 6b924e33a5c1: Pulling fs layer
Test Backend (Python)	UNKNOWN STEP	2025-12-10T21:33:29.1871826Z 9b299441641b: Pulling fs layer
Test Backend (Python)	UNKNOWN STEP	2025-12-10T21:33:29.1873268Z b55a8fe65af6: Pulling fs layer
Test Backend (Python)	UNKNOWN STEP	2025-12-10T21:33:29.1874903Z a7f8607ad359: Pulling fs layer
Test Backend (Python)	UNKNOWN STEP	2025-12-10T21:33:29.1876340Z f55ea1610abd: Pulling fs layer
Test Backend (Python)	UNKNOWN STEP	2025-12-10T21:33:29.1877755Z 89a5df93b4fd: Pulling fs layer
Test Backend (Python)	UNKNOWN STEP	2025-12-10T21:33:29.1879161Z 96ddc7a97eab: Pulling fs layer
Test Backend (Python)	UNKNOWN STEP	2025-12-10T21:33:29.1881033Z 9d9e3e4c9f20: Pulling fs layer
Test Backend (Python)	UNKNOWN STEP	2025-12-10T21:33:29.1882448Z b55a8fe65af6: Waiting
Test Backend (Python)	UNKNOWN STEP	2025-12-10T21:33:29.1883727Z a7f8607ad359: Waiting
Test Backend (Python)	UNKNOWN STEP	2025-12-10T21:33:29.1885165Z f55ea1610abd: Waiting
Test Backend (Python)	UNKNOWN STEP	2025-12-10T21:33:29.1886533Z 89a5df93b4fd: Waiting
Test Backend (Python)	UNKNOWN STEP	2025-12-10T21:33:29.1887825Z 96ddc7a97eab: Waiting
Test Backend (Python)	UNKNOWN STEP	2025-12-10T21:33:29.1889103Z 9d9e3e4c9f20: Waiting
Test Backend (Python)	UNKNOWN STEP	2025-12-10T21:33:29.1890377Z 6b924e33a5c1: Waiting
Test Backend (Python)	UNKNOWN STEP	2025-12-10T21:33:29.1891669Z 9b299441641b: Waiting
Test Backend (Python)	UNKNOWN STEP	2025-12-10T21:33:29.3956025Z 50f6f59522f4: Verifying Checksum
Test Backend (Python)	UNKNOWN STEP	2025-12-10T21:33:29.3958791Z 50f6f59522f4: Download complete
Test Backend (Python)	UNKNOWN STEP	2025-12-10T21:33:29.4261905Z 2e78465396ba: Verifying Checksum
Test Backend (Python)	UNKNOWN STEP	2025-12-10T21:33:29.4264475Z 2e78465396ba: Download complete
Test Backend (Python)	UNKNOWN STEP	2025-12-10T21:33:29.5837316Z 6b924e33a5c1: Verifying Checksum
Test Backend (Python)	UNKNOWN STEP	2025-12-10T21:33:29.5838383Z 6b924e33a5c1: Download complete
Test Backend (Python)	UNKNOWN STEP	2025-12-10T21:33:29.6273154Z 9b299441641b: Verifying Checksum
Test Backend (Python)	UNKNOWN STEP	2025-12-10T21:33:29.6274927Z 9b299441641b: Download complete
Test Backend (Python)	UNKNOWN STEP	2025-12-10T21:33:29.6509495Z 014e56e61396: Verifying Checksum
Test Backend (Python)	UNKNOWN STEP	2025-12-10T21:33:29.6511211Z 014e56e61396: Download complete
Test Backend (Python)	UNKNOWN STEP	2025-12-10T21:33:29.7672854Z 014e56e61396: Pull complete
Test Backend (Python)	UNKNOWN STEP	2025-12-10T21:33:29.8142347Z a7f8607ad359: Verifying Checksum
Test Backend (Python)	UNKNOWN STEP	2025-12-10T21:33:29.8142969Z a7f8607ad359: Download complete
Test Backend (Python)	UNKNOWN STEP	2025-12-10T21:33:29.8377073Z f55ea1610abd: Verifying Checksum
Test Backend (Python)	UNKNOWN STEP	2025-12-10T21:33:29.8377703Z f55ea1610abd: Download complete
Test Backend (Python)	UNKNOWN STEP	2025-12-10T21:33:30.0330076Z 96ddc7a97eab: Verifying Checksum
Test Backend (Python)	UNKNOWN STEP	2025-12-10T21:33:30.0331046Z 96ddc7a97eab: Download complete
Test Backend (Python)	UNKNOWN STEP	2025-12-10T21:33:30.0496810Z 89a5df93b4fd: Verifying Checksum
Test Backend (Python)	UNKNOWN STEP	2025-12-10T21:33:30.0497396Z 89a5df93b4fd: Download complete
Test Backend (Python)	UNKNOWN STEP	2025-12-10T21:33:30.2004786Z 50f6f59522f4: Pull complete
Test Backend (Python)	UNKNOWN STEP	2025-12-10T21:33:30.2079436Z 9d9e3e4c9f20: Verifying Checksum
Test Backend (Python)	UNKNOWN STEP	2025-12-10T21:33:30.2079890Z 9d9e3e4c9f20: Download complete
Test Backend (Python)	UNKNOWN STEP	2025-12-10T21:33:30.2939158Z 2e78465396ba: Pull complete
Test Backend (Python)	UNKNOWN STEP	2025-12-10T21:33:30.3061849Z 6b924e33a5c1: Pull complete
Test Backend (Python)	UNKNOWN STEP	2025-12-10T21:33:30.3161836Z 9b299441641b: Pull complete
Test Backend (Python)	UNKNOWN STEP	2025-12-10T21:33:31.3230829Z b55a8fe65af6: Verifying Checksum
Test Backend (Python)	UNKNOWN STEP	2025-12-10T21:33:31.3231378Z b55a8fe65af6: Download complete
Test Backend (Python)	UNKNOWN STEP	2025-12-10T21:33:33.5978367Z b55a8fe65af6: Pull complete
Test Backend (Python)	UNKNOWN STEP	2025-12-10T21:33:33.6147247Z a7f8607ad359: Pull complete
Test Backend (Python)	UNKNOWN STEP	2025-12-10T21:33:33.6266863Z f55ea1610abd: Pull complete
Test Backend (Python)	UNKNOWN STEP	2025-12-10T21:33:33.6374985Z 89a5df93b4fd: Pull complete
Test Backend (Python)	UNKNOWN STEP	2025-12-10T21:33:33.6477762Z 96ddc7a97eab: Pull complete
Test Backend (Python)	UNKNOWN STEP	2025-12-10T21:33:33.6586075Z 9d9e3e4c9f20: Pull complete
Test Backend (Python)	UNKNOWN STEP	2025-12-10T21:33:33.6626004Z Digest: sha256:a5074487380d4e686036ce61ed6f2d363939ae9a0c40123d1a9e3bb3a5f344b4
Test Backend (Python)	UNKNOWN STEP	2025-12-10T21:33:33.6638445Z Status: Downloaded newer image for postgres:16-alpine
Test Backend (Python)	UNKNOWN STEP	2025-12-10T21:33:33.6649028Z docker.io/library/postgres:16-alpine
Test Backend (Python)	UNKNOWN STEP	2025-12-10T21:33:33.6711041Z ##[command]/usr/bin/docker create --name dffbfb6db7704ec0a57ad946644f01fd_postgres16alpine_79f401 --label beec52 --network github_network_a92c60b38d7c4a9aaca337d64aeeb8b0 --network-alias postgres -p 5432:5432 --health-cmd pg_isready --health-interval 10s --health-timeout 5s --health-retries 5 -e "POSTGRES_DB=openwatt_test" -e "POSTGRES_USER=openwatt" -e "POSTGRES_PASSWORD=openwatt" -e GITHUB_ACTIONS=true -e CI=true postgres:16-alpine
Test Backend (Python)	UNKNOWN STEP	2025-12-10T21:33:33.6968154Z 4a5005020638b48d8463fe186a95c19cc5b03d4bc9bcdd736d91a0490b51f93c
Test Backend (Python)	UNKNOWN STEP	2025-12-10T21:33:33.6991348Z ##[command]/usr/bin/docker start 4a5005020638b48d8463fe186a95c19cc5b03d4bc9bcdd736d91a0490b51f93c
Test Backend (Python)	UNKNOWN STEP	2025-12-10T21:33:33.9779665Z 4a5005020638b48d8463fe186a95c19cc5b03d4bc9bcdd736d91a0490b51f93c
Test Backend (Python)	UNKNOWN STEP	2025-12-10T21:33:33.9801927Z ##[command]/usr/bin/docker ps --all --filter id=4a5005020638b48d8463fe186a95c19cc5b03d4bc9bcdd736d91a0490b51f93c --filter status=running --no-trunc --format "{{.ID}} {{.Status}}"
Test Backend (Python)	UNKNOWN STEP	2025-12-10T21:33:33.9928735Z 4a5005020638b48d8463fe186a95c19cc5b03d4bc9bcdd736d91a0490b51f93c Up Less than a second (health: starting)
Test Backend (Python)	UNKNOWN STEP	2025-12-10T21:33:33.9951563Z ##[command]/usr/bin/docker port 4a5005020638b48d8463fe186a95c19cc5b03d4bc9bcdd736d91a0490b51f93c
Test Backend (Python)	UNKNOWN STEP	2025-12-10T21:33:34.0070648Z 5432/tcp -> 0.0.0.0:5432
Test Backend (Python)	UNKNOWN STEP	2025-12-10T21:33:34.0071153Z 5432/tcp -> [::]:5432
Test Backend (Python)	UNKNOWN STEP	2025-12-10T21:33:34.0117912Z ##[endgroup]
Test Backend (Python)	UNKNOWN STEP	2025-12-10T21:33:34.0129123Z ##[group]Waiting for all services to be ready
Test Backend (Python)	UNKNOWN STEP	2025-12-10T21:33:34.0145472Z ##[command]/usr/bin/docker inspect --format="{{if .Config.Healthcheck}}{{print .State.Health.Status}}{{end}}" 4a5005020638b48d8463fe186a95c19cc5b03d4bc9bcdd736d91a0490b51f93c
Test Backend (Python)	UNKNOWN STEP	2025-12-10T21:33:34.0284007Z starting
Test Backend (Python)	UNKNOWN STEP	2025-12-10T21:33:34.0306880Z postgres service is starting, waiting 2 seconds before checking again.
Test Backend (Python)	UNKNOWN STEP	2025-12-10T21:33:36.0308422Z ##[command]/usr/bin/docker inspect --format="{{if .Config.Healthcheck}}{{print .State.Health.Status}}{{end}}" 4a5005020638b48d8463fe186a95c19cc5b03d4bc9bcdd736d91a0490b51f93c
Test Backend (Python)	UNKNOWN STEP	2025-12-10T21:33:36.0427824Z starting
Test Backend (Python)	UNKNOWN STEP	2025-12-10T21:33:36.0441422Z postgres service is starting, waiting 4 seconds before checking again.
Test Backend (Python)	UNKNOWN STEP	2025-12-10T21:33:40.0792588Z ##[command]/usr/bin/docker inspect --format="{{if .Config.Healthcheck}}{{print .State.Health.Status}}{{end}}" 4a5005020638b48d8463fe186a95c19cc5b03d4bc9bcdd736d91a0490b51f93c
Test Backend (Python)	UNKNOWN STEP	2025-12-10T21:33:40.0908562Z starting
Test Backend (Python)	UNKNOWN STEP	2025-12-10T21:33:40.0922083Z postgres service is starting, waiting 6 seconds before checking again.
Test Backend (Python)	UNKNOWN STEP	2025-12-10T21:33:47.0836807Z ##[command]/usr/bin/docker inspect --format="{{if .Config.Healthcheck}}{{print .State.Health.Status}}{{end}}" 4a5005020638b48d8463fe186a95c19cc5b03d4bc9bcdd736d91a0490b51f93c
Test Backend (Python)	UNKNOWN STEP	2025-12-10T21:33:47.0955997Z healthy
Test Backend (Python)	UNKNOWN STEP	2025-12-10T21:33:47.0971385Z postgres service is healthy.
Test Backend (Python)	UNKNOWN STEP	2025-12-10T21:33:47.0972153Z ##[endgroup]
Test Backend (Python)	UNKNOWN STEP	2025-12-10T21:33:47.1215932Z ##[group]Run actions/checkout@v4
Test Backend (Python)	UNKNOWN STEP	2025-12-10T21:33:47.1216572Z with:
Test Backend (Python)	UNKNOWN STEP	2025-12-10T21:33:47.1216764Z   repository: rodjac-lab/OpenWatt
Test Backend (Python)	UNKNOWN STEP	2025-12-10T21:33:47.1217133Z   token: ***
Test Backend (Python)	UNKNOWN STEP	2025-12-10T21:33:47.1217312Z   ssh-strict: true
Test Backend (Python)	UNKNOWN STEP	2025-12-10T21:33:47.1217492Z   ssh-user: git
Test Backend (Python)	UNKNOWN STEP	2025-12-10T21:33:47.1217677Z   persist-credentials: true
Test Backend (Python)	UNKNOWN STEP	2025-12-10T21:33:47.1217886Z   clean: true
Test Backend (Python)	UNKNOWN STEP	2025-12-10T21:33:47.1218067Z   sparse-checkout-cone-mode: true
Test Backend (Python)	UNKNOWN STEP	2025-12-10T21:33:47.1218288Z   fetch-depth: 1
Test Backend (Python)	UNKNOWN STEP	2025-12-10T21:33:47.1218459Z   fetch-tags: false
Test Backend (Python)	UNKNOWN STEP	2025-12-10T21:33:47.1218633Z   show-progress: true
Test Backend (Python)	UNKNOWN STEP	2025-12-10T21:33:47.1218834Z   lfs: false
Test Backend (Python)	UNKNOWN STEP	2025-12-10T21:33:47.1218992Z   submodules: false
Test Backend (Python)	UNKNOWN STEP	2025-12-10T21:33:47.1219176Z   set-safe-directory: true
Test Backend (Python)	UNKNOWN STEP	2025-12-10T21:33:47.1219566Z ##[endgroup]
Test Backend (Python)	UNKNOWN STEP	2025-12-10T21:33:47.2364487Z Syncing repository: rodjac-lab/OpenWatt
Test Backend (Python)	UNKNOWN STEP	2025-12-10T21:33:47.2365817Z ##[group]Getting Git version info
Test Backend (Python)	UNKNOWN STEP	2025-12-10T21:33:47.2366188Z Working directory is '/home/runner/work/OpenWatt/OpenWatt'
Test Backend (Python)	UNKNOWN STEP	2025-12-10T21:33:47.2366756Z [command]/usr/bin/git version
Test Backend (Python)	UNKNOWN STEP	2025-12-10T21:33:47.2447689Z git version 2.52.0
Test Backend (Python)	UNKNOWN STEP	2025-12-10T21:33:47.2473933Z ##[endgroup]
Test Backend (Python)	UNKNOWN STEP	2025-12-10T21:33:47.2496372Z Temporarily overriding HOME='/home/runner/work/_temp/5858fab7-971b-45fd-8a23-e1815729e6a9' before making global git config changes
Test Backend (Python)	UNKNOWN STEP	2025-12-10T21:33:47.2497662Z Adding repository directory to the temporary git global config as a safe directory
Test Backend (Python)	UNKNOWN STEP	2025-12-10T21:33:47.2502342Z [command]/usr/bin/git config --global --add safe.directory /home/runner/work/OpenWatt/OpenWatt
Test Backend (Python)	UNKNOWN STEP	2025-12-10T21:33:47.2541686Z Deleting the contents of '/home/runner/work/OpenWatt/OpenWatt'
Test Backend (Python)	UNKNOWN STEP	2025-12-10T21:33:47.2545319Z ##[group]Initializing the repository
Test Backend (Python)	UNKNOWN STEP	2025-12-10T21:33:47.2549661Z [command]/usr/bin/git init /home/runner/work/OpenWatt/OpenWatt
Test Backend (Python)	UNKNOWN STEP	2025-12-10T21:33:47.2644639Z hint: Using 'master' as the name for the initial branch. This default branch name
Test Backend (Python)	UNKNOWN STEP	2025-12-10T21:33:47.2645507Z hint: will change to "main" in Git 3.0. To configure the initial branch name
Test Backend (Python)	UNKNOWN STEP	2025-12-10T21:33:47.2646255Z hint: to use in all of your new repositories, which will suppress this warning,
Test Backend (Python)	UNKNOWN STEP	2025-12-10T21:33:47.2646614Z hint: call:
Test Backend (Python)	UNKNOWN STEP	2025-12-10T21:33:47.2646774Z hint:
Test Backend (Python)	UNKNOWN STEP	2025-12-10T21:33:47.2647058Z hint: 	git config --global init.defaultBranch <name>
Test Backend (Python)	UNKNOWN STEP	2025-12-10T21:33:47.2647547Z hint:
Test Backend (Python)	UNKNOWN STEP	2025-12-10T21:33:47.2648047Z hint: Names commonly chosen instead of 'master' are 'main', 'trunk' and
Test Backend (Python)	UNKNOWN STEP	2025-12-10T21:33:47.2648783Z hint: 'development'. The just-created branch can be renamed via this command:
Test Backend (Python)	UNKNOWN STEP	2025-12-10T21:33:47.2649122Z hint:
Test Backend (Python)	UNKNOWN STEP	2025-12-10T21:33:47.2649313Z hint: 	git branch -m <name>
Test Backend (Python)	UNKNOWN STEP	2025-12-10T21:33:47.2649518Z hint:
Test Backend (Python)	UNKNOWN STEP	2025-12-10T21:33:47.2650365Z hint: Disable this message with "git config set advice.defaultBranchName false"
Test Backend (Python)	UNKNOWN STEP	2025-12-10T21:33:47.2651275Z Initialized empty Git repository in /home/runner/work/OpenWatt/OpenWatt/.git/
Test Backend (Python)	UNKNOWN STEP	2025-12-10T21:33:47.2660559Z [command]/usr/bin/git remote add origin https://github.com/rodjac-lab/OpenWatt
Test Backend (Python)	UNKNOWN STEP	2025-12-10T21:33:47.2693014Z ##[endgroup]
Test Backend (Python)	UNKNOWN STEP	2025-12-10T21:33:47.2693631Z ##[group]Disabling automatic garbage collection
Test Backend (Python)	UNKNOWN STEP	2025-12-10T21:33:47.2698080Z [command]/usr/bin/git config --local gc.auto 0
Test Backend (Python)	UNKNOWN STEP	2025-12-10T21:33:47.2725267Z ##[endgroup]
Test Backend (Python)	UNKNOWN STEP	2025-12-10T21:33:47.2725846Z ##[group]Setting up auth
Test Backend (Python)	UNKNOWN STEP	2025-12-10T21:33:47.2732633Z [command]/usr/bin/git config --local --name-only --get-regexp core\.sshCommand
Test Backend (Python)	UNKNOWN STEP	2025-12-10T21:33:47.2761818Z [command]/usr/bin/git submodule foreach --recursive sh -c "git config --local --name-only --get-regexp 'core\.sshCommand' && git config --local --unset-all 'core.sshCommand' || :"
Test Backend (Python)	UNKNOWN STEP	2025-12-10T21:33:47.3263762Z [command]/usr/bin/git config --local --name-only --get-regexp http\.https\:\/\/github\.com\/\.extraheader
Test Backend (Python)	UNKNOWN STEP	2025-12-10T21:33:47.3293444Z [command]/usr/bin/git submodule foreach --recursive sh -c "git config --local --name-only --get-regexp 'http\.https\:\/\/github\.com\/\.extraheader' && git config --local --unset-all 'http.https://github.com/.extraheader' || :"
Test Backend (Python)	UNKNOWN STEP	2025-12-10T21:33:47.3510440Z [command]/usr/bin/git config --local --name-only --get-regexp ^includeIf\.gitdir:
Test Backend (Python)	UNKNOWN STEP	2025-12-10T21:33:47.3540411Z [command]/usr/bin/git submodule foreach --recursive git config --local --show-origin --name-only --get-regexp remote.origin.url
Test Backend (Python)	UNKNOWN STEP	2025-12-10T21:33:47.3759315Z [command]/usr/bin/git config --local http.https://github.com/.extraheader AUTHORIZATION: basic ***
Test Backend (Python)	UNKNOWN STEP	2025-12-10T21:33:47.3790943Z ##[endgroup]
Test Backend (Python)	UNKNOWN STEP	2025-12-10T21:33:47.3791532Z ##[group]Fetching the repository
Test Backend (Python)	UNKNOWN STEP	2025-12-10T21:33:47.3799635Z [command]/usr/bin/git -c protocol.version=2 fetch --no-tags --prune --no-recurse-submodules --depth=1 origin +c800eaf04d48a63e38c3f29a7dd53709a0c1fef9:refs/remotes/origin/main
Test Backend (Python)	UNKNOWN STEP	2025-12-10T21:33:47.8130664Z From https://github.com/rodjac-lab/OpenWatt
Test Backend (Python)	UNKNOWN STEP	2025-12-10T21:33:47.8131349Z  * [new ref]         c800eaf04d48a63e38c3f29a7dd53709a0c1fef9 -> origin/main
Test Backend (Python)	UNKNOWN STEP	2025-12-10T21:33:47.8165965Z ##[endgroup]
Test Backend (Python)	UNKNOWN STEP	2025-12-10T21:33:47.8166555Z ##[group]Determining the checkout info
Test Backend (Python)	UNKNOWN STEP	2025-12-10T21:33:47.8169352Z ##[endgroup]
Test Backend (Python)	UNKNOWN STEP	2025-12-10T21:33:47.8174689Z [command]/usr/bin/git sparse-checkout disable
Test Backend (Python)	UNKNOWN STEP	2025-12-10T21:33:47.8216691Z [command]/usr/bin/git config --local --unset-all extensions.worktreeConfig
Test Backend (Python)	UNKNOWN STEP	2025-12-10T21:33:47.8242956Z ##[group]Checking out the ref
Test Backend (Python)	UNKNOWN STEP	2025-12-10T21:33:47.8247574Z [command]/usr/bin/git checkout --progress --force -B main refs/remotes/origin/main
Test Backend (Python)	UNKNOWN STEP	2025-12-10T21:33:47.8495122Z Switched to a new branch 'main'
Test Backend (Python)	UNKNOWN STEP	2025-12-10T21:33:47.8497719Z branch 'main' set up to track 'origin/main'.
Test Backend (Python)	UNKNOWN STEP	2025-12-10T21:33:47.8508135Z ##[endgroup]
Test Backend (Python)	UNKNOWN STEP	2025-12-10T21:33:47.8549660Z [command]/usr/bin/git log -1 --format=%H
Test Backend (Python)	UNKNOWN STEP	2025-12-10T21:33:47.8573985Z c800eaf04d48a63e38c3f29a7dd53709a0c1fef9
Test Backend (Python)	UNKNOWN STEP	2025-12-10T21:33:47.8777201Z ##[group]Run actions/setup-python@v5
Test Backend (Python)	UNKNOWN STEP	2025-12-10T21:33:47.8777493Z with:
Test Backend (Python)	UNKNOWN STEP	2025-12-10T21:33:47.8777661Z   python-version: 3.11
Test Backend (Python)	UNKNOWN STEP	2025-12-10T21:33:47.8777862Z   check-latest: false
Test Backend (Python)	UNKNOWN STEP	2025-12-10T21:33:47.8778151Z   token: ***
Test Backend (Python)	UNKNOWN STEP	2025-12-10T21:33:47.8778337Z   update-environment: true
Test Backend (Python)	UNKNOWN STEP	2025-12-10T21:33:47.8778551Z   allow-prereleases: false
Test Backend (Python)	UNKNOWN STEP	2025-12-10T21:33:47.8778744Z   freethreaded: false
Test Backend (Python)	UNKNOWN STEP	2025-12-10T21:33:47.8778928Z ##[endgroup]
Test Backend (Python)	UNKNOWN STEP	2025-12-10T21:33:48.0437681Z ##[group]Installed versions
Test Backend (Python)	UNKNOWN STEP	2025-12-10T21:33:48.0942000Z Successfully set up CPython (3.11.14)
Test Backend (Python)	UNKNOWN STEP	2025-12-10T21:33:48.0943444Z ##[endgroup]
Test Backend (Python)	UNKNOWN STEP	2025-12-10T21:33:48.1599965Z ##[group]Run actions/cache@v4
Test Backend (Python)	UNKNOWN STEP	2025-12-10T21:33:48.1600205Z with:
Test Backend (Python)	UNKNOWN STEP	2025-12-10T21:33:48.1600375Z   path: ~/.cache/pip
Test Backend (Python)	UNKNOWN STEP	2025-12-10T21:33:48.1600708Z   key: Linux-pip-060b83a6276c232333b594152eba8a820136aab58080965e159a75003c74f3b0
Test Backend (Python)	UNKNOWN STEP	2025-12-10T21:33:48.1601094Z   restore-keys: Linux-pip-
Test Backend (Python)	UNKNOWN STEP	
Test Backend (Python)	UNKNOWN STEP	2025-12-10T21:33:48.1601318Z   enableCrossOsArchive: false
Test Backend (Python)	UNKNOWN STEP	2025-12-10T21:33:48.1601526Z   fail-on-cache-miss: false
Test Backend (Python)	UNKNOWN STEP	2025-12-10T21:33:48.1601933Z   lookup-only: false
Test Backend (Python)	UNKNOWN STEP	2025-12-10T21:33:48.1602112Z   save-always: false
Test Backend (Python)	UNKNOWN STEP	2025-12-10T21:33:48.1602277Z env:
Test Backend (Python)	UNKNOWN STEP	2025-12-10T21:33:48.1602496Z   pythonLocation: /opt/hostedtoolcache/Python/3.11.14/x64
Test Backend (Python)	UNKNOWN STEP	2025-12-10T21:33:48.1602906Z   PKG_CONFIG_PATH: /opt/hostedtoolcache/Python/3.11.14/x64/lib/pkgconfig
Test Backend (Python)	UNKNOWN STEP	2025-12-10T21:33:48.1603296Z   Python_ROOT_DIR: /opt/hostedtoolcache/Python/3.11.14/x64
Test Backend (Python)	UNKNOWN STEP	2025-12-10T21:33:48.1603639Z   Python2_ROOT_DIR: /opt/hostedtoolcache/Python/3.11.14/x64
Test Backend (Python)	UNKNOWN STEP	2025-12-10T21:33:48.1603978Z   Python3_ROOT_DIR: /opt/hostedtoolcache/Python/3.11.14/x64
Test Backend (Python)	UNKNOWN STEP	2025-12-10T21:33:48.1604625Z   LD_LIBRARY_PATH: /opt/hostedtoolcache/Python/3.11.14/x64/lib
Test Backend (Python)	UNKNOWN STEP	2025-12-10T21:33:48.1604929Z ##[endgroup]
Test Backend (Python)	UNKNOWN STEP	2025-12-10T21:33:48.4783718Z Cache hit for: Linux-pip-060b83a6276c232333b594152eba8a820136aab58080965e159a75003c74f3b0
Test Backend (Python)	UNKNOWN STEP	2025-12-10T21:33:49.5311791Z Received 77136459 of 77136459 (100.0%), 82.0 MBs/sec
Test Backend (Python)	UNKNOWN STEP	2025-12-10T21:33:49.5312998Z Cache Size: ~74 MB (77136459 B)
Test Backend (Python)	UNKNOWN STEP	2025-12-10T21:33:49.5343339Z [command]/usr/bin/tar -xf /home/runner/work/_temp/da502da7-9cbe-461e-a6e3-30718973772f/cache.tzst -P -C /home/runner/work/OpenWatt/OpenWatt --use-compress-program unzstd
Test Backend (Python)	UNKNOWN STEP	2025-12-10T21:33:49.7014119Z Cache restored successfully
Test Backend (Python)	UNKNOWN STEP	2025-12-10T21:33:49.7247000Z Cache restored from key: Linux-pip-060b83a6276c232333b594152eba8a820136aab58080965e159a75003c74f3b0
Test Backend (Python)	UNKNOWN STEP	2025-12-10T21:33:49.7371534Z ##[group]Run sudo apt-get update && sudo apt-get install -y postgresql-client
Test Backend (Python)	UNKNOWN STEP	2025-12-10T21:33:49.7372093Z [36;1msudo apt-get update && sudo apt-get install -y postgresql-client[0m
Test Backend (Python)	UNKNOWN STEP	2025-12-10T21:33:49.7445998Z shell: /usr/bin/bash -e {0}
Test Backend (Python)	UNKNOWN STEP	2025-12-10T21:33:49.7446237Z env:
Test Backend (Python)	UNKNOWN STEP	2025-12-10T21:33:49.7446488Z   pythonLocation: /opt/hostedtoolcache/Python/3.11.14/x64
Test Backend (Python)	UNKNOWN STEP	2025-12-10T21:33:49.7446885Z   PKG_CONFIG_PATH: /opt/hostedtoolcache/Python/3.11.14/x64/lib/pkgconfig
Test Backend (Python)	UNKNOWN STEP	2025-12-10T21:33:49.7447290Z   Python_ROOT_DIR: /opt/hostedtoolcache/Python/3.11.14/x64
Test Backend (Python)	UNKNOWN STEP	2025-12-10T21:33:49.7447634Z   Python2_ROOT_DIR: /opt/hostedtoolcache/Python/3.11.14/x64
Test Backend (Python)	UNKNOWN STEP	2025-12-10T21:33:49.7447979Z   Python3_ROOT_DIR: /opt/hostedtoolcache/Python/3.11.14/x64
Test Backend (Python)	UNKNOWN STEP	2025-12-10T21:33:49.7448335Z   LD_LIBRARY_PATH: /opt/hostedtoolcache/Python/3.11.14/x64/lib
Test Backend (Python)	UNKNOWN STEP	2025-12-10T21:33:49.7448618Z ##[endgroup]
Test Backend (Python)	UNKNOWN STEP	2025-12-10T21:33:49.8152823Z Get:1 file:/etc/apt/apt-mirrors.txt Mirrorlist [144 B]
Test Backend (Python)	UNKNOWN STEP	2025-12-10T21:33:49.8427665Z Hit:2 http://azure.archive.ubuntu.com/ubuntu noble InRelease
Test Backend (Python)	UNKNOWN STEP	2025-12-10T21:33:49.8445614Z Get:3 http://azure.archive.ubuntu.com/ubuntu noble-updates InRelease [126 kB]
Test Backend (Python)	UNKNOWN STEP	2025-12-10T21:33:49.8459989Z Get:6 https://packages.microsoft.com/repos/azure-cli noble InRelease [3564 B]
Test Backend (Python)	UNKNOWN STEP	2025-12-10T21:33:49.8491810Z Get:7 https://packages.microsoft.com/ubuntu/24.04/prod noble InRelease [3600 B]
Test Backend (Python)	UNKNOWN STEP	2025-12-10T21:33:49.8505633Z Get:4 http://azure.archive.ubuntu.com/ubuntu noble-backports InRelease [126 kB]
Test Backend (Python)	UNKNOWN STEP	2025-12-10T21:33:49.8526634Z Get:5 http://azure.archive.ubuntu.com/ubuntu noble-security InRelease [126 kB]
Test Backend (Python)	UNKNOWN STEP	2025-12-10T21:33:50.0098357Z Get:8 http://azure.archive.ubuntu.com/ubuntu noble-updates/main amd64 Packages [1664 kB]
Test Backend (Python)	UNKNOWN STEP	2025-12-10T21:33:50.0357625Z Get:9 http://azure.archive.ubuntu.com/ubuntu noble-updates/main Translation-en [308 kB]
Test Backend (Python)	UNKNOWN STEP	2025-12-10T21:33:50.0391506Z Get:10 http://azure.archive.ubuntu.com/ubuntu noble-updates/main amd64 Components [175 kB]
Test Backend (Python)	UNKNOWN STEP	2025-12-10T21:33:50.0411710Z Get:11 http://azure.archive.ubuntu.com/ubuntu noble-updates/main amd64 c-n-f Metadata [15.8 kB]
Test Backend (Python)	UNKNOWN STEP	2025-12-10T21:33:50.0422937Z Get:12 http://azure.archive.ubuntu.com/ubuntu noble-updates/universe amd64 Packages [1501 kB]
Test Backend (Python)	UNKNOWN STEP	2025-12-10T21:33:50.0531802Z Get:13 http://azure.archive.ubuntu.com/ubuntu noble-updates/universe Translation-en [304 kB]
Test Backend (Python)	UNKNOWN STEP	2025-12-10T21:33:50.0559618Z Get:14 http://azure.archive.ubuntu.com/ubuntu noble-updates/universe amd64 Components [378 kB]
Test Backend (Python)	UNKNOWN STEP	2025-12-10T21:33:50.0597183Z Get:15 http://azure.archive.ubuntu.com/ubuntu noble-updates/universe amd64 c-n-f Metadata [31.3 kB]
Test Backend (Python)	UNKNOWN STEP	2025-12-10T21:33:50.0608142Z Get:16 http://azure.archive.ubuntu.com/ubuntu noble-updates/restricted amd64 Packages [2386 kB]
Test Backend (Python)	UNKNOWN STEP	2025-12-10T21:33:50.0733015Z Get:17 http://azure.archive.ubuntu.com/ubuntu noble-updates/restricted Translation-en [546 kB]
Test Backend (Python)	UNKNOWN STEP	2025-12-10T21:33:50.1216193Z Get:18 http://azure.archive.ubuntu.com/ubuntu noble-updates/restricted amd64 Components [212 B]
Test Backend (Python)	UNKNOWN STEP	2025-12-10T21:33:50.1229074Z Get:19 http://azure.archive.ubuntu.com/ubuntu noble-updates/multiverse amd64 Components [940 B]
Test Backend (Python)	UNKNOWN STEP	2025-12-10T21:33:50.1244944Z Get:20 http://azure.archive.ubuntu.com/ubuntu noble-backports/main amd64 Components [7140 B]
Test Backend (Python)	UNKNOWN STEP	2025-12-10T21:33:50.1255566Z Get:21 http://azure.archive.ubuntu.com/ubuntu noble-backports/universe amd64 Packages [29.2 kB]
Test Backend (Python)	UNKNOWN STEP	2025-12-10T21:33:50.1271928Z Get:22 http://azure.archive.ubuntu.com/ubuntu noble-backports/universe Translation-en [17.6 kB]
Test Backend (Python)	UNKNOWN STEP	2025-12-10T21:33:50.1283691Z Get:23 http://azure.archive.ubuntu.com/ubuntu noble-backports/universe amd64 Components [10.9 kB]
Test Backend (Python)	UNKNOWN STEP	2025-12-10T21:33:50.1297892Z Get:24 http://azure.archive.ubuntu.com/ubuntu noble-backports/restricted amd64 Components [216 B]
Test Backend (Python)	UNKNOWN STEP	2025-12-10T21:33:50.1307719Z Get:25 http://azure.archive.ubuntu.com/ubuntu noble-backports/multiverse amd64 Components [212 B]
Test Backend (Python)	UNKNOWN STEP	2025-12-10T21:33:50.1632218Z Get:26 http://azure.archive.ubuntu.com/ubuntu noble-security/main amd64 Packages [1362 kB]
Test Backend (Python)	UNKNOWN STEP	2025-12-10T21:33:50.1717127Z Get:27 http://azure.archive.ubuntu.com/ubuntu noble-security/main Translation-en [222 kB]
Test Backend (Python)	UNKNOWN STEP	2025-12-10T21:33:50.1745328Z Get:28 http://azure.archive.ubuntu.com/ubuntu noble-security/main amd64 Components [21.5 kB]
Test Backend (Python)	UNKNOWN STEP	2025-12-10T21:33:50.1756857Z Get:29 http://azure.archive.ubuntu.com/ubuntu noble-security/main amd64 c-n-f Metadata [9448 B]
Test Backend (Python)	UNKNOWN STEP	2025-12-10T21:33:50.1769109Z Get:30 http://azure.archive.ubuntu.com/ubuntu noble-security/universe amd64 Packages [915 kB]
Test Backend (Python)	UNKNOWN STEP	2025-12-10T21:33:50.1821772Z Get:31 http://azure.archive.ubuntu.com/ubuntu noble-security/universe Translation-en [206 kB]
Test Backend (Python)	UNKNOWN STEP	2025-12-10T21:33:50.2263168Z Get:32 http://azure.archive.ubuntu.com/ubuntu noble-security/universe amd64 Components [71.4 kB]
Test Backend (Python)	UNKNOWN STEP	2025-12-10T21:33:50.2274768Z Get:33 http://azure.archive.ubuntu.com/ubuntu noble-security/universe amd64 c-n-f Metadata [19.4 kB]
Test Backend (Python)	UNKNOWN STEP	2025-12-10T21:33:50.2316334Z Get:34 http://azure.archive.ubuntu.com/ubuntu noble-security/restricted amd64 Packages [2234 kB]
Test Backend (Python)	UNKNOWN STEP	2025-12-10T21:33:50.2410876Z Get:35 http://azure.archive.ubuntu.com/ubuntu noble-security/restricted Translation-en [511 kB]
Test Backend (Python)	UNKNOWN STEP	2025-12-10T21:33:50.2474535Z Get:36 http://azure.archive.ubuntu.com/ubuntu noble-security/restricted amd64 Components [212 B]
Test Backend (Python)	UNKNOWN STEP	2025-12-10T21:33:50.2492091Z Get:37 http://azure.archive.ubuntu.com/ubuntu noble-security/multiverse amd64 Components [208 B]
Test Backend (Python)	UNKNOWN STEP	2025-12-10T21:33:50.2945185Z Get:38 https://packages.microsoft.com/repos/azure-cli noble/main amd64 Packages [1884 B]
Test Backend (Python)	UNKNOWN STEP	2025-12-10T21:33:50.3027996Z Get:39 https://packages.microsoft.com/ubuntu/24.04/prod noble/main armhf Packages [11.3 kB]
Test Backend (Python)	UNKNOWN STEP	2025-12-10T21:33:50.4135130Z Get:40 https://packages.microsoft.com/ubuntu/24.04/prod noble/main amd64 Packages [75.1 kB]
Test Backend (Python)	UNKNOWN STEP	2025-12-10T21:33:50.5506799Z Get:41 https://packages.microsoft.com/ubuntu/24.04/prod noble/main arm64 Packages [56.5 kB]
Test Backend (Python)	UNKNOWN STEP	2025-12-10T21:33:58.7737163Z Fetched 13.5 MB in 2s (8573 kB/s)
Test Backend (Python)	UNKNOWN STEP	2025-12-10T21:33:59.5241642Z Reading package lists...
Test Backend (Python)	UNKNOWN STEP	2025-12-10T21:33:59.5564054Z Reading package lists...
Test Backend (Python)	UNKNOWN STEP	2025-12-10T21:33:59.7379062Z Building dependency tree...
Test Backend (Python)	UNKNOWN STEP	2025-12-10T21:33:59.7386737Z Reading state information...
Test Backend (Python)	UNKNOWN STEP	2025-12-10T21:33:59.9125632Z The following NEW packages will be installed:
Test Backend (Python)	UNKNOWN STEP	2025-12-10T21:33:59.9125993Z   postgresql-client
Test Backend (Python)	UNKNOWN STEP	2025-12-10T21:33:59.9292883Z 0 upgraded, 1 newly installed, 0 to remove and 57 not upgraded.
Test Backend (Python)	UNKNOWN STEP	2025-12-10T21:33:59.9293496Z Need to get 11.6 kB of archives.
Test Backend (Python)	UNKNOWN STEP	2025-12-10T21:33:59.9294058Z After this operation, 17.4 kB of additional disk space will be used.
Test Backend (Python)	UNKNOWN STEP	2025-12-10T21:33:59.9294739Z Get:1 file:/etc/apt/apt-mirrors.txt Mirrorlist [144 B]
Test Backend (Python)	UNKNOWN STEP	2025-12-10T21:33:59.9742901Z Get:2 http://azure.archive.ubuntu.com/ubuntu noble-updates/main amd64 postgresql-client all 16+257build1.1 [11.6 kB]
Test Backend (Python)	UNKNOWN STEP	2025-12-10T21:34:00.2340937Z Fetched 11.6 kB in 0s (210 kB/s)
Test Backend (Python)	UNKNOWN STEP	2025-12-10T21:34:00.2551058Z Selecting previously unselected package postgresql-client.
Test Backend (Python)	UNKNOWN STEP	2025-12-10T21:34:00.2787496Z (Reading database ... 
Test Backend (Python)	UNKNOWN STEP	2025-12-10T21:34:00.2788194Z (Reading database ... 5%
Test Backend (Python)	UNKNOWN STEP	2025-12-10T21:34:00.2788666Z (Reading database ... 10%
Test Backend (Python)	UNKNOWN STEP	2025-12-10T21:34:00.2789092Z (Reading database ... 15%
Test Backend (Python)	UNKNOWN STEP	2025-12-10T21:34:00.2789533Z (Reading database ... 20%
Test Backend (Python)	UNKNOWN STEP	2025-12-10T21:34:00.2789838Z (Reading database ... 25%
Test Backend (Python)	UNKNOWN STEP	2025-12-10T21:34:00.2790097Z (Reading database ... 30%
Test Backend (Python)	UNKNOWN STEP	2025-12-10T21:34:00.2790354Z (Reading database ... 35%
Test Backend (Python)	UNKNOWN STEP	2025-12-10T21:34:00.2790602Z (Reading database ... 40%
Test Backend (Python)	UNKNOWN STEP	2025-12-10T21:34:00.2790842Z (Reading database ... 45%
Test Backend (Python)	UNKNOWN STEP	2025-12-10T21:34:00.2791099Z (Reading database ... 50%
Test Backend (Python)	UNKNOWN STEP	2025-12-10T21:34:00.2981828Z (Reading database ... 55%
Test Backend (Python)	UNKNOWN STEP	2025-12-10T21:34:00.5958937Z (Reading database ... 60%
Test Backend (Python)	UNKNOWN STEP	2025-12-10T21:34:00.7915923Z (Reading database ... 65%
Test Backend (Python)	UNKNOWN STEP	2025-12-10T21:34:01.0041461Z (Reading database ... 70%
Test Backend (Python)	UNKNOWN STEP	2025-12-10T21:34:01.1606574Z (Reading database ... 75%
Test Backend (Python)	UNKNOWN STEP	2025-12-10T21:34:01.4018327Z (Reading database ... 80%
Test Backend (Python)	UNKNOWN STEP	2025-12-10T21:34:01.6392474Z (Reading database ... 85%
Test Backend (Python)	UNKNOWN STEP	2025-12-10T21:34:01.8946016Z (Reading database ... 90%
Test Backend (Python)	UNKNOWN STEP	2025-12-10T21:34:02.1605415Z (Reading database ... 95%
Test Backend (Python)	UNKNOWN STEP	2025-12-10T21:34:02.1605848Z (Reading database ... 100%
Test Backend (Python)	UNKNOWN STEP	2025-12-10T21:34:02.1606398Z (Reading database ... 217049 files and directories currently installed.)
Test Backend (Python)	UNKNOWN STEP	2025-12-10T21:34:02.1651947Z Preparing to unpack .../postgresql-client_16+257build1.1_all.deb ...
Test Backend (Python)	UNKNOWN STEP	2025-12-10T21:34:02.1680195Z Unpacking postgresql-client (16+257build1.1) ...
Test Backend (Python)	UNKNOWN STEP	2025-12-10T21:34:02.2057364Z Setting up postgresql-client (16+257build1.1) ...
Test Backend (Python)	UNKNOWN STEP	2025-12-10T21:34:02.9922847Z 
Test Backend (Python)	UNKNOWN STEP	2025-12-10T21:34:02.9923317Z Running kernel seems to be up-to-date.
Test Backend (Python)	UNKNOWN STEP	2025-12-10T21:34:02.9923690Z 
Test Backend (Python)	UNKNOWN STEP	2025-12-10T21:34:02.9923855Z No services need to be restarted.
Test Backend (Python)	UNKNOWN STEP	2025-12-10T21:34:02.9924073Z 
Test Backend (Python)	UNKNOWN STEP	2025-12-10T21:34:02.9924183Z No containers need to be restarted.
Test Backend (Python)	UNKNOWN STEP	2025-12-10T21:34:02.9924630Z 
Test Backend (Python)	UNKNOWN STEP	2025-12-10T21:34:02.9924771Z No user sessions are running outdated binaries.
Test Backend (Python)	UNKNOWN STEP	2025-12-10T21:34:02.9925002Z 
Test Backend (Python)	UNKNOWN STEP	2025-12-10T21:34:02.9925234Z No VM guests are running outdated hypervisor (qemu) binaries on this host.
Test Backend (Python)	UNKNOWN STEP	2025-12-10T21:34:03.8833730Z ##[group]Run python -m pip install --upgrade pip
Test Backend (Python)	UNKNOWN STEP	2025-12-10T21:34:03.8834097Z [36;1mpython -m pip install --upgrade pip[0m
Test Backend (Python)	UNKNOWN STEP	2025-12-10T21:34:03.8834710Z [36;1mpip install pytest pytest-cov pytest-asyncio httpx python-multipart[0m
Test Backend (Python)	UNKNOWN STEP	2025-12-10T21:34:03.8835098Z [36;1mpip install -r requirements.txt[0m
Test Backend (Python)	UNKNOWN STEP	2025-12-10T21:34:03.8867866Z shell: /usr/bin/bash -e {0}
Test Backend (Python)	UNKNOWN STEP	2025-12-10T21:34:03.8868097Z env:
Test Backend (Python)	UNKNOWN STEP	2025-12-10T21:34:03.8868340Z   pythonLocation: /opt/hostedtoolcache/Python/3.11.14/x64
Test Backend (Python)	UNKNOWN STEP	2025-12-10T21:34:03.8868753Z   PKG_CONFIG_PATH: /opt/hostedtoolcache/Python/3.11.14/x64/lib/pkgconfig
Test Backend (Python)	UNKNOWN STEP	2025-12-10T21:34:03.8869142Z   Python_ROOT_DIR: /opt/hostedtoolcache/Python/3.11.14/x64
Test Backend (Python)	UNKNOWN STEP	2025-12-10T21:34:03.8869488Z   Python2_ROOT_DIR: /opt/hostedtoolcache/Python/3.11.14/x64
Test Backend (Python)	UNKNOWN STEP	2025-12-10T21:34:03.8869829Z   Python3_ROOT_DIR: /opt/hostedtoolcache/Python/3.11.14/x64
Test Backend (Python)	UNKNOWN STEP	2025-12-10T21:34:03.8870175Z   LD_LIBRARY_PATH: /opt/hostedtoolcache/Python/3.11.14/x64/lib
Test Backend (Python)	UNKNOWN STEP	2025-12-10T21:34:03.8870460Z ##[endgroup]
Test Backend (Python)	UNKNOWN STEP	2025-12-10T21:34:07.3584751Z Requirement already satisfied: pip in /opt/hostedtoolcache/Python/3.11.14/x64/lib/python3.11/site-packages (25.3)
Test Backend (Python)	UNKNOWN STEP	2025-12-10T21:34:08.4271218Z Collecting pytest
Test Backend (Python)	UNKNOWN STEP	2025-12-10T21:34:08.4286688Z   Using cached pytest-9.0.2-py3-none-any.whl.metadata (7.6 kB)
Test Backend (Python)	UNKNOWN STEP	2025-12-10T21:34:08.4543531Z Collecting pytest-cov
Test Backend (Python)	UNKNOWN STEP	2025-12-10T21:34:08.4557950Z   Using cached pytest_cov-7.0.0-py3-none-any.whl.metadata (31 kB)
Test Backend (Python)	UNKNOWN STEP	2025-12-10T21:34:08.4850247Z Collecting pytest-asyncio
Test Backend (Python)	UNKNOWN STEP	2025-12-10T21:34:08.4864057Z   Using cached pytest_asyncio-1.3.0-py3-none-any.whl.metadata (4.1 kB)
Test Backend (Python)	UNKNOWN STEP	2025-12-10T21:34:08.5141625Z Collecting httpx
Test Backend (Python)	UNKNOWN STEP	2025-12-10T21:34:08.5156074Z   Using cached httpx-0.28.1-py3-none-any.whl.metadata (7.1 kB)
Test Backend (Python)	UNKNOWN STEP	2025-12-10T21:34:08.5364041Z Collecting python-multipart
Test Backend (Python)	UNKNOWN STEP	2025-12-10T21:34:08.5377362Z   Using cached python_multipart-0.0.20-py3-none-any.whl.metadata (1.8 kB)
Test Backend (Python)	UNKNOWN STEP	2025-12-10T21:34:08.5556701Z Collecting iniconfig>=1.0.1 (from pytest)
Test Backend (Python)	UNKNOWN STEP	2025-12-10T21:34:08.5569579Z   Using cached iniconfig-2.3.0-py3-none-any.whl.metadata (2.5 kB)
Test Backend (Python)	UNKNOWN STEP	2025-12-10T21:34:08.5797802Z Collecting packaging>=22 (from pytest)
Test Backend (Python)	UNKNOWN STEP	2025-12-10T21:34:08.5810821Z   Using cached packaging-25.0-py3-none-any.whl.metadata (3.3 kB)
Test Backend (Python)	UNKNOWN STEP	2025-12-10T21:34:08.6012032Z Collecting pluggy<2,>=1.5 (from pytest)
Test Backend (Python)	UNKNOWN STEP	2025-12-10T21:34:08.6114619Z   Using cached pluggy-1.6.0-py3-none-any.whl.metadata (4.8 kB)
Test Backend (Python)	UNKNOWN STEP	2025-12-10T21:34:08.6385093Z Collecting pygments>=2.7.2 (from pytest)
Test Backend (Python)	UNKNOWN STEP	2025-12-10T21:34:08.6405240Z   Using cached pygments-2.19.2-py3-none-any.whl.metadata (2.5 kB)
Test Backend (Python)	UNKNOWN STEP	2025-12-10T21:34:08.9861110Z Collecting coverage>=7.10.6 (from coverage[toml]>=7.10.6->pytest-cov)
Test Backend (Python)	UNKNOWN STEP	2025-12-10T21:34:08.9875724Z   Using cached coverage-7.13.0-cp311-cp311-manylinux1_x86_64.manylinux_2_28_x86_64.manylinux_2_5_x86_64.whl.metadata (8.5 kB)
Test Backend (Python)	UNKNOWN STEP	2025-12-10T21:34:09.0333683Z Collecting typing-extensions>=4.12 (from pytest-asyncio)
Test Backend (Python)	UNKNOWN STEP	2025-12-10T21:34:09.0346802Z   Using cached typing_extensions-4.15.0-py3-none-any.whl.metadata (3.3 kB)
Test Backend (Python)	UNKNOWN STEP	2025-12-10T21:34:09.0611106Z Collecting anyio (from httpx)
Test Backend (Python)	UNKNOWN STEP	2025-12-10T21:34:09.0624620Z   Using cached anyio-4.12.0-py3-none-any.whl.metadata (4.3 kB)
Test Backend (Python)	UNKNOWN STEP	2025-12-10T21:34:09.0898015Z Collecting certifi (from httpx)
Test Backend (Python)	UNKNOWN STEP	2025-12-10T21:34:09.0911066Z   Using cached certifi-2025.11.12-py3-none-any.whl.metadata (2.5 kB)
Test Backend (Python)	UNKNOWN STEP	2025-12-10T21:34:09.1169640Z Collecting httpcore==1.* (from httpx)
Test Backend (Python)	UNKNOWN STEP	2025-12-10T21:34:09.1182485Z   Using cached httpcore-1.0.9-py3-none-any.whl.metadata (21 kB)
Test Backend (Python)	UNKNOWN STEP	2025-12-10T21:34:09.1399723Z Collecting idna (from httpx)
Test Backend (Python)	UNKNOWN STEP	2025-12-10T21:34:09.1412370Z   Using cached idna-3.11-py3-none-any.whl.metadata (8.4 kB)
Test Backend (Python)	UNKNOWN STEP	2025-12-10T21:34:09.1620305Z Collecting h11>=0.16 (from httpcore==1.*->httpx)
Test Backend (Python)	UNKNOWN STEP	2025-12-10T21:34:09.1632793Z   Using cached h11-0.16.0-py3-none-any.whl.metadata (8.3 kB)
Test Backend (Python)	UNKNOWN STEP	2025-12-10T21:34:09.1775489Z Using cached pytest-9.0.2-py3-none-any.whl (374 kB)
Test Backend (Python)	UNKNOWN STEP	2025-12-10T21:34:09.1792106Z Using cached pluggy-1.6.0-py3-none-any.whl (20 kB)
Test Backend (Python)	UNKNOWN STEP	2025-12-10T21:34:09.1804886Z Using cached pytest_cov-7.0.0-py3-none-any.whl (22 kB)
Test Backend (Python)	UNKNOWN STEP	2025-12-10T21:34:09.1817830Z Using cached pytest_asyncio-1.3.0-py3-none-any.whl (15 kB)
Test Backend (Python)	UNKNOWN STEP	2025-12-10T21:34:09.1830026Z Using cached httpx-0.28.1-py3-none-any.whl (73 kB)
Test Backend (Python)	UNKNOWN STEP	2025-12-10T21:34:09.1842672Z Using cached httpcore-1.0.9-py3-none-any.whl (78 kB)
Test Backend (Python)	UNKNOWN STEP	2025-12-10T21:34:09.1855757Z Using cached python_multipart-0.0.20-py3-none-any.whl (24 kB)
Test Backend (Python)	UNKNOWN STEP	2025-12-10T21:34:09.1868554Z Using cached coverage-7.13.0-cp311-cp311-manylinux1_x86_64.manylinux_2_28_x86_64.manylinux_2_5_x86_64.whl (250 kB)
Test Backend (Python)	UNKNOWN STEP	2025-12-10T21:34:09.1882202Z Using cached h11-0.16.0-py3-none-any.whl (37 kB)
Test Backend (Python)	UNKNOWN STEP	2025-12-10T21:34:09.1894713Z Using cached iniconfig-2.3.0-py3-none-any.whl (7.5 kB)
Test Backend (Python)	UNKNOWN STEP	2025-12-10T21:34:09.1907157Z Using cached packaging-25.0-py3-none-any.whl (66 kB)
Test Backend (Python)	UNKNOWN STEP	2025-12-10T21:34:09.1919826Z Using cached pygments-2.19.2-py3-none-any.whl (1.2 MB)
Test Backend (Python)	UNKNOWN STEP	2025-12-10T21:34:09.1941732Z Using cached typing_extensions-4.15.0-py3-none-any.whl (44 kB)
Test Backend (Python)	UNKNOWN STEP	2025-12-10T21:34:09.1954059Z Using cached anyio-4.12.0-py3-none-any.whl (113 kB)
Test Backend (Python)	UNKNOWN STEP	2025-12-10T21:34:09.1967379Z Using cached idna-3.11-py3-none-any.whl (71 kB)
Test Backend (Python)	UNKNOWN STEP	2025-12-10T21:34:09.1980059Z Using cached certifi-2025.11.12-py3-none-any.whl (159 kB)
Test Backend (Python)	UNKNOWN STEP	2025-12-10T21:34:09.2736321Z Installing collected packages: typing-extensions, python-multipart, pygments, pluggy, packaging, iniconfig, idna, h11, coverage, certifi, pytest, httpcore, anyio, pytest-cov, pytest-asyncio, httpx
Test Backend (Python)	UNKNOWN STEP	2025-12-10T21:34:10.5952917Z 
Test Backend (Python)	UNKNOWN STEP	2025-12-10T21:34:10.5969385Z Successfully installed anyio-4.12.0 certifi-2025.11.12 coverage-7.13.0 h11-0.16.0 httpcore-1.0.9 httpx-0.28.1 idna-3.11 iniconfig-2.3.0 packaging-25.0 pluggy-1.6.0 pygments-2.19.2 pytest-9.0.2 pytest-asyncio-1.3.0 pytest-cov-7.0.0 python-multipart-0.0.20 typing-extensions-4.15.0
Test Backend (Python)	UNKNOWN STEP	2025-12-10T21:34:11.5281629Z Collecting fastapi<0.116,>=0.115 (from -r requirements.txt (line 1))
Test Backend (Python)	UNKNOWN STEP	2025-12-10T21:34:11.5297031Z   Using cached fastapi-0.115.14-py3-none-any.whl.metadata (27 kB)
Test Backend (Python)	UNKNOWN STEP	2025-12-10T21:34:11.5804168Z Collecting uvicorn<0.31,>=0.30 (from uvicorn[standard]<0.31,>=0.30->-r requirements.txt (line 2))
Test Backend (Python)	UNKNOWN STEP	2025-12-10T21:34:11.5818851Z   Using cached uvicorn-0.30.6-py3-none-any.whl.metadata (6.6 kB)
Test Backend (Python)	UNKNOWN STEP	2025-12-10T21:34:11.6096095Z Collecting httpx<0.28,>=0.27 (from -r requirements.txt (line 3))
Test Backend (Python)	UNKNOWN STEP	2025-12-10T21:34:11.6109352Z   Using cached httpx-0.27.2-py3-none-any.whl.metadata (7.1 kB)
Test Backend (Python)	UNKNOWN STEP	2025-12-10T21:34:11.6140442Z Requirement already satisfied: python-multipart<0.1,>=0.0.9 in /opt/hostedtoolcache/Python/3.11.14/x64/lib/python3.11/site-packages (from -r requirements.txt (line 4)) (0.0.20)
Test Backend (Python)	UNKNOWN STEP	2025-12-10T21:34:11.7326741Z Collecting pydantic<3.0,>=2.8 (from -r requirements.txt (line 5))
Test Backend (Python)	UNKNOWN STEP	2025-12-10T21:34:11.7342257Z   Using cached pydantic-2.12.5-py3-none-any.whl.metadata (90 kB)
Test Backend (Python)	UNKNOWN STEP	2025-12-10T21:34:11.7613236Z Collecting pydantic-settings<3.0,>=2.8 (from -r requirements.txt (line 6))
Test Backend (Python)	UNKNOWN STEP	2025-12-10T21:34:11.7626607Z   Using cached pydantic_settings-2.12.0-py3-none-any.whl.metadata (3.4 kB)
Test Backend (Python)	UNKNOWN STEP	2025-12-10T21:34:11.7883823Z Collecting python-dotenv<2.0,>=1.0 (from -r requirements.txt (line 7))
Test Backend (Python)	UNKNOWN STEP	2025-12-10T21:34:11.7897122Z   Using cached python_dotenv-1.2.1-py3-none-any.whl.metadata (25 kB)
Test Backend (Python)	UNKNOWN STEP	2025-12-10T21:34:11.8309687Z Collecting pytest<8.0,>=7.4 (from -r requirements.txt (line 8))
Test Backend (Python)	UNKNOWN STEP	2025-12-10T21:34:11.8322957Z   Using cached pytest-7.4.4-py3-none-any.whl.metadata (7.9 kB)
Test Backend (Python)	UNKNOWN STEP	2025-12-10T21:34:11.8580295Z Collecting pytest-cov<5.0,>=4.1 (from -r requirements.txt (line 9))
Test Backend (Python)	UNKNOWN STEP	2025-12-10T21:34:11.8593337Z   Using cached pytest_cov-4.1.0-py3-none-any.whl.metadata (26 kB)
Test Backend (Python)	UNKNOWN STEP	2025-12-10T21:34:11.8903366Z Collecting pytest-asyncio<1.0,>=0.21 (from -r requirements.txt (line 10))
Test Backend (Python)	UNKNOWN STEP	2025-12-10T21:34:11.8916340Z   Using cached pytest_asyncio-0.26.0-py3-none-any.whl.metadata (4.0 kB)
Test Backend (Python)	UNKNOWN STEP	2025-12-10T21:34:11.9254791Z Collecting jsonschema<5.0,>=4.21 (from -r requirements.txt (line 11))
Test Backend (Python)	UNKNOWN STEP	2025-12-10T21:34:11.9267102Z   Using cached jsonschema-4.25.1-py3-none-any.whl.metadata (7.6 kB)
Test Backend (Python)	UNKNOWN STEP	2025-12-10T21:34:12.2028837Z Collecting SQLAlchemy<2.1,>=2.0 (from -r requirements.txt (line 12))
Test Backend (Python)	UNKNOWN STEP	2025-12-10T21:34:12.2043577Z   Using cached sqlalchemy-2.0.45-cp311-cp311-manylinux2014_x86_64.manylinux_2_17_x86_64.manylinux_2_28_x86_64.whl.metadata (9.5 kB)
Test Backend (Python)	UNKNOWN STEP	2025-12-10T21:34:12.2592739Z Collecting asyncpg<0.30,>=0.29 (from -r requirements.txt (line 13))
Test Backend (Python)	UNKNOWN STEP	2025-12-10T21:34:12.2606716Z   Using cached asyncpg-0.29.0-cp311-cp311-manylinux_2_17_x86_64.manylinux2014_x86_64.whl.metadata (4.4 kB)
Test Backend (Python)	UNKNOWN STEP	2025-12-10T21:34:12.2944886Z Collecting alembic<2.0,>=1.13 (from -r requirements.txt (line 14))
Test Backend (Python)	UNKNOWN STEP	2025-12-10T21:34:12.2958542Z   Using cached alembic-1.17.2-py3-none-any.whl.metadata (7.2 kB)
Test Backend (Python)	UNKNOWN STEP	2025-12-10T21:34:12.3161704Z Collecting aiosqlite<0.21,>=0.20 (from -r requirements.txt (line 15))
Test Backend (Python)	UNKNOWN STEP	2025-12-10T21:34:12.3175106Z   Using cached aiosqlite-0.20.0-py3-none-any.whl.metadata (4.3 kB)
Test Backend (Python)	UNKNOWN STEP	2025-12-10T21:34:12.3626799Z Collecting PyYAML<7.0,>=6.0 (from -r requirements.txt (line 16))
Test Backend (Python)	UNKNOWN STEP	2025-12-10T21:34:12.3640731Z   Using cached pyyaml-6.0.3-cp311-cp311-manylinux2014_x86_64.manylinux_2_17_x86_64.manylinux_2_28_x86_64.whl.metadata (2.4 kB)
Test Backend (Python)	UNKNOWN STEP	2025-12-10T21:34:12.3892843Z Collecting beautifulsoup4<5.0,>=4.12 (from -r requirements.txt (line 17))
Test Backend (Python)	UNKNOWN STEP	2025-12-10T21:34:12.3906317Z   Using cached beautifulsoup4-4.14.3-py3-none-any.whl.metadata (3.8 kB)
Test Backend (Python)	UNKNOWN STEP	2025-12-10T21:34:12.4259246Z Collecting requests<3.0,>=2.31 (from -r requirements.txt (line 18))
Test Backend (Python)	UNKNOWN STEP	2025-12-10T21:34:12.4272434Z   Using cached requests-2.32.5-py3-none-any.whl.metadata (4.9 kB)
Test Backend (Python)	UNKNOWN STEP	2025-12-10T21:34:12.4540077Z Collecting pdfplumber<0.12,>=0.11 (from -r requirements.txt (line 19))
Test Backend (Python)	UNKNOWN STEP	2025-12-10T21:34:12.4553308Z   Using cached pdfplumber-0.11.8-py3-none-any.whl.metadata (43 kB)
Test Backend (Python)	UNKNOWN STEP	2025-12-10T21:34:12.5124125Z Collecting black<25.0,>=24.0 (from -r requirements.txt (line 20))
Test Backend (Python)	UNKNOWN STEP	2025-12-10T21:34:12.5142044Z   Using cached black-24.10.0-cp311-cp311-manylinux_2_17_x86_64.manylinux2014_x86_64.manylinux_2_28_x86_64.whl.metadata (79 kB)
Test Backend (Python)	UNKNOWN STEP	2025-12-10T21:34:12.5496715Z Collecting flake8<8.0,>=7.0 (from -r requirements.txt (line 21))
Test Backend (Python)	UNKNOWN STEP	2025-12-10T21:34:12.5509753Z   Using cached flake8-7.3.0-py2.py3-none-any.whl.metadata (3.8 kB)
Test Backend (Python)	UNKNOWN STEP	2025-12-10T21:34:12.6577206Z Collecting mypy<2.0,>=1.9 (from -r requirements.txt (line 22))
Test Backend (Python)	UNKNOWN STEP	2025-12-10T21:34:12.6592395Z   Using cached mypy-1.19.0-cp311-cp311-manylinux2014_x86_64.manylinux_2_17_x86_64.manylinux_2_28_x86_64.whl.metadata (2.2 kB)
Test Backend (Python)	UNKNOWN STEP	2025-12-10T21:34:12.6874736Z Collecting types-PyYAML<7.0,>=6.0 (from -r requirements.txt (line 23))
Test Backend (Python)	UNKNOWN STEP	2025-12-10T21:34:12.6888110Z   Using cached types_pyyaml-6.0.12.20250915-py3-none-any.whl.metadata (1.7 kB)
Test Backend (Python)	UNKNOWN STEP	2025-12-10T21:34:12.7288984Z Collecting types-requests<3.0,>=2.31 (from -r requirements.txt (line 24))
Test Backend (Python)	UNKNOWN STEP	2025-12-10T21:34:12.7302491Z   Using cached types_requests-2.32.4.20250913-py3-none-any.whl.metadata (2.0 kB)
Test Backend (Python)	UNKNOWN STEP	2025-12-10T21:34:12.7700791Z Collecting pre-commit<4.0,>=3.6 (from -r requirements.txt (line 25))
Test Backend (Python)	UNKNOWN STEP	2025-12-10T21:34:12.7714136Z   Using cached pre_commit-3.8.0-py2.py3-none-any.whl.metadata (1.3 kB)
Test Backend (Python)	UNKNOWN STEP	2025-12-10T21:34:12.7947418Z Collecting structlog<25.0,>=24.1 (from -r requirements.txt (line 26))
Test Backend (Python)	UNKNOWN STEP	2025-12-10T21:34:12.7960316Z   Using cached structlog-24.4.0-py3-none-any.whl.metadata (7.3 kB)
Test Backend (Python)	UNKNOWN STEP	2025-12-10T21:34:12.8248752Z Collecting python-json-logger<3.0,>=2.0 (from -r requirements.txt (line 27))
Test Backend (Python)	UNKNOWN STEP	2025-12-10T21:34:12.8261940Z   Using cached python_json_logger-2.0.7-py3-none-any.whl.metadata (6.5 kB)
Test Backend (Python)	UNKNOWN STEP	2025-12-10T21:34:12.8500761Z Collecting tenacity<9.0,>=8.2 (from -r requirements.txt (line 28))
Test Backend (Python)	UNKNOWN STEP	2025-12-10T21:34:12.8513963Z   Using cached tenacity-8.5.0-py3-none-any.whl.metadata (1.2 kB)
Test Backend (Python)	UNKNOWN STEP	2025-12-10T21:34:12.9119434Z Collecting sentry-sdk<2.0,>=1.40 (from sentry-sdk[fastapi]<2.0,>=1.40->-r requirements.txt (line 29))
Test Backend (Python)	UNKNOWN STEP	2025-12-10T21:34:12.9133199Z   Using cached sentry_sdk-1.45.1-py2.py3-none-any.whl.metadata (9.9 kB)
Test Backend (Python)	UNKNOWN STEP	2025-12-10T21:34:12.9480772Z Collecting prometheus-fastapi-instrumentator<7.0,>=6.1 (from -r requirements.txt (line 30))
Test Backend (Python)	UNKNOWN STEP	2025-12-10T21:34:12.9494070Z   Using cached prometheus_fastapi_instrumentator-6.1.0-py3-none-any.whl.metadata (13 kB)
Test Backend (Python)	UNKNOWN STEP	2025-12-10T21:34:12.9907293Z Collecting starlette<0.47.0,>=0.40.0 (from fastapi<0.116,>=0.115->-r requirements.txt (line 1))
Test Backend (Python)	UNKNOWN STEP	2025-12-10T21:34:12.9920083Z   Using cached starlette-0.46.2-py3-none-any.whl.metadata (6.2 kB)
Test Backend (Python)	UNKNOWN STEP	2025-12-10T21:34:13.0422877Z Requirement already satisfied: typing-extensions>=4.8.0 in /opt/hostedtoolcache/Python/3.11.14/x64/lib/python3.11/site-packages (from fastapi<0.116,>=0.115->-r requirements.txt (line 1)) (4.15.0)
Test Backend (Python)	UNKNOWN STEP	2025-12-10T21:34:13.0935234Z Collecting click>=7.0 (from uvicorn<0.31,>=0.30->uvicorn[standard]<0.31,>=0.30->-r requirements.txt (line 2))
Test Backend (Python)	UNKNOWN STEP	2025-12-10T21:34:13.0949405Z   Using cached click-8.3.1-py3-none-any.whl.metadata (2.6 kB)
Test Backend (Python)	UNKNOWN STEP	2025-12-10T21:34:13.0965326Z Requirement already satisfied: h11>=0.8 in /opt/hostedtoolcache/Python/3.11.14/x64/lib/python3.11/site-packages (from uvicorn<0.31,>=0.30->uvicorn[standard]<0.31,>=0.30->-r requirements.txt (line 2)) (0.16.0)
Test Backend (Python)	UNKNOWN STEP	2025-12-10T21:34:13.0976199Z Requirement already satisfied: anyio in /opt/hostedtoolcache/Python/3.11.14/x64/lib/python3.11/site-packages (from httpx<0.28,>=0.27->-r requirements.txt (line 3)) (4.12.0)
Test Backend (Python)	UNKNOWN STEP	2025-12-10T21:34:13.0979305Z Requirement already satisfied: certifi in /opt/hostedtoolcache/Python/3.11.14/x64/lib/python3.11/site-packages (from httpx<0.28,>=0.27->-r requirements.txt (line 3)) (2025.11.12)
Test Backend (Python)	UNKNOWN STEP	2025-12-10T21:34:13.0983317Z Requirement already satisfied: httpcore==1.* in /opt/hostedtoolcache/Python/3.11.14/x64/lib/python3.11/site-packages (from httpx<0.28,>=0.27->-r requirements.txt (line 3)) (1.0.9)
Test Backend (Python)	UNKNOWN STEP	2025-12-10T21:34:13.0986682Z Requirement already satisfied: idna in /opt/hostedtoolcache/Python/3.11.14/x64/lib/python3.11/site-packages (from httpx<0.28,>=0.27->-r requirements.txt (line 3)) (3.11)
Test Backend (Python)	UNKNOWN STEP	2025-12-10T21:34:13.1156535Z Collecting sniffio (from httpx<0.28,>=0.27->-r requirements.txt (line 3))
Test Backend (Python)	UNKNOWN STEP	2025-12-10T21:34:13.1169659Z   Using cached sniffio-1.3.1-py3-none-any.whl.metadata (3.9 kB)
Test Backend (Python)	UNKNOWN STEP	2025-12-10T21:34:13.1457713Z Collecting annotated-types>=0.6.0 (from pydantic<3.0,>=2.8->-r requirements.txt (line 5))
Test Backend (Python)	UNKNOWN STEP	2025-12-10T21:34:13.1470483Z   Using cached annotated_types-0.7.0-py3-none-any.whl.metadata (15 kB)
Test Backend (Python)	UNKNOWN STEP	2025-12-10T21:34:13.8083040Z Collecting pydantic-core==2.41.5 (from pydantic<3.0,>=2.8->-r requirements.txt (line 5))
Test Backend (Python)	UNKNOWN STEP	2025-12-10T21:34:13.8099105Z   Using cached pydantic_core-2.41.5-cp311-cp311-manylinux_2_17_x86_64.manylinux2014_x86_64.whl.metadata (7.3 kB)
Test Backend (Python)	UNKNOWN STEP	2025-12-10T21:34:13.8297636Z Collecting typing-inspection>=0.4.2 (from pydantic<3.0,>=2.8->-r requirements.txt (line 5))
Test Backend (Python)	UNKNOWN STEP	2025-12-10T21:34:13.8311048Z   Using cached typing_inspection-0.4.2-py3-none-any.whl.metadata (2.6 kB)
Test Backend (Python)	UNKNOWN STEP	2025-12-10T21:34:13.8604524Z Requirement already satisfied: iniconfig in /opt/hostedtoolcache/Python/3.11.14/x64/lib/python3.11/site-packages (from pytest<8.0,>=7.4->-r requirements.txt (line 8)) (2.3.0)
Test Backend (Python)	UNKNOWN STEP	2025-12-10T21:34:13.8608376Z Requirement already satisfied: packaging in /opt/hostedtoolcache/Python/3.11.14/x64/lib/python3.11/site-packages (from pytest<8.0,>=7.4->-r requirements.txt (line 8)) (25.0)
Test Backend (Python)	UNKNOWN STEP	2025-12-10T21:34:13.8614605Z Requirement already satisfied: pluggy<2.0,>=0.12 in /opt/hostedtoolcache/Python/3.11.14/x64/lib/python3.11/site-packages (from pytest<8.0,>=7.4->-r requirements.txt (line 8)) (1.6.0)
Test Backend (Python)	UNKNOWN STEP	2025-12-10T21:34:13.8716611Z Requirement already satisfied: coverage>=5.2.1 in /opt/hostedtoolcache/Python/3.11.14/x64/lib/python3.11/site-packages (from coverage[toml]>=5.2.1->pytest-cov<5.0,>=4.1->-r requirements.txt (line 9)) (7.13.0)
Test Backend (Python)	UNKNOWN STEP	2025-12-10T21:34:13.8804531Z INFO: pip is looking at multiple versions of pytest-asyncio to determine which version is compatible with other requirements. This could take a while.
Test Backend (Python)	UNKNOWN STEP	2025-12-10T21:34:13.8808573Z Collecting pytest-asyncio<1.0,>=0.21 (from -r requirements.txt (line 10))
Test Backend (Python)	UNKNOWN STEP	2025-12-10T21:34:13.8823266Z   Using cached pytest_asyncio-0.25.3-py3-none-any.whl.metadata (3.9 kB)
Test Backend (Python)	UNKNOWN STEP	2025-12-10T21:34:13.8854281Z   Using cached pytest_asyncio-0.25.2-py3-none-any.whl.metadata (3.9 kB)
Test Backend (Python)	UNKNOWN STEP	2025-12-10T21:34:13.8884724Z   Using cached pytest_asyncio-0.25.1-py3-none-any.whl.metadata (3.9 kB)
Test Backend (Python)	UNKNOWN STEP	2025-12-10T21:34:13.8914876Z   Using cached pytest_asyncio-0.25.0-py3-none-any.whl.metadata (3.9 kB)
Test Backend (Python)	UNKNOWN STEP	2025-12-10T21:34:13.8944920Z   Using cached pytest_asyncio-0.24.0-py3-none-any.whl.metadata (3.9 kB)
Test Backend (Python)	UNKNOWN STEP	2025-12-10T21:34:13.8976537Z   Using cached pytest_asyncio-0.23.8-py3-none-any.whl.metadata (3.9 kB)
Test Backend (Python)	UNKNOWN STEP	2025-12-10T21:34:13.9332955Z Collecting attrs>=22.2.0 (from jsonschema<5.0,>=4.21->-r requirements.txt (line 11))
Test Backend (Python)	UNKNOWN STEP	2025-12-10T21:34:13.9346283Z   Using cached attrs-25.4.0-py3-none-any.whl.metadata (10 kB)
Test Backend (Python)	UNKNOWN STEP	2025-12-10T21:34:13.9557411Z Collecting jsonschema-specifications>=2023.03.6 (from jsonschema<5.0,>=4.21->-r requirements.txt (line 11))
Test Backend (Python)	UNKNOWN STEP	2025-12-10T21:34:13.9570617Z   Using cached jsonschema_specifications-2025.9.1-py3-none-any.whl.metadata (2.9 kB)
Test Backend (Python)	UNKNOWN STEP	2025-12-10T21:34:13.9891236Z Collecting referencing>=0.28.4 (from jsonschema<5.0,>=4.21->-r requirements.txt (line 11))
Test Backend (Python)	UNKNOWN STEP	2025-12-10T21:34:13.9904730Z   Using cached referencing-0.37.0-py3-none-any.whl.metadata (2.8 kB)
Test Backend (Python)	UNKNOWN STEP	2025-12-10T21:34:14.3092278Z Collecting rpds-py>=0.7.1 (from jsonschema<5.0,>=4.21->-r requirements.txt (line 11))
Test Backend (Python)	UNKNOWN STEP	2025-12-10T21:34:14.3107983Z   Using cached rpds_py-0.30.0-cp311-cp311-manylinux_2_17_x86_64.manylinux2014_x86_64.whl.metadata (4.1 kB)
Test Backend (Python)	UNKNOWN STEP	2025-12-10T21:34:14.4353546Z Collecting greenlet>=1 (from SQLAlchemy<2.1,>=2.0->-r requirements.txt (line 12))
Test Backend (Python)	UNKNOWN STEP	2025-12-10T21:34:14.4368891Z   Using cached greenlet-3.3.0-cp311-cp311-manylinux_2_24_x86_64.manylinux_2_28_x86_64.whl.metadata (4.1 kB)
Test Backend (Python)	UNKNOWN STEP	2025-12-10T21:34:14.4591464Z Collecting async-timeout>=4.0.3 (from asyncpg<0.30,>=0.29->-r requirements.txt (line 13))
Test Backend (Python)	UNKNOWN STEP	2025-12-10T21:34:14.4604880Z   Using cached async_timeout-5.0.1-py3-none-any.whl.metadata (5.1 kB)
Test Backend (Python)	UNKNOWN STEP	2025-12-10T21:34:14.5023986Z Collecting Mako (from alembic<2.0,>=1.13->-r requirements.txt (line 14))
Test Backend (Python)	UNKNOWN STEP	2025-12-10T21:34:14.5037578Z   Using cached mako-1.3.10-py3-none-any.whl.metadata (2.9 kB)
Test Backend (Python)	UNKNOWN STEP	2025-12-10T21:34:14.5315065Z Collecting soupsieve>=1.6.1 (from beautifulsoup4<5.0,>=4.12->-r requirements.txt (line 17))
Test Backend (Python)	UNKNOWN STEP	2025-12-10T21:34:14.5329184Z   Using cached soupsieve-2.8-py3-none-any.whl.metadata (4.6 kB)
Test Backend (Python)	UNKNOWN STEP	2025-12-10T21:34:14.6209729Z Collecting charset_normalizer<4,>=2 (from requests<3.0,>=2.31->-r requirements.txt (line 18))
Test Backend (Python)	UNKNOWN STEP	2025-12-10T21:34:14.6225189Z   Using cached charset_normalizer-3.4.4-cp311-cp311-manylinux2014_x86_64.manylinux_2_17_x86_64.manylinux_2_28_x86_64.whl.metadata (37 kB)
Test Backend (Python)	UNKNOWN STEP	2025-12-10T21:34:14.6597698Z Collecting urllib3<3,>=1.21.1 (from requests<3.0,>=2.31->-r requirements.txt (line 18))
Test Backend (Python)	UNKNOWN STEP	2025-12-10T21:34:14.6611242Z   Using cached urllib3-2.6.1-py3-none-any.whl.metadata (6.6 kB)
Test Backend (Python)	UNKNOWN STEP	2025-12-10T21:34:14.6869442Z Collecting pdfminer.six==20251107 (from pdfplumber<0.12,>=0.11->-r requirements.txt (line 19))
Test Backend (Python)	UNKNOWN STEP	2025-12-10T21:34:14.6882692Z   Using cached pdfminer_six-20251107-py3-none-any.whl.metadata (4.2 kB)
Test Backend (Python)	UNKNOWN STEP	2025-12-10T21:34:14.9092582Z Collecting Pillow>=9.1 (from pdfplumber<0.12,>=0.11->-r requirements.txt (line 19))
Test Backend (Python)	UNKNOWN STEP	2025-12-10T21:34:14.9108054Z   Using cached pillow-12.0.0-cp311-cp311-manylinux_2_27_x86_64.manylinux_2_28_x86_64.whl.metadata (8.8 kB)
Test Backend (Python)	UNKNOWN STEP	2025-12-10T21:34:14.9980630Z Collecting pypdfium2>=4.18.0 (from pdfplumber<0.12,>=0.11->-r requirements.txt (line 19))
Test Backend (Python)	UNKNOWN STEP	2025-12-10T21:34:14.9998873Z   Using cached pypdfium2-5.1.0-py3-none-manylinux_2_17_x86_64.manylinux2014_x86_64.whl.metadata (67 kB)
Test Backend (Python)	UNKNOWN STEP	2025-12-10T21:34:15.1833812Z Collecting cryptography>=36.0.0 (from pdfminer.six==20251107->pdfplumber<0.12,>=0.11->-r requirements.txt (line 19))
Test Backend (Python)	UNKNOWN STEP	2025-12-10T21:34:15.1849301Z   Using cached cryptography-46.0.3-cp311-abi3-manylinux_2_34_x86_64.whl.metadata (5.7 kB)
Test Backend (Python)	UNKNOWN STEP	2025-12-10T21:34:15.2125542Z Collecting mypy-extensions>=0.4.3 (from black<25.0,>=24.0->-r requirements.txt (line 20))
Test Backend (Python)	UNKNOWN STEP	2025-12-10T21:34:15.2138717Z   Using cached mypy_extensions-1.1.0-py3-none-any.whl.metadata (1.1 kB)
Test Backend (Python)	UNKNOWN STEP	2025-12-10T21:34:15.2338769Z Collecting pathspec>=0.9.0 (from black<25.0,>=24.0->-r requirements.txt (line 20))
Test Backend (Python)	UNKNOWN STEP	2025-12-10T21:34:15.2351826Z   Using cached pathspec-0.12.1-py3-none-any.whl.metadata (21 kB)
Test Backend (Python)	UNKNOWN STEP	2025-12-10T21:34:15.2620839Z Collecting platformdirs>=2 (from black<25.0,>=24.0->-r requirements.txt (line 20))
Test Backend (Python)	UNKNOWN STEP	2025-12-10T21:34:15.2634580Z   Using cached platformdirs-4.5.1-py3-none-any.whl.metadata (12 kB)
Test Backend (Python)	UNKNOWN STEP	2025-12-10T21:34:15.2851427Z Collecting mccabe<0.8.0,>=0.7.0 (from flake8<8.0,>=7.0->-r requirements.txt (line 21))
Test Backend (Python)	UNKNOWN STEP	2025-12-10T21:34:15.2864782Z   Using cached mccabe-0.7.0-py2.py3-none-any.whl.metadata (5.0 kB)
Test Backend (Python)	UNKNOWN STEP	2025-12-10T21:34:15.3059949Z Collecting pycodestyle<2.15.0,>=2.14.0 (from flake8<8.0,>=7.0->-r requirements.txt (line 21))
Test Backend (Python)	UNKNOWN STEP	2025-12-10T21:34:15.3073165Z   Using cached pycodestyle-2.14.0-py2.py3-none-any.whl.metadata (4.5 kB)
Test Backend (Python)	UNKNOWN STEP	2025-12-10T21:34:15.3300773Z Collecting pyflakes<3.5.0,>=3.4.0 (from flake8<8.0,>=7.0->-r requirements.txt (line 21))
Test Backend (Python)	UNKNOWN STEP	2025-12-10T21:34:15.3314115Z   Using cached pyflakes-3.4.0-py2.py3-none-any.whl.metadata (3.5 kB)
Test Backend (Python)	UNKNOWN STEP	2025-12-10T21:34:15.4125309Z Collecting librt>=0.6.2 (from mypy<2.0,>=1.9->-r requirements.txt (line 22))
Test Backend (Python)	UNKNOWN STEP	2025-12-10T21:34:15.4140219Z   Using cached librt-0.7.3-cp311-cp311-manylinux2014_x86_64.manylinux_2_17_x86_64.manylinux_2_28_x86_64.whl.metadata (1.3 kB)
Test Backend (Python)	UNKNOWN STEP	2025-12-10T21:34:15.4430023Z Collecting cfgv>=2.0.0 (from pre-commit<4.0,>=3.6->-r requirements.txt (line 25))
Test Backend (Python)	UNKNOWN STEP	2025-12-10T21:34:15.4443341Z   Using cached cfgv-3.5.0-py2.py3-none-any.whl.metadata (8.9 kB)
Test Backend (Python)	UNKNOWN STEP	2025-12-10T21:34:15.4963573Z Collecting identify>=1.0.0 (from pre-commit<4.0,>=3.6->-r requirements.txt (line 25))
Test Backend (Python)	UNKNOWN STEP	2025-12-10T21:34:15.4977660Z   Using cached identify-2.6.15-py2.py3-none-any.whl.metadata (4.4 kB)
Test Backend (Python)	UNKNOWN STEP	2025-12-10T21:34:15.5224147Z Collecting nodeenv>=0.11.1 (from pre-commit<4.0,>=3.6->-r requirements.txt (line 25))
Test Backend (Python)	UNKNOWN STEP	2025-12-10T21:34:15.5237694Z   Using cached nodeenv-1.9.1-py2.py3-none-any.whl.metadata (21 kB)
Test Backend (Python)	UNKNOWN STEP	2025-12-10T21:34:15.5762685Z Collecting virtualenv>=20.10.0 (from pre-commit<4.0,>=3.6->-r requirements.txt (line 25))
Test Backend (Python)	UNKNOWN STEP	2025-12-10T21:34:15.5776743Z   Using cached virtualenv-20.35.4-py3-none-any.whl.metadata (4.6 kB)
Test Backend (Python)	UNKNOWN STEP	2025-12-10T21:34:15.6356354Z Collecting prometheus-client<1.0.0,>=0.8.0 (from prometheus-fastapi-instrumentator<7.0,>=6.1->-r requirements.txt (line 30))
Test Backend (Python)	UNKNOWN STEP	2025-12-10T21:34:15.6369866Z   Using cached prometheus_client-0.23.1-py3-none-any.whl.metadata (1.9 kB)
Test Backend (Python)	UNKNOWN STEP	2025-12-10T21:34:15.7132564Z Collecting httptools>=0.5.0 (from uvicorn[standard]<0.31,>=0.30->-r requirements.txt (line 2))
Test Backend (Python)	UNKNOWN STEP	2025-12-10T21:34:15.7146700Z   Using cached httptools-0.7.1-cp311-cp311-manylinux1_x86_64.manylinux_2_28_x86_64.manylinux_2_5_x86_64.whl.metadata (3.5 kB)
Test Backend (Python)	UNKNOWN STEP	2025-12-10T21:34:15.7663445Z Collecting uvloop!=0.15.0,!=0.15.1,>=0.14.0 (from uvicorn[standard]<0.31,>=0.30->-r requirements.txt (line 2))
Test Backend (Python)	UNKNOWN STEP	2025-12-10T21:34:15.7677738Z   Using cached uvloop-0.22.1-cp311-cp311-manylinux2014_x86_64.manylinux_2_17_x86_64.manylinux_2_28_x86_64.whl.metadata (4.9 kB)
Test Backend (Python)	UNKNOWN STEP	2025-12-10T21:34:15.9223389Z Collecting watchfiles>=0.13 (from uvicorn[standard]<0.31,>=0.30->-r requirements.txt (line 2))
Test Backend (Python)	UNKNOWN STEP	2025-12-10T21:34:15.9238861Z   Using cached watchfiles-1.1.1-cp311-cp311-manylinux_2_17_x86_64.manylinux2014_x86_64.whl.metadata (4.9 kB)
Test Backend (Python)	UNKNOWN STEP	2025-12-10T21:34:16.0150341Z Collecting websockets>=10.4 (from uvicorn[standard]<0.31,>=0.30->-r requirements.txt (line 2))
Test Backend (Python)	UNKNOWN STEP	2025-12-10T21:34:16.0165551Z   Using cached websockets-15.0.1-cp311-cp311-manylinux_2_5_x86_64.manylinux1_x86_64.manylinux_2_17_x86_64.manylinux2014_x86_64.whl.metadata (6.8 kB)
Test Backend (Python)	UNKNOWN STEP	2025-12-10T21:34:16.1347098Z Collecting cffi>=2.0.0 (from cryptography>=36.0.0->pdfminer.six==20251107->pdfplumber<0.12,>=0.11->-r requirements.txt (line 19))
Test Backend (Python)	UNKNOWN STEP	2025-12-10T21:34:16.1362097Z   Using cached cffi-2.0.0-cp311-cp311-manylinux2014_x86_64.manylinux_2_17_x86_64.whl.metadata (2.6 kB)
Test Backend (Python)	UNKNOWN STEP	2025-12-10T21:34:16.1567595Z Collecting pycparser (from cffi>=2.0.0->cryptography>=36.0.0->pdfminer.six==20251107->pdfplumber<0.12,>=0.11->-r requirements.txt (line 19))
Test Backend (Python)	UNKNOWN STEP	2025-12-10T21:34:16.1580540Z   Using cached pycparser-2.23-py3-none-any.whl.metadata (993 bytes)
Test Backend (Python)	UNKNOWN STEP	2025-12-10T21:34:16.2257396Z Collecting distlib<1,>=0.3.7 (from virtualenv>=20.10.0->pre-commit<4.0,>=3.6->-r requirements.txt (line 25))
Test Backend (Python)	UNKNOWN STEP	2025-12-10T21:34:16.2271068Z   Using cached distlib-0.4.0-py2.py3-none-any.whl.metadata (5.2 kB)
Test Backend (Python)	UNKNOWN STEP	2025-12-10T21:34:16.2544254Z Collecting filelock<4,>=3.12.2 (from virtualenv>=20.10.0->pre-commit<4.0,>=3.6->-r requirements.txt (line 25))
Test Backend (Python)	UNKNOWN STEP	2025-12-10T21:34:16.2557108Z   Using cached filelock-3.20.0-py3-none-any.whl.metadata (2.1 kB)
Test Backend (Python)	UNKNOWN STEP	2025-12-10T21:34:16.3296562Z Collecting MarkupSafe>=0.9.2 (from Mako->alembic<2.0,>=1.13->-r requirements.txt (line 14))
Test Backend (Python)	UNKNOWN STEP	2025-12-10T21:34:16.3310665Z   Using cached markupsafe-3.0.3-cp311-cp311-manylinux2014_x86_64.manylinux_2_17_x86_64.manylinux_2_28_x86_64.whl.metadata (2.7 kB)
Test Backend (Python)	UNKNOWN STEP	2025-12-10T21:34:16.3417376Z Using cached fastapi-0.115.14-py3-none-any.whl (95 kB)
Test Backend (Python)	UNKNOWN STEP	2025-12-10T21:34:16.3430700Z Using cached uvicorn-0.30.6-py3-none-any.whl (62 kB)
Test Backend (Python)	UNKNOWN STEP	2025-12-10T21:34:16.3443577Z Using cached httpx-0.27.2-py3-none-any.whl (76 kB)
Test Backend (Python)	UNKNOWN STEP	2025-12-10T21:34:16.3456915Z Using cached pydantic-2.12.5-py3-none-any.whl (463 kB)
Test Backend (Python)	UNKNOWN STEP	2025-12-10T21:34:16.3473206Z Using cached pydantic_core-2.41.5-cp311-cp311-manylinux_2_17_x86_64.manylinux2014_x86_64.whl (2.1 MB)
Test Backend (Python)	UNKNOWN STEP	2025-12-10T21:34:16.3501406Z Using cached pydantic_settings-2.12.0-py3-none-any.whl (51 kB)
Test Backend (Python)	UNKNOWN STEP	2025-12-10T21:34:16.3513722Z Using cached python_dotenv-1.2.1-py3-none-any.whl (21 kB)
Test Backend (Python)	UNKNOWN STEP	2025-12-10T21:34:16.3526687Z Using cached pytest-7.4.4-py3-none-any.whl (325 kB)
Test Backend (Python)	UNKNOWN STEP	2025-12-10T21:34:16.3541216Z Using cached pytest_cov-4.1.0-py3-none-any.whl (21 kB)
Test Backend (Python)	UNKNOWN STEP	2025-12-10T21:34:16.3553966Z Using cached pytest_asyncio-0.23.8-py3-none-any.whl (17 kB)
Test Backend (Python)	UNKNOWN STEP	2025-12-10T21:34:16.3566629Z Using cached jsonschema-4.25.1-py3-none-any.whl (90 kB)
Test Backend (Python)	UNKNOWN STEP	2025-12-10T21:34:16.3580093Z Using cached sqlalchemy-2.0.45-cp311-cp311-manylinux2014_x86_64.manylinux_2_17_x86_64.manylinux_2_28_x86_64.whl (3.3 MB)
Test Backend (Python)	UNKNOWN STEP	2025-12-10T21:34:16.3616916Z Using cached asyncpg-0.29.0-cp311-cp311-manylinux_2_17_x86_64.manylinux2014_x86_64.whl (2.8 MB)
Test Backend (Python)	UNKNOWN STEP	2025-12-10T21:34:16.3649920Z Using cached alembic-1.17.2-py3-none-any.whl (248 kB)
Test Backend (Python)	UNKNOWN STEP	2025-12-10T21:34:16.3663786Z Using cached aiosqlite-0.20.0-py3-none-any.whl (15 kB)
Test Backend (Python)	UNKNOWN STEP	2025-12-10T21:34:16.3677077Z Using cached pyyaml-6.0.3-cp311-cp311-manylinux2014_x86_64.manylinux_2_17_x86_64.manylinux_2_28_x86_64.whl (806 kB)
Test Backend (Python)	UNKNOWN STEP	2025-12-10T21:34:16.3695318Z Using cached beautifulsoup4-4.14.3-py3-none-any.whl (107 kB)
Test Backend (Python)	UNKNOWN STEP	2025-12-10T21:34:16.3708384Z Using cached requests-2.32.5-py3-none-any.whl (64 kB)
Test Backend (Python)	UNKNOWN STEP	2025-12-10T21:34:16.3721094Z Using cached pdfplumber-0.11.8-py3-none-any.whl (60 kB)
Test Backend (Python)	UNKNOWN STEP	2025-12-10T21:34:16.3733860Z Using cached pdfminer_six-20251107-py3-none-any.whl (5.6 MB)
Test Backend (Python)	UNKNOWN STEP	2025-12-10T21:34:16.3787980Z Using cached black-24.10.0-cp311-cp311-manylinux_2_17_x86_64.manylinux2014_x86_64.manylinux_2_28_x86_64.whl (1.7 MB)
Test Backend (Python)	UNKNOWN STEP	2025-12-10T21:34:16.3812897Z Using cached flake8-7.3.0-py2.py3-none-any.whl (57 kB)
Test Backend (Python)	UNKNOWN STEP	2025-12-10T21:34:16.3826290Z Using cached mypy-1.19.0-cp311-cp311-manylinux2014_x86_64.manylinux_2_17_x86_64.manylinux_2_28_x86_64.whl (13.4 MB)
Test Backend (Python)	UNKNOWN STEP	2025-12-10T21:34:16.3932603Z Using cached types_pyyaml-6.0.12.20250915-py3-none-any.whl (20 kB)
Test Backend (Python)	UNKNOWN STEP	2025-12-10T21:34:16.3945837Z Using cached types_requests-2.32.4.20250913-py3-none-any.whl (20 kB)
Test Backend (Python)	UNKNOWN STEP	2025-12-10T21:34:16.3958351Z Using cached pre_commit-3.8.0-py2.py3-none-any.whl (204 kB)
Test Backend (Python)	UNKNOWN STEP	2025-12-10T21:34:16.3972246Z Using cached structlog-24.4.0-py3-none-any.whl (67 kB)
Test Backend (Python)	UNKNOWN STEP	2025-12-10T21:34:16.3985346Z Using cached python_json_logger-2.0.7-py3-none-any.whl (8.1 kB)
Test Backend (Python)	UNKNOWN STEP	2025-12-10T21:34:16.3997873Z Using cached tenacity-8.5.0-py3-none-any.whl (28 kB)
Test Backend (Python)	UNKNOWN STEP	2025-12-10T21:34:16.4010478Z Using cached sentry_sdk-1.45.1-py2.py3-none-any.whl (267 kB)
Test Backend (Python)	UNKNOWN STEP	2025-12-10T21:34:16.4024974Z Using cached prometheus_fastapi_instrumentator-6.1.0-py3-none-any.whl (18 kB)
Test Backend (Python)	UNKNOWN STEP	2025-12-10T21:34:16.4038398Z Using cached charset_normalizer-3.4.4-cp311-cp311-manylinux2014_x86_64.manylinux_2_17_x86_64.manylinux_2_28_x86_64.whl (151 kB)
Test Backend (Python)	UNKNOWN STEP	2025-12-10T21:34:16.4051590Z Using cached mccabe-0.7.0-py2.py3-none-any.whl (7.3 kB)
Test Backend (Python)	UNKNOWN STEP	2025-12-10T21:34:16.4064134Z Using cached prometheus_client-0.23.1-py3-none-any.whl (61 kB)
Test Backend (Python)	UNKNOWN STEP	2025-12-10T21:34:16.4077123Z Using cached pycodestyle-2.14.0-py2.py3-none-any.whl (31 kB)
Test Backend (Python)	UNKNOWN STEP	2025-12-10T21:34:16.4089773Z Using cached pyflakes-3.4.0-py2.py3-none-any.whl (63 kB)
Test Backend (Python)	UNKNOWN STEP	2025-12-10T21:34:16.4102528Z Using cached starlette-0.46.2-py3-none-any.whl (72 kB)
Test Backend (Python)	UNKNOWN STEP	2025-12-10T21:34:16.4115497Z Using cached urllib3-2.6.1-py3-none-any.whl (131 kB)
Test Backend (Python)	UNKNOWN STEP	2025-12-10T21:34:16.4128788Z Using cached annotated_types-0.7.0-py3-none-any.whl (13 kB)
Test Backend (Python)	UNKNOWN STEP	2025-12-10T21:34:16.4141250Z Using cached async_timeout-5.0.1-py3-none-any.whl (6.2 kB)
Test Backend (Python)	UNKNOWN STEP	2025-12-10T21:34:16.4153963Z Using cached attrs-25.4.0-py3-none-any.whl (67 kB)
Test Backend (Python)	UNKNOWN STEP	2025-12-10T21:34:16.4166836Z Using cached cfgv-3.5.0-py2.py3-none-any.whl (7.4 kB)
Test Backend (Python)	UNKNOWN STEP	2025-12-10T21:34:16.4179220Z Using cached click-8.3.1-py3-none-any.whl (108 kB)
Test Backend (Python)	UNKNOWN STEP	2025-12-10T21:34:16.4192606Z Using cached cryptography-46.0.3-cp311-abi3-manylinux_2_34_x86_64.whl (4.5 MB)
Test Backend (Python)	UNKNOWN STEP	2025-12-10T21:34:16.4237442Z Using cached cffi-2.0.0-cp311-cp311-manylinux2014_x86_64.manylinux_2_17_x86_64.whl (215 kB)
Test Backend (Python)	UNKNOWN STEP	2025-12-10T21:34:16.4251266Z Using cached greenlet-3.3.0-cp311-cp311-manylinux_2_24_x86_64.manylinux_2_28_x86_64.whl (590 kB)
Test Backend (Python)	UNKNOWN STEP	2025-12-10T21:34:16.4268167Z Using cached httptools-0.7.1-cp311-cp311-manylinux1_x86_64.manylinux_2_28_x86_64.manylinux_2_5_x86_64.whl (456 kB)
Test Backend (Python)	UNKNOWN STEP	2025-12-10T21:34:16.4283410Z Using cached identify-2.6.15-py2.py3-none-any.whl (99 kB)
Test Backend (Python)	UNKNOWN STEP	2025-12-10T21:34:16.4296926Z Using cached jsonschema_specifications-2025.9.1-py3-none-any.whl (18 kB)
Test Backend (Python)	UNKNOWN STEP	2025-12-10T21:34:16.4309776Z Using cached librt-0.7.3-cp311-cp311-manylinux2014_x86_64.manylinux_2_17_x86_64.manylinux_2_28_x86_64.whl (184 kB)
Test Backend (Python)	UNKNOWN STEP	2025-12-10T21:34:16.4323190Z Using cached mypy_extensions-1.1.0-py3-none-any.whl (5.0 kB)
Test Backend (Python)	UNKNOWN STEP	2025-12-10T21:34:16.4335684Z Using cached nodeenv-1.9.1-py2.py3-none-any.whl (22 kB)
Test Backend (Python)	UNKNOWN STEP	2025-12-10T21:34:16.4348597Z Using cached pathspec-0.12.1-py3-none-any.whl (31 kB)
Test Backend (Python)	UNKNOWN STEP	2025-12-10T21:34:16.4361461Z Using cached pillow-12.0.0-cp311-cp311-manylinux_2_27_x86_64.manylinux_2_28_x86_64.whl (7.0 MB)
Test Backend (Python)	UNKNOWN STEP	2025-12-10T21:34:16.4423351Z Using cached platformdirs-4.5.1-py3-none-any.whl (18 kB)
Test Backend (Python)	UNKNOWN STEP	2025-12-10T21:34:16.4437000Z Using cached pypdfium2-5.1.0-py3-none-manylinux_2_17_x86_64.manylinux2014_x86_64.whl (3.0 MB)
Test Backend (Python)	UNKNOWN STEP	2025-12-10T21:34:16.4470564Z Using cached referencing-0.37.0-py3-none-any.whl (26 kB)
Test Backend (Python)	UNKNOWN STEP	2025-12-10T21:34:16.4483469Z Using cached rpds_py-0.30.0-cp311-cp311-manylinux_2_17_x86_64.manylinux2014_x86_64.whl (390 kB)
Test Backend (Python)	UNKNOWN STEP	2025-12-10T21:34:16.4499858Z Using cached soupsieve-2.8-py3-none-any.whl (36 kB)
Test Backend (Python)	UNKNOWN STEP	2025-12-10T21:34:16.4513044Z Using cached typing_inspection-0.4.2-py3-none-any.whl (14 kB)
Test Backend (Python)	UNKNOWN STEP	2025-12-10T21:34:16.4526833Z Using cached uvloop-0.22.1-cp311-cp311-manylinux2014_x86_64.manylinux_2_17_x86_64.manylinux_2_28_x86_64.whl (3.8 MB)
Test Backend (Python)	UNKNOWN STEP	2025-12-10T21:34:16.4567883Z Using cached virtualenv-20.35.4-py3-none-any.whl (6.0 MB)
Test Backend (Python)	UNKNOWN STEP	2025-12-10T21:34:16.4622874Z Using cached distlib-0.4.0-py2.py3-none-any.whl (469 kB)
Test Backend (Python)	UNKNOWN STEP	2025-12-10T21:34:16.4638999Z Using cached filelock-3.20.0-py3-none-any.whl (16 kB)
Test Backend (Python)	UNKNOWN STEP	2025-12-10T21:34:16.4652391Z Using cached watchfiles-1.1.1-cp311-cp311-manylinux_2_17_x86_64.manylinux2014_x86_64.whl (456 kB)
Test Backend (Python)	UNKNOWN STEP	2025-12-10T21:34:16.4669143Z Using cached websockets-15.0.1-cp311-cp311-manylinux_2_5_x86_64.manylinux1_x86_64.manylinux_2_17_x86_64.manylinux2014_x86_64.whl (182 kB)
Test Backend (Python)	UNKNOWN STEP	2025-12-10T21:34:16.4682914Z Using cached mako-1.3.10-py3-none-any.whl (78 kB)
Test Backend (Python)	UNKNOWN STEP	2025-12-10T21:34:16.4696999Z Using cached markupsafe-3.0.3-cp311-cp311-manylinux2014_x86_64.manylinux_2_17_x86_64.manylinux_2_28_x86_64.whl (22 kB)
Test Backend (Python)	UNKNOWN STEP	2025-12-10T21:34:16.4709889Z Using cached pycparser-2.23-py3-none-any.whl (118 kB)
Test Backend (Python)	UNKNOWN STEP	2025-12-10T21:34:16.4724560Z Using cached sniffio-1.3.1-py3-none-any.whl (10 kB)
Test Backend (Python)	UNKNOWN STEP	2025-12-10T21:34:16.6785806Z Installing collected packages: distlib, websockets, uvloop, urllib3, typing-inspection, types-PyYAML, tenacity, structlog, soupsieve, sniffio, rpds-py, PyYAML, python-json-logger, python-dotenv, pytest, pypdfium2, pyflakes, pydantic-core, pycparser, pycodestyle, prometheus-client, platformdirs, Pillow, pathspec, nodeenv, mypy-extensions, mccabe, MarkupSafe, librt, identify, httptools, greenlet, filelock, click, charset_normalizer, cfgv, attrs, async-timeout, annotated-types, aiosqlite, watchfiles, virtualenv, uvicorn, types-requests, starlette, SQLAlchemy, sentry-sdk, requests, referencing, pytest-cov, pytest-asyncio, pydantic, mypy, Mako, httpx, flake8, cffi, black, beautifulsoup4, asyncpg, pydantic-settings, pre-commit, jsonschema-specifications, fastapi, cryptography, alembic, prometheus-fastapi-instrumentator, pdfminer.six, jsonschema, pdfplumber
Test Backend (Python)	UNKNOWN STEP	2025-12-10T21:34:17.1361420Z   Attempting uninstall: pytest
Test Backend (Python)	UNKNOWN STEP	2025-12-10T21:34:17.1382332Z     Found existing installation: pytest 9.0.2
Test Backend (Python)	UNKNOWN STEP	2025-12-10T21:34:17.1455512Z     Uninstalling pytest-9.0.2:
Test Backend (Python)	UNKNOWN STEP	2025-12-10T21:34:17.6932349Z       Successfully uninstalled pytest-9.0.2
Test Backend (Python)	UNKNOWN STEP	2025-12-10T21:34:20.1852473Z   Attempting uninstall: pytest-cov
Test Backend (Python)	UNKNOWN STEP	2025-12-10T21:34:20.1882083Z     Found existing installation: pytest-cov 7.0.0
Test Backend (Python)	UNKNOWN STEP	2025-12-10T21:34:20.1902790Z     Uninstalling pytest-cov-7.0.0:
Test Backend (Python)	UNKNOWN STEP	2025-12-10T21:34:20.1910604Z       Successfully uninstalled pytest-cov-7.0.0
Test Backend (Python)	UNKNOWN STEP	2025-12-10T21:34:20.2026202Z   Attempting uninstall: pytest-asyncio
Test Backend (Python)	UNKNOWN STEP	2025-12-10T21:34:20.2049937Z     Found existing installation: pytest-asyncio 1.3.0
Test Backend (Python)	UNKNOWN STEP	2025-12-10T21:34:20.2066931Z     Uninstalling pytest-asyncio-1.3.0:
Test Backend (Python)	UNKNOWN STEP	2025-12-10T21:34:20.2074005Z       Successfully uninstalled pytest-asyncio-1.3.0
Test Backend (Python)	UNKNOWN STEP	2025-12-10T21:34:21.7243617Z   Attempting uninstall: httpx
Test Backend (Python)	UNKNOWN STEP	2025-12-10T21:34:21.7268779Z     Found existing installation: httpx 0.28.1
Test Backend (Python)	UNKNOWN STEP	2025-12-10T21:34:21.7301249Z     Uninstalling httpx-0.28.1:
Test Backend (Python)	UNKNOWN STEP	2025-12-10T21:34:21.7312907Z       Successfully uninstalled httpx-0.28.1
Test Backend (Python)	UNKNOWN STEP	2025-12-10T21:34:22.8594853Z 
Test Backend (Python)	UNKNOWN STEP	2025-12-10T21:34:22.8634292Z Successfully installed Mako-1.3.10 MarkupSafe-3.0.3 Pillow-12.0.0 PyYAML-6.0.3 SQLAlchemy-2.0.45 aiosqlite-0.20.0 alembic-1.17.2 annotated-types-0.7.0 async-timeout-5.0.1 asyncpg-0.29.0 attrs-25.4.0 beautifulsoup4-4.14.3 black-24.10.0 cffi-2.0.0 cfgv-3.5.0 charset_normalizer-3.4.4 click-8.3.1 cryptography-46.0.3 distlib-0.4.0 fastapi-0.115.14 filelock-3.20.0 flake8-7.3.0 greenlet-3.3.0 httptools-0.7.1 httpx-0.27.2 identify-2.6.15 jsonschema-4.25.1 jsonschema-specifications-2025.9.1 librt-0.7.3 mccabe-0.7.0 mypy-1.19.0 mypy-extensions-1.1.0 nodeenv-1.9.1 pathspec-0.12.1 pdfminer.six-20251107 pdfplumber-0.11.8 platformdirs-4.5.1 pre-commit-3.8.0 prometheus-client-0.23.1 prometheus-fastapi-instrumentator-6.1.0 pycodestyle-2.14.0 pycparser-2.23 pydantic-2.12.5 pydantic-core-2.41.5 pydantic-settings-2.12.0 pyflakes-3.4.0 pypdfium2-5.1.0 pytest-7.4.4 pytest-asyncio-0.23.8 pytest-cov-4.1.0 python-dotenv-1.2.1 python-json-logger-2.0.7 referencing-0.37.0 requests-2.32.5 rpds-py-0.30.0 sentry-sdk-1.45.1 sniffio-1.3.1 soupsieve-2.8 starlette-0.46.2 structlog-24.4.0 tenacity-8.5.0 types-PyYAML-6.0.12.20250915 types-requests-2.32.4.20250913 typing-inspection-0.4.2 urllib3-2.6.1 uvicorn-0.30.6 uvloop-0.22.1 virtualenv-20.35.4 watchfiles-1.1.1 websockets-15.0.1
Test Backend (Python)	UNKNOWN STEP	2025-12-10T21:34:23.4209018Z ##[group]Run python scripts/apply_ddl.py
Test Backend (Python)	UNKNOWN STEP	2025-12-10T21:34:23.4209329Z [36;1mpython scripts/apply_ddl.py[0m
Test Backend (Python)	UNKNOWN STEP	2025-12-10T21:34:23.4241990Z shell: /usr/bin/bash -e {0}
Test Backend (Python)	UNKNOWN STEP	2025-12-10T21:34:23.4242207Z env:
Test Backend (Python)	UNKNOWN STEP	2025-12-10T21:34:23.4242447Z   pythonLocation: /opt/hostedtoolcache/Python/3.11.14/x64
Test Backend (Python)	UNKNOWN STEP	2025-12-10T21:34:23.4242845Z   PKG_CONFIG_PATH: /opt/hostedtoolcache/Python/3.11.14/x64/lib/pkgconfig
Test Backend (Python)	UNKNOWN STEP	2025-12-10T21:34:23.4243222Z   Python_ROOT_DIR: /opt/hostedtoolcache/Python/3.11.14/x64
Test Backend (Python)	UNKNOWN STEP	2025-12-10T21:34:23.4243553Z   Python2_ROOT_DIR: /opt/hostedtoolcache/Python/3.11.14/x64
Test Backend (Python)	UNKNOWN STEP	2025-12-10T21:34:23.4243893Z   Python3_ROOT_DIR: /opt/hostedtoolcache/Python/3.11.14/x64
Test Backend (Python)	UNKNOWN STEP	2025-12-10T21:34:23.4244234Z   LD_LIBRARY_PATH: /opt/hostedtoolcache/Python/3.11.14/x64/lib
Test Backend (Python)	UNKNOWN STEP	2025-12-10T21:34:23.4245375Z   OPENWATT_DATABASE_URL: ***localhost:5432/openwatt_test
Test Backend (Python)	UNKNOWN STEP	2025-12-10T21:34:23.4245683Z   OPENWATT_ENABLE_DB: true
Test Backend (Python)	UNKNOWN STEP	2025-12-10T21:34:23.4245885Z ##[endgroup]
Test Backend (Python)	UNKNOWN STEP	2025-12-10T21:34:23.5747228Z CREATE TABLE
Test Backend (Python)	UNKNOWN STEP	2025-12-10T21:34:23.5818546Z CREATE TABLE
Test Backend (Python)	UNKNOWN STEP	2025-12-10T21:34:23.5844842Z CREATE INDEX
Test Backend (Python)	UNKNOWN STEP	2025-12-10T21:34:23.5859871Z CREATE INDEX
Test Backend (Python)	UNKNOWN STEP	2025-12-10T21:34:23.5900551Z CREATE TABLE
Test Backend (Python)	UNKNOWN STEP	2025-12-10T21:34:23.5939463Z CREATE TABLE
Test Backend (Python)	UNKNOWN STEP	2025-12-10T21:34:23.5997176Z CREATE TABLE
Test Backend (Python)	UNKNOWN STEP	2025-12-10T21:34:23.6012785Z CREATE INDEX
Test Backend (Python)	UNKNOWN STEP	2025-12-10T21:34:23.6039022Z CREATE VIEW
Test Backend (Python)	UNKNOWN STEP	2025-12-10T21:34:23.6061516Z CREATE VIEW
Test Backend (Python)	UNKNOWN STEP	2025-12-10T21:34:23.6073787Z CREATE FUNCTION
Test Backend (Python)	UNKNOWN STEP	2025-12-10T21:34:23.6076784Z psql:/home/runner/work/OpenWatt/OpenWatt/db/ddl.sql:100: NOTICE:  trigger "trg_forbid_update" for relation "tariffs" does not exist, skipping
Test Backend (Python)	UNKNOWN STEP	2025-12-10T21:34:23.6077666Z DROP TRIGGER
Test Backend (Python)	UNKNOWN STEP	2025-12-10T21:34:23.6078632Z psql:/home/runner/work/OpenWatt/OpenWatt/db/ddl.sql:101: NOTICE:  trigger "trg_forbid_delete" for relation "tariffs" does not exist, skipping
Test Backend (Python)	UNKNOWN STEP	2025-12-10T21:34:23.6079603Z DROP TRIGGER
Test Backend (Python)	UNKNOWN STEP	2025-12-10T21:34:23.6083313Z CREATE TRIGGER
Test Backend (Python)	UNKNOWN STEP	2025-12-10T21:34:23.6088253Z CREATE TRIGGER
Test Backend (Python)	UNKNOWN STEP	2025-12-10T21:34:23.6103511Z Applied /home/runner/work/OpenWatt/OpenWatt/db/ddl.sql to ***localhost:5432/openwatt_test
Test Backend (Python)	UNKNOWN STEP	2025-12-10T21:34:23.6182301Z ##[group]Run pytest --cov=api --cov=parsers --cov=ingest --cov-report=xml --cov-report=term-missing --cov-fail-under=70
Test Backend (Python)	UNKNOWN STEP	2025-12-10T21:34:23.6183040Z [36;1mpytest --cov=api --cov=parsers --cov=ingest --cov-report=xml --cov-report=term-missing --cov-fail-under=70[0m
Test Backend (Python)	UNKNOWN STEP	2025-12-10T21:34:23.6216249Z shell: /usr/bin/bash -e {0}
Test Backend (Python)	UNKNOWN STEP	2025-12-10T21:34:23.6216476Z env:
Test Backend (Python)	UNKNOWN STEP	2025-12-10T21:34:23.6216721Z   pythonLocation: /opt/hostedtoolcache/Python/3.11.14/x64
Test Backend (Python)	UNKNOWN STEP	2025-12-10T21:34:23.6217156Z   PKG_CONFIG_PATH: /opt/hostedtoolcache/Python/3.11.14/x64/lib/pkgconfig
Test Backend (Python)	UNKNOWN STEP	2025-12-10T21:34:23.6217568Z   Python_ROOT_DIR: /opt/hostedtoolcache/Python/3.11.14/x64
Test Backend (Python)	UNKNOWN STEP	2025-12-10T21:34:23.6217907Z   Python2_ROOT_DIR: /opt/hostedtoolcache/Python/3.11.14/x64
Test Backend (Python)	UNKNOWN STEP	2025-12-10T21:34:23.6218263Z   Python3_ROOT_DIR: /opt/hostedtoolcache/Python/3.11.14/x64
Test Backend (Python)	UNKNOWN STEP	2025-12-10T21:34:23.6218603Z   LD_LIBRARY_PATH: /opt/hostedtoolcache/Python/3.11.14/x64/lib
Test Backend (Python)	UNKNOWN STEP	2025-12-10T21:34:23.6219232Z   OPENWATT_DATABASE_URL: ***localhost:5432/openwatt_test
Test Backend (Python)	UNKNOWN STEP	2025-12-10T21:34:23.6219562Z   OPENWATT_ENABLE_DB: true
Test Backend (Python)	UNKNOWN STEP	2025-12-10T21:34:23.6219766Z   PYTHONPATH: .
Test Backend (Python)	UNKNOWN STEP	2025-12-10T21:34:23.6219949Z ##[endgroup]
Test Backend (Python)	UNKNOWN STEP	2025-12-10T21:34:41.3465292Z ..........................................................               [100%]
Test Backend (Python)	UNKNOWN STEP	2025-12-10T21:34:41.3465856Z =============================== warnings summary ===============================
Test Backend (Python)	UNKNOWN STEP	2025-12-10T21:34:41.3466612Z ../../../../../opt/hostedtoolcache/Python/3.11.14/x64/lib/python3.11/site-packages/sentry_sdk/integrations/starlette.py:61
Test Backend (Python)	UNKNOWN STEP	2025-12-10T21:34:41.3468003Z   /opt/hostedtoolcache/Python/3.11.14/x64/lib/python3.11/site-packages/sentry_sdk/integrations/starlette.py:61: PendingDeprecationWarning: Please use `import python_multipart` instead.
Test Backend (Python)	UNKNOWN STEP	2025-12-10T21:34:41.3469362Z     import multipart  # type: ignore
Test Backend (Python)	UNKNOWN STEP	2025-12-10T21:34:41.3469594Z 
Test Backend (Python)	UNKNOWN STEP	2025-12-10T21:34:41.3470017Z ../../../../../opt/hostedtoolcache/Python/3.11.14/x64/lib/python3.11/site-packages/_pytest/config/__init__.py:1373
Test Backend (Python)	UNKNOWN STEP	2025-12-10T21:34:41.3471312Z   /opt/hostedtoolcache/Python/3.11.14/x64/lib/python3.11/site-packages/_pytest/config/__init__.py:1373: PytestConfigWarning: Unknown config option: asyncio_default_fixture_loop_scope
Test Backend (Python)	UNKNOWN STEP	2025-12-10T21:34:41.3472274Z   
Test Backend (Python)	UNKNOWN STEP	2025-12-10T21:34:41.3472597Z     self._warn_or_fail_if_strict(f"Unknown config option: {key}\n")
Test Backend (Python)	UNKNOWN STEP	2025-12-10T21:34:41.3472919Z 
Test Backend (Python)	UNKNOWN STEP	2025-12-10T21:34:41.3473208Z -- Docs: https://docs.pytest.org/en/stable/how-to/capture-warnings.html
Test Backend (Python)	UNKNOWN STEP	2025-12-10T21:34:41.3473525Z 
Test Backend (Python)	UNKNOWN STEP	2025-12-10T21:34:41.3473700Z ---------- coverage: platform linux, python 3.11.14-final-0 ----------
Test Backend (Python)	UNKNOWN STEP	2025-12-10T21:34:41.3474090Z Name                                  Stmts   Miss   Cover   Missing
Test Backend (Python)	UNKNOWN STEP	2025-12-10T21:34:41.3474592Z --------------------------------------------------------------------
Test Backend (Python)	UNKNOWN STEP	2025-12-10T21:34:41.3474948Z api/__init__.py                           0      0 100.00%
Test Backend (Python)	UNKNOWN STEP	2025-12-10T21:34:41.3475292Z api/app/__init__.py                       0      0 100.00%
Test Backend (Python)	UNKNOWN STEP	2025-12-10T21:34:41.3475645Z api/app/core/__init__.py                  0      0 100.00%
Test Backend (Python)	UNKNOWN STEP	2025-12-10T21:34:41.3476013Z api/app/core/config.py                   14      0 100.00%
Test Backend (Python)	UNKNOWN STEP	2025-12-10T21:34:41.3476376Z api/app/core/logging.py                  17      0 100.00%
Test Backend (Python)	UNKNOWN STEP	2025-12-10T21:34:41.3476793Z api/app/core/sentry.py                   35     20  42.86%   32-59, 77-91, 107-110, 129-132
Test Backend (Python)	UNKNOWN STEP	2025-12-10T21:34:41.3477211Z api/app/db/__init__.py                    0      0 100.00%
Test Backend (Python)	UNKNOWN STEP	2025-12-10T21:34:41.3477563Z api/app/db/base.py                        4      0 100.00%
Test Backend (Python)	UNKNOWN STEP	2025-12-10T21:34:41.3477914Z api/app/db/models.py                     59      0 100.00%
Test Backend (Python)	UNKNOWN STEP	2025-12-10T21:34:41.3478284Z api/app/db/repositories/__init__.py       0      0 100.00%
Test Backend (Python)	UNKNOWN STEP	2025-12-10T21:34:41.3478708Z api/app/db/repositories/admin.py         18      3  83.33%   27-28, 37
Test Backend (Python)	UNKNOWN STEP	2025-12-10T21:34:41.3479251Z api/app/db/repositories/tariffs.py       63     15  76.19%   33, 35, 38-47, 62, 67, 73, 106, 112, 120
Test Backend (Python)	UNKNOWN STEP	2025-12-10T21:34:41.3479756Z api/app/db/seed.py                       28     28   0.00%   1-86
Test Backend (Python)	UNKNOWN STEP	2025-12-10T21:34:41.3480331Z api/app/db/session.py                    23      0 100.00%
Test Backend (Python)	UNKNOWN STEP	2025-12-10T21:34:41.3480696Z api/app/main.py                          28      0 100.00%
Test Backend (Python)	UNKNOWN STEP	2025-12-10T21:34:41.3481049Z api/app/middleware/__init__.py            3      0 100.00%
Test Backend (Python)	UNKNOWN STEP	2025-12-10T21:34:41.3481423Z api/app/middleware/request_id.py         15      0 100.00%
Test Backend (Python)	UNKNOWN STEP	2025-12-10T21:34:41.3481790Z api/app/models/__init__.py                0      0 100.00%
Test Backend (Python)	UNKNOWN STEP	2025-12-10T21:34:41.3482173Z api/app/models/admin.py                  29      0 100.00%
Test Backend (Python)	UNKNOWN STEP	2025-12-10T21:34:41.3482532Z api/app/models/enums.py                  13      0 100.00%
Test Backend (Python)	UNKNOWN STEP	2025-12-10T21:34:41.3482897Z api/app/models/tariffs.py                40      0 100.00%
Test Backend (Python)	UNKNOWN STEP	2025-12-10T21:34:41.3483268Z api/app/routes/__init__.py                2      0 100.00%
Test Backend (Python)	UNKNOWN STEP	2025-12-10T21:34:41.3483671Z api/app/routes/admin.py                  40      8  80.00%   41, 46-47, 66, 72-75
Test Backend (Python)	UNKNOWN STEP	2025-12-10T21:34:41.3484044Z api/app/routes/guards.py                  9      0 100.00%
Test Backend (Python)	UNKNOWN STEP	2025-12-10T21:34:41.3484519Z api/app/routes/health.py                 18      3  83.33%   36-38
Test Backend (Python)	UNKNOWN STEP	2025-12-10T21:34:41.3484879Z api/app/routes/tariffs.py                15      0 100.00%
Test Backend (Python)	UNKNOWN STEP	2025-12-10T21:34:41.3485197Z api/app/services/__init__.py              0      0 100.00%
Test Backend (Python)	UNKNOWN STEP	2025-12-10T21:34:41.3485593Z api/app/services/admin_service.py        77     15  80.52%   57, 62-64, 70, 79-84, 94-96, 105
Test Backend (Python)	UNKNOWN STEP	2025-12-10T21:34:41.3486050Z api/app/services/health_service.py       69      4  94.20%   48-53, 140
Test Backend (Python)	UNKNOWN STEP	2025-12-10T21:34:41.3486548Z api/app/services/tariff_service.py      115     27  76.52%   132, 134, 153-155, 173-175, 177, 182-192, 221, 226-229, 239, 264
Test Backend (Python)	UNKNOWN STEP	2025-12-10T21:34:41.3486995Z ingest/__init__.py                        0      0 100.00%
Test Backend (Python)	UNKNOWN STEP	2025-12-10T21:34:41.3487312Z ingest/fetch.py                          38     38   0.00%   1-66
Test Backend (Python)	UNKNOWN STEP	2025-12-10T21:34:41.3487783Z ingest/persist.py                        55      1  98.18%   41
Test Backend (Python)	UNKNOWN STEP	2025-12-10T21:34:41.3488123Z ingest/pipeline.py                       42     42   0.00%   1-77
Test Backend (Python)	UNKNOWN STEP	2025-12-10T21:34:41.3488466Z ingest/rate_limiter.py                   35     35   0.00%   6-99
Test Backend (Python)	UNKNOWN STEP	2025-12-10T21:34:41.3488803Z ingest/retry.py                          10     10   0.00%   6-84
Test Backend (Python)	UNKNOWN STEP	2025-12-10T21:34:41.3489114Z parsers/__init__.py                       0      0 100.00%
Test Backend (Python)	UNKNOWN STEP	2025-12-10T21:34:41.3489427Z parsers/core/__init__.py                  0      0 100.00%
Test Backend (Python)	UNKNOWN STEP	2025-12-10T21:34:41.3489775Z parsers/core/config.py                   52      3  94.23%   60, 62, 69
Test Backend (Python)	UNKNOWN STEP	2025-12-10T21:34:41.3490166Z parsers/core/parser.py                   51     31  39.22%   19, 28-50, 54-57, 61-67, 81-83
Test Backend (Python)	UNKNOWN STEP	2025-12-10T21:34:41.3490574Z parsers/core/pdf_parser.py               78      7  91.03%   31-32, 56, 65, 100, 130-131
Test Backend (Python)	UNKNOWN STEP	2025-12-10T21:34:41.3490940Z --------------------------------------------------------------------
Test Backend (Python)	UNKNOWN STEP	2025-12-10T21:34:41.3491239Z TOTAL                                  1095    290  73.52%
Test Backend (Python)	UNKNOWN STEP	2025-12-10T21:34:41.3491503Z Coverage XML written to file coverage.xml
Test Backend (Python)	UNKNOWN STEP	2025-12-10T21:34:41.3491680Z 
Test Backend (Python)	UNKNOWN STEP	2025-12-10T21:34:41.3491824Z Required test coverage of 70% reached. Total coverage: 73.52%
Test Backend (Python)	UNKNOWN STEP	2025-12-10T21:34:41.3492132Z 58 passed, 2 warnings in 15.38s
Test Backend (Python)	UNKNOWN STEP	2025-12-10T21:34:41.5580690Z ##[group]Run codecov/codecov-action@v4
Test Backend (Python)	UNKNOWN STEP	2025-12-10T21:34:41.5580963Z with:
Test Backend (Python)	UNKNOWN STEP	2025-12-10T21:34:41.5581135Z   file: ./coverage.xml
Test Backend (Python)	UNKNOWN STEP	2025-12-10T21:34:41.5581326Z   flags: backend
Test Backend (Python)	UNKNOWN STEP	2025-12-10T21:34:41.5581500Z   name: backend-coverage
Test Backend (Python)	UNKNOWN STEP	2025-12-10T21:34:41.5581701Z   fail_ci_if_error: false
Test Backend (Python)	UNKNOWN STEP	2025-12-10T21:34:41.5581923Z env:
Test Backend (Python)	UNKNOWN STEP	2025-12-10T21:34:41.5582153Z   pythonLocation: /opt/hostedtoolcache/Python/3.11.14/x64
Test Backend (Python)	UNKNOWN STEP	2025-12-10T21:34:41.5582565Z   PKG_CONFIG_PATH: /opt/hostedtoolcache/Python/3.11.14/x64/lib/pkgconfig
Test Backend (Python)	UNKNOWN STEP	2025-12-10T21:34:41.5582952Z   Python_ROOT_DIR: /opt/hostedtoolcache/Python/3.11.14/x64
Test Backend (Python)	UNKNOWN STEP	2025-12-10T21:34:41.5583294Z   Python2_ROOT_DIR: /opt/hostedtoolcache/Python/3.11.14/x64
Test Backend (Python)	UNKNOWN STEP	2025-12-10T21:34:41.5583651Z   Python3_ROOT_DIR: /opt/hostedtoolcache/Python/3.11.14/x64
Test Backend (Python)	UNKNOWN STEP	2025-12-10T21:34:41.5583988Z   LD_LIBRARY_PATH: /opt/hostedtoolcache/Python/3.11.14/x64/lib
Test Backend (Python)	UNKNOWN STEP	2025-12-10T21:34:41.5584271Z ##[endgroup]
Test Backend (Python)	UNKNOWN STEP	2025-12-10T21:34:41.6409871Z eventName: push
Test Backend (Python)	UNKNOWN STEP	2025-12-10T21:34:41.6418449Z ==> linux OS detected
Test Backend (Python)	UNKNOWN STEP	2025-12-10T21:34:41.9039076Z https://cli.codecov.io/latest/linux/codecov.SHA256SUM
Test Backend (Python)	UNKNOWN STEP	2025-12-10T21:34:42.0762655Z gpg: directory '/home/runner/.gnupg' created
Test Backend (Python)	UNKNOWN STEP	2025-12-10T21:34:42.0795695Z gpg: keybox '/home/runner/.gnupg/pubring.kbx' created
Test Backend (Python)	UNKNOWN STEP	2025-12-10T21:34:42.0920400Z gpg: /home/runner/.gnupg/trustdb.gpg: trustdb created
Test Backend (Python)	UNKNOWN STEP	2025-12-10T21:34:42.0921493Z gpg: key 806BB28AED779869: public key "Codecov Uploader (Codecov Uploader Verification Key) <security@codecov.io>" imported
Test Backend (Python)	UNKNOWN STEP	2025-12-10T21:34:42.1254183Z gpg: Total number processed: 1
Test Backend (Python)	UNKNOWN STEP	2025-12-10T21:34:42.1254784Z gpg:               imported: 1
Test Backend (Python)	UNKNOWN STEP	2025-12-10T21:34:42.1309232Z gpg: Signature made Fri Dec  5 15:31:48 2025 UTC
Test Backend (Python)	UNKNOWN STEP	2025-12-10T21:34:42.1309864Z gpg:                using RSA key 27034E7FDB850E0BBC2C62FF806BB28AED779869
Test Backend (Python)	UNKNOWN STEP	2025-12-10T21:34:42.1312570Z gpg: Good signature from "Codecov Uploader (Codecov Uploader Verification Key) <security@codecov.io>" [unknown]
Test Backend (Python)	UNKNOWN STEP	2025-12-10T21:34:42.1313527Z gpg: WARNING: This key is not certified with a trusted signature!
Test Backend (Python)	UNKNOWN STEP	2025-12-10T21:34:42.1314234Z gpg:          There is no indication that the signature belongs to the owner.
Test Backend (Python)	UNKNOWN STEP	2025-12-10T21:34:42.1315158Z Primary key fingerprint: 2703 4E7F DB85 0E0B BC2C  62FF 806B B28A ED77 9869
Test Backend (Python)	UNKNOWN STEP	2025-12-10T21:34:42.1524816Z ==> Uploader SHASUM verified (fd34214e2b2c738e48e3ac90b2c23ec4e975d0e9aee51f2cebe81b5704af3f6c  codecov)
Test Backend (Python)	UNKNOWN STEP	2025-12-10T21:34:42.1525839Z ==> Running version latest
Test Backend (Python)	UNKNOWN STEP	2025-12-10T21:34:42.2385470Z Could not pull latest version information: SyntaxError: Unexpected token '<', "<!DOCTYPE "... is not valid JSON
Test Backend (Python)	UNKNOWN STEP	2025-12-10T21:34:42.2387153Z ==> Running git config --global --add safe.directory /home/runner/work/OpenWatt/OpenWatt
Test Backend (Python)	UNKNOWN STEP	2025-12-10T21:34:42.2476833Z [command]/usr/bin/git config --global --add safe.directory /home/runner/work/OpenWatt/OpenWatt
Test Backend (Python)	UNKNOWN STEP	2025-12-10T21:34:42.2527439Z ==> Running command '/home/runner/work/_actions/codecov/codecov-action/v4/dist/codecov create-commit'
Test Backend (Python)	UNKNOWN STEP	2025-12-10T21:34:42.2529741Z [command]/home/runner/work/_actions/codecov/codecov-action/v4/dist/codecov create-commit --git-service github
Test Backend (Python)	UNKNOWN STEP	2025-12-10T21:34:42.6016528Z info - 2025-12-10 21:34:42,600 -- ci service found: github-actions
Test Backend (Python)	UNKNOWN STEP	2025-12-10T21:34:42.6108220Z warning - 2025-12-10 21:34:42,610 -- No config file could be found. Ignoring config.
Test Backend (Python)	UNKNOWN STEP	2025-12-10T21:34:42.6399837Z warning - 2025-12-10 21:34:42,639 -- Branch `main` is protected but no token was provided
Test Backend (Python)	UNKNOWN STEP	2025-12-10T21:34:42.6400819Z warning - 2025-12-10 21:34:42,639 -- For information on Codecov upload tokens, see https://docs.codecov.com/docs/codecov-tokens
Test Backend (Python)	UNKNOWN STEP	2025-12-10T21:34:42.8718490Z info - 2025-12-10 21:34:42,871 -- Process Commit creating complete
Test Backend (Python)	UNKNOWN STEP	2025-12-10T21:34:42.8719454Z error - 2025-12-10 21:34:42,871 -- Commit creating failed: {"message":"Token required - not valid tokenless upload"}
Test Backend (Python)	UNKNOWN STEP	2025-12-10T21:34:42.9770017Z Sentry is attempting to send 3 pending events
Test Backend (Python)	UNKNOWN STEP	2025-12-10T21:34:42.9770438Z Waiting up to 2 seconds
Test Backend (Python)	UNKNOWN STEP	2025-12-10T21:34:42.9770739Z Press Ctrl-C to quit
Test Backend (Python)	UNKNOWN STEP	2025-12-10T21:34:43.1204141Z ==> Running command '/home/runner/work/_actions/codecov/codecov-action/v4/dist/codecov create-report'
Test Backend (Python)	UNKNOWN STEP	2025-12-10T21:34:43.1205725Z [command]/home/runner/work/_actions/codecov/codecov-action/v4/dist/codecov create-report --git-service github
Test Backend (Python)	UNKNOWN STEP	2025-12-10T21:34:43.4661896Z info - 2025-12-10 21:34:43,465 -- ci service found: github-actions
Test Backend (Python)	UNKNOWN STEP	2025-12-10T21:34:43.4754871Z warning - 2025-12-10 21:34:43,475 -- No config file could be found. Ignoring config.
Test Backend (Python)	UNKNOWN STEP	2025-12-10T21:34:43.8979235Z info - 2025-12-10 21:34:43,897 -- Process Report creating complete
Test Backend (Python)	UNKNOWN STEP	2025-12-10T21:34:43.8984243Z error - 2025-12-10 21:34:43,898 -- Report creating failed: {"message":"Token required - not valid tokenless upload"}
Test Backend (Python)	UNKNOWN STEP	2025-12-10T21:34:44.0031923Z Sentry is attempting to send 2 pending events
Test Backend (Python)	UNKNOWN STEP	2025-12-10T21:34:44.0032418Z Waiting up to 2 seconds
Test Backend (Python)	UNKNOWN STEP	2025-12-10T21:34:44.0032726Z Press Ctrl-C to quit
Test Backend (Python)	UNKNOWN STEP	2025-12-10T21:34:44.0776261Z ==> Running command '/home/runner/work/_actions/codecov/codecov-action/v4/dist/codecov do-upload'
Test Backend (Python)	UNKNOWN STEP	2025-12-10T21:34:44.0778953Z [command]/home/runner/work/_actions/codecov/codecov-action/v4/dist/codecov do-upload -f ./coverage.xml -F backend --git-service github -n backend-coverage
Test Backend (Python)	UNKNOWN STEP	2025-12-10T21:34:44.4276785Z info - 2025-12-10 21:34:44,427 -- ci service found: github-actions
Test Backend (Python)	UNKNOWN STEP	2025-12-10T21:34:44.4370890Z warning - 2025-12-10 21:34:44,436 -- No config file could be found. Ignoring config.
Test Backend (Python)	UNKNOWN STEP	2025-12-10T21:34:44.4682563Z warning - 2025-12-10 21:34:44,468 -- xcrun is not installed or can't be found.
Test Backend (Python)	UNKNOWN STEP	2025-12-10T21:34:44.4737160Z warning - 2025-12-10 21:34:44,473 -- No gcov data found.
Test Backend (Python)	UNKNOWN STEP	2025-12-10T21:34:44.4743780Z info - 2025-12-10 21:34:44,474 -- Generating coverage.xml report in /home/runner/work/OpenWatt/OpenWatt
Test Backend (Python)	UNKNOWN STEP	2025-12-10T21:34:44.7047118Z info - 2025-12-10 21:34:44,704 -- Wrote XML report to coverage.xml
Test Backend (Python)	UNKNOWN STEP	2025-12-10T21:34:44.7334577Z info - 2025-12-10 21:34:44,733 -- Found 1 coverage files to report
Test Backend (Python)	UNKNOWN STEP	2025-12-10T21:34:44.7335562Z info - 2025-12-10 21:34:44,733 -- > /home/runner/work/OpenWatt/OpenWatt/coverage.xml
Test Backend (Python)	UNKNOWN STEP	2025-12-10T21:34:44.9194175Z info - 2025-12-10 21:34:44,919 -- Process Upload complete
Test Backend (Python)	UNKNOWN STEP	2025-12-10T21:34:44.9195114Z error - 2025-12-10 21:34:44,919 -- Upload failed: {"message":"Token required - not valid tokenless upload"}
Test Backend (Python)	UNKNOWN STEP	2025-12-10T21:34:45.0265526Z Sentry is attempting to send 3 pending events
Test Backend (Python)	UNKNOWN STEP	2025-12-10T21:34:45.0266042Z Waiting up to 2 seconds
Test Backend (Python)	UNKNOWN STEP	2025-12-10T21:34:45.0266380Z Press Ctrl-C to quit
Test Backend (Python)	UNKNOWN STEP	2025-12-10T21:34:45.2141454Z Post job cleanup.
Test Backend (Python)	UNKNOWN STEP	2025-12-10T21:34:45.3427270Z Cache hit occurred on the primary key Linux-pip-060b83a6276c232333b594152eba8a820136aab58080965e159a75003c74f3b0, not saving cache.
Test Backend (Python)	UNKNOWN STEP	2025-12-10T21:34:45.3510324Z Post job cleanup.
Test Backend (Python)	UNKNOWN STEP	2025-12-10T21:34:45.5095160Z Post job cleanup.
Test Backend (Python)	UNKNOWN STEP	2025-12-10T21:34:45.6021048Z [command]/usr/bin/git version
Test Backend (Python)	UNKNOWN STEP	2025-12-10T21:34:45.6058079Z git version 2.52.0
Test Backend (Python)	UNKNOWN STEP	2025-12-10T21:34:45.6094503Z Copying '/home/runner/.gitconfig' to '/home/runner/work/_temp/e7080377-ce07-40fe-8c4c-bc8125fdb418/.gitconfig'
Test Backend (Python)	UNKNOWN STEP	2025-12-10T21:34:45.6103974Z Temporarily overriding HOME='/home/runner/work/_temp/e7080377-ce07-40fe-8c4c-bc8125fdb418' before making global git config changes
Test Backend (Python)	UNKNOWN STEP	2025-12-10T21:34:45.6105191Z Adding repository directory to the temporary git global config as a safe directory
Test Backend (Python)	UNKNOWN STEP	2025-12-10T21:34:45.6116812Z [command]/usr/bin/git config --global --add safe.directory /home/runner/work/OpenWatt/OpenWatt
Test Backend (Python)	UNKNOWN STEP	2025-12-10T21:34:45.6149916Z [command]/usr/bin/git config --local --name-only --get-regexp core\.sshCommand
Test Backend (Python)	UNKNOWN STEP	2025-12-10T21:34:45.6180674Z [command]/usr/bin/git submodule foreach --recursive sh -c "git config --local --name-only --get-regexp 'core\.sshCommand' && git config --local --unset-all 'core.sshCommand' || :"
Test Backend (Python)	UNKNOWN STEP	2025-12-10T21:34:45.6406498Z [command]/usr/bin/git config --local --name-only --get-regexp http\.https\:\/\/github\.com\/\.extraheader
Test Backend (Python)	UNKNOWN STEP	2025-12-10T21:34:45.6426291Z http.https://github.com/.extraheader
Test Backend (Python)	UNKNOWN STEP	2025-12-10T21:34:45.6438813Z [command]/usr/bin/git config --local --unset-all http.https://github.com/.extraheader
Test Backend (Python)	UNKNOWN STEP	2025-12-10T21:34:45.6468101Z [command]/usr/bin/git submodule foreach --recursive sh -c "git config --local --name-only --get-regexp 'http\.https\:\/\/github\.com\/\.extraheader' && git config --local --unset-all 'http.https://github.com/.extraheader' || :"
Test Backend (Python)	UNKNOWN STEP	2025-12-10T21:34:45.6683749Z [command]/usr/bin/git config --local --name-only --get-regexp ^includeIf\.gitdir:
Test Backend (Python)	UNKNOWN STEP	2025-12-10T21:34:45.6713341Z [command]/usr/bin/git submodule foreach --recursive git config --local --show-origin --name-only --get-regexp remote.origin.url
Test Backend (Python)	UNKNOWN STEP	2025-12-10T21:34:45.7017032Z Print service container logs: dffbfb6db7704ec0a57ad946644f01fd_postgres16alpine_79f401
Test Backend (Python)	UNKNOWN STEP	2025-12-10T21:34:45.7021385Z ##[command]/usr/bin/docker logs --details 4a5005020638b48d8463fe186a95c19cc5b03d4bc9bcdd736d91a0490b51f93c
Test Backend (Python)	UNKNOWN STEP	2025-12-10T21:34:45.7142529Z  The files belonging to this database system will be owned by user "postgres".
Test Backend (Python)	UNKNOWN STEP	2025-12-10T21:34:45.7144188Z  sh: locale: not found
Test Backend (Python)	UNKNOWN STEP	2025-12-10T21:34:45.7144910Z  2025-12-10 21:33:34.417 UTC [35] WARNING:  no usable system locales were found
Test Backend (Python)	UNKNOWN STEP	2025-12-10T21:34:45.7145603Z  initdb: warning: enabling "trust" authentication for local connections
Test Backend (Python)	UNKNOWN STEP	2025-12-10T21:34:45.7146440Z  initdb: hint: You can change this by editing pg_hba.conf or using the option -A, or --auth-local and --auth-host, the next time you run initdb.
Test Backend (Python)	UNKNOWN STEP	2025-12-10T21:34:45.7146982Z  This user must also own the server process.
Test Backend (Python)	UNKNOWN STEP	2025-12-10T21:34:45.7147222Z  
Test Backend (Python)	UNKNOWN STEP	2025-12-10T21:34:45.7147469Z  The database cluster will be initialized with locale "en_US.utf8".
Test Backend (Python)	UNKNOWN STEP	2025-12-10T21:34:45.7147930Z  The default database encoding has accordingly been set to "UTF8".
Test Backend (Python)	UNKNOWN STEP	2025-12-10T21:34:45.7148311Z  The default text search configuration will be set to "english".
Test Backend (Python)	UNKNOWN STEP	2025-12-10T21:34:45.7148594Z  
Test Backend (Python)	UNKNOWN STEP	2025-12-10T21:34:45.7148768Z  Data page checksums are disabled.
Test Backend (Python)	UNKNOWN STEP	2025-12-10T21:34:45.7148981Z  
Test Backend (Python)	UNKNOWN STEP	2025-12-10T21:34:45.7149239Z  fixing permissions on existing directory /var/lib/postgresql/data ... ok
Test Backend (Python)	UNKNOWN STEP	2025-12-10T21:34:45.7149592Z  creating subdirectories ... ok
Test Backend (Python)	UNKNOWN STEP	2025-12-10T21:34:45.7149889Z  selecting dynamic shared memory implementation ... posix
Test Backend (Python)	UNKNOWN STEP	2025-12-10T21:34:45.7150196Z  selecting default max_connections ... 100
Test Backend (Python)	UNKNOWN STEP	2025-12-10T21:34:45.7150455Z  selecting default shared_buffers ... 128MB
Test Backend (Python)	UNKNOWN STEP	2025-12-10T21:34:45.7150697Z  selecting default time zone ... UTC
Test Backend (Python)	UNKNOWN STEP	2025-12-10T21:34:45.7150940Z  creating configuration files ... ok
Test Backend (Python)	UNKNOWN STEP	2025-12-10T21:34:45.7151175Z  running bootstrap script ... ok
Test Backend (Python)	UNKNOWN STEP	2025-12-10T21:34:45.7151435Z  performing post-bootstrap initialization ... ok
Test Backend (Python)	UNKNOWN STEP	2025-12-10T21:34:45.7151697Z  syncing data to disk ... ok
Test Backend (Python)	UNKNOWN STEP	2025-12-10T21:34:45.7151896Z  
Test Backend (Python)	UNKNOWN STEP	2025-12-10T21:34:45.7152040Z  
Test Backend (Python)	UNKNOWN STEP	2025-12-10T21:34:45.7152236Z  Success. You can now start the database server using:
Test Backend (Python)	UNKNOWN STEP	2025-12-10T21:34:45.7152490Z  
Test Backend (Python)	UNKNOWN STEP	2025-12-10T21:34:45.7152683Z      pg_ctl -D /var/lib/postgresql/data -l logfile start
Test Backend (Python)	UNKNOWN STEP	2025-12-10T21:34:45.7152940Z  
Test Backend (Python)	UNKNOWN STEP	2025-12-10T21:34:45.7153400Z  waiting for server to start....2025-12-10 21:33:34.947 UTC [41] LOG:  starting PostgreSQL 16.11 on x86_64-pc-linux-musl, compiled by gcc (Alpine 15.2.0) 15.2.0, 64-bit
Test Backend (Python)	UNKNOWN STEP	2025-12-10T21:34:45.7154636Z  2025-12-10 21:33:34.948 UTC [41] LOG:  listening on Unix socket "/var/run/postgresql/.s.PGSQL.5432"
Test Backend (Python)	UNKNOWN STEP	2025-12-10T21:34:45.7155118Z  2025-12-10 21:33:34.951 UTC [44] LOG:  database system was shut down at 2025-12-10 21:33:34 UTC
Test Backend (Python)	UNKNOWN STEP	2025-12-10T21:34:45.7155547Z  2025-12-10 21:33:34.955 UTC [41] LOG:  database system is ready to accept connections
Test Backend (Python)	UNKNOWN STEP	2025-12-10T21:34:45.7156248Z   done
Test Backend (Python)	UNKNOWN STEP	2025-12-10T21:34:45.7156521Z  server started
Test Backend (Python)	UNKNOWN STEP	2025-12-10T21:34:45.7156805Z  CREATE DATABASE
Test Backend (Python)	UNKNOWN STEP	2025-12-10T21:34:45.7157083Z  
Test Backend (Python)	UNKNOWN STEP	2025-12-10T21:34:45.7157511Z  2025-12-10 21:33:35.216 UTC [1] LOG:  starting PostgreSQL 16.11 on x86_64-pc-linux-musl, compiled by gcc (Alpine 15.2.0) 15.2.0, 64-bit
Test Backend (Python)	UNKNOWN STEP	2025-12-10T21:34:45.7158064Z  2025-12-10 21:33:35.216 UTC [1] LOG:  listening on IPv4 address "0.0.0.0", port 5432
Test Backend (Python)	UNKNOWN STEP	2025-12-10T21:34:45.7158464Z  2025-12-10 21:33:35.216 UTC [1] LOG:  listening on IPv6 address "::", port 5432
Test Backend (Python)	UNKNOWN STEP	2025-12-10T21:34:45.7158901Z  2025-12-10 21:33:35.217 UTC [1] LOG:  listening on Unix socket "/var/run/postgresql/.s.PGSQL.5432"
Test Backend (Python)	UNKNOWN STEP	2025-12-10T21:34:45.7159372Z  2025-12-10 21:33:35.219 UTC [57] LOG:  database system was shut down at 2025-12-10 21:33:35 UTC
Test Backend (Python)	UNKNOWN STEP	2025-12-10T21:34:45.7159797Z  2025-12-10 21:33:35.224 UTC [1] LOG:  database system is ready to accept connections
Test Backend (Python)	UNKNOWN STEP	2025-12-10T21:34:45.7160170Z  2025-12-10 21:33:44.016 UTC [67] FATAL:  role "root" does not exist
Test Backend (Python)	UNKNOWN STEP	2025-12-10T21:34:45.7160493Z  2025-12-10 21:33:54.062 UTC [74] FATAL:  role "root" does not exist
Test Backend (Python)	UNKNOWN STEP	2025-12-10T21:34:45.7161037Z  2025-12-10 21:34:04.101 UTC [81] FATAL:  role "root" does not exist
Test Backend (Python)	UNKNOWN STEP	2025-12-10T21:34:45.7161384Z  2025-12-10 21:34:14.141 UTC [89] FATAL:  role "root" does not exist
Test Backend (Python)	UNKNOWN STEP	2025-12-10T21:34:45.7161706Z  2025-12-10 21:34:24.186 UTC [97] FATAL:  role "root" does not exist
Test Backend (Python)	UNKNOWN STEP	2025-12-10T21:34:45.7162033Z  2025-12-10 21:34:34.230 UTC [108] FATAL:  role "root" does not exist
Test Backend (Python)	UNKNOWN STEP	2025-12-10T21:34:45.7162357Z  2025-12-10 21:34:44.270 UTC [116] FATAL:  role "root" does not exist
Test Backend (Python)	UNKNOWN STEP	2025-12-10T21:34:45.7162622Z  
Test Backend (Python)	UNKNOWN STEP	2025-12-10T21:34:45.7162916Z  /usr/local/bin/docker-entrypoint.sh: ignoring /docker-entrypoint-initdb.d/*
Test Backend (Python)	UNKNOWN STEP	2025-12-10T21:34:45.7163273Z  
Test Backend (Python)	UNKNOWN STEP	2025-12-10T21:34:45.7163584Z  waiting for server to shut down....2025-12-10 21:33:35.096 UTC [41] LOG:  received fast shutdown request
Test Backend (Python)	UNKNOWN STEP	2025-12-10T21:34:45.7164034Z  2025-12-10 21:33:35.097 UTC [41] LOG:  aborting any active transactions
Test Backend (Python)	UNKNOWN STEP	2025-12-10T21:34:45.7164746Z  2025-12-10 21:33:35.100 UTC [41] LOG:  background worker "logical replication launcher" (PID 47) exited with exit code 1
Test Backend (Python)	UNKNOWN STEP	2025-12-10T21:34:45.7165205Z  2025-12-10 21:33:35.101 UTC [42] LOG:  shutting down
Test Backend (Python)	UNKNOWN STEP	2025-12-10T21:34:45.7165543Z  2025-12-10 21:33:35.101 UTC [42] LOG:  checkpoint starting: shutdown immediate
Test Backend (Python)	UNKNOWN STEP	2025-12-10T21:34:45.7166427Z  2025-12-10 21:33:35.118 UTC [42] LOG:  checkpoint complete: wrote 926 buffers (5.7%); 0 WAL file(s) added, 0 removed, 0 recycled; write=0.014 s, sync=0.002 s, total=0.018 s; sync files=301, longest=0.001 s, average=0.001 s; distance=4272 kB, estimate=4272 kB; lsn=0/191E928, redo lsn=0/191E928
Test Backend (Python)	UNKNOWN STEP	2025-12-10T21:34:45.7167295Z  2025-12-10 21:33:35.125 UTC [41] LOG:  database system is shut down
Test Backend (Python)	UNKNOWN STEP	2025-12-10T21:34:45.7167563Z   done
Test Backend (Python)	UNKNOWN STEP	2025-12-10T21:34:45.7167723Z  server stopped
Test Backend (Python)	UNKNOWN STEP	2025-12-10T21:34:45.7167888Z  
Test Backend (Python)	UNKNOWN STEP	2025-12-10T21:34:45.7168097Z  PostgreSQL init process complete; ready for start up.
Test Backend (Python)	UNKNOWN STEP	2025-12-10T21:34:45.7168365Z  
Test Backend (Python)	UNKNOWN STEP	2025-12-10T21:34:45.7173986Z Stop and remove container: dffbfb6db7704ec0a57ad946644f01fd_postgres16alpine_79f401
Test Backend (Python)	UNKNOWN STEP	2025-12-10T21:34:45.7178887Z ##[command]/usr/bin/docker rm --force 4a5005020638b48d8463fe186a95c19cc5b03d4bc9bcdd736d91a0490b51f93c
Test Backend (Python)	UNKNOWN STEP	2025-12-10T21:34:46.1587682Z 4a5005020638b48d8463fe186a95c19cc5b03d4bc9bcdd736d91a0490b51f93c
Test Backend (Python)	UNKNOWN STEP	2025-12-10T21:34:46.1614528Z Remove container network: github_network_a92c60b38d7c4a9aaca337d64aeeb8b0
Test Backend (Python)	UNKNOWN STEP	2025-12-10T21:34:46.1618706Z ##[command]/usr/bin/docker network rm github_network_a92c60b38d7c4a9aaca337d64aeeb8b0
Test Backend (Python)	UNKNOWN STEP	2025-12-10T21:34:46.2718150Z github_network_a92c60b38d7c4a9aaca337d64aeeb8b0
Test Backend (Python)	UNKNOWN STEP	2025-12-10T21:34:46.2774036Z Cleaning up orphan processes
Lint Python Code	UNKNOWN STEP	´╗┐2025-12-10T21:33:26.3047246Z Current runner version: '2.329.0'
Lint Python Code	UNKNOWN STEP	2025-12-10T21:33:26.3073102Z ##[group]Runner Image Provisioner
Lint Python Code	UNKNOWN STEP	2025-12-10T21:33:26.3073927Z Hosted Compute Agent
Lint Python Code	UNKNOWN STEP	2025-12-10T21:33:26.3074538Z Version: 20251202.455
Lint Python Code	UNKNOWN STEP	2025-12-10T21:33:26.3075120Z Commit: 6c10caca4910e198df60de23adf20ad317c474e3
Lint Python Code	UNKNOWN STEP	2025-12-10T21:33:26.3075817Z Build Date: 2025-12-02T15:56:59Z
Lint Python Code	UNKNOWN STEP	2025-12-10T21:33:26.3076541Z Worker ID: {80815702-0204-4e7f-8e04-4d7efeb685ac}
Lint Python Code	UNKNOWN STEP	2025-12-10T21:33:26.3077213Z ##[endgroup]
Lint Python Code	UNKNOWN STEP	2025-12-10T21:33:26.3077731Z ##[group]Operating System
Lint Python Code	UNKNOWN STEP	2025-12-10T21:33:26.3078233Z Ubuntu
Lint Python Code	UNKNOWN STEP	2025-12-10T21:33:26.3079225Z 24.04.3
Lint Python Code	UNKNOWN STEP	2025-12-10T21:33:26.3079646Z LTS
Lint Python Code	UNKNOWN STEP	2025-12-10T21:33:26.3080087Z ##[endgroup]
Lint Python Code	UNKNOWN STEP	2025-12-10T21:33:26.3080636Z ##[group]Runner Image
Lint Python Code	UNKNOWN STEP	2025-12-10T21:33:26.3081172Z Image: ubuntu-24.04
Lint Python Code	UNKNOWN STEP	2025-12-10T21:33:26.3081657Z Version: 20251208.163.1
Lint Python Code	UNKNOWN STEP	2025-12-10T21:33:26.3082693Z Included Software: https://github.com/actions/runner-images/blob/ubuntu24/20251208.163/images/ubuntu/Ubuntu2404-Readme.md
Lint Python Code	UNKNOWN STEP	2025-12-10T21:33:26.3084219Z Image Release: https://github.com/actions/runner-images/releases/tag/ubuntu24%2F20251208.163
Lint Python Code	UNKNOWN STEP	2025-12-10T21:33:26.3085241Z ##[endgroup]
Lint Python Code	UNKNOWN STEP	2025-12-10T21:33:26.3086266Z ##[group]GITHUB_TOKEN Permissions
Lint Python Code	UNKNOWN STEP	2025-12-10T21:33:26.3088265Z Contents: read
Lint Python Code	UNKNOWN STEP	2025-12-10T21:33:26.3089127Z Metadata: read
Lint Python Code	UNKNOWN STEP	2025-12-10T21:33:26.3089659Z Packages: read
Lint Python Code	UNKNOWN STEP	2025-12-10T21:33:26.3090171Z ##[endgroup]
Lint Python Code	UNKNOWN STEP	2025-12-10T21:33:26.3092439Z Secret source: Actions
Lint Python Code	UNKNOWN STEP	2025-12-10T21:33:26.3093093Z Prepare workflow directory
Lint Python Code	UNKNOWN STEP	2025-12-10T21:33:26.3416951Z Prepare all required actions
Lint Python Code	UNKNOWN STEP	2025-12-10T21:33:26.3457022Z Getting action download info
Lint Python Code	UNKNOWN STEP	2025-12-10T21:33:26.8111313Z Download action repository 'actions/checkout@v4' (SHA:34e114876b0b11c390a56381ad16ebd13914f8d5)
Lint Python Code	UNKNOWN STEP	2025-12-10T21:33:26.9831828Z Download action repository 'actions/setup-python@v5' (SHA:a26af69be951a213d495a4c3e4e4022e16d87065)
Lint Python Code	UNKNOWN STEP	2025-12-10T21:33:27.3285457Z Download action repository 'actions/cache@v4' (SHA:0057852bfaa89a56745cba8c7296529d2fc39830)
Lint Python Code	UNKNOWN STEP	2025-12-10T21:33:27.5929070Z Complete job name: Lint Python Code
Lint Python Code	UNKNOWN STEP	2025-12-10T21:33:27.6642620Z ##[group]Run actions/checkout@v4
Lint Python Code	UNKNOWN STEP	2025-12-10T21:33:27.6643632Z with:
Lint Python Code	UNKNOWN STEP	2025-12-10T21:33:27.6644232Z   repository: rodjac-lab/OpenWatt
Lint Python Code	UNKNOWN STEP	2025-12-10T21:33:27.6645107Z   token: ***
Lint Python Code	UNKNOWN STEP	2025-12-10T21:33:27.6645684Z   ssh-strict: true
Lint Python Code	UNKNOWN STEP	2025-12-10T21:33:27.6646262Z   ssh-user: git
Lint Python Code	UNKNOWN STEP	2025-12-10T21:33:27.6646857Z   persist-credentials: true
Lint Python Code	UNKNOWN STEP	2025-12-10T21:33:27.6647496Z   clean: true
Lint Python Code	UNKNOWN STEP	2025-12-10T21:33:27.6648087Z   sparse-checkout-cone-mode: true
Lint Python Code	UNKNOWN STEP	2025-12-10T21:33:27.6648929Z   fetch-depth: 1
Lint Python Code	UNKNOWN STEP	2025-12-10T21:33:27.6649502Z   fetch-tags: false
Lint Python Code	UNKNOWN STEP	2025-12-10T21:33:27.6650085Z   show-progress: true
Lint Python Code	UNKNOWN STEP	2025-12-10T21:33:27.6650686Z   lfs: false
Lint Python Code	UNKNOWN STEP	2025-12-10T21:33:27.6651263Z   submodules: false
Lint Python Code	UNKNOWN STEP	2025-12-10T21:33:27.6651849Z   set-safe-directory: true
Lint Python Code	UNKNOWN STEP	2025-12-10T21:33:27.6652732Z ##[endgroup]
Lint Python Code	UNKNOWN STEP	2025-12-10T21:33:27.7714922Z Syncing repository: rodjac-lab/OpenWatt
Lint Python Code	UNKNOWN STEP	2025-12-10T21:33:27.7717304Z ##[group]Getting Git version info
Lint Python Code	UNKNOWN STEP	2025-12-10T21:33:27.7718209Z Working directory is '/home/runner/work/OpenWatt/OpenWatt'
Lint Python Code	UNKNOWN STEP	2025-12-10T21:33:27.7719838Z [command]/usr/bin/git version
Lint Python Code	UNKNOWN STEP	2025-12-10T21:33:27.9520377Z git version 2.52.0
Lint Python Code	UNKNOWN STEP	2025-12-10T21:33:27.9547847Z ##[endgroup]
Lint Python Code	UNKNOWN STEP	2025-12-10T21:33:27.9562958Z Temporarily overriding HOME='/home/runner/work/_temp/7b1ea9e0-3596-4c88-8629-3eb1b5450fdc' before making global git config changes
Lint Python Code	UNKNOWN STEP	2025-12-10T21:33:27.9564686Z Adding repository directory to the temporary git global config as a safe directory
Lint Python Code	UNKNOWN STEP	2025-12-10T21:33:27.9568487Z [command]/usr/bin/git config --global --add safe.directory /home/runner/work/OpenWatt/OpenWatt
Lint Python Code	UNKNOWN STEP	2025-12-10T21:33:27.9682645Z Deleting the contents of '/home/runner/work/OpenWatt/OpenWatt'
Lint Python Code	UNKNOWN STEP	2025-12-10T21:33:27.9685694Z ##[group]Initializing the repository
Lint Python Code	UNKNOWN STEP	2025-12-10T21:33:27.9689599Z [command]/usr/bin/git init /home/runner/work/OpenWatt/OpenWatt
Lint Python Code	UNKNOWN STEP	2025-12-10T21:33:28.0615138Z hint: Using 'master' as the name for the initial branch. This default branch name
Lint Python Code	UNKNOWN STEP	2025-12-10T21:33:28.0617033Z hint: will change to "main" in Git 3.0. To configure the initial branch name
Lint Python Code	UNKNOWN STEP	2025-12-10T21:33:28.0618870Z hint: to use in all of your new repositories, which will suppress this warning,
Lint Python Code	UNKNOWN STEP	2025-12-10T21:33:28.0620376Z hint: call:
Lint Python Code	UNKNOWN STEP	2025-12-10T21:33:28.0620760Z hint:
Lint Python Code	UNKNOWN STEP	2025-12-10T21:33:28.0621348Z hint: 	git config --global init.defaultBranch <name>
Lint Python Code	UNKNOWN STEP	2025-12-10T21:33:28.0622254Z hint:
Lint Python Code	UNKNOWN STEP	2025-12-10T21:33:28.0623043Z hint: Names commonly chosen instead of 'master' are 'main', 'trunk' and
Lint Python Code	UNKNOWN STEP	2025-12-10T21:33:28.0624688Z hint: 'development'. The just-created branch can be renamed via this command:
Lint Python Code	UNKNOWN STEP	2025-12-10T21:33:28.0626024Z hint:
Lint Python Code	UNKNOWN STEP	2025-12-10T21:33:28.0626508Z hint: 	git branch -m <name>
Lint Python Code	UNKNOWN STEP	2025-12-10T21:33:28.0627171Z hint:
Lint Python Code	UNKNOWN STEP	2025-12-10T21:33:28.0628217Z hint: Disable this message with "git config set advice.defaultBranchName false"
Lint Python Code	UNKNOWN STEP	2025-12-10T21:33:28.0772360Z Initialized empty Git repository in /home/runner/work/OpenWatt/OpenWatt/.git/
Lint Python Code	UNKNOWN STEP	2025-12-10T21:33:28.0786088Z [command]/usr/bin/git remote add origin https://github.com/rodjac-lab/OpenWatt
Lint Python Code	UNKNOWN STEP	2025-12-10T21:33:28.0936982Z ##[endgroup]
Lint Python Code	UNKNOWN STEP	2025-12-10T21:33:28.0939206Z ##[group]Disabling automatic garbage collection
Lint Python Code	UNKNOWN STEP	2025-12-10T21:33:28.0941204Z [command]/usr/bin/git config --local gc.auto 0
Lint Python Code	UNKNOWN STEP	2025-12-10T21:33:28.0971080Z ##[endgroup]
Lint Python Code	UNKNOWN STEP	2025-12-10T21:33:28.0972622Z ##[group]Setting up auth
Lint Python Code	UNKNOWN STEP	2025-12-10T21:33:28.0979139Z [command]/usr/bin/git config --local --name-only --get-regexp core\.sshCommand
Lint Python Code	UNKNOWN STEP	2025-12-10T21:33:28.1011533Z [command]/usr/bin/git submodule foreach --recursive sh -c "git config --local --name-only --get-regexp 'core\.sshCommand' && git config --local --unset-all 'core.sshCommand' || :"
Lint Python Code	UNKNOWN STEP	2025-12-10T21:33:28.3810369Z [command]/usr/bin/git config --local --name-only --get-regexp http\.https\:\/\/github\.com\/\.extraheader
Lint Python Code	UNKNOWN STEP	2025-12-10T21:33:28.3846696Z [command]/usr/bin/git submodule foreach --recursive sh -c "git config --local --name-only --get-regexp 'http\.https\:\/\/github\.com\/\.extraheader' && git config --local --unset-all 'http.https://github.com/.extraheader' || :"
Lint Python Code	UNKNOWN STEP	2025-12-10T21:33:28.4087787Z [command]/usr/bin/git config --local --name-only --get-regexp ^includeIf\.gitdir:
Lint Python Code	UNKNOWN STEP	2025-12-10T21:33:28.4137654Z [command]/usr/bin/git submodule foreach --recursive git config --local --show-origin --name-only --get-regexp remote.origin.url
Lint Python Code	UNKNOWN STEP	2025-12-10T21:33:28.4363691Z [command]/usr/bin/git config --local http.https://github.com/.extraheader AUTHORIZATION: basic ***
Lint Python Code	UNKNOWN STEP	2025-12-10T21:33:28.4396185Z ##[endgroup]
Lint Python Code	UNKNOWN STEP	2025-12-10T21:33:28.4397756Z ##[group]Fetching the repository
Lint Python Code	UNKNOWN STEP	2025-12-10T21:33:28.4407572Z [command]/usr/bin/git -c protocol.version=2 fetch --no-tags --prune --no-recurse-submodules --depth=1 origin +c800eaf04d48a63e38c3f29a7dd53709a0c1fef9:refs/remotes/origin/main
Lint Python Code	UNKNOWN STEP	2025-12-10T21:33:29.1249426Z From https://github.com/rodjac-lab/OpenWatt
Lint Python Code	UNKNOWN STEP	2025-12-10T21:33:29.1253006Z  * [new ref]         c800eaf04d48a63e38c3f29a7dd53709a0c1fef9 -> origin/main
Lint Python Code	UNKNOWN STEP	2025-12-10T21:33:29.1359330Z ##[endgroup]
Lint Python Code	UNKNOWN STEP	2025-12-10T21:33:29.1360802Z ##[group]Determining the checkout info
Lint Python Code	UNKNOWN STEP	2025-12-10T21:33:29.1362613Z ##[endgroup]
Lint Python Code	UNKNOWN STEP	2025-12-10T21:33:29.1368239Z [command]/usr/bin/git sparse-checkout disable
Lint Python Code	UNKNOWN STEP	2025-12-10T21:33:29.1509665Z [command]/usr/bin/git config --local --unset-all extensions.worktreeConfig
Lint Python Code	UNKNOWN STEP	2025-12-10T21:33:29.1537589Z ##[group]Checking out the ref
Lint Python Code	UNKNOWN STEP	2025-12-10T21:33:29.1543525Z [command]/usr/bin/git checkout --progress --force -B main refs/remotes/origin/main
Lint Python Code	UNKNOWN STEP	2025-12-10T21:33:29.1856412Z Switched to a new branch 'main'
Lint Python Code	UNKNOWN STEP	2025-12-10T21:33:29.1858653Z branch 'main' set up to track 'origin/main'.
Lint Python Code	UNKNOWN STEP	2025-12-10T21:33:29.1868529Z ##[endgroup]
Lint Python Code	UNKNOWN STEP	2025-12-10T21:33:29.1909784Z [command]/usr/bin/git log -1 --format=%H
Lint Python Code	UNKNOWN STEP	2025-12-10T21:33:29.1933404Z c800eaf04d48a63e38c3f29a7dd53709a0c1fef9
Lint Python Code	UNKNOWN STEP	2025-12-10T21:33:29.2212323Z ##[group]Run actions/setup-python@v5
Lint Python Code	UNKNOWN STEP	2025-12-10T21:33:29.2213045Z with:
Lint Python Code	UNKNOWN STEP	2025-12-10T21:33:29.2213462Z   python-version: 3.11
Lint Python Code	UNKNOWN STEP	2025-12-10T21:33:29.2213995Z   check-latest: false
Lint Python Code	UNKNOWN STEP	2025-12-10T21:33:29.2214754Z   token: ***
Lint Python Code	UNKNOWN STEP	2025-12-10T21:33:29.2215217Z   update-environment: true
Lint Python Code	UNKNOWN STEP	2025-12-10T21:33:29.2215836Z   allow-prereleases: false
Lint Python Code	UNKNOWN STEP	2025-12-10T21:33:29.2216436Z   freethreaded: false
Lint Python Code	UNKNOWN STEP	2025-12-10T21:33:29.2216922Z ##[endgroup]
Lint Python Code	UNKNOWN STEP	2025-12-10T21:33:29.3866883Z ##[group]Installed versions
Lint Python Code	UNKNOWN STEP	2025-12-10T21:33:29.4603941Z Successfully set up CPython (3.11.14)
Lint Python Code	UNKNOWN STEP	2025-12-10T21:33:29.4605765Z ##[endgroup]
Lint Python Code	UNKNOWN STEP	2025-12-10T21:33:29.5302852Z ##[group]Run actions/cache@v4
Lint Python Code	UNKNOWN STEP	2025-12-10T21:33:29.5303480Z with:
Lint Python Code	UNKNOWN STEP	2025-12-10T21:33:29.5303868Z   path: ~/.cache/pip
Lint Python Code	UNKNOWN STEP	2025-12-10T21:33:29.5304886Z   key: Linux-pip-060b83a6276c232333b594152eba8a820136aab58080965e159a75003c74f3b0
Lint Python Code	UNKNOWN STEP	2025-12-10T21:33:29.5306135Z   restore-keys: Linux-pip-
Lint Python Code	UNKNOWN STEP	
Lint Python Code	UNKNOWN STEP	2025-12-10T21:33:29.5306759Z   enableCrossOsArchive: false
Lint Python Code	UNKNOWN STEP	2025-12-10T21:33:29.5307383Z   fail-on-cache-miss: false
Lint Python Code	UNKNOWN STEP	2025-12-10T21:33:29.5307957Z   lookup-only: false
Lint Python Code	UNKNOWN STEP	2025-12-10T21:33:29.5308827Z   save-always: false
Lint Python Code	UNKNOWN STEP	2025-12-10T21:33:29.5309293Z env:
Lint Python Code	UNKNOWN STEP	2025-12-10T21:33:29.5309892Z   pythonLocation: /opt/hostedtoolcache/Python/3.11.14/x64
Lint Python Code	UNKNOWN STEP	2025-12-10T21:33:29.5311167Z   PKG_CONFIG_PATH: /opt/hostedtoolcache/Python/3.11.14/x64/lib/pkgconfig
Lint Python Code	UNKNOWN STEP	2025-12-10T21:33:29.5312436Z   Python_ROOT_DIR: /opt/hostedtoolcache/Python/3.11.14/x64
Lint Python Code	UNKNOWN STEP	2025-12-10T21:33:29.5313534Z   Python2_ROOT_DIR: /opt/hostedtoolcache/Python/3.11.14/x64
Lint Python Code	UNKNOWN STEP	2025-12-10T21:33:29.5314665Z   Python3_ROOT_DIR: /opt/hostedtoolcache/Python/3.11.14/x64
Lint Python Code	UNKNOWN STEP	2025-12-10T21:33:29.5315836Z   LD_LIBRARY_PATH: /opt/hostedtoolcache/Python/3.11.14/x64/lib
Lint Python Code	UNKNOWN STEP	2025-12-10T21:33:29.5316723Z ##[endgroup]
Lint Python Code	UNKNOWN STEP	2025-12-10T21:33:30.0305093Z Cache hit for: Linux-pip-060b83a6276c232333b594152eba8a820136aab58080965e159a75003c74f3b0
Lint Python Code	UNKNOWN STEP	2025-12-10T21:33:31.3338645Z Received 4194304 of 77136459 (5.4%), 4.0 MBs/sec
Lint Python Code	UNKNOWN STEP	2025-12-10T21:33:32.0412983Z Received 77136459 of 77136459 (100.0%), 43.1 MBs/sec
Lint Python Code	UNKNOWN STEP	2025-12-10T21:33:32.0415683Z Cache Size: ~74 MB (77136459 B)
Lint Python Code	UNKNOWN STEP	2025-12-10T21:33:32.0455719Z [command]/usr/bin/tar -xf /home/runner/work/_temp/d7b4f475-0b3b-4737-b7c4-328a3f7efe9e/cache.tzst -P -C /home/runner/work/OpenWatt/OpenWatt --use-compress-program unzstd
Lint Python Code	UNKNOWN STEP	2025-12-10T21:33:32.2157542Z Cache restored successfully
Lint Python Code	UNKNOWN STEP	2025-12-10T21:33:32.2394613Z Cache restored from key: Linux-pip-060b83a6276c232333b594152eba8a820136aab58080965e159a75003c74f3b0
Lint Python Code	UNKNOWN STEP	2025-12-10T21:33:32.2572346Z ##[group]Run python -m pip install --upgrade pip
Lint Python Code	UNKNOWN STEP	2025-12-10T21:33:32.2573025Z [36;1mpython -m pip install --upgrade pip[0m
Lint Python Code	UNKNOWN STEP	2025-12-10T21:33:32.2573657Z [36;1mpip install black flake8 mypy pytest pytest-cov[0m
Lint Python Code	UNKNOWN STEP	2025-12-10T21:33:32.2574227Z [36;1mpip install -r requirements.txt[0m
Lint Python Code	UNKNOWN STEP	2025-12-10T21:33:32.2612670Z shell: /usr/bin/bash -e {0}
Lint Python Code	UNKNOWN STEP	2025-12-10T21:33:32.2612909Z env:
Lint Python Code	UNKNOWN STEP	2025-12-10T21:33:32.2613153Z   pythonLocation: /opt/hostedtoolcache/Python/3.11.14/x64
Lint Python Code	UNKNOWN STEP	2025-12-10T21:33:32.2613565Z   PKG_CONFIG_PATH: /opt/hostedtoolcache/Python/3.11.14/x64/lib/pkgconfig
Lint Python Code	UNKNOWN STEP	2025-12-10T21:33:32.2613952Z   Python_ROOT_DIR: /opt/hostedtoolcache/Python/3.11.14/x64
Lint Python Code	UNKNOWN STEP	2025-12-10T21:33:32.2614293Z   Python2_ROOT_DIR: /opt/hostedtoolcache/Python/3.11.14/x64
Lint Python Code	UNKNOWN STEP	2025-12-10T21:33:32.2614644Z   Python3_ROOT_DIR: /opt/hostedtoolcache/Python/3.11.14/x64
Lint Python Code	UNKNOWN STEP	2025-12-10T21:33:32.2615007Z   LD_LIBRARY_PATH: /opt/hostedtoolcache/Python/3.11.14/x64/lib
Lint Python Code	UNKNOWN STEP	2025-12-10T21:33:32.2615289Z ##[endgroup]
Lint Python Code	UNKNOWN STEP	2025-12-10T21:33:43.1675086Z Requirement already satisfied: pip in /opt/hostedtoolcache/Python/3.11.14/x64/lib/python3.11/site-packages (25.3)
Lint Python Code	UNKNOWN STEP	2025-12-10T21:33:44.2610470Z Collecting black
Lint Python Code	UNKNOWN STEP	2025-12-10T21:33:44.3171112Z   Downloading black-25.12.0-cp311-cp311-manylinux2014_x86_64.manylinux_2_17_x86_64.manylinux_2_28_x86_64.whl.metadata (86 kB)
Lint Python Code	UNKNOWN STEP	2025-12-10T21:33:44.3683283Z Collecting flake8
Lint Python Code	UNKNOWN STEP	2025-12-10T21:33:44.3698484Z   Using cached flake8-7.3.0-py2.py3-none-any.whl.metadata (3.8 kB)
Lint Python Code	UNKNOWN STEP	2025-12-10T21:33:44.4725883Z Collecting mypy
Lint Python Code	UNKNOWN STEP	2025-12-10T21:33:44.4742267Z   Using cached mypy-1.19.0-cp311-cp311-manylinux2014_x86_64.manylinux_2_17_x86_64.manylinux_2_28_x86_64.whl.metadata (2.2 kB)
Lint Python Code	UNKNOWN STEP	2025-12-10T21:33:44.5075930Z Collecting pytest
Lint Python Code	UNKNOWN STEP	2025-12-10T21:33:44.5091393Z   Using cached pytest-9.0.2-py3-none-any.whl.metadata (7.6 kB)
Lint Python Code	UNKNOWN STEP	2025-12-10T21:33:44.5235688Z Collecting pytest-cov
Lint Python Code	UNKNOWN STEP	2025-12-10T21:33:44.5249248Z   Using cached pytest_cov-7.0.0-py3-none-any.whl.metadata (31 kB)
Lint Python Code	UNKNOWN STEP	2025-12-10T21:33:44.5414575Z Collecting click>=8.0.0 (from black)
Lint Python Code	UNKNOWN STEP	2025-12-10T21:33:44.5428824Z   Using cached click-8.3.1-py3-none-any.whl.metadata (2.6 kB)
Lint Python Code	UNKNOWN STEP	2025-12-10T21:33:44.5512133Z Collecting mypy-extensions>=0.4.3 (from black)
Lint Python Code	UNKNOWN STEP	2025-12-10T21:33:44.5525436Z   Using cached mypy_extensions-1.1.0-py3-none-any.whl.metadata (1.1 kB)
Lint Python Code	UNKNOWN STEP	2025-12-10T21:33:44.5651098Z Collecting packaging>=22.0 (from black)
Lint Python Code	UNKNOWN STEP	2025-12-10T21:33:44.5664493Z   Using cached packaging-25.0-py3-none-any.whl.metadata (3.3 kB)
Lint Python Code	UNKNOWN STEP	2025-12-10T21:33:44.5765471Z Collecting pathspec>=0.9.0 (from black)
Lint Python Code	UNKNOWN STEP	2025-12-10T21:33:44.5778613Z   Using cached pathspec-0.12.1-py3-none-any.whl.metadata (21 kB)
Lint Python Code	UNKNOWN STEP	2025-12-10T21:33:44.5946285Z Collecting platformdirs>=2 (from black)
Lint Python Code	UNKNOWN STEP	2025-12-10T21:33:44.5959820Z   Using cached platformdirs-4.5.1-py3-none-any.whl.metadata (12 kB)
Lint Python Code	UNKNOWN STEP	2025-12-10T21:33:44.6059451Z Collecting pytokens>=0.3.0 (from black)
Lint Python Code	UNKNOWN STEP	2025-12-10T21:33:44.6073106Z   Using cached pytokens-0.3.0-py3-none-any.whl.metadata (2.0 kB)
Lint Python Code	UNKNOWN STEP	2025-12-10T21:33:44.6166899Z Collecting mccabe<0.8.0,>=0.7.0 (from flake8)
Lint Python Code	UNKNOWN STEP	2025-12-10T21:33:44.6180342Z   Using cached mccabe-0.7.0-py2.py3-none-any.whl.metadata (5.0 kB)
Lint Python Code	UNKNOWN STEP	2025-12-10T21:33:44.6278673Z Collecting pycodestyle<2.15.0,>=2.14.0 (from flake8)
Lint Python Code	UNKNOWN STEP	2025-12-10T21:33:44.6292112Z   Using cached pycodestyle-2.14.0-py2.py3-none-any.whl.metadata (4.5 kB)
Lint Python Code	UNKNOWN STEP	2025-12-10T21:33:44.6413736Z Collecting pyflakes<3.5.0,>=3.4.0 (from flake8)
Lint Python Code	UNKNOWN STEP	2025-12-10T21:33:44.6426935Z   Using cached pyflakes-3.4.0-py2.py3-none-any.whl.metadata (3.5 kB)
Lint Python Code	UNKNOWN STEP	2025-12-10T21:33:44.6636323Z Collecting typing_extensions>=4.6.0 (from mypy)
Lint Python Code	UNKNOWN STEP	2025-12-10T21:33:44.6649616Z   Using cached typing_extensions-4.15.0-py3-none-any.whl.metadata (3.3 kB)
Lint Python Code	UNKNOWN STEP	2025-12-10T21:33:44.7324770Z Collecting librt>=0.6.2 (from mypy)
Lint Python Code	UNKNOWN STEP	2025-12-10T21:33:44.7338776Z   Using cached librt-0.7.3-cp311-cp311-manylinux2014_x86_64.manylinux_2_17_x86_64.manylinux_2_28_x86_64.whl.metadata (1.3 kB)
Lint Python Code	UNKNOWN STEP	2025-12-10T21:33:44.7418871Z Collecting iniconfig>=1.0.1 (from pytest)
Lint Python Code	UNKNOWN STEP	2025-12-10T21:33:44.7432157Z   Using cached iniconfig-2.3.0-py3-none-any.whl.metadata (2.5 kB)
Lint Python Code	UNKNOWN STEP	2025-12-10T21:33:44.7528022Z Collecting pluggy<2,>=1.5 (from pytest)
Lint Python Code	UNKNOWN STEP	2025-12-10T21:33:44.7541209Z   Using cached pluggy-1.6.0-py3-none-any.whl.metadata (4.8 kB)
Lint Python Code	UNKNOWN STEP	2025-12-10T21:33:44.7752335Z Collecting pygments>=2.7.2 (from pytest)
Lint Python Code	UNKNOWN STEP	2025-12-10T21:33:44.7765430Z   Using cached pygments-2.19.2-py3-none-any.whl.metadata (2.5 kB)
Lint Python Code	UNKNOWN STEP	2025-12-10T21:33:45.1207535Z Collecting coverage>=7.10.6 (from coverage[toml]>=7.10.6->pytest-cov)
Lint Python Code	UNKNOWN STEP	2025-12-10T21:33:45.1222791Z   Using cached coverage-7.13.0-cp311-cp311-manylinux1_x86_64.manylinux_2_28_x86_64.manylinux_2_5_x86_64.whl.metadata (8.5 kB)
Lint Python Code	UNKNOWN STEP	2025-12-10T21:33:45.1455160Z Downloading black-25.12.0-cp311-cp311-manylinux2014_x86_64.manylinux_2_17_x86_64.manylinux_2_28_x86_64.whl (1.8 MB)
Lint Python Code	UNKNOWN STEP	2025-12-10T21:33:45.1680060Z    ÔöüÔöüÔöüÔöüÔöüÔöüÔöüÔöüÔöüÔöüÔöüÔöüÔöüÔöüÔöüÔöüÔöüÔöüÔöüÔöüÔöüÔöüÔöüÔöüÔöüÔöüÔöüÔöüÔöüÔöüÔöüÔöüÔöüÔöüÔöüÔöüÔöüÔöüÔöüÔöü 1.8/1.8 MB 115.6 MB/s  0:00:00
Lint Python Code	UNKNOWN STEP	2025-12-10T21:33:45.1694029Z Using cached flake8-7.3.0-py2.py3-none-any.whl (57 kB)
Lint Python Code	UNKNOWN STEP	2025-12-10T21:33:45.1707505Z Using cached mccabe-0.7.0-py2.py3-none-any.whl (7.3 kB)
Lint Python Code	UNKNOWN STEP	2025-12-10T21:33:45.1720620Z Using cached pycodestyle-2.14.0-py2.py3-none-any.whl (31 kB)
Lint Python Code	UNKNOWN STEP	2025-12-10T21:33:45.1733585Z Using cached pyflakes-3.4.0-py2.py3-none-any.whl (63 kB)
Lint Python Code	UNKNOWN STEP	2025-12-10T21:33:45.1747090Z Using cached mypy-1.19.0-cp311-cp311-manylinux2014_x86_64.manylinux_2_17_x86_64.manylinux_2_28_x86_64.whl (13.4 MB)
Lint Python Code	UNKNOWN STEP	2025-12-10T21:33:45.1860469Z Using cached pytest-9.0.2-py3-none-any.whl (374 kB)
Lint Python Code	UNKNOWN STEP	2025-12-10T21:33:45.1875792Z Using cached pluggy-1.6.0-py3-none-any.whl (20 kB)
Lint Python Code	UNKNOWN STEP	2025-12-10T21:33:45.1888858Z Using cached pytest_cov-7.0.0-py3-none-any.whl (22 kB)
Lint Python Code	UNKNOWN STEP	2025-12-10T21:33:45.1901980Z Using cached click-8.3.1-py3-none-any.whl (108 kB)
Lint Python Code	UNKNOWN STEP	2025-12-10T21:33:45.1915669Z Using cached coverage-7.13.0-cp311-cp311-manylinux1_x86_64.manylinux_2_28_x86_64.manylinux_2_5_x86_64.whl (250 kB)
Lint Python Code	UNKNOWN STEP	2025-12-10T21:33:45.1930077Z Using cached iniconfig-2.3.0-py3-none-any.whl (7.5 kB)
Lint Python Code	UNKNOWN STEP	2025-12-10T21:33:45.1943450Z Using cached librt-0.7.3-cp311-cp311-manylinux2014_x86_64.manylinux_2_17_x86_64.manylinux_2_28_x86_64.whl (184 kB)
Lint Python Code	UNKNOWN STEP	2025-12-10T21:33:45.1957217Z Using cached mypy_extensions-1.1.0-py3-none-any.whl (5.0 kB)
Lint Python Code	UNKNOWN STEP	2025-12-10T21:33:45.1970358Z Using cached packaging-25.0-py3-none-any.whl (66 kB)
Lint Python Code	UNKNOWN STEP	2025-12-10T21:33:45.1983681Z Using cached pathspec-0.12.1-py3-none-any.whl (31 kB)
Lint Python Code	UNKNOWN STEP	2025-12-10T21:33:45.1996386Z Using cached platformdirs-4.5.1-py3-none-any.whl (18 kB)
Lint Python Code	UNKNOWN STEP	2025-12-10T21:33:45.2008894Z Using cached pygments-2.19.2-py3-none-any.whl (1.2 MB)
Lint Python Code	UNKNOWN STEP	2025-12-10T21:33:45.2030017Z Using cached pytokens-0.3.0-py3-none-any.whl (12 kB)
Lint Python Code	UNKNOWN STEP	2025-12-10T21:33:45.2042421Z Using cached typing_extensions-4.15.0-py3-none-any.whl (44 kB)
Lint Python Code	UNKNOWN STEP	2025-12-10T21:33:45.2918902Z Installing collected packages: typing_extensions, pytokens, pygments, pyflakes, pycodestyle, pluggy, platformdirs, pathspec, packaging, mypy-extensions, mccabe, librt, iniconfig, coverage, click, pytest, mypy, flake8, black, pytest-cov
Lint Python Code	UNKNOWN STEP	2025-12-10T21:33:48.0778964Z 
Lint Python Code	UNKNOWN STEP	2025-12-10T21:33:48.0796503Z Successfully installed black-25.12.0 click-8.3.1 coverage-7.13.0 flake8-7.3.0 iniconfig-2.3.0 librt-0.7.3 mccabe-0.7.0 mypy-1.19.0 mypy-extensions-1.1.0 packaging-25.0 pathspec-0.12.1 platformdirs-4.5.1 pluggy-1.6.0 pycodestyle-2.14.0 pyflakes-3.4.0 pygments-2.19.2 pytest-9.0.2 pytest-cov-7.0.0 pytokens-0.3.0 typing_extensions-4.15.0
Lint Python Code	UNKNOWN STEP	2025-12-10T21:33:49.0548964Z Collecting fastapi<0.116,>=0.115 (from -r requirements.txt (line 1))
Lint Python Code	UNKNOWN STEP	2025-12-10T21:33:49.0563519Z   Using cached fastapi-0.115.14-py3-none-any.whl.metadata (27 kB)
Lint Python Code	UNKNOWN STEP	2025-12-10T21:33:49.0965389Z Collecting uvicorn<0.31,>=0.30 (from uvicorn[standard]<0.31,>=0.30->-r requirements.txt (line 2))
Lint Python Code	UNKNOWN STEP	2025-12-10T21:33:49.0979165Z   Using cached uvicorn-0.30.6-py3-none-any.whl.metadata (6.6 kB)
Lint Python Code	UNKNOWN STEP	2025-12-10T21:33:49.1148900Z Collecting httpx<0.28,>=0.27 (from -r requirements.txt (line 3))
Lint Python Code	UNKNOWN STEP	2025-12-10T21:33:49.1161803Z   Using cached httpx-0.27.2-py3-none-any.whl.metadata (7.1 kB)
Lint Python Code	UNKNOWN STEP	2025-12-10T21:33:49.1274500Z Collecting python-multipart<0.1,>=0.0.9 (from -r requirements.txt (line 4))
Lint Python Code	UNKNOWN STEP	2025-12-10T21:33:49.1288741Z   Using cached python_multipart-0.0.20-py3-none-any.whl.metadata (1.8 kB)
Lint Python Code	UNKNOWN STEP	2025-12-10T21:33:49.2345406Z Collecting pydantic<3.0,>=2.8 (from -r requirements.txt (line 5))
Lint Python Code	UNKNOWN STEP	2025-12-10T21:33:49.2358714Z   Using cached pydantic-2.12.5-py3-none-any.whl.metadata (90 kB)
Lint Python Code	UNKNOWN STEP	2025-12-10T21:33:49.2510548Z Collecting pydantic-settings<3.0,>=2.8 (from -r requirements.txt (line 6))
Lint Python Code	UNKNOWN STEP	2025-12-10T21:33:49.2523270Z   Using cached pydantic_settings-2.12.0-py3-none-any.whl.metadata (3.4 kB)
Lint Python Code	UNKNOWN STEP	2025-12-10T21:33:49.2672465Z Collecting python-dotenv<2.0,>=1.0 (from -r requirements.txt (line 7))
Lint Python Code	UNKNOWN STEP	2025-12-10T21:33:49.2685413Z   Using cached python_dotenv-1.2.1-py3-none-any.whl.metadata (25 kB)
Lint Python Code	UNKNOWN STEP	2025-12-10T21:33:49.3014194Z Collecting pytest<8.0,>=7.4 (from -r requirements.txt (line 8))
Lint Python Code	UNKNOWN STEP	2025-12-10T21:33:49.3027076Z   Using cached pytest-7.4.4-py3-none-any.whl.metadata (7.9 kB)
Lint Python Code	UNKNOWN STEP	2025-12-10T21:33:49.3172133Z Collecting pytest-cov<5.0,>=4.1 (from -r requirements.txt (line 9))
Lint Python Code	UNKNOWN STEP	2025-12-10T21:33:49.3184575Z   Using cached pytest_cov-4.1.0-py3-none-any.whl.metadata (26 kB)
Lint Python Code	UNKNOWN STEP	2025-12-10T21:33:49.3373332Z Collecting pytest-asyncio<1.0,>=0.21 (from -r requirements.txt (line 10))
Lint Python Code	UNKNOWN STEP	2025-12-10T21:33:49.3385726Z   Using cached pytest_asyncio-0.26.0-py3-none-any.whl.metadata (4.0 kB)
Lint Python Code	UNKNOWN STEP	2025-12-10T21:33:49.3612941Z Collecting jsonschema<5.0,>=4.21 (from -r requirements.txt (line 11))
Lint Python Code	UNKNOWN STEP	2025-12-10T21:33:49.3625431Z   Using cached jsonschema-4.25.1-py3-none-any.whl.metadata (7.6 kB)
Lint Python Code	UNKNOWN STEP	2025-12-10T21:33:49.6216780Z Collecting SQLAlchemy<2.1,>=2.0 (from -r requirements.txt (line 12))
Lint Python Code	UNKNOWN STEP	2025-12-10T21:33:49.6231629Z   Using cached sqlalchemy-2.0.45-cp311-cp311-manylinux2014_x86_64.manylinux_2_17_x86_64.manylinux_2_28_x86_64.whl.metadata (9.5 kB)
Lint Python Code	UNKNOWN STEP	2025-12-10T21:33:49.6686860Z Collecting asyncpg<0.30,>=0.29 (from -r requirements.txt (line 13))
Lint Python Code	UNKNOWN STEP	2025-12-10T21:33:49.6700847Z   Using cached asyncpg-0.29.0-cp311-cp311-manylinux_2_17_x86_64.manylinux2014_x86_64.whl.metadata (4.4 kB)
Lint Python Code	UNKNOWN STEP	2025-12-10T21:33:49.6907223Z Collecting alembic<2.0,>=1.13 (from -r requirements.txt (line 14))
Lint Python Code	UNKNOWN STEP	2025-12-10T21:33:49.6920803Z   Using cached alembic-1.17.2-py3-none-any.whl.metadata (7.2 kB)
Lint Python Code	UNKNOWN STEP	2025-12-10T21:33:49.7020909Z Collecting aiosqlite<0.21,>=0.20 (from -r requirements.txt (line 15))
Lint Python Code	UNKNOWN STEP	2025-12-10T21:33:49.7033991Z   Using cached aiosqlite-0.20.0-py3-none-any.whl.metadata (4.3 kB)
Lint Python Code	UNKNOWN STEP	2025-12-10T21:33:49.7375405Z Collecting PyYAML<7.0,>=6.0 (from -r requirements.txt (line 16))
Lint Python Code	UNKNOWN STEP	2025-12-10T21:33:49.7389225Z   Using cached pyyaml-6.0.3-cp311-cp311-manylinux2014_x86_64.manylinux_2_17_x86_64.manylinux_2_28_x86_64.whl.metadata (2.4 kB)
Lint Python Code	UNKNOWN STEP	2025-12-10T21:33:49.7549036Z Collecting beautifulsoup4<5.0,>=4.12 (from -r requirements.txt (line 17))
Lint Python Code	UNKNOWN STEP	2025-12-10T21:33:49.7562273Z   Using cached beautifulsoup4-4.14.3-py3-none-any.whl.metadata (3.8 kB)
Lint Python Code	UNKNOWN STEP	2025-12-10T21:33:49.7775523Z Collecting requests<3.0,>=2.31 (from -r requirements.txt (line 18))
Lint Python Code	UNKNOWN STEP	2025-12-10T21:33:49.7788791Z   Using cached requests-2.32.5-py3-none-any.whl.metadata (4.9 kB)
Lint Python Code	UNKNOWN STEP	2025-12-10T21:33:49.7940792Z Collecting pdfplumber<0.12,>=0.11 (from -r requirements.txt (line 19))
Lint Python Code	UNKNOWN STEP	2025-12-10T21:33:49.7953877Z   Using cached pdfplumber-0.11.8-py3-none-any.whl.metadata (43 kB)
Lint Python Code	UNKNOWN STEP	2025-12-10T21:33:49.8419844Z Collecting black<25.0,>=24.0 (from -r requirements.txt (line 20))
Lint Python Code	UNKNOWN STEP	2025-12-10T21:33:49.8436214Z   Using cached black-24.10.0-cp311-cp311-manylinux_2_17_x86_64.manylinux2014_x86_64.manylinux_2_28_x86_64.whl.metadata (79 kB)
Lint Python Code	UNKNOWN STEP	2025-12-10T21:33:49.8509546Z Requirement already satisfied: flake8<8.0,>=7.0 in /opt/hostedtoolcache/Python/3.11.14/x64/lib/python3.11/site-packages (from -r requirements.txt (line 21)) (7.3.0)
Lint Python Code	UNKNOWN STEP	2025-12-10T21:33:49.8515066Z Requirement already satisfied: mypy<2.0,>=1.9 in /opt/hostedtoolcache/Python/3.11.14/x64/lib/python3.11/site-packages (from -r requirements.txt (line 22)) (1.19.0)
Lint Python Code	UNKNOWN STEP	2025-12-10T21:33:49.8678009Z Collecting types-PyYAML<7.0,>=6.0 (from -r requirements.txt (line 23))
Lint Python Code	UNKNOWN STEP	2025-12-10T21:33:49.8691332Z   Using cached types_pyyaml-6.0.12.20250915-py3-none-any.whl.metadata (1.7 kB)
Lint Python Code	UNKNOWN STEP	2025-12-10T21:33:49.8942871Z Collecting types-requests<3.0,>=2.31 (from -r requirements.txt (line 24))
Lint Python Code	UNKNOWN STEP	2025-12-10T21:33:49.8955725Z   Using cached types_requests-2.32.4.20250913-py3-none-any.whl.metadata (2.0 kB)
Lint Python Code	UNKNOWN STEP	2025-12-10T21:33:49.9293579Z Collecting pre-commit<4.0,>=3.6 (from -r requirements.txt (line 25))
Lint Python Code	UNKNOWN STEP	2025-12-10T21:33:49.9306416Z   Using cached pre_commit-3.8.0-py2.py3-none-any.whl.metadata (1.3 kB)
Lint Python Code	UNKNOWN STEP	2025-12-10T21:33:49.9443997Z Collecting structlog<25.0,>=24.1 (from -r requirements.txt (line 26))
Lint Python Code	UNKNOWN STEP	2025-12-10T21:33:49.9458849Z   Using cached structlog-24.4.0-py3-none-any.whl.metadata (7.3 kB)
Lint Python Code	UNKNOWN STEP	2025-12-10T21:33:49.9596111Z Collecting python-json-logger<3.0,>=2.0 (from -r requirements.txt (line 27))
Lint Python Code	UNKNOWN STEP	2025-12-10T21:33:49.9608556Z   Using cached python_json_logger-2.0.7-py3-none-any.whl.metadata (6.5 kB)
Lint Python Code	UNKNOWN STEP	2025-12-10T21:33:49.9774205Z Collecting tenacity<9.0,>=8.2 (from -r requirements.txt (line 28))
Lint Python Code	UNKNOWN STEP	2025-12-10T21:33:49.9786604Z   Using cached tenacity-8.5.0-py3-none-any.whl.metadata (1.2 kB)
Lint Python Code	UNKNOWN STEP	2025-12-10T21:33:50.0281805Z Collecting sentry-sdk<2.0,>=1.40 (from sentry-sdk[fastapi]<2.0,>=1.40->-r requirements.txt (line 29))
Lint Python Code	UNKNOWN STEP	2025-12-10T21:33:50.0294225Z   Using cached sentry_sdk-1.45.1-py2.py3-none-any.whl.metadata (9.9 kB)
Lint Python Code	UNKNOWN STEP	2025-12-10T21:33:50.0547773Z Collecting prometheus-fastapi-instrumentator<7.0,>=6.1 (from -r requirements.txt (line 30))
Lint Python Code	UNKNOWN STEP	2025-12-10T21:33:50.0560664Z   Using cached prometheus_fastapi_instrumentator-6.1.0-py3-none-any.whl.metadata (13 kB)
Lint Python Code	UNKNOWN STEP	2025-12-10T21:33:50.0819622Z Collecting starlette<0.47.0,>=0.40.0 (from fastapi<0.116,>=0.115->-r requirements.txt (line 1))
Lint Python Code	UNKNOWN STEP	2025-12-10T21:33:50.0831906Z   Using cached starlette-0.46.2-py3-none-any.whl.metadata (6.2 kB)
Lint Python Code	UNKNOWN STEP	2025-12-10T21:33:50.1258525Z Requirement already satisfied: typing-extensions>=4.8.0 in /opt/hostedtoolcache/Python/3.11.14/x64/lib/python3.11/site-packages (from fastapi<0.116,>=0.115->-r requirements.txt (line 1)) (4.15.0)
Lint Python Code	UNKNOWN STEP	2025-12-10T21:33:50.1271886Z Requirement already satisfied: click>=7.0 in /opt/hostedtoolcache/Python/3.11.14/x64/lib/python3.11/site-packages (from uvicorn<0.31,>=0.30->uvicorn[standard]<0.31,>=0.30->-r requirements.txt (line 2)) (8.3.1)
Lint Python Code	UNKNOWN STEP	2025-12-10T21:33:50.1346047Z Collecting h11>=0.8 (from uvicorn<0.31,>=0.30->uvicorn[standard]<0.31,>=0.30->-r requirements.txt (line 2))
Lint Python Code	UNKNOWN STEP	2025-12-10T21:33:50.1358461Z   Using cached h11-0.16.0-py3-none-any.whl.metadata (8.3 kB)
Lint Python Code	UNKNOWN STEP	2025-12-10T21:33:50.1524134Z Collecting anyio (from httpx<0.28,>=0.27->-r requirements.txt (line 3))
Lint Python Code	UNKNOWN STEP	2025-12-10T21:33:50.1536656Z   Using cached anyio-4.12.0-py3-none-any.whl.metadata (4.3 kB)
Lint Python Code	UNKNOWN STEP	2025-12-10T21:33:50.1703045Z Collecting certifi (from httpx<0.28,>=0.27->-r requirements.txt (line 3))
Lint Python Code	UNKNOWN STEP	2025-12-10T21:33:50.1715363Z   Using cached certifi-2025.11.12-py3-none-any.whl.metadata (2.5 kB)
Lint Python Code	UNKNOWN STEP	2025-12-10T21:33:50.1890949Z Collecting httpcore==1.* (from httpx<0.28,>=0.27->-r requirements.txt (line 3))
Lint Python Code	UNKNOWN STEP	2025-12-10T21:33:50.1903307Z   Using cached httpcore-1.0.9-py3-none-any.whl.metadata (21 kB)
Lint Python Code	UNKNOWN STEP	2025-12-10T21:33:50.2023363Z Collecting idna (from httpx<0.28,>=0.27->-r requirements.txt (line 3))
Lint Python Code	UNKNOWN STEP	2025-12-10T21:33:50.2035794Z   Using cached idna-3.11-py3-none-any.whl.metadata (8.4 kB)
Lint Python Code	UNKNOWN STEP	2025-12-10T21:33:50.2110293Z Collecting sniffio (from httpx<0.28,>=0.27->-r requirements.txt (line 3))
Lint Python Code	UNKNOWN STEP	2025-12-10T21:33:50.2122766Z   Using cached sniffio-1.3.1-py3-none-any.whl.metadata (3.9 kB)
Lint Python Code	UNKNOWN STEP	2025-12-10T21:33:50.2208927Z Collecting annotated-types>=0.6.0 (from pydantic<3.0,>=2.8->-r requirements.txt (line 5))
Lint Python Code	UNKNOWN STEP	2025-12-10T21:33:50.2221444Z   Using cached annotated_types-0.7.0-py3-none-any.whl.metadata (15 kB)
Lint Python Code	UNKNOWN STEP	2025-12-10T21:33:50.8821197Z Collecting pydantic-core==2.41.5 (from pydantic<3.0,>=2.8->-r requirements.txt (line 5))
Lint Python Code	UNKNOWN STEP	2025-12-10T21:33:50.8836190Z   Using cached pydantic_core-2.41.5-cp311-cp311-manylinux_2_17_x86_64.manylinux2014_x86_64.whl.metadata (7.3 kB)
Lint Python Code	UNKNOWN STEP	2025-12-10T21:33:50.8935498Z Collecting typing-inspection>=0.4.2 (from pydantic<3.0,>=2.8->-r requirements.txt (line 5))
Lint Python Code	UNKNOWN STEP	2025-12-10T21:33:50.8948669Z   Using cached typing_inspection-0.4.2-py3-none-any.whl.metadata (2.6 kB)
Lint Python Code	UNKNOWN STEP	2025-12-10T21:33:50.9427371Z Requirement already satisfied: iniconfig in /opt/hostedtoolcache/Python/3.11.14/x64/lib/python3.11/site-packages (from pytest<8.0,>=7.4->-r requirements.txt (line 8)) (2.3.0)
Lint Python Code	UNKNOWN STEP	2025-12-10T21:33:50.9430731Z Requirement already satisfied: packaging in /opt/hostedtoolcache/Python/3.11.14/x64/lib/python3.11/site-packages (from pytest<8.0,>=7.4->-r requirements.txt (line 8)) (25.0)
Lint Python Code	UNKNOWN STEP	2025-12-10T21:33:50.9435498Z Requirement already satisfied: pluggy<2.0,>=0.12 in /opt/hostedtoolcache/Python/3.11.14/x64/lib/python3.11/site-packages (from pytest<8.0,>=7.4->-r requirements.txt (line 8)) (1.6.0)
Lint Python Code	UNKNOWN STEP	2025-12-10T21:33:50.9561973Z Requirement already satisfied: coverage>=5.2.1 in /opt/hostedtoolcache/Python/3.11.14/x64/lib/python3.11/site-packages (from coverage[toml]>=5.2.1->pytest-cov<5.0,>=4.1->-r requirements.txt (line 9)) (7.13.0)
Lint Python Code	UNKNOWN STEP	2025-12-10T21:33:50.9689686Z INFO: pip is looking at multiple versions of pytest-asyncio to determine which version is compatible with other requirements. This could take a while.
Lint Python Code	UNKNOWN STEP	2025-12-10T21:33:50.9692745Z Collecting pytest-asyncio<1.0,>=0.21 (from -r requirements.txt (line 10))
Lint Python Code	UNKNOWN STEP	2025-12-10T21:33:50.9705579Z   Using cached pytest_asyncio-0.25.3-py3-none-any.whl.metadata (3.9 kB)
Lint Python Code	UNKNOWN STEP	2025-12-10T21:33:50.9735891Z   Using cached pytest_asyncio-0.25.2-py3-none-any.whl.metadata (3.9 kB)
Lint Python Code	UNKNOWN STEP	2025-12-10T21:33:50.9765402Z   Using cached pytest_asyncio-0.25.1-py3-none-any.whl.metadata (3.9 kB)
Lint Python Code	UNKNOWN STEP	2025-12-10T21:33:50.9794905Z   Using cached pytest_asyncio-0.25.0-py3-none-any.whl.metadata (3.9 kB)
Lint Python Code	UNKNOWN STEP	2025-12-10T21:33:50.9824437Z   Using cached pytest_asyncio-0.24.0-py3-none-any.whl.metadata (3.9 kB)
Lint Python Code	UNKNOWN STEP	2025-12-10T21:33:50.9855231Z   Using cached pytest_asyncio-0.23.8-py3-none-any.whl.metadata (3.9 kB)
Lint Python Code	UNKNOWN STEP	2025-12-10T21:33:51.0119877Z Collecting attrs>=22.2.0 (from jsonschema<5.0,>=4.21->-r requirements.txt (line 11))
Lint Python Code	UNKNOWN STEP	2025-12-10T21:33:51.0132662Z   Using cached attrs-25.4.0-py3-none-any.whl.metadata (10 kB)
Lint Python Code	UNKNOWN STEP	2025-12-10T21:33:51.0239502Z Collecting jsonschema-specifications>=2023.03.6 (from jsonschema<5.0,>=4.21->-r requirements.txt (line 11))
Lint Python Code	UNKNOWN STEP	2025-12-10T21:33:51.0252513Z   Using cached jsonschema_specifications-2025.9.1-py3-none-any.whl.metadata (2.9 kB)
Lint Python Code	UNKNOWN STEP	2025-12-10T21:33:51.0473934Z Collecting referencing>=0.28.4 (from jsonschema<5.0,>=4.21->-r requirements.txt (line 11))
Lint Python Code	UNKNOWN STEP	2025-12-10T21:33:51.0486661Z   Using cached referencing-0.37.0-py3-none-any.whl.metadata (2.8 kB)
Lint Python Code	UNKNOWN STEP	2025-12-10T21:33:51.3438168Z Collecting rpds-py>=0.7.1 (from jsonschema<5.0,>=4.21->-r requirements.txt (line 11))
Lint Python Code	UNKNOWN STEP	2025-12-10T21:33:51.3453792Z   Using cached rpds_py-0.30.0-cp311-cp311-manylinux_2_17_x86_64.manylinux2014_x86_64.whl.metadata (4.1 kB)
Lint Python Code	UNKNOWN STEP	2025-12-10T21:33:51.4577250Z Collecting greenlet>=1 (from SQLAlchemy<2.1,>=2.0->-r requirements.txt (line 12))
Lint Python Code	UNKNOWN STEP	2025-12-10T21:33:51.4591076Z   Using cached greenlet-3.3.0-cp311-cp311-manylinux_2_24_x86_64.manylinux_2_28_x86_64.whl.metadata (4.1 kB)
Lint Python Code	UNKNOWN STEP	2025-12-10T21:33:51.4705132Z Collecting async-timeout>=4.0.3 (from asyncpg<0.30,>=0.29->-r requirements.txt (line 13))
Lint Python Code	UNKNOWN STEP	2025-12-10T21:33:51.4718231Z   Using cached async_timeout-5.0.1-py3-none-any.whl.metadata (5.1 kB)
Lint Python Code	UNKNOWN STEP	2025-12-10T21:33:51.5039224Z Collecting Mako (from alembic<2.0,>=1.13->-r requirements.txt (line 14))
Lint Python Code	UNKNOWN STEP	2025-12-10T21:33:51.5052667Z   Using cached mako-1.3.10-py3-none-any.whl.metadata (2.9 kB)
Lint Python Code	UNKNOWN STEP	2025-12-10T21:33:51.5229169Z Collecting soupsieve>=1.6.1 (from beautifulsoup4<5.0,>=4.12->-r requirements.txt (line 17))
Lint Python Code	UNKNOWN STEP	2025-12-10T21:33:51.5241809Z   Using cached soupsieve-2.8-py3-none-any.whl.metadata (4.6 kB)
Lint Python Code	UNKNOWN STEP	2025-12-10T21:33:51.6004042Z Collecting charset_normalizer<4,>=2 (from requests<3.0,>=2.31->-r requirements.txt (line 18))
Lint Python Code	UNKNOWN STEP	2025-12-10T21:33:51.6017615Z   Using cached charset_normalizer-3.4.4-cp311-cp311-manylinux2014_x86_64.manylinux_2_17_x86_64.manylinux_2_28_x86_64.whl.metadata (37 kB)
Lint Python Code	UNKNOWN STEP	2025-12-10T21:33:51.6314858Z Collecting urllib3<3,>=1.21.1 (from requests<3.0,>=2.31->-r requirements.txt (line 18))
Lint Python Code	UNKNOWN STEP	2025-12-10T21:33:51.6327656Z   Using cached urllib3-2.6.1-py3-none-any.whl.metadata (6.6 kB)
Lint Python Code	UNKNOWN STEP	2025-12-10T21:33:51.6501794Z Collecting pdfminer.six==20251107 (from pdfplumber<0.12,>=0.11->-r requirements.txt (line 19))
Lint Python Code	UNKNOWN STEP	2025-12-10T21:33:51.6514519Z   Using cached pdfminer_six-20251107-py3-none-any.whl.metadata (4.2 kB)
Lint Python Code	UNKNOWN STEP	2025-12-10T21:33:51.7993228Z Collecting Pillow>=9.1 (from pdfplumber<0.12,>=0.11->-r requirements.txt (line 19))
Lint Python Code	UNKNOWN STEP	2025-12-10T21:33:51.8007075Z   Using cached pillow-12.0.0-cp311-cp311-manylinux_2_27_x86_64.manylinux_2_28_x86_64.whl.metadata (8.8 kB)
Lint Python Code	UNKNOWN STEP	2025-12-10T21:33:51.9324575Z Collecting pypdfium2>=4.18.0 (from pdfplumber<0.12,>=0.11->-r requirements.txt (line 19))
Lint Python Code	UNKNOWN STEP	2025-12-10T21:33:51.9339343Z   Using cached pypdfium2-5.1.0-py3-none-manylinux_2_17_x86_64.manylinux2014_x86_64.whl.metadata (67 kB)
Lint Python Code	UNKNOWN STEP	2025-12-10T21:33:52.1096063Z Collecting cryptography>=36.0.0 (from pdfminer.six==20251107->pdfplumber<0.12,>=0.11->-r requirements.txt (line 19))
Lint Python Code	UNKNOWN STEP	2025-12-10T21:33:52.1111426Z   Using cached cryptography-46.0.3-cp311-abi3-manylinux_2_34_x86_64.whl.metadata (5.7 kB)
Lint Python Code	UNKNOWN STEP	2025-12-10T21:33:52.1179747Z Requirement already satisfied: mypy-extensions>=0.4.3 in /opt/hostedtoolcache/Python/3.11.14/x64/lib/python3.11/site-packages (from black<25.0,>=24.0->-r requirements.txt (line 20)) (1.1.0)
Lint Python Code	UNKNOWN STEP	2025-12-10T21:33:52.1185108Z Requirement already satisfied: pathspec>=0.9.0 in /opt/hostedtoolcache/Python/3.11.14/x64/lib/python3.11/site-packages (from black<25.0,>=24.0->-r requirements.txt (line 20)) (0.12.1)
Lint Python Code	UNKNOWN STEP	2025-12-10T21:33:52.1189559Z Requirement already satisfied: platformdirs>=2 in /opt/hostedtoolcache/Python/3.11.14/x64/lib/python3.11/site-packages (from black<25.0,>=24.0->-r requirements.txt (line 20)) (4.5.1)
Lint Python Code	UNKNOWN STEP	2025-12-10T21:33:52.1204661Z Requirement already satisfied: mccabe<0.8.0,>=0.7.0 in /opt/hostedtoolcache/Python/3.11.14/x64/lib/python3.11/site-packages (from flake8<8.0,>=7.0->-r requirements.txt (line 21)) (0.7.0)
Lint Python Code	UNKNOWN STEP	2025-12-10T21:33:52.1210445Z Requirement already satisfied: pycodestyle<2.15.0,>=2.14.0 in /opt/hostedtoolcache/Python/3.11.14/x64/lib/python3.11/site-packages (from flake8<8.0,>=7.0->-r requirements.txt (line 21)) (2.14.0)
Lint Python Code	UNKNOWN STEP	2025-12-10T21:33:52.1215867Z Requirement already satisfied: pyflakes<3.5.0,>=3.4.0 in /opt/hostedtoolcache/Python/3.11.14/x64/lib/python3.11/site-packages (from flake8<8.0,>=7.0->-r requirements.txt (line 21)) (3.4.0)
Lint Python Code	UNKNOWN STEP	2025-12-10T21:33:52.1236543Z Requirement already satisfied: librt>=0.6.2 in /opt/hostedtoolcache/Python/3.11.14/x64/lib/python3.11/site-packages (from mypy<2.0,>=1.9->-r requirements.txt (line 22)) (0.7.3)
Lint Python Code	UNKNOWN STEP	2025-12-10T21:33:52.1445996Z Collecting cfgv>=2.0.0 (from pre-commit<4.0,>=3.6->-r requirements.txt (line 25))
Lint Python Code	UNKNOWN STEP	2025-12-10T21:33:52.1459590Z   Using cached cfgv-3.5.0-py2.py3-none-any.whl.metadata (8.9 kB)
Lint Python Code	UNKNOWN STEP	2025-12-10T21:33:52.1851998Z Collecting identify>=1.0.0 (from pre-commit<4.0,>=3.6->-r requirements.txt (line 25))
Lint Python Code	UNKNOWN STEP	2025-12-10T21:33:52.1865176Z   Using cached identify-2.6.15-py2.py3-none-any.whl.metadata (4.4 kB)
Lint Python Code	UNKNOWN STEP	2025-12-10T21:33:52.1989373Z Collecting nodeenv>=0.11.1 (from pre-commit<4.0,>=3.6->-r requirements.txt (line 25))
Lint Python Code	UNKNOWN STEP	2025-12-10T21:33:52.2002603Z   Using cached nodeenv-1.9.1-py2.py3-none-any.whl.metadata (21 kB)
Lint Python Code	UNKNOWN STEP	2025-12-10T21:33:52.2409701Z Collecting virtualenv>=20.10.0 (from pre-commit<4.0,>=3.6->-r requirements.txt (line 25))
Lint Python Code	UNKNOWN STEP	2025-12-10T21:33:52.2422445Z   Using cached virtualenv-20.35.4-py3-none-any.whl.metadata (4.6 kB)
Lint Python Code	UNKNOWN STEP	2025-12-10T21:33:52.2909696Z Collecting prometheus-client<1.0.0,>=0.8.0 (from prometheus-fastapi-instrumentator<7.0,>=6.1->-r requirements.txt (line 30))
Lint Python Code	UNKNOWN STEP	2025-12-10T21:33:52.2922903Z   Using cached prometheus_client-0.23.1-py3-none-any.whl.metadata (1.9 kB)
Lint Python Code	UNKNOWN STEP	2025-12-10T21:33:52.3649079Z Collecting httptools>=0.5.0 (from uvicorn[standard]<0.31,>=0.30->-r requirements.txt (line 2))
Lint Python Code	UNKNOWN STEP	2025-12-10T21:33:52.3662962Z   Using cached httptools-0.7.1-cp311-cp311-manylinux1_x86_64.manylinux_2_28_x86_64.manylinux_2_5_x86_64.whl.metadata (3.5 kB)
Lint Python Code	UNKNOWN STEP	2025-12-10T21:33:52.4059504Z Collecting uvloop!=0.15.0,!=0.15.1,>=0.14.0 (from uvicorn[standard]<0.31,>=0.30->-r requirements.txt (line 2))
Lint Python Code	UNKNOWN STEP	2025-12-10T21:33:52.4073599Z   Using cached uvloop-0.22.1-cp311-cp311-manylinux2014_x86_64.manylinux_2_17_x86_64.manylinux_2_28_x86_64.whl.metadata (4.9 kB)
Lint Python Code	UNKNOWN STEP	2025-12-10T21:33:52.4764120Z Collecting watchfiles>=0.13 (from uvicorn[standard]<0.31,>=0.30->-r requirements.txt (line 2))
Lint Python Code	UNKNOWN STEP	2025-12-10T21:33:52.4778125Z   Using cached watchfiles-1.1.1-cp311-cp311-manylinux_2_17_x86_64.manylinux2014_x86_64.whl.metadata (4.9 kB)
Lint Python Code	UNKNOWN STEP	2025-12-10T21:33:52.5557811Z Collecting websockets>=10.4 (from uvicorn[standard]<0.31,>=0.30->-r requirements.txt (line 2))
Lint Python Code	UNKNOWN STEP	2025-12-10T21:33:52.5572130Z   Using cached websockets-15.0.1-cp311-cp311-manylinux_2_5_x86_64.manylinux1_x86_64.manylinux_2_17_x86_64.manylinux2014_x86_64.whl.metadata (6.8 kB)
Lint Python Code	UNKNOWN STEP	2025-12-10T21:33:52.7435289Z Collecting cffi>=2.0.0 (from cryptography>=36.0.0->pdfminer.six==20251107->pdfplumber<0.12,>=0.11->-r requirements.txt (line 19))
Lint Python Code	UNKNOWN STEP	2025-12-10T21:33:52.7455404Z   Using cached cffi-2.0.0-cp311-cp311-manylinux2014_x86_64.manylinux_2_17_x86_64.whl.metadata (2.6 kB)
Lint Python Code	UNKNOWN STEP	2025-12-10T21:33:52.7576286Z Collecting pycparser (from cffi>=2.0.0->cryptography>=36.0.0->pdfminer.six==20251107->pdfplumber<0.12,>=0.11->-r requirements.txt (line 19))
Lint Python Code	UNKNOWN STEP	2025-12-10T21:33:52.7590238Z   Using cached pycparser-2.23-py3-none-any.whl.metadata (993 bytes)
Lint Python Code	UNKNOWN STEP	2025-12-10T21:33:52.8150192Z Collecting distlib<1,>=0.3.7 (from virtualenv>=20.10.0->pre-commit<4.0,>=3.6->-r requirements.txt (line 25))
Lint Python Code	UNKNOWN STEP	2025-12-10T21:33:52.8163156Z   Using cached distlib-0.4.0-py2.py3-none-any.whl.metadata (5.2 kB)
Lint Python Code	UNKNOWN STEP	2025-12-10T21:33:52.8334646Z Collecting filelock<4,>=3.12.2 (from virtualenv>=20.10.0->pre-commit<4.0,>=3.6->-r requirements.txt (line 25))
Lint Python Code	UNKNOWN STEP	2025-12-10T21:33:52.8347390Z   Using cached filelock-3.20.0-py3-none-any.whl.metadata (2.1 kB)
Lint Python Code	UNKNOWN STEP	2025-12-10T21:33:52.8973934Z Collecting MarkupSafe>=0.9.2 (from Mako->alembic<2.0,>=1.13->-r requirements.txt (line 14))
Lint Python Code	UNKNOWN STEP	2025-12-10T21:33:52.8986835Z   Using cached markupsafe-3.0.3-cp311-cp311-manylinux2014_x86_64.manylinux_2_17_x86_64.manylinux_2_28_x86_64.whl.metadata (2.7 kB)
Lint Python Code	UNKNOWN STEP	2025-12-10T21:33:52.9087936Z Using cached fastapi-0.115.14-py3-none-any.whl (95 kB)
Lint Python Code	UNKNOWN STEP	2025-12-10T21:33:52.9101433Z Using cached uvicorn-0.30.6-py3-none-any.whl (62 kB)
Lint Python Code	UNKNOWN STEP	2025-12-10T21:33:52.9114454Z Using cached httpx-0.27.2-py3-none-any.whl (76 kB)
Lint Python Code	UNKNOWN STEP	2025-12-10T21:33:52.9128046Z Using cached python_multipart-0.0.20-py3-none-any.whl (24 kB)
Lint Python Code	UNKNOWN STEP	2025-12-10T21:33:52.9141446Z Using cached pydantic-2.12.5-py3-none-any.whl (463 kB)
Lint Python Code	UNKNOWN STEP	2025-12-10T21:33:52.9157921Z Using cached pydantic_core-2.41.5-cp311-cp311-manylinux_2_17_x86_64.manylinux2014_x86_64.whl (2.1 MB)
Lint Python Code	UNKNOWN STEP	2025-12-10T21:33:52.9186072Z Using cached pydantic_settings-2.12.0-py3-none-any.whl (51 kB)
Lint Python Code	UNKNOWN STEP	2025-12-10T21:33:52.9199045Z Using cached python_dotenv-1.2.1-py3-none-any.whl (21 kB)
Lint Python Code	UNKNOWN STEP	2025-12-10T21:33:52.9212399Z Using cached pytest-7.4.4-py3-none-any.whl (325 kB)
Lint Python Code	UNKNOWN STEP	2025-12-10T21:33:52.9227243Z Using cached pytest_cov-4.1.0-py3-none-any.whl (21 kB)
Lint Python Code	UNKNOWN STEP	2025-12-10T21:33:52.9240443Z Using cached pytest_asyncio-0.23.8-py3-none-any.whl (17 kB)
Lint Python Code	UNKNOWN STEP	2025-12-10T21:33:52.9253444Z Using cached jsonschema-4.25.1-py3-none-any.whl (90 kB)
Lint Python Code	UNKNOWN STEP	2025-12-10T21:33:52.9267369Z Using cached sqlalchemy-2.0.45-cp311-cp311-manylinux2014_x86_64.manylinux_2_17_x86_64.manylinux_2_28_x86_64.whl (3.3 MB)
Lint Python Code	UNKNOWN STEP	2025-12-10T21:33:52.9303821Z Using cached asyncpg-0.29.0-cp311-cp311-manylinux_2_17_x86_64.manylinux2014_x86_64.whl (2.8 MB)
Lint Python Code	UNKNOWN STEP	2025-12-10T21:33:52.9335770Z Using cached alembic-1.17.2-py3-none-any.whl (248 kB)
Lint Python Code	UNKNOWN STEP	2025-12-10T21:33:52.9350154Z Using cached aiosqlite-0.20.0-py3-none-any.whl (15 kB)
Lint Python Code	UNKNOWN STEP	2025-12-10T21:33:52.9363598Z Using cached pyyaml-6.0.3-cp311-cp311-manylinux2014_x86_64.manylinux_2_17_x86_64.manylinux_2_28_x86_64.whl (806 kB)
Lint Python Code	UNKNOWN STEP	2025-12-10T21:33:52.9381809Z Using cached beautifulsoup4-4.14.3-py3-none-any.whl (107 kB)
Lint Python Code	UNKNOWN STEP	2025-12-10T21:33:52.9396792Z Using cached requests-2.32.5-py3-none-any.whl (64 kB)
Lint Python Code	UNKNOWN STEP	2025-12-10T21:33:52.9410000Z Using cached pdfplumber-0.11.8-py3-none-any.whl (60 kB)
Lint Python Code	UNKNOWN STEP	2025-12-10T21:33:52.9423455Z Using cached pdfminer_six-20251107-py3-none-any.whl (5.6 MB)
Lint Python Code	UNKNOWN STEP	2025-12-10T21:33:52.9475536Z Using cached black-24.10.0-cp311-cp311-manylinux_2_17_x86_64.manylinux2014_x86_64.manylinux_2_28_x86_64.whl (1.7 MB)
Lint Python Code	UNKNOWN STEP	2025-12-10T21:33:52.9500496Z Using cached types_pyyaml-6.0.12.20250915-py3-none-any.whl (20 kB)
Lint Python Code	UNKNOWN STEP	2025-12-10T21:33:52.9513497Z Using cached types_requests-2.32.4.20250913-py3-none-any.whl (20 kB)
Lint Python Code	UNKNOWN STEP	2025-12-10T21:33:52.9526584Z Using cached pre_commit-3.8.0-py2.py3-none-any.whl (204 kB)
Lint Python Code	UNKNOWN STEP	2025-12-10T21:33:52.9540473Z Using cached structlog-24.4.0-py3-none-any.whl (67 kB)
Lint Python Code	UNKNOWN STEP	2025-12-10T21:33:52.9553647Z Using cached python_json_logger-2.0.7-py3-none-any.whl (8.1 kB)
Lint Python Code	UNKNOWN STEP	2025-12-10T21:33:52.9566563Z Using cached tenacity-8.5.0-py3-none-any.whl (28 kB)
Lint Python Code	UNKNOWN STEP	2025-12-10T21:33:52.9579579Z Using cached sentry_sdk-1.45.1-py2.py3-none-any.whl (267 kB)
Lint Python Code	UNKNOWN STEP	2025-12-10T21:33:52.9594074Z Using cached prometheus_fastapi_instrumentator-6.1.0-py3-none-any.whl (18 kB)
Lint Python Code	UNKNOWN STEP	2025-12-10T21:33:52.9607577Z Using cached charset_normalizer-3.4.4-cp311-cp311-manylinux2014_x86_64.manylinux_2_17_x86_64.manylinux_2_28_x86_64.whl (151 kB)
Lint Python Code	UNKNOWN STEP	2025-12-10T21:33:52.9621363Z Using cached httpcore-1.0.9-py3-none-any.whl (78 kB)
Lint Python Code	UNKNOWN STEP	2025-12-10T21:33:52.9634587Z Using cached idna-3.11-py3-none-any.whl (71 kB)
Lint Python Code	UNKNOWN STEP	2025-12-10T21:33:52.9647842Z Using cached prometheus_client-0.23.1-py3-none-any.whl (61 kB)
Lint Python Code	UNKNOWN STEP	2025-12-10T21:33:52.9661253Z Using cached starlette-0.46.2-py3-none-any.whl (72 kB)
Lint Python Code	UNKNOWN STEP	2025-12-10T21:33:52.9674538Z Using cached anyio-4.12.0-py3-none-any.whl (113 kB)
Lint Python Code	UNKNOWN STEP	2025-12-10T21:33:52.9687986Z Using cached urllib3-2.6.1-py3-none-any.whl (131 kB)
Lint Python Code	UNKNOWN STEP	2025-12-10T21:33:52.9701838Z Using cached annotated_types-0.7.0-py3-none-any.whl (13 kB)
Lint Python Code	UNKNOWN STEP	2025-12-10T21:33:52.9714594Z Using cached async_timeout-5.0.1-py3-none-any.whl (6.2 kB)
Lint Python Code	UNKNOWN STEP	2025-12-10T21:33:52.9727312Z Using cached attrs-25.4.0-py3-none-any.whl (67 kB)
Lint Python Code	UNKNOWN STEP	2025-12-10T21:33:52.9741035Z Using cached certifi-2025.11.12-py3-none-any.whl (159 kB)
Lint Python Code	UNKNOWN STEP	2025-12-10T21:33:52.9754892Z Using cached cfgv-3.5.0-py2.py3-none-any.whl (7.4 kB)
Lint Python Code	UNKNOWN STEP	2025-12-10T21:33:52.9768064Z Using cached cryptography-46.0.3-cp311-abi3-manylinux_2_34_x86_64.whl (4.5 MB)
Lint Python Code	UNKNOWN STEP	2025-12-10T21:33:52.9812901Z Using cached cffi-2.0.0-cp311-cp311-manylinux2014_x86_64.manylinux_2_17_x86_64.whl (215 kB)
Lint Python Code	UNKNOWN STEP	2025-12-10T21:33:52.9827247Z Using cached greenlet-3.3.0-cp311-cp311-manylinux_2_24_x86_64.manylinux_2_28_x86_64.whl (590 kB)
Lint Python Code	UNKNOWN STEP	2025-12-10T21:33:52.9844191Z Using cached h11-0.16.0-py3-none-any.whl (37 kB)
Lint Python Code	UNKNOWN STEP	2025-12-10T21:33:52.9858053Z Using cached httptools-0.7.1-cp311-cp311-manylinux1_x86_64.manylinux_2_28_x86_64.manylinux_2_5_x86_64.whl (456 kB)
Lint Python Code	UNKNOWN STEP	2025-12-10T21:33:52.9874068Z Using cached identify-2.6.15-py2.py3-none-any.whl (99 kB)
Lint Python Code	UNKNOWN STEP	2025-12-10T21:33:52.9887712Z Using cached jsonschema_specifications-2025.9.1-py3-none-any.whl (18 kB)
Lint Python Code	UNKNOWN STEP	2025-12-10T21:33:52.9901015Z Using cached nodeenv-1.9.1-py2.py3-none-any.whl (22 kB)
Lint Python Code	UNKNOWN STEP	2025-12-10T21:33:52.9914465Z Using cached pillow-12.0.0-cp311-cp311-manylinux_2_27_x86_64.manylinux_2_28_x86_64.whl (7.0 MB)
Lint Python Code	UNKNOWN STEP	2025-12-10T21:33:52.9976620Z Using cached pypdfium2-5.1.0-py3-none-manylinux_2_17_x86_64.manylinux2014_x86_64.whl (3.0 MB)
Lint Python Code	UNKNOWN STEP	2025-12-10T21:33:53.0010298Z Using cached referencing-0.37.0-py3-none-any.whl (26 kB)
Lint Python Code	UNKNOWN STEP	2025-12-10T21:33:53.0023439Z Using cached rpds_py-0.30.0-cp311-cp311-manylinux_2_17_x86_64.manylinux2014_x86_64.whl (390 kB)
Lint Python Code	UNKNOWN STEP	2025-12-10T21:33:53.0039056Z Using cached soupsieve-2.8-py3-none-any.whl (36 kB)
Lint Python Code	UNKNOWN STEP	2025-12-10T21:33:53.0052759Z Using cached typing_inspection-0.4.2-py3-none-any.whl (14 kB)
Lint Python Code	UNKNOWN STEP	2025-12-10T21:33:53.0066390Z Using cached uvloop-0.22.1-cp311-cp311-manylinux2014_x86_64.manylinux_2_17_x86_64.manylinux_2_28_x86_64.whl (3.8 MB)
Lint Python Code	UNKNOWN STEP	2025-12-10T21:33:53.0106211Z Using cached virtualenv-20.35.4-py3-none-any.whl (6.0 MB)
Lint Python Code	UNKNOWN STEP	2025-12-10T21:33:53.0160844Z Using cached distlib-0.4.0-py2.py3-none-any.whl (469 kB)
Lint Python Code	UNKNOWN STEP	2025-12-10T21:33:53.0176694Z Using cached filelock-3.20.0-py3-none-any.whl (16 kB)
Lint Python Code	UNKNOWN STEP	2025-12-10T21:33:53.0190035Z Using cached watchfiles-1.1.1-cp311-cp311-manylinux_2_17_x86_64.manylinux2014_x86_64.whl (456 kB)
Lint Python Code	UNKNOWN STEP	2025-12-10T21:33:53.0206659Z Using cached websockets-15.0.1-cp311-cp311-manylinux_2_5_x86_64.manylinux1_x86_64.manylinux_2_17_x86_64.manylinux2014_x86_64.whl (182 kB)
Lint Python Code	UNKNOWN STEP	2025-12-10T21:33:53.0220517Z Using cached mako-1.3.10-py3-none-any.whl (78 kB)
Lint Python Code	UNKNOWN STEP	2025-12-10T21:33:53.0234459Z Using cached markupsafe-3.0.3-cp311-cp311-manylinux2014_x86_64.manylinux_2_17_x86_64.manylinux_2_28_x86_64.whl (22 kB)
Lint Python Code	UNKNOWN STEP	2025-12-10T21:33:53.0247202Z Using cached pycparser-2.23-py3-none-any.whl (118 kB)
Lint Python Code	UNKNOWN STEP	2025-12-10T21:33:53.0261164Z Using cached sniffio-1.3.1-py3-none-any.whl (10 kB)
Lint Python Code	UNKNOWN STEP	2025-12-10T21:33:53.2089240Z Installing collected packages: distlib, websockets, uvloop, urllib3, typing-inspection, types-PyYAML, tenacity, structlog, soupsieve, sniffio, rpds-py, PyYAML, python-multipart, python-json-logger, python-dotenv, pytest, pypdfium2, pydantic-core, pycparser, prometheus-client, Pillow, nodeenv, MarkupSafe, idna, identify, httptools, h11, greenlet, filelock, charset_normalizer, cfgv, certifi, black, attrs, async-timeout, annotated-types, aiosqlite, virtualenv, uvicorn, types-requests, SQLAlchemy, sentry-sdk, requests, referencing, pytest-cov, pytest-asyncio, pydantic, Mako, httpcore, cffi, beautifulsoup4, asyncpg, anyio, watchfiles, starlette, pydantic-settings, pre-commit, jsonschema-specifications, httpx, cryptography, alembic, pdfminer.six, jsonschema, fastapi, prometheus-fastapi-instrumentator, pdfplumber
Lint Python Code	UNKNOWN STEP	2025-12-10T21:33:53.7036627Z   Attempting uninstall: pytest
Lint Python Code	UNKNOWN STEP	2025-12-10T21:33:53.7057768Z     Found existing installation: pytest 9.0.2
Lint Python Code	UNKNOWN STEP	2025-12-10T21:33:53.7134095Z     Uninstalling pytest-9.0.2:
Lint Python Code	UNKNOWN STEP	2025-12-10T21:33:54.3631593Z       Successfully uninstalled pytest-9.0.2
Lint Python Code	UNKNOWN STEP	2025-12-10T21:33:55.6589269Z   Attempting uninstall: black
Lint Python Code	UNKNOWN STEP	2025-12-10T21:33:55.6632376Z     Found existing installation: black 25.12.0
Lint Python Code	UNKNOWN STEP	2025-12-10T21:33:55.6696378Z     Uninstalling black-25.12.0:
Lint Python Code	UNKNOWN STEP	2025-12-10T21:33:55.6938846Z       Successfully uninstalled black-25.12.0
Lint Python Code	UNKNOWN STEP	2025-12-10T21:33:57.1926392Z   Attempting uninstall: pytest-cov
Lint Python Code	UNKNOWN STEP	2025-12-10T21:33:57.1957778Z     Found existing installation: pytest-cov 7.0.0
Lint Python Code	UNKNOWN STEP	2025-12-10T21:33:57.1978555Z     Uninstalling pytest-cov-7.0.0:
Lint Python Code	UNKNOWN STEP	2025-12-10T21:33:57.1985969Z       Successfully uninstalled pytest-cov-7.0.0
Lint Python Code	UNKNOWN STEP	2025-12-10T21:33:58.7734770Z 
Lint Python Code	UNKNOWN STEP	2025-12-10T21:33:58.7779149Z Successfully installed Mako-1.3.10 MarkupSafe-3.0.3 Pillow-12.0.0 PyYAML-6.0.3 SQLAlchemy-2.0.45 aiosqlite-0.20.0 alembic-1.17.2 annotated-types-0.7.0 anyio-4.12.0 async-timeout-5.0.1 asyncpg-0.29.0 attrs-25.4.0 beautifulsoup4-4.14.3 black-24.10.0 certifi-2025.11.12 cffi-2.0.0 cfgv-3.5.0 charset_normalizer-3.4.4 cryptography-46.0.3 distlib-0.4.0 fastapi-0.115.14 filelock-3.20.0 greenlet-3.3.0 h11-0.16.0 httpcore-1.0.9 httptools-0.7.1 httpx-0.27.2 identify-2.6.15 idna-3.11 jsonschema-4.25.1 jsonschema-specifications-2025.9.1 nodeenv-1.9.1 pdfminer.six-20251107 pdfplumber-0.11.8 pre-commit-3.8.0 prometheus-client-0.23.1 prometheus-fastapi-instrumentator-6.1.0 pycparser-2.23 pydantic-2.12.5 pydantic-core-2.41.5 pydantic-settings-2.12.0 pypdfium2-5.1.0 pytest-7.4.4 pytest-asyncio-0.23.8 pytest-cov-4.1.0 python-dotenv-1.2.1 python-json-logger-2.0.7 python-multipart-0.0.20 referencing-0.37.0 requests-2.32.5 rpds-py-0.30.0 sentry-sdk-1.45.1 sniffio-1.3.1 soupsieve-2.8 starlette-0.46.2 structlog-24.4.0 tenacity-8.5.0 types-PyYAML-6.0.12.20250915 types-requests-2.32.4.20250913 typing-inspection-0.4.2 urllib3-2.6.1 uvicorn-0.30.6 uvloop-0.22.1 virtualenv-20.35.4 watchfiles-1.1.1 websockets-15.0.1
Lint Python Code	UNKNOWN STEP	2025-12-10T21:33:59.2065527Z ##[group]Run black --check api/ parsers/ ingest/ scripts/ tests/
Lint Python Code	UNKNOWN STEP	2025-12-10T21:33:59.2065967Z [36;1mblack --check api/ parsers/ ingest/ scripts/ tests/[0m
Lint Python Code	UNKNOWN STEP	2025-12-10T21:33:59.2099551Z shell: /usr/bin/bash -e {0}
Lint Python Code	UNKNOWN STEP	2025-12-10T21:33:59.2099779Z env:
Lint Python Code	UNKNOWN STEP	2025-12-10T21:33:59.2100039Z   pythonLocation: /opt/hostedtoolcache/Python/3.11.14/x64
Lint Python Code	UNKNOWN STEP	2025-12-10T21:33:59.2100444Z   PKG_CONFIG_PATH: /opt/hostedtoolcache/Python/3.11.14/x64/lib/pkgconfig
Lint Python Code	UNKNOWN STEP	2025-12-10T21:33:59.2100844Z   Python_ROOT_DIR: /opt/hostedtoolcache/Python/3.11.14/x64
Lint Python Code	UNKNOWN STEP	2025-12-10T21:33:59.2101204Z   Python2_ROOT_DIR: /opt/hostedtoolcache/Python/3.11.14/x64
Lint Python Code	UNKNOWN STEP	2025-12-10T21:33:59.2101550Z   Python3_ROOT_DIR: /opt/hostedtoolcache/Python/3.11.14/x64
Lint Python Code	UNKNOWN STEP	2025-12-10T21:33:59.2101894Z   LD_LIBRARY_PATH: /opt/hostedtoolcache/Python/3.11.14/x64/lib
Lint Python Code	UNKNOWN STEP	2025-12-10T21:33:59.2102178Z ##[endgroup]
Lint Python Code	UNKNOWN STEP	2025-12-10T21:34:00.7552345Z would reformat /home/runner/work/OpenWatt/OpenWatt/scripts/check_sources.py
Lint Python Code	UNKNOWN STEP	2025-12-10T21:34:00.8757021Z would reformat /home/runner/work/OpenWatt/OpenWatt/tests/api/test_health_service.py
Lint Python Code	UNKNOWN STEP	2025-12-10T21:34:00.8846113Z 
Lint Python Code	UNKNOWN STEP	2025-12-10T21:34:00.8846659Z Oh no! ­ƒÆÑ ­ƒÆö ­ƒÆÑ
Lint Python Code	UNKNOWN STEP	2025-12-10T21:34:00.8847413Z 2 files would be reformatted, 53 files would be left unchanged.
Lint Python Code	UNKNOWN STEP	2025-12-10T21:34:00.9105759Z ##[error]Process completed with exit code 1.
Lint Python Code	UNKNOWN STEP	2025-12-10T21:34:00.9202460Z Post job cleanup.
Lint Python Code	UNKNOWN STEP	2025-12-10T21:34:01.0142069Z [command]/usr/bin/git version
Lint Python Code	UNKNOWN STEP	2025-12-10T21:34:01.0177595Z git version 2.52.0
Lint Python Code	UNKNOWN STEP	2025-12-10T21:34:01.0222072Z Temporarily overriding HOME='/home/runner/work/_temp/3db714fa-0f4c-4955-a5e8-76df930a086b' before making global git config changes
Lint Python Code	UNKNOWN STEP	2025-12-10T21:34:01.0223376Z Adding repository directory to the temporary git global config as a safe directory
Lint Python Code	UNKNOWN STEP	2025-12-10T21:34:01.0236028Z [command]/usr/bin/git config --global --add safe.directory /home/runner/work/OpenWatt/OpenWatt
Lint Python Code	UNKNOWN STEP	2025-12-10T21:34:01.0271243Z [command]/usr/bin/git config --local --name-only --get-regexp core\.sshCommand
Lint Python Code	UNKNOWN STEP	2025-12-10T21:34:01.0303440Z [command]/usr/bin/git submodule foreach --recursive sh -c "git config --local --name-only --get-regexp 'core\.sshCommand' && git config --local --unset-all 'core.sshCommand' || :"
Lint Python Code	UNKNOWN STEP	2025-12-10T21:34:01.0650113Z [command]/usr/bin/git config --local --name-only --get-regexp http\.https\:\/\/github\.com\/\.extraheader
Lint Python Code	UNKNOWN STEP	2025-12-10T21:34:01.0673264Z http.https://github.com/.extraheader
Lint Python Code	UNKNOWN STEP	2025-12-10T21:34:01.0685857Z [command]/usr/bin/git config --local --unset-all http.https://github.com/.extraheader
Lint Python Code	UNKNOWN STEP	2025-12-10T21:34:01.0717037Z [command]/usr/bin/git submodule foreach --recursive sh -c "git config --local --name-only --get-regexp 'http\.https\:\/\/github\.com\/\.extraheader' && git config --local --unset-all 'http.https://github.com/.extraheader' || :"
Lint Python Code	UNKNOWN STEP	2025-12-10T21:34:01.0942770Z [command]/usr/bin/git config --local --name-only --get-regexp ^includeIf\.gitdir:
Lint Python Code	UNKNOWN STEP	2025-12-10T21:34:01.0973416Z [command]/usr/bin/git submodule foreach --recursive git config --local --show-origin --name-only --get-regexp remote.origin.url
Lint Python Code	UNKNOWN STEP	2025-12-10T21:34:01.1308989Z Cleaning up orphan processes
Build Frontend (Next.js)	UNKNOWN STEP	´╗┐2025-12-10T21:33:26.2249739Z Current runner version: '2.329.0'
Build Frontend (Next.js)	UNKNOWN STEP	2025-12-10T21:33:26.2273354Z ##[group]Runner Image Provisioner
Build Frontend (Next.js)	UNKNOWN STEP	2025-12-10T21:33:26.2274378Z Hosted Compute Agent
Build Frontend (Next.js)	UNKNOWN STEP	2025-12-10T21:33:26.2274898Z Version: 20251124.448
Build Frontend (Next.js)	UNKNOWN STEP	2025-12-10T21:33:26.2275564Z Commit: fda5086b43ec66ade217e5fcd18146c879571177
Build Frontend (Next.js)	UNKNOWN STEP	2025-12-10T21:33:26.2276343Z Build Date: 2025-11-24T21:16:26Z
Build Frontend (Next.js)	UNKNOWN STEP	2025-12-10T21:33:26.2277134Z ##[endgroup]
Build Frontend (Next.js)	UNKNOWN STEP	2025-12-10T21:33:26.2277664Z ##[group]Operating System
Build Frontend (Next.js)	UNKNOWN STEP	2025-12-10T21:33:26.2278257Z Ubuntu
Build Frontend (Next.js)	UNKNOWN STEP	2025-12-10T21:33:26.2278751Z 24.04.3
Build Frontend (Next.js)	UNKNOWN STEP	2025-12-10T21:33:26.2279176Z LTS
Build Frontend (Next.js)	UNKNOWN STEP	2025-12-10T21:33:26.2279706Z ##[endgroup]
Build Frontend (Next.js)	UNKNOWN STEP	2025-12-10T21:33:26.2280251Z ##[group]Runner Image
Build Frontend (Next.js)	UNKNOWN STEP	2025-12-10T21:33:26.2280820Z Image: ubuntu-24.04
Build Frontend (Next.js)	UNKNOWN STEP	2025-12-10T21:33:26.2281276Z Version: 20251126.144.1
Build Frontend (Next.js)	UNKNOWN STEP	2025-12-10T21:33:26.2282402Z Included Software: https://github.com/actions/runner-images/blob/ubuntu24/20251126.144/images/ubuntu/Ubuntu2404-Readme.md
Build Frontend (Next.js)	UNKNOWN STEP	2025-12-10T21:33:26.2284002Z Image Release: https://github.com/actions/runner-images/releases/tag/ubuntu24%2F20251126.144
Build Frontend (Next.js)	UNKNOWN STEP	2025-12-10T21:33:26.2285025Z ##[endgroup]
Build Frontend (Next.js)	UNKNOWN STEP	2025-12-10T21:33:26.2286080Z ##[group]GITHUB_TOKEN Permissions
Build Frontend (Next.js)	UNKNOWN STEP	2025-12-10T21:33:26.2288357Z Contents: read
Build Frontend (Next.js)	UNKNOWN STEP	2025-12-10T21:33:26.2288910Z Metadata: read
Build Frontend (Next.js)	UNKNOWN STEP	2025-12-10T21:33:26.2289394Z Packages: read
Build Frontend (Next.js)	UNKNOWN STEP	2025-12-10T21:33:26.2289980Z ##[endgroup]
Build Frontend (Next.js)	UNKNOWN STEP	2025-12-10T21:33:26.2292108Z Secret source: Actions
Build Frontend (Next.js)	UNKNOWN STEP	2025-12-10T21:33:26.2293044Z Prepare workflow directory
Build Frontend (Next.js)	UNKNOWN STEP	2025-12-10T21:33:26.2684819Z Prepare all required actions
Build Frontend (Next.js)	UNKNOWN STEP	2025-12-10T21:33:26.2724339Z Getting action download info
Build Frontend (Next.js)	UNKNOWN STEP	2025-12-10T21:33:26.5908531Z Download action repository 'actions/checkout@v4' (SHA:34e114876b0b11c390a56381ad16ebd13914f8d5)
Build Frontend (Next.js)	UNKNOWN STEP	2025-12-10T21:33:27.0448360Z Download action repository 'actions/setup-node@v4' (SHA:49933ea5288caeca8642d1e84afbd3f7d6820020)
Build Frontend (Next.js)	UNKNOWN STEP	2025-12-10T21:33:27.2073113Z Complete job name: Build Frontend (Next.js)
Build Frontend (Next.js)	UNKNOWN STEP	2025-12-10T21:33:27.2736945Z ##[group]Run actions/checkout@v4
Build Frontend (Next.js)	UNKNOWN STEP	2025-12-10T21:33:27.2737815Z with:
Build Frontend (Next.js)	UNKNOWN STEP	2025-12-10T21:33:27.2738233Z   repository: rodjac-lab/OpenWatt
Build Frontend (Next.js)	UNKNOWN STEP	2025-12-10T21:33:27.2738888Z   token: ***
Build Frontend (Next.js)	UNKNOWN STEP	2025-12-10T21:33:27.2739286Z   ssh-strict: true
Build Frontend (Next.js)	UNKNOWN STEP	2025-12-10T21:33:27.2739684Z   ssh-user: git
Build Frontend (Next.js)	UNKNOWN STEP	2025-12-10T21:33:27.2740099Z   persist-credentials: true
Build Frontend (Next.js)	UNKNOWN STEP	2025-12-10T21:33:27.2740549Z   clean: true
Build Frontend (Next.js)	UNKNOWN STEP	2025-12-10T21:33:27.2740953Z   sparse-checkout-cone-mode: true
Build Frontend (Next.js)	UNKNOWN STEP	2025-12-10T21:33:27.2741434Z   fetch-depth: 1
Build Frontend (Next.js)	UNKNOWN STEP	2025-12-10T21:33:27.2741816Z   fetch-tags: false
Build Frontend (Next.js)	UNKNOWN STEP	2025-12-10T21:33:27.2742221Z   show-progress: true
Build Frontend (Next.js)	UNKNOWN STEP	2025-12-10T21:33:27.2742621Z   lfs: false
Build Frontend (Next.js)	UNKNOWN STEP	2025-12-10T21:33:27.2742991Z   submodules: false
Build Frontend (Next.js)	UNKNOWN STEP	2025-12-10T21:33:27.2743397Z   set-safe-directory: true
Build Frontend (Next.js)	UNKNOWN STEP	2025-12-10T21:33:27.2744061Z ##[endgroup]
Build Frontend (Next.js)	UNKNOWN STEP	2025-12-10T21:33:27.3796462Z Syncing repository: rodjac-lab/OpenWatt
Build Frontend (Next.js)	UNKNOWN STEP	2025-12-10T21:33:27.3798547Z ##[group]Getting Git version info
Build Frontend (Next.js)	UNKNOWN STEP	2025-12-10T21:33:27.3799262Z Working directory is '/home/runner/work/OpenWatt/OpenWatt'
Build Frontend (Next.js)	UNKNOWN STEP	2025-12-10T21:33:27.3800255Z [command]/usr/bin/git version
Build Frontend (Next.js)	UNKNOWN STEP	2025-12-10T21:33:27.3871365Z git version 2.52.0
Build Frontend (Next.js)	UNKNOWN STEP	2025-12-10T21:33:27.3897576Z ##[endgroup]
Build Frontend (Next.js)	UNKNOWN STEP	2025-12-10T21:33:27.3918998Z Temporarily overriding HOME='/home/runner/work/_temp/843ea266-1d4b-428c-91e9-381eca1e8eb0' before making global git config changes
Build Frontend (Next.js)	UNKNOWN STEP	2025-12-10T21:33:27.3921333Z Adding repository directory to the temporary git global config as a safe directory
Build Frontend (Next.js)	UNKNOWN STEP	2025-12-10T21:33:27.3924684Z [command]/usr/bin/git config --global --add safe.directory /home/runner/work/OpenWatt/OpenWatt
Build Frontend (Next.js)	UNKNOWN STEP	2025-12-10T21:33:27.3962412Z Deleting the contents of '/home/runner/work/OpenWatt/OpenWatt'
Build Frontend (Next.js)	UNKNOWN STEP	2025-12-10T21:33:27.3965793Z ##[group]Initializing the repository
Build Frontend (Next.js)	UNKNOWN STEP	2025-12-10T21:33:27.3969933Z [command]/usr/bin/git init /home/runner/work/OpenWatt/OpenWatt
Build Frontend (Next.js)	UNKNOWN STEP	2025-12-10T21:33:27.4081111Z hint: Using 'master' as the name for the initial branch. This default branch name
Build Frontend (Next.js)	UNKNOWN STEP	2025-12-10T21:33:27.4082594Z hint: will change to "main" in Git 3.0. To configure the initial branch name
Build Frontend (Next.js)	UNKNOWN STEP	2025-12-10T21:33:27.4084156Z hint: to use in all of your new repositories, which will suppress this warning,
Build Frontend (Next.js)	UNKNOWN STEP	2025-12-10T21:33:27.4085309Z hint: call:
Build Frontend (Next.js)	UNKNOWN STEP	2025-12-10T21:33:27.4086070Z hint:
Build Frontend (Next.js)	UNKNOWN STEP	2025-12-10T21:33:27.4086991Z hint: 	git config --global init.defaultBranch <name>
Build Frontend (Next.js)	UNKNOWN STEP	2025-12-10T21:33:27.4087948Z hint:
Build Frontend (Next.js)	UNKNOWN STEP	2025-12-10T21:33:27.4088511Z hint: Names commonly chosen instead of 'master' are 'main', 'trunk' and
Build Frontend (Next.js)	UNKNOWN STEP	2025-12-10T21:33:27.4089401Z hint: 'development'. The just-created branch can be renamed via this command:
Build Frontend (Next.js)	UNKNOWN STEP	2025-12-10T21:33:27.4090103Z hint:
Build Frontend (Next.js)	UNKNOWN STEP	2025-12-10T21:33:27.4090483Z hint: 	git branch -m <name>
Build Frontend (Next.js)	UNKNOWN STEP	2025-12-10T21:33:27.4090926Z hint:
Build Frontend (Next.js)	UNKNOWN STEP	2025-12-10T21:33:27.4091801Z hint: Disable this message with "git config set advice.defaultBranchName false"
Build Frontend (Next.js)	UNKNOWN STEP	2025-12-10T21:33:27.4092977Z Initialized empty Git repository in /home/runner/work/OpenWatt/OpenWatt/.git/
Build Frontend (Next.js)	UNKNOWN STEP	2025-12-10T21:33:27.4097144Z [command]/usr/bin/git remote add origin https://github.com/rodjac-lab/OpenWatt
Build Frontend (Next.js)	UNKNOWN STEP	2025-12-10T21:33:27.4133853Z ##[endgroup]
Build Frontend (Next.js)	UNKNOWN STEP	2025-12-10T21:33:27.4134600Z ##[group]Disabling automatic garbage collection
Build Frontend (Next.js)	UNKNOWN STEP	2025-12-10T21:33:27.4137767Z [command]/usr/bin/git config --local gc.auto 0
Build Frontend (Next.js)	UNKNOWN STEP	2025-12-10T21:33:27.4165138Z ##[endgroup]
Build Frontend (Next.js)	UNKNOWN STEP	2025-12-10T21:33:27.4165801Z ##[group]Setting up auth
Build Frontend (Next.js)	UNKNOWN STEP	2025-12-10T21:33:27.4171807Z [command]/usr/bin/git config --local --name-only --get-regexp core\.sshCommand
Build Frontend (Next.js)	UNKNOWN STEP	2025-12-10T21:33:27.4200541Z [command]/usr/bin/git submodule foreach --recursive sh -c "git config --local --name-only --get-regexp 'core\.sshCommand' && git config --local --unset-all 'core.sshCommand' || :"
Build Frontend (Next.js)	UNKNOWN STEP	2025-12-10T21:33:27.4520458Z [command]/usr/bin/git config --local --name-only --get-regexp http\.https\:\/\/github\.com\/\.extraheader
Build Frontend (Next.js)	UNKNOWN STEP	2025-12-10T21:33:27.4551088Z [command]/usr/bin/git submodule foreach --recursive sh -c "git config --local --name-only --get-regexp 'http\.https\:\/\/github\.com\/\.extraheader' && git config --local --unset-all 'http.https://github.com/.extraheader' || :"
Build Frontend (Next.js)	UNKNOWN STEP	2025-12-10T21:33:27.4769053Z [command]/usr/bin/git config --local --name-only --get-regexp ^includeIf\.gitdir:
Build Frontend (Next.js)	UNKNOWN STEP	2025-12-10T21:33:27.4798973Z [command]/usr/bin/git submodule foreach --recursive git config --local --show-origin --name-only --get-regexp remote.origin.url
Build Frontend (Next.js)	UNKNOWN STEP	2025-12-10T21:33:27.5018836Z [command]/usr/bin/git config --local http.https://github.com/.extraheader AUTHORIZATION: basic ***
Build Frontend (Next.js)	UNKNOWN STEP	2025-12-10T21:33:27.5051389Z ##[endgroup]
Build Frontend (Next.js)	UNKNOWN STEP	2025-12-10T21:33:27.5052464Z ##[group]Fetching the repository
Build Frontend (Next.js)	UNKNOWN STEP	2025-12-10T21:33:27.5059989Z [command]/usr/bin/git -c protocol.version=2 fetch --no-tags --prune --no-recurse-submodules --depth=1 origin +c800eaf04d48a63e38c3f29a7dd53709a0c1fef9:refs/remotes/origin/main
Build Frontend (Next.js)	UNKNOWN STEP	2025-12-10T21:33:27.8555534Z From https://github.com/rodjac-lab/OpenWatt
Build Frontend (Next.js)	UNKNOWN STEP	2025-12-10T21:33:27.8557720Z  * [new ref]         c800eaf04d48a63e38c3f29a7dd53709a0c1fef9 -> origin/main
Build Frontend (Next.js)	UNKNOWN STEP	2025-12-10T21:33:27.8586702Z ##[endgroup]
Build Frontend (Next.js)	UNKNOWN STEP	2025-12-10T21:33:27.8588723Z ##[group]Determining the checkout info
Build Frontend (Next.js)	UNKNOWN STEP	2025-12-10T21:33:27.8590652Z ##[endgroup]
Build Frontend (Next.js)	UNKNOWN STEP	2025-12-10T21:33:27.8594973Z [command]/usr/bin/git sparse-checkout disable
Build Frontend (Next.js)	UNKNOWN STEP	2025-12-10T21:33:27.8635199Z [command]/usr/bin/git config --local --unset-all extensions.worktreeConfig
Build Frontend (Next.js)	UNKNOWN STEP	2025-12-10T21:33:27.8661743Z ##[group]Checking out the ref
Build Frontend (Next.js)	UNKNOWN STEP	2025-12-10T21:33:27.8665623Z [command]/usr/bin/git checkout --progress --force -B main refs/remotes/origin/main
Build Frontend (Next.js)	UNKNOWN STEP	2025-12-10T21:33:27.8910497Z Switched to a new branch 'main'
Build Frontend (Next.js)	UNKNOWN STEP	2025-12-10T21:33:27.8912548Z branch 'main' set up to track 'origin/main'.
Build Frontend (Next.js)	UNKNOWN STEP	2025-12-10T21:33:27.8921604Z ##[endgroup]
Build Frontend (Next.js)	UNKNOWN STEP	2025-12-10T21:33:27.8956285Z [command]/usr/bin/git log -1 --format=%H
Build Frontend (Next.js)	UNKNOWN STEP	2025-12-10T21:33:27.8977803Z c800eaf04d48a63e38c3f29a7dd53709a0c1fef9
Build Frontend (Next.js)	UNKNOWN STEP	2025-12-10T21:33:27.9267617Z ##[group]Run actions/setup-node@v4
Build Frontend (Next.js)	UNKNOWN STEP	2025-12-10T21:33:27.9268734Z with:
Build Frontend (Next.js)	UNKNOWN STEP	2025-12-10T21:33:27.9269440Z   node-version: 20
Build Frontend (Next.js)	UNKNOWN STEP	2025-12-10T21:33:27.9270208Z   cache: npm
Build Frontend (Next.js)	UNKNOWN STEP	2025-12-10T21:33:27.9271074Z   cache-dependency-path: ui/package-lock.json
Build Frontend (Next.js)	UNKNOWN STEP	2025-12-10T21:33:27.9272252Z   always-auth: false
Build Frontend (Next.js)	UNKNOWN STEP	2025-12-10T21:33:27.9273080Z   check-latest: false
Build Frontend (Next.js)	UNKNOWN STEP	2025-12-10T21:33:27.9274190Z   token: ***
Build Frontend (Next.js)	UNKNOWN STEP	2025-12-10T21:33:27.9274934Z ##[endgroup]
Build Frontend (Next.js)	UNKNOWN STEP	2025-12-10T21:33:28.1099912Z Found in cache @ /opt/hostedtoolcache/node/20.19.6/x64
Build Frontend (Next.js)	UNKNOWN STEP	2025-12-10T21:33:28.1106662Z ##[group]Environment details
Build Frontend (Next.js)	UNKNOWN STEP	2025-12-10T21:33:30.6476674Z node: v20.19.6
Build Frontend (Next.js)	UNKNOWN STEP	2025-12-10T21:33:30.6478704Z npm: 10.8.2
Build Frontend (Next.js)	UNKNOWN STEP	2025-12-10T21:33:30.6479512Z yarn: 1.22.22
Build Frontend (Next.js)	UNKNOWN STEP	2025-12-10T21:33:30.6480932Z ##[endgroup]
Build Frontend (Next.js)	UNKNOWN STEP	2025-12-10T21:33:30.6501302Z [command]/opt/hostedtoolcache/node/20.19.6/x64/bin/npm config get cache
Build Frontend (Next.js)	UNKNOWN STEP	2025-12-10T21:33:30.9564044Z /home/runner/.npm
Build Frontend (Next.js)	UNKNOWN STEP	2025-12-10T21:33:31.0941378Z Cache hit for: node-cache-Linux-x64-npm-3e72c2937761c9ee6f0118e00c6d835045fcfe6a4e8a0790b3e587623049054b
Build Frontend (Next.js)	UNKNOWN STEP	2025-12-10T21:33:32.2323863Z Received 134217728 of 157084946 (85.4%), 124.4 MBs/sec
Build Frontend (Next.js)	UNKNOWN STEP	2025-12-10T21:33:32.4105468Z Received 157084946 of 157084946 (100.0%), 124.1 MBs/sec
Build Frontend (Next.js)	UNKNOWN STEP	2025-12-10T21:33:32.4106996Z Cache Size: ~150 MB (157084946 B)
Build Frontend (Next.js)	UNKNOWN STEP	2025-12-10T21:33:32.4167517Z [command]/usr/bin/tar -xf /home/runner/work/_temp/6debc9bd-078e-4212-942b-1a8d57afd64c/cache.tzst -P -C /home/runner/work/OpenWatt/OpenWatt --use-compress-program unzstd
Build Frontend (Next.js)	UNKNOWN STEP	2025-12-10T21:33:32.7295017Z Cache restored successfully
Build Frontend (Next.js)	UNKNOWN STEP	2025-12-10T21:33:32.7625318Z Cache restored from key: node-cache-Linux-x64-npm-3e72c2937761c9ee6f0118e00c6d835045fcfe6a4e8a0790b3e587623049054b
Build Frontend (Next.js)	UNKNOWN STEP	2025-12-10T21:33:32.7775400Z ##[group]Run npm ci
Build Frontend (Next.js)	UNKNOWN STEP	2025-12-10T21:33:32.7775741Z [36;1mnpm ci[0m
Build Frontend (Next.js)	UNKNOWN STEP	2025-12-10T21:33:32.7819811Z shell: /usr/bin/bash -e {0}
Build Frontend (Next.js)	UNKNOWN STEP	2025-12-10T21:33:32.7820085Z ##[endgroup]
Build Frontend (Next.js)	UNKNOWN STEP	2025-12-10T21:33:37.9642229Z npm warn deprecated inflight@1.0.6: This module is not supported, and leaks memory. Do not use it. Check out lru-cache if you want a good and tested way to coalesce async requests by a key value, which is much more comprehensive and powerful.
Build Frontend (Next.js)	UNKNOWN STEP	2025-12-10T21:33:38.0758906Z npm warn deprecated @humanwhocodes/config-array@0.11.14: Use @eslint/config-array instead
Build Frontend (Next.js)	UNKNOWN STEP	2025-12-10T21:33:38.0941489Z npm warn deprecated rimraf@3.0.2: Rimraf versions prior to v4 are no longer supported
Build Frontend (Next.js)	UNKNOWN STEP	2025-12-10T21:33:38.1875417Z npm warn deprecated @humanwhocodes/object-schema@2.0.3: Use @eslint/object-schema instead
Build Frontend (Next.js)	UNKNOWN STEP	2025-12-10T21:33:38.1883702Z npm warn deprecated glob@7.2.3: Glob versions prior to v9 are no longer supported
Build Frontend (Next.js)	UNKNOWN STEP	2025-12-10T21:33:38.1898024Z npm warn deprecated glob@7.2.3: Glob versions prior to v9 are no longer supported
Build Frontend (Next.js)	UNKNOWN STEP	2025-12-10T21:33:39.7657570Z npm warn deprecated eslint@8.57.0: This version is no longer supported. Please see https://eslint.org/version-support for other options.
Build Frontend (Next.js)	UNKNOWN STEP	2025-12-10T21:33:49.3074756Z 
Build Frontend (Next.js)	UNKNOWN STEP	2025-12-10T21:33:49.3075531Z added 532 packages, and audited 533 packages in 16s
Build Frontend (Next.js)	UNKNOWN STEP	2025-12-10T21:33:49.3075956Z 
Build Frontend (Next.js)	UNKNOWN STEP	2025-12-10T21:33:49.3078182Z 177 packages are looking for funding
Build Frontend (Next.js)	UNKNOWN STEP	2025-12-10T21:33:49.3078858Z   run `npm fund` for details
Build Frontend (Next.js)	UNKNOWN STEP	2025-12-10T21:33:49.4363822Z 
Build Frontend (Next.js)	UNKNOWN STEP	2025-12-10T21:33:49.4364851Z 11 vulnerabilities (6 moderate, 3 high, 2 critical)
Build Frontend (Next.js)	UNKNOWN STEP	2025-12-10T21:33:49.4365809Z 
Build Frontend (Next.js)	UNKNOWN STEP	2025-12-10T21:33:49.4366320Z To address all issues (including breaking changes), run:
Build Frontend (Next.js)	UNKNOWN STEP	2025-12-10T21:33:49.4367279Z   npm audit fix --force
Build Frontend (Next.js)	UNKNOWN STEP	2025-12-10T21:33:49.4367596Z 
Build Frontend (Next.js)	UNKNOWN STEP	2025-12-10T21:33:49.4367861Z Run `npm audit` for details.
Build Frontend (Next.js)	UNKNOWN STEP	2025-12-10T21:33:49.5126151Z ##[group]Run npm run build
Build Frontend (Next.js)	UNKNOWN STEP	2025-12-10T21:33:49.5126447Z [36;1mnpm run build[0m
Build Frontend (Next.js)	UNKNOWN STEP	2025-12-10T21:33:49.5170229Z shell: /usr/bin/bash -e {0}
Build Frontend (Next.js)	UNKNOWN STEP	2025-12-10T21:33:49.5170491Z env:
Build Frontend (Next.js)	UNKNOWN STEP	2025-12-10T21:33:49.5170764Z   NEXT_PUBLIC_API_BASE: http://localhost:8000
Build Frontend (Next.js)	UNKNOWN STEP	2025-12-10T21:33:49.5171035Z ##[endgroup]
Build Frontend (Next.js)	UNKNOWN STEP	2025-12-10T21:33:49.6363018Z 
Build Frontend (Next.js)	UNKNOWN STEP	2025-12-10T21:33:49.6363591Z > openwatt-ui@0.1.0 build
Build Frontend (Next.js)	UNKNOWN STEP	2025-12-10T21:33:49.6363971Z > next build
Build Frontend (Next.js)	UNKNOWN STEP	2025-12-10T21:33:49.6364097Z 
Build Frontend (Next.js)	UNKNOWN STEP	2025-12-10T21:33:50.1383898Z ÔÜá No build cache found. Please configure build caching for faster rebuilds. Read more: https://nextjs.org/docs/messages/no-cache
Build Frontend (Next.js)	UNKNOWN STEP	2025-12-10T21:33:50.1508338Z Attention: Next.js now collects completely anonymous telemetry regarding usage.
Build Frontend (Next.js)	UNKNOWN STEP	2025-12-10T21:33:50.1509437Z This information is used to shape Next.js' roadmap and prioritize features.
Build Frontend (Next.js)	UNKNOWN STEP	2025-12-10T21:33:50.1511052Z You can learn more, including how to opt-out if you'd not like to participate in this anonymous program, by visiting the following URL:
Build Frontend (Next.js)	UNKNOWN STEP	2025-12-10T21:33:50.1512393Z https://nextjs.org/telemetry
Build Frontend (Next.js)	UNKNOWN STEP	2025-12-10T21:33:50.1512773Z 
Build Frontend (Next.js)	UNKNOWN STEP	2025-12-10T21:33:50.2057068Z   Ôû▓ Next.js 14.2.3
Build Frontend (Next.js)	UNKNOWN STEP	2025-12-10T21:33:50.2057366Z 
Build Frontend (Next.js)	UNKNOWN STEP	2025-12-10T21:33:50.2582806Z    Creating an optimized production build ...
Build Frontend (Next.js)	UNKNOWN STEP	2025-12-10T21:33:58.1150979Z  Ô£ô Compiled successfully
Build Frontend (Next.js)	UNKNOWN STEP	2025-12-10T21:33:58.1159042Z    Linting and checking validity of types ...
Build Frontend (Next.js)	UNKNOWN STEP	2025-12-10T21:34:01.4988988Z    Collecting page data ...
Build Frontend (Next.js)	UNKNOWN STEP	2025-12-10T21:34:02.3701902Z    Generating static pages (0/5) ...
Build Frontend (Next.js)	UNKNOWN STEP	2025-12-10T21:34:02.6929739Z    Generating static pages (1/5) 
Build Frontend (Next.js)	UNKNOWN STEP	2025-12-10T21:34:02.6930261Z    Generating static pages (2/5) 
Build Frontend (Next.js)	UNKNOWN STEP	2025-12-10T21:34:02.6935988Z    Generating static pages (3/5) 
Build Frontend (Next.js)	UNKNOWN STEP	2025-12-10T21:34:02.7276519Z  Ô£ô Generating static pages (5/5)
Build Frontend (Next.js)	UNKNOWN STEP	2025-12-10T21:34:02.8657018Z    Finalizing page optimization ...
Build Frontend (Next.js)	UNKNOWN STEP	2025-12-10T21:34:02.8657809Z    Collecting build traces ...
Build Frontend (Next.js)	UNKNOWN STEP	2025-12-10T21:34:13.0570781Z 
Build Frontend (Next.js)	UNKNOWN STEP	2025-12-10T21:34:13.0595248Z Route (app)                              Size     First Load JS
Build Frontend (Next.js)	UNKNOWN STEP	2025-12-10T21:34:13.0596463Z Ôöî Ôùï /                                    3.36 kB        90.3 kB
Build Frontend (Next.js)	UNKNOWN STEP	2025-12-10T21:34:13.0597559Z Ôö£ Ôùï /_not-found                          871 B          87.8 kB
Build Frontend (Next.js)	UNKNOWN STEP	2025-12-10T21:34:13.0598410Z Ôöö Ôùï /admin                               4.33 kB        91.3 kB
Build Frontend (Next.js)	UNKNOWN STEP	2025-12-10T21:34:13.0599019Z + First Load JS shared by all            87 kB
Build Frontend (Next.js)	UNKNOWN STEP	2025-12-10T21:34:13.0599649Z   Ôö£ chunks/23-6744239a366402e9.js        31.5 kB
Build Frontend (Next.js)	UNKNOWN STEP	2025-12-10T21:34:13.0668685Z   Ôö£ chunks/fd9d1056-b6e16a5f15b47ad4.js  53.6 kB
Build Frontend (Next.js)	UNKNOWN STEP	2025-12-10T21:34:13.0669503Z   Ôöö other shared chunks (total)          1.86 kB
Build Frontend (Next.js)	UNKNOWN STEP	2025-12-10T21:34:13.0669708Z 
Build Frontend (Next.js)	UNKNOWN STEP	2025-12-10T21:34:13.0669715Z 
Build Frontend (Next.js)	UNKNOWN STEP	2025-12-10T21:34:13.0669927Z Ôùï  (Static)  prerendered as static content
Build Frontend (Next.js)	UNKNOWN STEP	2025-12-10T21:34:13.0670113Z 
Build Frontend (Next.js)	UNKNOWN STEP	2025-12-10T21:34:13.1076170Z Post job cleanup.
Build Frontend (Next.js)	UNKNOWN STEP	2025-12-10T21:34:13.2633769Z Cache hit occurred on the primary key node-cache-Linux-x64-npm-3e72c2937761c9ee6f0118e00c6d835045fcfe6a4e8a0790b3e587623049054b, not saving cache.
Build Frontend (Next.js)	UNKNOWN STEP	2025-12-10T21:34:13.2755200Z Post job cleanup.
Build Frontend (Next.js)	UNKNOWN STEP	2025-12-10T21:34:13.3714441Z [command]/usr/bin/git version
Build Frontend (Next.js)	UNKNOWN STEP	2025-12-10T21:34:13.3752456Z git version 2.52.0
Build Frontend (Next.js)	UNKNOWN STEP	2025-12-10T21:34:13.3797980Z Temporarily overriding HOME='/home/runner/work/_temp/bba19db6-ed3d-408a-8240-1a6d0ea4ae71' before making global git config changes
Build Frontend (Next.js)	UNKNOWN STEP	2025-12-10T21:34:13.3799478Z Adding repository directory to the temporary git global config as a safe directory
Build Frontend (Next.js)	UNKNOWN STEP	2025-12-10T21:34:13.3812538Z [command]/usr/bin/git config --global --add safe.directory /home/runner/work/OpenWatt/OpenWatt
Build Frontend (Next.js)	UNKNOWN STEP	2025-12-10T21:34:13.3850555Z [command]/usr/bin/git config --local --name-only --get-regexp core\.sshCommand
Build Frontend (Next.js)	UNKNOWN STEP	2025-12-10T21:34:13.3885974Z [command]/usr/bin/git submodule foreach --recursive sh -c "git config --local --name-only --get-regexp 'core\.sshCommand' && git config --local --unset-all 'core.sshCommand' || :"
Build Frontend (Next.js)	UNKNOWN STEP	2025-12-10T21:34:13.4121066Z [command]/usr/bin/git config --local --name-only --get-regexp http\.https\:\/\/github\.com\/\.extraheader
Build Frontend (Next.js)	UNKNOWN STEP	2025-12-10T21:34:13.4142832Z http.https://github.com/.extraheader
Build Frontend (Next.js)	UNKNOWN STEP	2025-12-10T21:34:13.4156486Z [command]/usr/bin/git config --local --unset-all http.https://github.com/.extraheader
Build Frontend (Next.js)	UNKNOWN STEP	2025-12-10T21:34:13.4188787Z [command]/usr/bin/git submodule foreach --recursive sh -c "git config --local --name-only --get-regexp 'http\.https\:\/\/github\.com\/\.extraheader' && git config --local --unset-all 'http.https://github.com/.extraheader' || :"
Build Frontend (Next.js)	UNKNOWN STEP	2025-12-10T21:34:13.4414537Z [command]/usr/bin/git config --local --name-only --get-regexp ^includeIf\.gitdir:
Build Frontend (Next.js)	UNKNOWN STEP	2025-12-10T21:34:13.4447487Z [command]/usr/bin/git submodule foreach --recursive git config --local --show-origin --name-only --get-regexp remote.origin.url
Build Frontend (Next.js)	UNKNOWN STEP	2025-12-10T21:34:13.4792103Z Cleaning up orphan processes
Lint TypeScript Code	UNKNOWN STEP	´╗┐2025-12-10T21:33:25.9829584Z Current runner version: '2.329.0'
Lint TypeScript Code	UNKNOWN STEP	2025-12-10T21:33:25.9852871Z ##[group]Runner Image Provisioner
Lint TypeScript Code	UNKNOWN STEP	2025-12-10T21:33:25.9853598Z Hosted Compute Agent
Lint TypeScript Code	UNKNOWN STEP	2025-12-10T21:33:25.9854162Z Version: 20251124.448
Lint TypeScript Code	UNKNOWN STEP	2025-12-10T21:33:25.9854704Z Commit: fda5086b43ec66ade217e5fcd18146c879571177
Lint TypeScript Code	UNKNOWN STEP	2025-12-10T21:33:25.9855304Z Build Date: 2025-11-24T21:16:26Z
Lint TypeScript Code	UNKNOWN STEP	2025-12-10T21:33:25.9855866Z ##[endgroup]
Lint TypeScript Code	UNKNOWN STEP	2025-12-10T21:33:25.9856332Z ##[group]Operating System
Lint TypeScript Code	UNKNOWN STEP	2025-12-10T21:33:25.9856848Z Ubuntu
Lint TypeScript Code	UNKNOWN STEP	2025-12-10T21:33:25.9857272Z 24.04.3
Lint TypeScript Code	UNKNOWN STEP	2025-12-10T21:33:25.9857708Z LTS
Lint TypeScript Code	UNKNOWN STEP	2025-12-10T21:33:25.9858086Z ##[endgroup]
Lint TypeScript Code	UNKNOWN STEP	2025-12-10T21:33:25.9858672Z ##[group]Runner Image
Lint TypeScript Code	UNKNOWN STEP	2025-12-10T21:33:25.9859198Z Image: ubuntu-24.04
Lint TypeScript Code	UNKNOWN STEP	2025-12-10T21:33:25.9859637Z Version: 20251126.144.1
Lint TypeScript Code	UNKNOWN STEP	2025-12-10T21:33:25.9860558Z Included Software: https://github.com/actions/runner-images/blob/ubuntu24/20251126.144/images/ubuntu/Ubuntu2404-Readme.md
Lint TypeScript Code	UNKNOWN STEP	2025-12-10T21:33:25.9861919Z Image Release: https://github.com/actions/runner-images/releases/tag/ubuntu24%2F20251126.144
Lint TypeScript Code	UNKNOWN STEP	2025-12-10T21:33:25.9862802Z ##[endgroup]
Lint TypeScript Code	UNKNOWN STEP	2025-12-10T21:33:25.9863768Z ##[group]GITHUB_TOKEN Permissions
Lint TypeScript Code	UNKNOWN STEP	2025-12-10T21:33:25.9865868Z Contents: read
Lint TypeScript Code	UNKNOWN STEP	2025-12-10T21:33:25.9866413Z Metadata: read
Lint TypeScript Code	UNKNOWN STEP	2025-12-10T21:33:25.9866826Z Packages: read
Lint TypeScript Code	UNKNOWN STEP	2025-12-10T21:33:25.9867252Z ##[endgroup]
Lint TypeScript Code	UNKNOWN STEP	2025-12-10T21:33:25.9869719Z Secret source: Actions
Lint TypeScript Code	UNKNOWN STEP	2025-12-10T21:33:25.9870349Z Prepare workflow directory
Lint TypeScript Code	UNKNOWN STEP	2025-12-10T21:33:26.0248108Z Prepare all required actions
Lint TypeScript Code	UNKNOWN STEP	2025-12-10T21:33:26.0287305Z Getting action download info
Lint TypeScript Code	UNKNOWN STEP	2025-12-10T21:33:26.4408809Z Download action repository 'actions/checkout@v4' (SHA:34e114876b0b11c390a56381ad16ebd13914f8d5)
Lint TypeScript Code	UNKNOWN STEP	2025-12-10T21:33:27.2799003Z Download action repository 'actions/setup-node@v4' (SHA:49933ea5288caeca8642d1e84afbd3f7d6820020)
Lint TypeScript Code	UNKNOWN STEP	2025-12-10T21:33:27.4713883Z Complete job name: Lint TypeScript Code
Lint TypeScript Code	UNKNOWN STEP	2025-12-10T21:33:27.5434846Z ##[group]Run actions/checkout@v4
Lint TypeScript Code	UNKNOWN STEP	2025-12-10T21:33:27.5436167Z with:
Lint TypeScript Code	UNKNOWN STEP	2025-12-10T21:33:27.5437095Z   repository: rodjac-lab/OpenWatt
Lint TypeScript Code	UNKNOWN STEP	2025-12-10T21:33:27.5438399Z   token: ***
Lint TypeScript Code	UNKNOWN STEP	2025-12-10T21:33:27.5439383Z   ssh-strict: true
Lint TypeScript Code	UNKNOWN STEP	2025-12-10T21:33:27.5440283Z   ssh-user: git
Lint TypeScript Code	UNKNOWN STEP	2025-12-10T21:33:27.5441105Z   persist-credentials: true
Lint TypeScript Code	UNKNOWN STEP	2025-12-10T21:33:27.5442041Z   clean: true
Lint TypeScript Code	UNKNOWN STEP	2025-12-10T21:33:27.5442879Z   sparse-checkout-cone-mode: true
Lint TypeScript Code	UNKNOWN STEP	2025-12-10T21:33:27.5443882Z   fetch-depth: 1
Lint TypeScript Code	UNKNOWN STEP	2025-12-10T21:33:27.5444674Z   fetch-tags: false
Lint TypeScript Code	UNKNOWN STEP	2025-12-10T21:33:27.5445522Z   show-progress: true
Lint TypeScript Code	UNKNOWN STEP	2025-12-10T21:33:27.5446384Z   lfs: false
Lint TypeScript Code	UNKNOWN STEP	2025-12-10T21:33:27.5447155Z   submodules: false
Lint TypeScript Code	UNKNOWN STEP	2025-12-10T21:33:27.5448009Z   set-safe-directory: true
Lint TypeScript Code	UNKNOWN STEP	2025-12-10T21:33:27.5449358Z ##[endgroup]
Lint TypeScript Code	UNKNOWN STEP	2025-12-10T21:33:27.6500937Z Syncing repository: rodjac-lab/OpenWatt
Lint TypeScript Code	UNKNOWN STEP	2025-12-10T21:33:27.6503833Z ##[group]Getting Git version info
Lint TypeScript Code	UNKNOWN STEP	2025-12-10T21:33:27.6505113Z Working directory is '/home/runner/work/OpenWatt/OpenWatt'
Lint TypeScript Code	UNKNOWN STEP	2025-12-10T21:33:27.6507400Z [command]/usr/bin/git version
Lint TypeScript Code	UNKNOWN STEP	2025-12-10T21:33:27.6546174Z git version 2.52.0
Lint TypeScript Code	UNKNOWN STEP	2025-12-10T21:33:27.6571707Z ##[endgroup]
Lint TypeScript Code	UNKNOWN STEP	2025-12-10T21:33:27.6587646Z Temporarily overriding HOME='/home/runner/work/_temp/ff0a5d37-c9af-4084-9027-775faba03e0b' before making global git config changes
Lint TypeScript Code	UNKNOWN STEP	2025-12-10T21:33:27.6592294Z Adding repository directory to the temporary git global config as a safe directory
Lint TypeScript Code	UNKNOWN STEP	2025-12-10T21:33:27.6603323Z [command]/usr/bin/git config --global --add safe.directory /home/runner/work/OpenWatt/OpenWatt
Lint TypeScript Code	UNKNOWN STEP	2025-12-10T21:33:27.6640605Z Deleting the contents of '/home/runner/work/OpenWatt/OpenWatt'
Lint TypeScript Code	UNKNOWN STEP	2025-12-10T21:33:27.6643842Z ##[group]Initializing the repository
Lint TypeScript Code	UNKNOWN STEP	2025-12-10T21:33:27.6647343Z [command]/usr/bin/git init /home/runner/work/OpenWatt/OpenWatt
Lint TypeScript Code	UNKNOWN STEP	2025-12-10T21:33:27.6742825Z hint: Using 'master' as the name for the initial branch. This default branch name
Lint TypeScript Code	UNKNOWN STEP	2025-12-10T21:33:27.6745922Z hint: will change to "main" in Git 3.0. To configure the initial branch name
Lint TypeScript Code	UNKNOWN STEP	2025-12-10T21:33:27.6747881Z hint: to use in all of your new repositories, which will suppress this warning,
Lint TypeScript Code	UNKNOWN STEP	2025-12-10T21:33:27.6749489Z hint: call:
Lint TypeScript Code	UNKNOWN STEP	2025-12-10T21:33:27.6750654Z hint:
Lint TypeScript Code	UNKNOWN STEP	2025-12-10T21:33:27.6751854Z hint: 	git config --global init.defaultBranch <name>
Lint TypeScript Code	UNKNOWN STEP	2025-12-10T21:33:27.6753288Z hint:
Lint TypeScript Code	UNKNOWN STEP	2025-12-10T21:33:27.6754496Z hint: Names commonly chosen instead of 'master' are 'main', 'trunk' and
Lint TypeScript Code	UNKNOWN STEP	2025-12-10T21:33:27.6756452Z hint: 'development'. The just-created branch can be renamed via this command:
Lint TypeScript Code	UNKNOWN STEP	2025-12-10T21:33:27.6757832Z hint:
Lint TypeScript Code	UNKNOWN STEP	2025-12-10T21:33:27.6758735Z hint: 	git branch -m <name>
Lint TypeScript Code	UNKNOWN STEP	2025-12-10T21:33:27.6759639Z hint:
Lint TypeScript Code	UNKNOWN STEP	2025-12-10T21:33:27.6760812Z hint: Disable this message with "git config set advice.defaultBranchName false"
Lint TypeScript Code	UNKNOWN STEP	2025-12-10T21:33:27.6762681Z Initialized empty Git repository in /home/runner/work/OpenWatt/OpenWatt/.git/
Lint TypeScript Code	UNKNOWN STEP	2025-12-10T21:33:27.6765803Z [command]/usr/bin/git remote add origin https://github.com/rodjac-lab/OpenWatt
Lint TypeScript Code	UNKNOWN STEP	2025-12-10T21:33:27.6790545Z ##[endgroup]
Lint TypeScript Code	UNKNOWN STEP	2025-12-10T21:33:27.6792170Z ##[group]Disabling automatic garbage collection
Lint TypeScript Code	UNKNOWN STEP	2025-12-10T21:33:27.6793619Z [command]/usr/bin/git config --local gc.auto 0
Lint TypeScript Code	UNKNOWN STEP	2025-12-10T21:33:27.6818102Z ##[endgroup]
Lint TypeScript Code	UNKNOWN STEP	2025-12-10T21:33:27.6819660Z ##[group]Setting up auth
Lint TypeScript Code	UNKNOWN STEP	2025-12-10T21:33:27.6823939Z [command]/usr/bin/git config --local --name-only --get-regexp core\.sshCommand
Lint TypeScript Code	UNKNOWN STEP	2025-12-10T21:33:27.6848725Z [command]/usr/bin/git submodule foreach --recursive sh -c "git config --local --name-only --get-regexp 'core\.sshCommand' && git config --local --unset-all 'core.sshCommand' || :"
Lint TypeScript Code	UNKNOWN STEP	2025-12-10T21:33:27.7128116Z [command]/usr/bin/git config --local --name-only --get-regexp http\.https\:\/\/github\.com\/\.extraheader
Lint TypeScript Code	UNKNOWN STEP	2025-12-10T21:33:27.7153727Z [command]/usr/bin/git submodule foreach --recursive sh -c "git config --local --name-only --get-regexp 'http\.https\:\/\/github\.com\/\.extraheader' && git config --local --unset-all 'http.https://github.com/.extraheader' || :"
Lint TypeScript Code	UNKNOWN STEP	2025-12-10T21:33:27.7328641Z [command]/usr/bin/git config --local --name-only --get-regexp ^includeIf\.gitdir:
Lint TypeScript Code	UNKNOWN STEP	2025-12-10T21:33:27.7353924Z [command]/usr/bin/git submodule foreach --recursive git config --local --show-origin --name-only --get-regexp remote.origin.url
Lint TypeScript Code	UNKNOWN STEP	2025-12-10T21:33:27.7535938Z [command]/usr/bin/git config --local http.https://github.com/.extraheader AUTHORIZATION: basic ***
Lint TypeScript Code	UNKNOWN STEP	2025-12-10T21:33:27.7564381Z ##[endgroup]
Lint TypeScript Code	UNKNOWN STEP	2025-12-10T21:33:27.7565868Z ##[group]Fetching the repository
Lint TypeScript Code	UNKNOWN STEP	2025-12-10T21:33:27.7572993Z [command]/usr/bin/git -c protocol.version=2 fetch --no-tags --prune --no-recurse-submodules --depth=1 origin +c800eaf04d48a63e38c3f29a7dd53709a0c1fef9:refs/remotes/origin/main
Lint TypeScript Code	UNKNOWN STEP	2025-12-10T21:33:28.5139618Z From https://github.com/rodjac-lab/OpenWatt
Lint TypeScript Code	UNKNOWN STEP	2025-12-10T21:33:28.5141244Z  * [new ref]         c800eaf04d48a63e38c3f29a7dd53709a0c1fef9 -> origin/main
Lint TypeScript Code	UNKNOWN STEP	2025-12-10T21:33:28.5212919Z ##[endgroup]
Lint TypeScript Code	UNKNOWN STEP	2025-12-10T21:33:28.5215715Z ##[group]Determining the checkout info
Lint TypeScript Code	UNKNOWN STEP	2025-12-10T21:33:28.5218885Z ##[endgroup]
Lint TypeScript Code	UNKNOWN STEP	2025-12-10T21:33:28.5220839Z [command]/usr/bin/git sparse-checkout disable
Lint TypeScript Code	UNKNOWN STEP	2025-12-10T21:33:28.5298379Z [command]/usr/bin/git config --local --unset-all extensions.worktreeConfig
Lint TypeScript Code	UNKNOWN STEP	2025-12-10T21:33:28.5325210Z ##[group]Checking out the ref
Lint TypeScript Code	UNKNOWN STEP	2025-12-10T21:33:28.5329602Z [command]/usr/bin/git checkout --progress --force -B main refs/remotes/origin/main
Lint TypeScript Code	UNKNOWN STEP	2025-12-10T21:33:28.5542143Z Switched to a new branch 'main'
Lint TypeScript Code	UNKNOWN STEP	2025-12-10T21:33:28.5544002Z branch 'main' set up to track 'origin/main'.
Lint TypeScript Code	UNKNOWN STEP	2025-12-10T21:33:28.5660431Z ##[endgroup]
Lint TypeScript Code	UNKNOWN STEP	2025-12-10T21:33:28.5664989Z [command]/usr/bin/git log -1 --format=%H
Lint TypeScript Code	UNKNOWN STEP	2025-12-10T21:33:28.5666685Z c800eaf04d48a63e38c3f29a7dd53709a0c1fef9
Lint TypeScript Code	UNKNOWN STEP	2025-12-10T21:33:28.5869566Z ##[group]Run actions/setup-node@v4
Lint TypeScript Code	UNKNOWN STEP	2025-12-10T21:33:28.5870455Z with:
Lint TypeScript Code	UNKNOWN STEP	2025-12-10T21:33:28.5871070Z   node-version: 20
Lint TypeScript Code	UNKNOWN STEP	2025-12-10T21:33:28.5871750Z   cache: npm
Lint TypeScript Code	UNKNOWN STEP	2025-12-10T21:33:28.5872504Z   cache-dependency-path: ui/package-lock.json
Lint TypeScript Code	UNKNOWN STEP	2025-12-10T21:33:28.5873471Z   always-auth: false
Lint TypeScript Code	UNKNOWN STEP	2025-12-10T21:33:28.5874188Z   check-latest: false
Lint TypeScript Code	UNKNOWN STEP	2025-12-10T21:33:28.5875142Z   token: ***
Lint TypeScript Code	UNKNOWN STEP	2025-12-10T21:33:28.5875789Z ##[endgroup]
Lint TypeScript Code	UNKNOWN STEP	2025-12-10T21:33:28.7816514Z Found in cache @ /opt/hostedtoolcache/node/20.19.6/x64
Lint TypeScript Code	UNKNOWN STEP	2025-12-10T21:33:28.7823075Z ##[group]Environment details
Lint TypeScript Code	UNKNOWN STEP	2025-12-10T21:33:30.9870888Z node: v20.19.6
Lint TypeScript Code	UNKNOWN STEP	2025-12-10T21:33:30.9871616Z npm: 10.8.2
Lint TypeScript Code	UNKNOWN STEP	2025-12-10T21:33:30.9872427Z yarn: 1.22.22
Lint TypeScript Code	UNKNOWN STEP	2025-12-10T21:33:30.9873448Z ##[endgroup]
Lint TypeScript Code	UNKNOWN STEP	2025-12-10T21:33:30.9894218Z [command]/opt/hostedtoolcache/node/20.19.6/x64/bin/npm config get cache
Lint TypeScript Code	UNKNOWN STEP	2025-12-10T21:33:31.2104432Z /home/runner/.npm
Lint TypeScript Code	UNKNOWN STEP	2025-12-10T21:33:31.4935895Z Cache hit for: node-cache-Linux-x64-npm-3e72c2937761c9ee6f0118e00c6d835045fcfe6a4e8a0790b3e587623049054b
Lint TypeScript Code	UNKNOWN STEP	2025-12-10T21:33:32.7376613Z Received 41943040 of 157084946 (26.7%), 40.0 MBs/sec
Lint TypeScript Code	UNKNOWN STEP	2025-12-10T21:33:33.5496044Z Received 157084946 of 157084946 (100.0%), 82.6 MBs/sec
Lint TypeScript Code	UNKNOWN STEP	2025-12-10T21:33:33.5496870Z Cache Size: ~150 MB (157084946 B)
Lint TypeScript Code	UNKNOWN STEP	2025-12-10T21:33:33.5634525Z [command]/usr/bin/tar -xf /home/runner/work/_temp/632981d4-1c9f-4903-97ed-b6d06e085793/cache.tzst -P -C /home/runner/work/OpenWatt/OpenWatt --use-compress-program unzstd
Lint TypeScript Code	UNKNOWN STEP	2025-12-10T21:33:33.7802392Z Cache restored successfully
Lint TypeScript Code	UNKNOWN STEP	2025-12-10T21:33:33.8011939Z Cache restored from key: node-cache-Linux-x64-npm-3e72c2937761c9ee6f0118e00c6d835045fcfe6a4e8a0790b3e587623049054b
Lint TypeScript Code	UNKNOWN STEP	2025-12-10T21:33:33.8129643Z ##[group]Run npm ci
Lint TypeScript Code	UNKNOWN STEP	2025-12-10T21:33:33.8129978Z [36;1mnpm ci[0m
Lint TypeScript Code	UNKNOWN STEP	2025-12-10T21:33:33.8162234Z shell: /usr/bin/bash -e {0}
Lint TypeScript Code	UNKNOWN STEP	2025-12-10T21:33:33.8162514Z ##[endgroup]
Lint TypeScript Code	UNKNOWN STEP	2025-12-10T21:33:38.2891934Z npm warn deprecated inflight@1.0.6: This module is not supported, and leaks memory. Do not use it. Check out lru-cache if you want a good and tested way to coalesce async requests by a key value, which is much more comprehensive and powerful.
Lint TypeScript Code	UNKNOWN STEP	2025-12-10T21:33:38.3699049Z npm warn deprecated @humanwhocodes/config-array@0.11.14: Use @eslint/config-array instead
Lint TypeScript Code	UNKNOWN STEP	2025-12-10T21:33:38.3782057Z npm warn deprecated rimraf@3.0.2: Rimraf versions prior to v4 are no longer supported
Lint TypeScript Code	UNKNOWN STEP	2025-12-10T21:33:38.4506572Z npm warn deprecated @humanwhocodes/object-schema@2.0.3: Use @eslint/object-schema instead
Lint TypeScript Code	UNKNOWN STEP	2025-12-10T21:33:38.4524969Z npm warn deprecated glob@7.2.3: Glob versions prior to v9 are no longer supported
Lint TypeScript Code	UNKNOWN STEP	2025-12-10T21:33:38.4550635Z npm warn deprecated glob@7.2.3: Glob versions prior to v9 are no longer supported
Lint TypeScript Code	UNKNOWN STEP	2025-12-10T21:33:39.6930113Z npm warn deprecated eslint@8.57.0: This version is no longer supported. Please see https://eslint.org/version-support for other options.
Lint TypeScript Code	UNKNOWN STEP	2025-12-10T21:33:48.3904272Z 
Lint TypeScript Code	UNKNOWN STEP	2025-12-10T21:33:48.3905540Z added 532 packages, and audited 533 packages in 15s
Lint TypeScript Code	UNKNOWN STEP	2025-12-10T21:33:48.3906016Z 
Lint TypeScript Code	UNKNOWN STEP	2025-12-10T21:33:48.3906285Z 177 packages are looking for funding
Lint TypeScript Code	UNKNOWN STEP	2025-12-10T21:33:48.3906796Z   run `npm fund` for details
Lint TypeScript Code	UNKNOWN STEP	2025-12-10T21:33:48.5180222Z 
Lint TypeScript Code	UNKNOWN STEP	2025-12-10T21:33:48.5181043Z 11 vulnerabilities (6 moderate, 3 high, 2 critical)
Lint TypeScript Code	UNKNOWN STEP	2025-12-10T21:33:48.5182264Z 
Lint TypeScript Code	UNKNOWN STEP	2025-12-10T21:33:48.5182723Z To address all issues (including breaking changes), run:
Lint TypeScript Code	UNKNOWN STEP	2025-12-10T21:33:48.5183291Z   npm audit fix --force
Lint TypeScript Code	UNKNOWN STEP	2025-12-10T21:33:48.5183582Z 
Lint TypeScript Code	UNKNOWN STEP	2025-12-10T21:33:48.5183773Z Run `npm audit` for details.
Lint TypeScript Code	UNKNOWN STEP	2025-12-10T21:33:48.5565040Z ##[group]Run npm run lint
Lint TypeScript Code	UNKNOWN STEP	2025-12-10T21:33:48.5565312Z [36;1mnpm run lint[0m
Lint TypeScript Code	UNKNOWN STEP	2025-12-10T21:33:48.5584481Z shell: /usr/bin/bash -e {0}
Lint TypeScript Code	UNKNOWN STEP	2025-12-10T21:33:48.5584741Z ##[endgroup]
Lint TypeScript Code	UNKNOWN STEP	2025-12-10T21:33:48.6633103Z 
Lint TypeScript Code	UNKNOWN STEP	2025-12-10T21:33:48.6633804Z > openwatt-ui@0.1.0 lint
Lint TypeScript Code	UNKNOWN STEP	2025-12-10T21:33:48.6634221Z > next lint
Lint TypeScript Code	UNKNOWN STEP	2025-12-10T21:33:48.6634354Z 
Lint TypeScript Code	UNKNOWN STEP	2025-12-10T21:33:50.2057169Z Attention: Next.js now collects completely anonymous telemetry regarding usage.
Lint TypeScript Code	UNKNOWN STEP	2025-12-10T21:33:50.2060770Z This information is used to shape Next.js' roadmap and prioritize features.
Lint TypeScript Code	UNKNOWN STEP	2025-12-10T21:33:50.2062161Z You can learn more, including how to opt-out if you'd not like to participate in this anonymous program, by visiting the following URL:
Lint TypeScript Code	UNKNOWN STEP	2025-12-10T21:33:50.2063206Z https://nextjs.org/telemetry
Lint TypeScript Code	UNKNOWN STEP	2025-12-10T21:33:50.2063460Z 
Lint TypeScript Code	UNKNOWN STEP	2025-12-10T21:33:50.3923029Z Ô£ö No ESLint warnings or errors
Lint TypeScript Code	UNKNOWN STEP	2025-12-10T21:33:50.4717063Z ##[group]Run npx prettier --check .
Lint TypeScript Code	UNKNOWN STEP	2025-12-10T21:33:50.4717375Z [36;1mnpx prettier --check .[0m
Lint TypeScript Code	UNKNOWN STEP	2025-12-10T21:33:50.4736653Z shell: /usr/bin/bash -e {0}
Lint TypeScript Code	UNKNOWN STEP	2025-12-10T21:33:50.4736909Z ##[endgroup]
Lint TypeScript Code	UNKNOWN STEP	2025-12-10T21:33:50.8236275Z Checking formatting...
Lint TypeScript Code	UNKNOWN STEP	2025-12-10T21:33:51.3030809Z [[33mwarn[39m] components/admin/MonitoringPanel.tsx
Lint TypeScript Code	UNKNOWN STEP	2025-12-10T21:33:51.6224831Z [[33mwarn[39m] Code style issues found in the above file. Run Prettier with --write to fix.
Lint TypeScript Code	UNKNOWN STEP	2025-12-10T21:33:51.6522773Z ##[error]Process completed with exit code 1.
Lint TypeScript Code	UNKNOWN STEP	2025-12-10T21:33:51.6620177Z Post job cleanup.
Lint TypeScript Code	UNKNOWN STEP	2025-12-10T21:33:51.7503856Z [command]/usr/bin/git version
Lint TypeScript Code	UNKNOWN STEP	2025-12-10T21:33:51.7536038Z git version 2.52.0
Lint TypeScript Code	UNKNOWN STEP	2025-12-10T21:33:51.7575471Z Temporarily overriding HOME='/home/runner/work/_temp/cc9b1cb5-d061-4d38-9488-e463ec75b823' before making global git config changes
Lint TypeScript Code	UNKNOWN STEP	2025-12-10T21:33:51.7576870Z Adding repository directory to the temporary git global config as a safe directory
Lint TypeScript Code	UNKNOWN STEP	2025-12-10T21:33:51.7589872Z [command]/usr/bin/git config --global --add safe.directory /home/runner/work/OpenWatt/OpenWatt
Lint TypeScript Code	UNKNOWN STEP	2025-12-10T21:33:51.7620709Z [command]/usr/bin/git config --local --name-only --get-regexp core\.sshCommand
Lint TypeScript Code	UNKNOWN STEP	2025-12-10T21:33:51.7648284Z [command]/usr/bin/git submodule foreach --recursive sh -c "git config --local --name-only --get-regexp 'core\.sshCommand' && git config --local --unset-all 'core.sshCommand' || :"
Lint TypeScript Code	UNKNOWN STEP	2025-12-10T21:33:51.7826686Z [command]/usr/bin/git config --local --name-only --get-regexp http\.https\:\/\/github\.com\/\.extraheader
Lint TypeScript Code	UNKNOWN STEP	2025-12-10T21:33:51.7846727Z http.https://github.com/.extraheader
Lint TypeScript Code	UNKNOWN STEP	2025-12-10T21:33:51.7858547Z [command]/usr/bin/git config --local --unset-all http.https://github.com/.extraheader
Lint TypeScript Code	UNKNOWN STEP	2025-12-10T21:33:51.7884330Z [command]/usr/bin/git submodule foreach --recursive sh -c "git config --local --name-only --get-regexp 'http\.https\:\/\/github\.com\/\.extraheader' && git config --local --unset-all 'http.https://github.com/.extraheader' || :"
Lint TypeScript Code	UNKNOWN STEP	2025-12-10T21:33:51.8055894Z [command]/usr/bin/git config --local --name-only --get-regexp ^includeIf\.gitdir:
Lint TypeScript Code	UNKNOWN STEP	2025-12-10T21:33:51.8082789Z [command]/usr/bin/git submodule foreach --recursive git config --local --show-origin --name-only --get-regexp remote.origin.url
Lint TypeScript Code	UNKNOWN STEP	2025-12-10T21:33:51.8339491Z Cleaning up orphan processes
Validate Docker Builds	UNKNOWN STEP	´╗┐2025-12-10T21:33:31.0207560Z Current runner version: '2.329.0'
Validate Docker Builds	UNKNOWN STEP	2025-12-10T21:33:31.0230320Z ##[group]Runner Image Provisioner
Validate Docker Builds	UNKNOWN STEP	2025-12-10T21:33:31.0231115Z Hosted Compute Agent
Validate Docker Builds	UNKNOWN STEP	2025-12-10T21:33:31.0231735Z Version: 20251124.448
Validate Docker Builds	UNKNOWN STEP	2025-12-10T21:33:31.0232301Z Commit: fda5086b43ec66ade217e5fcd18146c879571177
Validate Docker Builds	UNKNOWN STEP	2025-12-10T21:33:31.0232998Z Build Date: 2025-11-24T21:16:26Z
Validate Docker Builds	UNKNOWN STEP	2025-12-10T21:33:31.0233807Z ##[endgroup]
Validate Docker Builds	UNKNOWN STEP	2025-12-10T21:33:31.0234339Z ##[group]Operating System
Validate Docker Builds	UNKNOWN STEP	2025-12-10T21:33:31.0234899Z Ubuntu
Validate Docker Builds	UNKNOWN STEP	2025-12-10T21:33:31.0235376Z 24.04.3
Validate Docker Builds	UNKNOWN STEP	2025-12-10T21:33:31.0235856Z LTS
Validate Docker Builds	UNKNOWN STEP	2025-12-10T21:33:31.0236275Z ##[endgroup]
Validate Docker Builds	UNKNOWN STEP	2025-12-10T21:33:31.0236786Z ##[group]Runner Image
Validate Docker Builds	UNKNOWN STEP	2025-12-10T21:33:31.0237331Z Image: ubuntu-24.04
Validate Docker Builds	UNKNOWN STEP	2025-12-10T21:33:31.0237832Z Version: 20251126.144.1
Validate Docker Builds	UNKNOWN STEP	2025-12-10T21:33:31.0238881Z Included Software: https://github.com/actions/runner-images/blob/ubuntu24/20251126.144/images/ubuntu/Ubuntu2404-Readme.md
Validate Docker Builds	UNKNOWN STEP	2025-12-10T21:33:31.0240448Z Image Release: https://github.com/actions/runner-images/releases/tag/ubuntu24%2F20251126.144
Validate Docker Builds	UNKNOWN STEP	2025-12-10T21:33:31.0241459Z ##[endgroup]
Validate Docker Builds	UNKNOWN STEP	2025-12-10T21:33:31.0242537Z ##[group]GITHUB_TOKEN Permissions
Validate Docker Builds	UNKNOWN STEP	2025-12-10T21:33:31.0244663Z Contents: read
Validate Docker Builds	UNKNOWN STEP	2025-12-10T21:33:31.0245303Z Metadata: read
Validate Docker Builds	UNKNOWN STEP	2025-12-10T21:33:31.0245763Z Packages: read
Validate Docker Builds	UNKNOWN STEP	2025-12-10T21:33:31.0246231Z ##[endgroup]
Validate Docker Builds	UNKNOWN STEP	2025-12-10T21:33:31.0248285Z Secret source: Actions
Validate Docker Builds	UNKNOWN STEP	2025-12-10T21:33:31.0248967Z Prepare workflow directory
Validate Docker Builds	UNKNOWN STEP	2025-12-10T21:33:31.0574907Z Prepare all required actions
Validate Docker Builds	UNKNOWN STEP	2025-12-10T21:33:31.0614214Z Getting action download info
Validate Docker Builds	UNKNOWN STEP	2025-12-10T21:33:31.4628823Z Download action repository 'actions/checkout@v4' (SHA:34e114876b0b11c390a56381ad16ebd13914f8d5)
Validate Docker Builds	UNKNOWN STEP	2025-12-10T21:33:32.1208966Z Download action repository 'docker/setup-buildx-action@v3' (SHA:e468171a9de216ec08956ac3ada2f0791b6bd435)
Validate Docker Builds	UNKNOWN STEP	2025-12-10T21:33:32.8863107Z Download action repository 'docker/build-push-action@v5' (SHA:ca052bb54ab0790a636c9b5f226502c73d547a25)
Validate Docker Builds	UNKNOWN STEP	2025-12-10T21:33:33.7115448Z Complete job name: Validate Docker Builds
Validate Docker Builds	UNKNOWN STEP	2025-12-10T21:33:33.7901176Z ##[group]Run actions/checkout@v4
Validate Docker Builds	UNKNOWN STEP	2025-12-10T21:33:33.7902505Z with:
Validate Docker Builds	UNKNOWN STEP	2025-12-10T21:33:33.7903462Z   repository: rodjac-lab/OpenWatt
Validate Docker Builds	UNKNOWN STEP	2025-12-10T21:33:33.7904734Z   token: ***
Validate Docker Builds	UNKNOWN STEP	2025-12-10T21:33:33.7905483Z   ssh-strict: true
Validate Docker Builds	UNKNOWN STEP	2025-12-10T21:33:33.7906281Z   ssh-user: git
Validate Docker Builds	UNKNOWN STEP	2025-12-10T21:33:33.7907070Z   persist-credentials: true
Validate Docker Builds	UNKNOWN STEP	2025-12-10T21:33:33.7907965Z   clean: true
Validate Docker Builds	UNKNOWN STEP	2025-12-10T21:33:33.7908778Z   sparse-checkout-cone-mode: true
Validate Docker Builds	UNKNOWN STEP	2025-12-10T21:33:33.7909736Z   fetch-depth: 1
Validate Docker Builds	UNKNOWN STEP	2025-12-10T21:33:33.7910509Z   fetch-tags: false
Validate Docker Builds	UNKNOWN STEP	2025-12-10T21:33:33.7911334Z   show-progress: true
Validate Docker Builds	UNKNOWN STEP	2025-12-10T21:33:33.7912132Z   lfs: false
Validate Docker Builds	UNKNOWN STEP	2025-12-10T21:33:33.7912871Z   submodules: false
Validate Docker Builds	UNKNOWN STEP	2025-12-10T21:33:33.7913799Z   set-safe-directory: true
Validate Docker Builds	UNKNOWN STEP	2025-12-10T21:33:33.7914937Z ##[endgroup]
Validate Docker Builds	UNKNOWN STEP	2025-12-10T21:33:33.9040383Z Syncing repository: rodjac-lab/OpenWatt
Validate Docker Builds	UNKNOWN STEP	2025-12-10T21:33:33.9043113Z ##[group]Getting Git version info
Validate Docker Builds	UNKNOWN STEP	2025-12-10T21:33:33.9044832Z Working directory is '/home/runner/work/OpenWatt/OpenWatt'
Validate Docker Builds	UNKNOWN STEP	2025-12-10T21:33:33.9046927Z [command]/usr/bin/git version
Validate Docker Builds	UNKNOWN STEP	2025-12-10T21:33:33.9078038Z git version 2.52.0
Validate Docker Builds	UNKNOWN STEP	2025-12-10T21:33:33.9105263Z ##[endgroup]
Validate Docker Builds	UNKNOWN STEP	2025-12-10T21:33:33.9127800Z Temporarily overriding HOME='/home/runner/work/_temp/b036678d-b98d-43c1-84dd-3f3a0c37c82b' before making global git config changes
Validate Docker Builds	UNKNOWN STEP	2025-12-10T21:33:33.9132734Z Adding repository directory to the temporary git global config as a safe directory
Validate Docker Builds	UNKNOWN STEP	2025-12-10T21:33:33.9136718Z [command]/usr/bin/git config --global --add safe.directory /home/runner/work/OpenWatt/OpenWatt
Validate Docker Builds	UNKNOWN STEP	2025-12-10T21:33:33.9170917Z Deleting the contents of '/home/runner/work/OpenWatt/OpenWatt'
Validate Docker Builds	UNKNOWN STEP	2025-12-10T21:33:33.9174717Z ##[group]Initializing the repository
Validate Docker Builds	UNKNOWN STEP	2025-12-10T21:33:33.9179598Z [command]/usr/bin/git init /home/runner/work/OpenWatt/OpenWatt
Validate Docker Builds	UNKNOWN STEP	2025-12-10T21:33:33.9279922Z hint: Using 'master' as the name for the initial branch. This default branch name
Validate Docker Builds	UNKNOWN STEP	2025-12-10T21:33:33.9282449Z hint: will change to "main" in Git 3.0. To configure the initial branch name
Validate Docker Builds	UNKNOWN STEP	2025-12-10T21:33:33.9285522Z hint: to use in all of your new repositories, which will suppress this warning,
Validate Docker Builds	UNKNOWN STEP	2025-12-10T21:33:33.9288381Z hint: call:
Validate Docker Builds	UNKNOWN STEP	2025-12-10T21:33:33.9289682Z hint:
Validate Docker Builds	UNKNOWN STEP	2025-12-10T21:33:33.9291226Z hint: 	git config --global init.defaultBranch <name>
Validate Docker Builds	UNKNOWN STEP	2025-12-10T21:33:33.9293205Z hint:
Validate Docker Builds	UNKNOWN STEP	2025-12-10T21:33:33.9295334Z hint: Names commonly chosen instead of 'master' are 'main', 'trunk' and
Validate Docker Builds	UNKNOWN STEP	2025-12-10T21:33:33.9298488Z hint: 'development'. The just-created branch can be renamed via this command:
Validate Docker Builds	UNKNOWN STEP	2025-12-10T21:33:33.9300934Z hint:
Validate Docker Builds	UNKNOWN STEP	2025-12-10T21:33:33.9302182Z hint: 	git branch -m <name>
Validate Docker Builds	UNKNOWN STEP	2025-12-10T21:33:33.9303083Z hint:
Validate Docker Builds	UNKNOWN STEP	2025-12-10T21:33:33.9304501Z hint: Disable this message with "git config set advice.defaultBranchName false"
Validate Docker Builds	UNKNOWN STEP	2025-12-10T21:33:33.9306434Z Initialized empty Git repository in /home/runner/work/OpenWatt/OpenWatt/.git/
Validate Docker Builds	UNKNOWN STEP	2025-12-10T21:33:33.9311521Z [command]/usr/bin/git remote add origin https://github.com/rodjac-lab/OpenWatt
Validate Docker Builds	UNKNOWN STEP	2025-12-10T21:33:33.9330790Z ##[endgroup]
Validate Docker Builds	UNKNOWN STEP	2025-12-10T21:33:33.9333485Z ##[group]Disabling automatic garbage collection
Validate Docker Builds	UNKNOWN STEP	2025-12-10T21:33:33.9335746Z [command]/usr/bin/git config --local gc.auto 0
Validate Docker Builds	UNKNOWN STEP	2025-12-10T21:33:33.9364590Z ##[endgroup]
Validate Docker Builds	UNKNOWN STEP	2025-12-10T21:33:33.9366845Z ##[group]Setting up auth
Validate Docker Builds	UNKNOWN STEP	2025-12-10T21:33:33.9371965Z [command]/usr/bin/git config --local --name-only --get-regexp core\.sshCommand
Validate Docker Builds	UNKNOWN STEP	2025-12-10T21:33:33.9403780Z [command]/usr/bin/git submodule foreach --recursive sh -c "git config --local --name-only --get-regexp 'core\.sshCommand' && git config --local --unset-all 'core.sshCommand' || :"
Validate Docker Builds	UNKNOWN STEP	2025-12-10T21:33:33.9729755Z [command]/usr/bin/git config --local --name-only --get-regexp http\.https\:\/\/github\.com\/\.extraheader
Validate Docker Builds	UNKNOWN STEP	2025-12-10T21:33:33.9761779Z [command]/usr/bin/git submodule foreach --recursive sh -c "git config --local --name-only --get-regexp 'http\.https\:\/\/github\.com\/\.extraheader' && git config --local --unset-all 'http.https://github.com/.extraheader' || :"
Validate Docker Builds	UNKNOWN STEP	2025-12-10T21:33:33.9987974Z [command]/usr/bin/git config --local --name-only --get-regexp ^includeIf\.gitdir:
Validate Docker Builds	UNKNOWN STEP	2025-12-10T21:33:34.0026176Z [command]/usr/bin/git submodule foreach --recursive git config --local --show-origin --name-only --get-regexp remote.origin.url
Validate Docker Builds	UNKNOWN STEP	2025-12-10T21:33:34.0252728Z [command]/usr/bin/git config --local http.https://github.com/.extraheader AUTHORIZATION: basic ***
Validate Docker Builds	UNKNOWN STEP	2025-12-10T21:33:34.0288538Z ##[endgroup]
Validate Docker Builds	UNKNOWN STEP	2025-12-10T21:33:34.0290947Z ##[group]Fetching the repository
Validate Docker Builds	UNKNOWN STEP	2025-12-10T21:33:34.0300013Z [command]/usr/bin/git -c protocol.version=2 fetch --no-tags --prune --no-recurse-submodules --depth=1 origin +c800eaf04d48a63e38c3f29a7dd53709a0c1fef9:refs/remotes/origin/main
Validate Docker Builds	UNKNOWN STEP	2025-12-10T21:33:34.6125993Z From https://github.com/rodjac-lab/OpenWatt
Validate Docker Builds	UNKNOWN STEP	2025-12-10T21:33:34.6129628Z  * [new ref]         c800eaf04d48a63e38c3f29a7dd53709a0c1fef9 -> origin/main
Validate Docker Builds	UNKNOWN STEP	2025-12-10T21:33:34.6167389Z ##[endgroup]
Validate Docker Builds	UNKNOWN STEP	2025-12-10T21:33:34.6168509Z ##[group]Determining the checkout info
Validate Docker Builds	UNKNOWN STEP	2025-12-10T21:33:34.6170912Z ##[endgroup]
Validate Docker Builds	UNKNOWN STEP	2025-12-10T21:33:34.6176574Z [command]/usr/bin/git sparse-checkout disable
Validate Docker Builds	UNKNOWN STEP	2025-12-10T21:33:34.6222882Z [command]/usr/bin/git config --local --unset-all extensions.worktreeConfig
Validate Docker Builds	UNKNOWN STEP	2025-12-10T21:33:34.6254395Z ##[group]Checking out the ref
Validate Docker Builds	UNKNOWN STEP	2025-12-10T21:33:34.6256847Z [command]/usr/bin/git checkout --progress --force -B main refs/remotes/origin/main
Validate Docker Builds	UNKNOWN STEP	2025-12-10T21:33:34.6502278Z Switched to a new branch 'main'
Validate Docker Builds	UNKNOWN STEP	2025-12-10T21:33:34.6504433Z branch 'main' set up to track 'origin/main'.
Validate Docker Builds	UNKNOWN STEP	2025-12-10T21:33:34.6514817Z ##[endgroup]
Validate Docker Builds	UNKNOWN STEP	2025-12-10T21:33:34.6557393Z [command]/usr/bin/git log -1 --format=%H
Validate Docker Builds	UNKNOWN STEP	2025-12-10T21:33:34.6581974Z c800eaf04d48a63e38c3f29a7dd53709a0c1fef9
Validate Docker Builds	UNKNOWN STEP	2025-12-10T21:33:34.6787710Z ##[group]Run docker/setup-buildx-action@v3
Validate Docker Builds	UNKNOWN STEP	2025-12-10T21:33:34.6788105Z with:
Validate Docker Builds	UNKNOWN STEP	2025-12-10T21:33:34.6788392Z   driver: docker-container
Validate Docker Builds	UNKNOWN STEP	2025-12-10T21:33:34.6788697Z   install: false
Validate Docker Builds	UNKNOWN STEP	2025-12-10T21:33:34.6788972Z   use: true
Validate Docker Builds	UNKNOWN STEP	2025-12-10T21:33:34.6789232Z   keep-state: false
Validate Docker Builds	UNKNOWN STEP	2025-12-10T21:33:34.6789521Z   cache-binary: true
Validate Docker Builds	UNKNOWN STEP	2025-12-10T21:33:34.6789811Z   cleanup: true
Validate Docker Builds	UNKNOWN STEP	2025-12-10T21:33:34.6790086Z ##[endgroup]
Validate Docker Builds	UNKNOWN STEP	2025-12-10T21:33:34.9675670Z ##[group]Docker info
Validate Docker Builds	UNKNOWN STEP	2025-12-10T21:33:34.9709331Z [command]/usr/bin/docker version
Validate Docker Builds	UNKNOWN STEP	2025-12-10T21:33:35.0658944Z Client: Docker Engine - Community
Validate Docker Builds	UNKNOWN STEP	2025-12-10T21:33:35.0661575Z  Version:           28.0.4
Validate Docker Builds	UNKNOWN STEP	2025-12-10T21:33:35.0662532Z  API version:       1.48
Validate Docker Builds	UNKNOWN STEP	2025-12-10T21:33:35.0663212Z  Go version:        go1.23.7
Validate Docker Builds	UNKNOWN STEP	2025-12-10T21:33:35.0663927Z  Git commit:        b8034c0
Validate Docker Builds	UNKNOWN STEP	2025-12-10T21:33:35.0664539Z  Built:             Tue Mar 25 15:07:16 2025
Validate Docker Builds	UNKNOWN STEP	2025-12-10T21:33:35.0665185Z  OS/Arch:           linux/amd64
Validate Docker Builds	UNKNOWN STEP	2025-12-10T21:33:35.0665913Z  Context:           default
Validate Docker Builds	UNKNOWN STEP	2025-12-10T21:33:35.0666192Z 
Validate Docker Builds	UNKNOWN STEP	2025-12-10T21:33:35.0666375Z Server: Docker Engine - Community
Validate Docker Builds	UNKNOWN STEP	2025-12-10T21:33:35.0666997Z  Engine:
Validate Docker Builds	UNKNOWN STEP	2025-12-10T21:33:35.0667440Z   Version:          28.0.4
Validate Docker Builds	UNKNOWN STEP	2025-12-10T21:33:35.0667903Z   API version:      1.48 (minimum version 1.24)
Validate Docker Builds	UNKNOWN STEP	2025-12-10T21:33:35.0668601Z   Go version:       go1.23.7
Validate Docker Builds	UNKNOWN STEP	2025-12-10T21:33:35.0669083Z   Git commit:       6430e49
Validate Docker Builds	UNKNOWN STEP	2025-12-10T21:33:35.0669574Z   Built:            Tue Mar 25 15:07:16 2025
Validate Docker Builds	UNKNOWN STEP	2025-12-10T21:33:35.0670161Z   OS/Arch:          linux/amd64
Validate Docker Builds	UNKNOWN STEP	2025-12-10T21:33:35.0670680Z   Experimental:     false
Validate Docker Builds	UNKNOWN STEP	2025-12-10T21:33:35.0671162Z  containerd:
Validate Docker Builds	UNKNOWN STEP	2025-12-10T21:33:35.0671717Z   Version:          v2.1.5
Validate Docker Builds	UNKNOWN STEP	2025-12-10T21:33:35.0672411Z   GitCommit:        fcd43222d6b07379a4be9786bda52438f0dd16a1
Validate Docker Builds	UNKNOWN STEP	2025-12-10T21:33:35.0673051Z  runc:
Validate Docker Builds	UNKNOWN STEP	2025-12-10T21:33:35.0673851Z   Version:          1.3.3
Validate Docker Builds	UNKNOWN STEP	2025-12-10T21:33:35.0674370Z   GitCommit:        v1.3.3-0-gd842d771
Validate Docker Builds	UNKNOWN STEP	2025-12-10T21:33:35.0674986Z  docker-init:
Validate Docker Builds	UNKNOWN STEP	2025-12-10T21:33:35.0675531Z   Version:          0.19.0
Validate Docker Builds	UNKNOWN STEP	2025-12-10T21:33:35.0676127Z   GitCommit:        de40ad0
Validate Docker Builds	UNKNOWN STEP	2025-12-10T21:33:35.0719386Z [command]/usr/bin/docker info
Validate Docker Builds	UNKNOWN STEP	2025-12-10T21:33:36.8587876Z Client: Docker Engine - Community
Validate Docker Builds	UNKNOWN STEP	2025-12-10T21:33:36.8588671Z  Version:    28.0.4
Validate Docker Builds	UNKNOWN STEP	2025-12-10T21:33:36.8589141Z  Context:    default
Validate Docker Builds	UNKNOWN STEP	2025-12-10T21:33:36.8589663Z  Debug Mode: false
Validate Docker Builds	UNKNOWN STEP	2025-12-10T21:33:36.8590143Z  Plugins:
Validate Docker Builds	UNKNOWN STEP	2025-12-10T21:33:36.8590584Z   buildx: Docker Buildx (Docker Inc.)
Validate Docker Builds	UNKNOWN STEP	2025-12-10T21:33:36.8591045Z     Version:  v0.30.1
Validate Docker Builds	UNKNOWN STEP	2025-12-10T21:33:36.8591702Z     Path:     /usr/libexec/docker/cli-plugins/docker-buildx
Validate Docker Builds	UNKNOWN STEP	2025-12-10T21:33:36.8592295Z   compose: Docker Compose (Docker Inc.)
Validate Docker Builds	UNKNOWN STEP	2025-12-10T21:33:36.8592649Z     Version:  v2.38.2
Validate Docker Builds	UNKNOWN STEP	2025-12-10T21:33:36.8593106Z     Path:     /usr/libexec/docker/cli-plugins/docker-compose
Validate Docker Builds	UNKNOWN STEP	2025-12-10T21:33:36.8593732Z 
Validate Docker Builds	UNKNOWN STEP	2025-12-10T21:33:36.8593864Z Server:
Validate Docker Builds	UNKNOWN STEP	2025-12-10T21:33:36.8594147Z  Containers: 0
Validate Docker Builds	UNKNOWN STEP	2025-12-10T21:33:36.8594516Z   Running: 0
Validate Docker Builds	UNKNOWN STEP	2025-12-10T21:33:36.8594816Z   Paused: 0
Validate Docker Builds	UNKNOWN STEP	2025-12-10T21:33:36.8595059Z   Stopped: 0
Validate Docker Builds	UNKNOWN STEP	2025-12-10T21:33:36.8595429Z  Images: 0
Validate Docker Builds	UNKNOWN STEP	2025-12-10T21:33:36.8595679Z  Server Version: 28.0.4
Validate Docker Builds	UNKNOWN STEP	2025-12-10T21:33:36.8595996Z  Storage Driver: overlay2
Validate Docker Builds	UNKNOWN STEP	2025-12-10T21:33:36.8596323Z   Backing Filesystem: extfs
Validate Docker Builds	UNKNOWN STEP	2025-12-10T21:33:36.8596671Z   Supports d_type: true
Validate Docker Builds	UNKNOWN STEP	2025-12-10T21:33:36.8596947Z   Using metacopy: false
Validate Docker Builds	UNKNOWN STEP	2025-12-10T21:33:36.8597486Z   Native Overlay Diff: false
Validate Docker Builds	UNKNOWN STEP	2025-12-10T21:33:36.8597842Z   userxattr: false
Validate Docker Builds	UNKNOWN STEP	2025-12-10T21:33:36.8598147Z  Logging Driver: json-file
Validate Docker Builds	UNKNOWN STEP	2025-12-10T21:33:36.8598525Z  Cgroup Driver: systemd
Validate Docker Builds	UNKNOWN STEP	2025-12-10T21:33:36.8598823Z  Cgroup Version: 2
Validate Docker Builds	UNKNOWN STEP	2025-12-10T21:33:36.8599113Z  Plugins:
Validate Docker Builds	UNKNOWN STEP	2025-12-10T21:33:36.8599440Z   Volume: local
Validate Docker Builds	UNKNOWN STEP	2025-12-10T21:33:36.8599868Z   Network: bridge host ipvlan macvlan null overlay
Validate Docker Builds	UNKNOWN STEP	2025-12-10T21:33:36.8600414Z   Log: awslogs fluentd gcplogs gelf journald json-file local splunk syslog
Validate Docker Builds	UNKNOWN STEP	2025-12-10T21:33:36.8600834Z  Swarm: inactive
Validate Docker Builds	UNKNOWN STEP	2025-12-10T21:33:36.8601213Z  Runtimes: io.containerd.runc.v2 runc
Validate Docker Builds	UNKNOWN STEP	2025-12-10T21:33:36.8601552Z  Default Runtime: runc
Validate Docker Builds	UNKNOWN STEP	2025-12-10T21:33:36.8602255Z  Init Binary: docker-init
Validate Docker Builds	UNKNOWN STEP	2025-12-10T21:33:36.8602725Z  containerd version: fcd43222d6b07379a4be9786bda52438f0dd16a1
Validate Docker Builds	UNKNOWN STEP	2025-12-10T21:33:36.8603178Z  runc version: v1.3.3-0-gd842d771
Validate Docker Builds	UNKNOWN STEP	2025-12-10T21:33:36.8603929Z  init version: de40ad0
Validate Docker Builds	UNKNOWN STEP	2025-12-10T21:33:36.8604277Z  Security Options:
Validate Docker Builds	UNKNOWN STEP	2025-12-10T21:33:36.8604548Z   apparmor
Validate Docker Builds	UNKNOWN STEP	2025-12-10T21:33:36.8604803Z   seccomp
Validate Docker Builds	UNKNOWN STEP	2025-12-10T21:33:36.8605280Z    Profile: builtin
Validate Docker Builds	UNKNOWN STEP	2025-12-10T21:33:36.8605673Z   cgroupns
Validate Docker Builds	UNKNOWN STEP	2025-12-10T21:33:36.8605954Z  Kernel Version: 6.11.0-1018-azure
Validate Docker Builds	UNKNOWN STEP	2025-12-10T21:33:36.8674769Z  Operating System: Ubuntu 24.04.3 LTS
Validate Docker Builds	UNKNOWN STEP	2025-12-10T21:33:36.8675210Z  OSType: linux
Validate Docker Builds	UNKNOWN STEP	2025-12-10T21:33:36.8675500Z  Architecture: x86_64
Validate Docker Builds	UNKNOWN STEP	2025-12-10T21:33:36.8675785Z  CPUs: 4
Validate Docker Builds	UNKNOWN STEP	2025-12-10T21:33:36.8676047Z  Total Memory: 15.62GiB
Validate Docker Builds	UNKNOWN STEP	2025-12-10T21:33:36.8676374Z  Name: runnervmoqczp
Validate Docker Builds	UNKNOWN STEP	2025-12-10T21:33:36.8676728Z  ID: 4ce6fa60-2f23-4ac2-b56a-0440c85af90a
Validate Docker Builds	UNKNOWN STEP	2025-12-10T21:33:36.8677175Z  Docker Root Dir: /var/lib/docker
Validate Docker Builds	UNKNOWN STEP	2025-12-10T21:33:36.8677581Z  Debug Mode: false
Validate Docker Builds	UNKNOWN STEP	2025-12-10T21:33:36.8677926Z  Username: githubactions
Validate Docker Builds	UNKNOWN STEP	2025-12-10T21:33:36.8678287Z  Experimental: false
Validate Docker Builds	UNKNOWN STEP	2025-12-10T21:33:36.8678633Z  Insecure Registries:
Validate Docker Builds	UNKNOWN STEP	2025-12-10T21:33:36.8683462Z   ::1/128
Validate Docker Builds	UNKNOWN STEP	2025-12-10T21:33:36.8683783Z   127.0.0.0/8
Validate Docker Builds	UNKNOWN STEP	2025-12-10T21:33:36.8684098Z  Live Restore Enabled: false
Validate Docker Builds	UNKNOWN STEP	2025-12-10T21:33:36.8684371Z 
Validate Docker Builds	UNKNOWN STEP	2025-12-10T21:33:36.8684942Z ##[endgroup]
Validate Docker Builds	UNKNOWN STEP	2025-12-10T21:33:36.9671810Z ##[group]Buildx version
Validate Docker Builds	UNKNOWN STEP	2025-12-10T21:33:36.9693156Z [command]/usr/bin/docker buildx version
Validate Docker Builds	UNKNOWN STEP	2025-12-10T21:33:37.0424923Z github.com/docker/buildx v0.30.1 9e66234aa13328a5e75b75aa5574e1ca6d6d9c01
Validate Docker Builds	UNKNOWN STEP	2025-12-10T21:33:37.0457324Z ##[endgroup]
Validate Docker Builds	UNKNOWN STEP	2025-12-10T21:33:37.0610970Z ##[group]Inspecting default docker context
Validate Docker Builds	UNKNOWN STEP	2025-12-10T21:33:37.0750762Z [
Validate Docker Builds	UNKNOWN STEP	2025-12-10T21:33:37.0751279Z   {
Validate Docker Builds	UNKNOWN STEP	2025-12-10T21:33:37.0751622Z     "Name": "default",
Validate Docker Builds	UNKNOWN STEP	2025-12-10T21:33:37.0752009Z     "Metadata": {},
Validate Docker Builds	UNKNOWN STEP	2025-12-10T21:33:37.0752355Z     "Endpoints": {
Validate Docker Builds	UNKNOWN STEP	2025-12-10T21:33:37.0752684Z       "docker": {
Validate Docker Builds	UNKNOWN STEP	2025-12-10T21:33:37.0753068Z         "Host": "unix:///var/run/docker.sock",
Validate Docker Builds	UNKNOWN STEP	2025-12-10T21:33:37.0753816Z         "SkipTLSVerify": false
Validate Docker Builds	UNKNOWN STEP	2025-12-10T21:33:37.0754234Z       }
Validate Docker Builds	UNKNOWN STEP	2025-12-10T21:33:37.0754521Z     },
Validate Docker Builds	UNKNOWN STEP	2025-12-10T21:33:37.0754843Z     "TLSMaterial": {},
Validate Docker Builds	UNKNOWN STEP	2025-12-10T21:33:37.0755201Z     "Storage": {
Validate Docker Builds	UNKNOWN STEP	2025-12-10T21:33:37.0755560Z       "MetadataPath": "<IN MEMORY>",
Validate Docker Builds	UNKNOWN STEP	2025-12-10T21:33:37.0756028Z       "TLSPath": "<IN MEMORY>"
Validate Docker Builds	UNKNOWN STEP	2025-12-10T21:33:37.0756419Z     }
Validate Docker Builds	UNKNOWN STEP	2025-12-10T21:33:37.0756799Z   }
Validate Docker Builds	UNKNOWN STEP	2025-12-10T21:33:37.0757070Z ]
Validate Docker Builds	UNKNOWN STEP	2025-12-10T21:33:37.0757743Z ##[endgroup]
Validate Docker Builds	UNKNOWN STEP	2025-12-10T21:33:37.0758433Z ##[group]Creating a new builder instance
Validate Docker Builds	UNKNOWN STEP	2025-12-10T21:33:37.2128441Z [command]/usr/bin/docker buildx create --name builder-0a4caf52-08dc-4a0b-8c5f-053a2861ee2f --driver docker-container --buildkitd-flags --allow-insecure-entitlement security.insecure --allow-insecure-entitlement network.host --use
Validate Docker Builds	UNKNOWN STEP	2025-12-10T21:33:37.2791578Z builder-0a4caf52-08dc-4a0b-8c5f-053a2861ee2f
Validate Docker Builds	UNKNOWN STEP	2025-12-10T21:33:37.2828071Z ##[endgroup]
Validate Docker Builds	UNKNOWN STEP	2025-12-10T21:33:37.2828549Z ##[group]Booting builder
Validate Docker Builds	UNKNOWN STEP	2025-12-10T21:33:37.2868024Z [command]/usr/bin/docker buildx inspect --bootstrap --builder builder-0a4caf52-08dc-4a0b-8c5f-053a2861ee2f
Validate Docker Builds	UNKNOWN STEP	2025-12-10T21:33:37.3422872Z #1 [internal] booting buildkit
Validate Docker Builds	UNKNOWN STEP	2025-12-10T21:33:37.4928033Z #1 pulling image moby/buildkit:buildx-stable-1
Validate Docker Builds	UNKNOWN STEP	2025-12-10T21:33:41.0009697Z #1 pulling image moby/buildkit:buildx-stable-1 3.7s done
Validate Docker Builds	UNKNOWN STEP	2025-12-10T21:33:41.1510984Z #1 creating container buildx_buildkit_builder-0a4caf52-08dc-4a0b-8c5f-053a2861ee2f0
Validate Docker Builds	UNKNOWN STEP	2025-12-10T21:33:41.4036585Z #1 creating container buildx_buildkit_builder-0a4caf52-08dc-4a0b-8c5f-053a2861ee2f0 0.4s done
Validate Docker Builds	UNKNOWN STEP	2025-12-10T21:33:41.4058925Z #1 DONE 4.1s
Validate Docker Builds	UNKNOWN STEP	2025-12-10T21:33:41.4362239Z Name:          builder-0a4caf52-08dc-4a0b-8c5f-053a2861ee2f
Validate Docker Builds	UNKNOWN STEP	2025-12-10T21:33:41.4362763Z Driver:        docker-container
Validate Docker Builds	UNKNOWN STEP	2025-12-10T21:33:41.4363177Z Last Activity: 2025-12-10 21:33:37 +0000 UTC
Validate Docker Builds	UNKNOWN STEP	2025-12-10T21:33:41.4363697Z 
Validate Docker Builds	UNKNOWN STEP	2025-12-10T21:33:41.4363803Z Nodes:
Validate Docker Builds	UNKNOWN STEP	2025-12-10T21:33:41.4364178Z Name:                  builder-0a4caf52-08dc-4a0b-8c5f-053a2861ee2f0
Validate Docker Builds	UNKNOWN STEP	2025-12-10T21:33:41.4365161Z Endpoint:              unix:///var/run/docker.sock
Validate Docker Builds	UNKNOWN STEP	2025-12-10T21:33:41.4365707Z Status:                running
Validate Docker Builds	UNKNOWN STEP	2025-12-10T21:33:41.4366554Z BuildKit daemon flags: --allow-insecure-entitlement security.insecure --allow-insecure-entitlement network.host
Validate Docker Builds	UNKNOWN STEP	2025-12-10T21:33:41.4367403Z BuildKit version:      v0.26.2
Validate Docker Builds	UNKNOWN STEP	2025-12-10T21:33:41.4367921Z Platforms:             linux/amd64, linux/amd64/v2, linux/amd64/v3, linux/386
Validate Docker Builds	UNKNOWN STEP	2025-12-10T21:33:41.4368493Z Labels:
Validate Docker Builds	UNKNOWN STEP	2025-12-10T21:33:41.4368881Z  org.mobyproject.buildkit.worker.executor:         oci
Validate Docker Builds	UNKNOWN STEP	2025-12-10T21:33:41.4369786Z  org.mobyproject.buildkit.worker.hostname:         a799b1f929bd
Validate Docker Builds	UNKNOWN STEP	2025-12-10T21:33:41.4370442Z  org.mobyproject.buildkit.worker.network:          host
Validate Docker Builds	UNKNOWN STEP	2025-12-10T21:33:41.4371109Z  org.mobyproject.buildkit.worker.oci.process-mode: sandbox
Validate Docker Builds	UNKNOWN STEP	2025-12-10T21:33:41.4371784Z  org.mobyproject.buildkit.worker.selinux.enabled:  false
Validate Docker Builds	UNKNOWN STEP	2025-12-10T21:33:41.4372458Z  org.mobyproject.buildkit.worker.snapshotter:      overlayfs
Validate Docker Builds	UNKNOWN STEP	2025-12-10T21:33:41.4372999Z GC Policy rule#0:
Validate Docker Builds	UNKNOWN STEP	2025-12-10T21:33:41.4373501Z  All:            false
Validate Docker Builds	UNKNOWN STEP	2025-12-10T21:33:41.4374043Z  Filters:        type==source.local,type==exec.cachemount,type==source.git.checkout
Validate Docker Builds	UNKNOWN STEP	2025-12-10T21:33:41.4374654Z  Keep Duration:  48h0m0s
Validate Docker Builds	UNKNOWN STEP	2025-12-10T21:33:41.4374998Z  Max Used Space: 488.3MiB
Validate Docker Builds	UNKNOWN STEP	2025-12-10T21:33:41.4375327Z GC Policy rule#1:
Validate Docker Builds	UNKNOWN STEP	2025-12-10T21:33:41.4375639Z  All:            false
Validate Docker Builds	UNKNOWN STEP	2025-12-10T21:33:41.4375951Z  Keep Duration:  1440h0m0s
Validate Docker Builds	UNKNOWN STEP	2025-12-10T21:33:41.4376296Z  Reserved Space: 7.451GiB
Validate Docker Builds	UNKNOWN STEP	2025-12-10T21:33:41.4376625Z  Max Used Space: 54.02GiB
Validate Docker Builds	UNKNOWN STEP	2025-12-10T21:33:41.4376970Z  Min Free Space: 13.97GiB
Validate Docker Builds	UNKNOWN STEP	2025-12-10T21:33:41.4377296Z GC Policy rule#2:
Validate Docker Builds	UNKNOWN STEP	2025-12-10T21:33:41.4377590Z  All:            false
Validate Docker Builds	UNKNOWN STEP	2025-12-10T21:33:41.4377895Z  Reserved Space: 7.451GiB
Validate Docker Builds	UNKNOWN STEP	2025-12-10T21:33:41.4378226Z  Max Used Space: 54.02GiB
Validate Docker Builds	UNKNOWN STEP	2025-12-10T21:33:41.4378558Z  Min Free Space: 13.97GiB
Validate Docker Builds	UNKNOWN STEP	2025-12-10T21:33:41.4378876Z GC Policy rule#3:
Validate Docker Builds	UNKNOWN STEP	2025-12-10T21:33:41.4379157Z  All:            true
Validate Docker Builds	UNKNOWN STEP	2025-12-10T21:33:41.4379464Z  Reserved Space: 7.451GiB
Validate Docker Builds	UNKNOWN STEP	2025-12-10T21:33:41.4379804Z  Max Used Space: 54.02GiB
Validate Docker Builds	UNKNOWN STEP	2025-12-10T21:33:41.4380125Z  Min Free Space: 13.97GiB
Validate Docker Builds	UNKNOWN STEP	2025-12-10T21:33:41.4415251Z ##[endgroup]
Validate Docker Builds	UNKNOWN STEP	2025-12-10T21:33:41.5375446Z ##[group]Inspect builder
Validate Docker Builds	UNKNOWN STEP	2025-12-10T21:33:41.5378233Z {
Validate Docker Builds	UNKNOWN STEP	2025-12-10T21:33:41.5378517Z   "nodes": [
Validate Docker Builds	UNKNOWN STEP	2025-12-10T21:33:41.5378714Z     {
Validate Docker Builds	UNKNOWN STEP	2025-12-10T21:33:41.5378968Z       "name": "builder-0a4caf52-08dc-4a0b-8c5f-053a2861ee2f0",
Validate Docker Builds	UNKNOWN STEP	2025-12-10T21:33:41.5379330Z       "endpoint": "unix:///var/run/docker.sock",
Validate Docker Builds	UNKNOWN STEP	2025-12-10T21:33:41.5379603Z       "status": "running",
Validate Docker Builds	UNKNOWN STEP	2025-12-10T21:33:41.5380129Z       "buildkitd-flags": "--allow-insecure-entitlement security.insecure --allow-insecure-entitlement network.host",
Validate Docker Builds	UNKNOWN STEP	2025-12-10T21:33:41.5380635Z       "buildkit": "v0.26.2",
Validate Docker Builds	UNKNOWN STEP	2025-12-10T21:33:41.5380930Z       "platforms": "linux/amd64,linux/amd64/v2,linux/amd64/v3,linux/386",
Validate Docker Builds	UNKNOWN STEP	2025-12-10T21:33:41.5381243Z       "features": {
Validate Docker Builds	UNKNOWN STEP	2025-12-10T21:33:41.5381519Z         "Automatically load images to the Docker Engine image store": true,
Validate Docker Builds	UNKNOWN STEP	2025-12-10T21:33:41.5381973Z         "Cache export": true,
Validate Docker Builds	UNKNOWN STEP	2025-12-10T21:33:41.5382351Z         "Direct push": true,
Validate Docker Builds	UNKNOWN STEP	2025-12-10T21:33:41.5382562Z         "Docker exporter": true,
Validate Docker Builds	UNKNOWN STEP	2025-12-10T21:33:41.5382793Z         "Multi-platform build": true,
Validate Docker Builds	UNKNOWN STEP	2025-12-10T21:33:41.5383083Z         "OCI exporter": true
Validate Docker Builds	UNKNOWN STEP	2025-12-10T21:33:41.5383636Z       },
Validate Docker Builds	UNKNOWN STEP	2025-12-10T21:33:41.5383832Z       "labels": {
Validate Docker Builds	UNKNOWN STEP	2025-12-10T21:33:41.5384076Z         "org.mobyproject.buildkit.worker.executor": "oci",
Validate Docker Builds	UNKNOWN STEP	2025-12-10T21:33:41.5384442Z         "org.mobyproject.buildkit.worker.hostname": "a799b1f929bd",
Validate Docker Builds	UNKNOWN STEP	2025-12-10T21:33:41.5384816Z         "org.mobyproject.buildkit.worker.network": "host",
Validate Docker Builds	UNKNOWN STEP	2025-12-10T21:33:41.5385240Z         "org.mobyproject.buildkit.worker.oci.process-mode": "sandbox",
Validate Docker Builds	UNKNOWN STEP	2025-12-10T21:33:41.5385887Z         "org.mobyproject.buildkit.worker.selinux.enabled": "false",
Validate Docker Builds	UNKNOWN STEP	2025-12-10T21:33:41.5386276Z         "org.mobyproject.buildkit.worker.snapshotter": "overlayfs"
Validate Docker Builds	UNKNOWN STEP	2025-12-10T21:33:41.5386567Z       },
Validate Docker Builds	UNKNOWN STEP	2025-12-10T21:33:41.5386740Z       "gcPolicy": [
Validate Docker Builds	UNKNOWN STEP	2025-12-10T21:33:41.5387149Z         {
Validate Docker Builds	UNKNOWN STEP	2025-12-10T21:33:41.5387315Z           "all": false,
Validate Docker Builds	UNKNOWN STEP	2025-12-10T21:33:41.5387497Z           "filter": [
Validate Docker Builds	UNKNOWN STEP	2025-12-10T21:33:41.5387694Z             "type==source.local",
Validate Docker Builds	UNKNOWN STEP	2025-12-10T21:33:41.5387931Z             "type==exec.cachemount",
Validate Docker Builds	UNKNOWN STEP	2025-12-10T21:33:41.5388175Z             "type==source.git.checkout"
Validate Docker Builds	UNKNOWN STEP	2025-12-10T21:33:41.5388405Z           ],
Validate Docker Builds	UNKNOWN STEP	2025-12-10T21:33:41.5388575Z           "keepDuration": "48h0m0s",
Validate Docker Builds	UNKNOWN STEP	2025-12-10T21:33:41.5388800Z           "maxUsedSpace": "488.3MiB"
Validate Docker Builds	UNKNOWN STEP	2025-12-10T21:33:41.5389000Z         },
Validate Docker Builds	UNKNOWN STEP	2025-12-10T21:33:41.5389284Z         {
Validate Docker Builds	UNKNOWN STEP	2025-12-10T21:33:41.5389433Z           "all": false,
Validate Docker Builds	UNKNOWN STEP	2025-12-10T21:33:41.5389632Z           "keepDuration": "1440h0m0s",
Validate Docker Builds	UNKNOWN STEP	2025-12-10T21:33:41.5389855Z           "reservedSpace": "7.451GiB",
Validate Docker Builds	UNKNOWN STEP	2025-12-10T21:33:41.5390084Z           "maxUsedSpace": "54.02GiB",
Validate Docker Builds	UNKNOWN STEP	2025-12-10T21:33:41.5390308Z           "minFreeSpace": "13.97GiB"
Validate Docker Builds	UNKNOWN STEP	2025-12-10T21:33:41.5390500Z         },
Validate Docker Builds	UNKNOWN STEP	2025-12-10T21:33:41.5390652Z         {
Validate Docker Builds	UNKNOWN STEP	2025-12-10T21:33:41.5390803Z           "all": false,
Validate Docker Builds	UNKNOWN STEP	2025-12-10T21:33:41.5390998Z           "reservedSpace": "7.451GiB",
Validate Docker Builds	UNKNOWN STEP	2025-12-10T21:33:41.5391214Z           "maxUsedSpace": "54.02GiB",
Validate Docker Builds	UNKNOWN STEP	2025-12-10T21:33:41.5391430Z           "minFreeSpace": "13.97GiB"
Validate Docker Builds	UNKNOWN STEP	2025-12-10T21:33:41.5391623Z         },
Validate Docker Builds	UNKNOWN STEP	2025-12-10T21:33:41.5391769Z         {
Validate Docker Builds	UNKNOWN STEP	2025-12-10T21:33:41.5391911Z           "all": true,
Validate Docker Builds	UNKNOWN STEP	2025-12-10T21:33:41.5392098Z           "reservedSpace": "7.451GiB",
Validate Docker Builds	UNKNOWN STEP	2025-12-10T21:33:41.5392311Z           "maxUsedSpace": "54.02GiB",
Validate Docker Builds	UNKNOWN STEP	2025-12-10T21:33:41.5392528Z           "minFreeSpace": "13.97GiB"
Validate Docker Builds	UNKNOWN STEP	2025-12-10T21:33:41.5392729Z         }
Validate Docker Builds	UNKNOWN STEP	2025-12-10T21:33:41.5392868Z       ]
Validate Docker Builds	UNKNOWN STEP	2025-12-10T21:33:41.5393010Z     }
Validate Docker Builds	UNKNOWN STEP	2025-12-10T21:33:41.5393144Z   ],
Validate Docker Builds	UNKNOWN STEP	2025-12-10T21:33:41.5393548Z   "name": "builder-0a4caf52-08dc-4a0b-8c5f-053a2861ee2f",
Validate Docker Builds	UNKNOWN STEP	2025-12-10T21:33:41.5393837Z   "driver": "docker-container",
Validate Docker Builds	UNKNOWN STEP	2025-12-10T21:33:41.5394070Z   "lastActivity": "2025-12-10T21:33:37.000Z"
Validate Docker Builds	UNKNOWN STEP	2025-12-10T21:33:41.5394285Z }
Validate Docker Builds	UNKNOWN STEP	2025-12-10T21:33:41.5394654Z ##[endgroup]
Validate Docker Builds	UNKNOWN STEP	2025-12-10T21:33:41.5394961Z ##[group]BuildKit version
Validate Docker Builds	UNKNOWN STEP	2025-12-10T21:33:41.5395235Z builder-0a4caf52-08dc-4a0b-8c5f-053a2861ee2f0: v0.26.2
Validate Docker Builds	UNKNOWN STEP	2025-12-10T21:33:41.5395629Z ##[endgroup]
Validate Docker Builds	UNKNOWN STEP	2025-12-10T21:33:41.5573063Z ##[group]Run docker/build-push-action@v5
Validate Docker Builds	UNKNOWN STEP	2025-12-10T21:33:41.5573589Z with:
Validate Docker Builds	UNKNOWN STEP	2025-12-10T21:33:41.5573759Z   context: .
Validate Docker Builds	UNKNOWN STEP	2025-12-10T21:33:41.5573932Z   file: ./Dockerfile
Validate Docker Builds	UNKNOWN STEP	2025-12-10T21:33:41.5574113Z   push: false
Validate Docker Builds	UNKNOWN STEP	2025-12-10T21:33:41.5574297Z   tags: openwatt-api:test
Validate Docker Builds	UNKNOWN STEP	2025-12-10T21:33:41.5574501Z   cache-from: type=gha
Validate Docker Builds	UNKNOWN STEP	2025-12-10T21:33:41.5574706Z   cache-to: type=gha,mode=max
Validate Docker Builds	UNKNOWN STEP	2025-12-10T21:33:41.5574928Z   load: false
Validate Docker Builds	UNKNOWN STEP	2025-12-10T21:33:41.5575089Z   no-cache: false
Validate Docker Builds	UNKNOWN STEP	2025-12-10T21:33:41.5575263Z   pull: false
Validate Docker Builds	UNKNOWN STEP	2025-12-10T21:33:41.5575593Z   github-token: ***
Validate Docker Builds	UNKNOWN STEP	2025-12-10T21:33:41.5575779Z ##[endgroup]
Validate Docker Builds	UNKNOWN STEP	2025-12-10T21:33:41.7774162Z ##[group]GitHub Actions runtime token ACs
Validate Docker Builds	UNKNOWN STEP	2025-12-10T21:33:41.7785353Z refs/heads/main: read/write
Validate Docker Builds	UNKNOWN STEP	2025-12-10T21:33:41.7786649Z ##[endgroup]
Validate Docker Builds	UNKNOWN STEP	2025-12-10T21:33:41.7787241Z ##[group]Docker info
Validate Docker Builds	UNKNOWN STEP	2025-12-10T21:33:41.7828938Z [command]/usr/bin/docker version
Validate Docker Builds	UNKNOWN STEP	2025-12-10T21:33:41.8010957Z Client: Docker Engine - Community
Validate Docker Builds	UNKNOWN STEP	2025-12-10T21:33:41.8015604Z  Version:           28.0.4
Validate Docker Builds	UNKNOWN STEP	2025-12-10T21:33:41.8015996Z  API version:       1.48
Validate Docker Builds	UNKNOWN STEP	2025-12-10T21:33:41.8016350Z  Go version:        go1.23.7
Validate Docker Builds	UNKNOWN STEP	2025-12-10T21:33:41.8016706Z  Git commit:        b8034c0
Validate Docker Builds	UNKNOWN STEP	2025-12-10T21:33:41.8017077Z  Built:             Tue Mar 25 15:07:16 2025
Validate Docker Builds	UNKNOWN STEP	2025-12-10T21:33:41.8017489Z  OS/Arch:           linux/amd64
Validate Docker Builds	UNKNOWN STEP	2025-12-10T21:33:41.8017836Z  Context:           default
Validate Docker Builds	UNKNOWN STEP	2025-12-10T21:33:41.8018067Z 
Validate Docker Builds	UNKNOWN STEP	2025-12-10T21:33:41.8018220Z Server: Docker Engine - Community
Validate Docker Builds	UNKNOWN STEP	2025-12-10T21:33:41.8018584Z  Engine:
Validate Docker Builds	UNKNOWN STEP	2025-12-10T21:33:41.8018856Z   Version:          28.0.4
Validate Docker Builds	UNKNOWN STEP	2025-12-10T21:33:41.8019230Z   API version:      1.48 (minimum version 1.24)
Validate Docker Builds	UNKNOWN STEP	2025-12-10T21:33:41.8019664Z   Go version:       go1.23.7
Validate Docker Builds	UNKNOWN STEP	2025-12-10T21:33:41.8020010Z   Git commit:       6430e49
Validate Docker Builds	UNKNOWN STEP	2025-12-10T21:33:41.8020367Z   Built:            Tue Mar 25 15:07:16 2025
Validate Docker Builds	UNKNOWN STEP	2025-12-10T21:33:41.8020763Z   OS/Arch:          linux/amd64
Validate Docker Builds	UNKNOWN STEP	2025-12-10T21:33:41.8021118Z   Experimental:     false
Validate Docker Builds	UNKNOWN STEP	2025-12-10T21:33:41.8021443Z  containerd:
Validate Docker Builds	UNKNOWN STEP	2025-12-10T21:33:41.8021722Z   Version:          v2.1.5
Validate Docker Builds	UNKNOWN STEP	2025-12-10T21:33:41.8022165Z   GitCommit:        fcd43222d6b07379a4be9786bda52438f0dd16a1
Validate Docker Builds	UNKNOWN STEP	2025-12-10T21:33:41.8022628Z  runc:
Validate Docker Builds	UNKNOWN STEP	2025-12-10T21:33:41.8022900Z   Version:          1.3.3
Validate Docker Builds	UNKNOWN STEP	2025-12-10T21:33:41.8023435Z   GitCommit:        v1.3.3-0-gd842d771
Validate Docker Builds	UNKNOWN STEP	2025-12-10T21:33:41.8023852Z  docker-init:
Validate Docker Builds	UNKNOWN STEP	2025-12-10T21:33:41.8024142Z   Version:          0.19.0
Validate Docker Builds	UNKNOWN STEP	2025-12-10T21:33:41.8024490Z   GitCommit:        de40ad0
Validate Docker Builds	UNKNOWN STEP	2025-12-10T21:33:41.8064465Z [command]/usr/bin/docker info
Validate Docker Builds	UNKNOWN STEP	2025-12-10T21:33:41.8524624Z Client: Docker Engine - Community
Validate Docker Builds	UNKNOWN STEP	2025-12-10T21:33:41.8525166Z  Version:    28.0.4
Validate Docker Builds	UNKNOWN STEP	2025-12-10T21:33:41.8525793Z  Context:    default
Validate Docker Builds	UNKNOWN STEP	2025-12-10T21:33:41.8526124Z  Debug Mode: false
Validate Docker Builds	UNKNOWN STEP	2025-12-10T21:33:41.8526425Z  Plugins:
Validate Docker Builds	UNKNOWN STEP	2025-12-10T21:33:41.8526737Z   buildx: Docker Buildx (Docker Inc.)
Validate Docker Builds	UNKNOWN STEP	2025-12-10T21:33:41.8527147Z     Version:  v0.30.1
Validate Docker Builds	UNKNOWN STEP	2025-12-10T21:33:41.8527567Z     Path:     /usr/libexec/docker/cli-plugins/docker-buildx
Validate Docker Builds	UNKNOWN STEP	2025-12-10T21:33:41.8528075Z   compose: Docker Compose (Docker Inc.)
Validate Docker Builds	UNKNOWN STEP	2025-12-10T21:33:41.8528500Z     Version:  v2.38.2
Validate Docker Builds	UNKNOWN STEP	2025-12-10T21:33:41.8528899Z     Path:     /usr/libexec/docker/cli-plugins/docker-compose
Validate Docker Builds	UNKNOWN STEP	2025-12-10T21:33:41.8529261Z 
Validate Docker Builds	UNKNOWN STEP	2025-12-10T21:33:41.8529358Z Server:
Validate Docker Builds	UNKNOWN STEP	2025-12-10T21:33:41.8529603Z  Containers: 1
Validate Docker Builds	UNKNOWN STEP	2025-12-10T21:33:41.8529887Z   Running: 1
Validate Docker Builds	UNKNOWN STEP	2025-12-10T21:33:41.8530146Z   Paused: 0
Validate Docker Builds	UNKNOWN STEP	2025-12-10T21:33:41.8530403Z   Stopped: 0
Validate Docker Builds	UNKNOWN STEP	2025-12-10T21:33:41.8530666Z  Images: 1
Validate Docker Builds	UNKNOWN STEP	2025-12-10T21:33:41.8530940Z  Server Version: 28.0.4
Validate Docker Builds	UNKNOWN STEP	2025-12-10T21:33:41.8531264Z  Storage Driver: overlay2
Validate Docker Builds	UNKNOWN STEP	2025-12-10T21:33:41.8531595Z   Backing Filesystem: extfs
Validate Docker Builds	UNKNOWN STEP	2025-12-10T21:33:41.8531948Z   Supports d_type: true
Validate Docker Builds	UNKNOWN STEP	2025-12-10T21:33:41.8532158Z   Using metacopy: false
Validate Docker Builds	UNKNOWN STEP	2025-12-10T21:33:41.8532359Z   Native Overlay Diff: false
Validate Docker Builds	UNKNOWN STEP	2025-12-10T21:33:41.8532559Z   userxattr: false
Validate Docker Builds	UNKNOWN STEP	2025-12-10T21:33:41.8532748Z  Logging Driver: json-file
Validate Docker Builds	UNKNOWN STEP	2025-12-10T21:33:41.8532951Z  Cgroup Driver: systemd
Validate Docker Builds	UNKNOWN STEP	2025-12-10T21:33:41.8533162Z  Cgroup Version: 2
Validate Docker Builds	UNKNOWN STEP	2025-12-10T21:33:41.8533890Z  Plugins:
Validate Docker Builds	UNKNOWN STEP	2025-12-10T21:33:41.8534062Z   Volume: local
Validate Docker Builds	UNKNOWN STEP	2025-12-10T21:33:41.8534565Z   Network: bridge host ipvlan macvlan null overlay
Validate Docker Builds	UNKNOWN STEP	2025-12-10T21:33:41.8534953Z   Log: awslogs fluentd gcplogs gelf journald json-file local splunk syslog
Validate Docker Builds	UNKNOWN STEP	2025-12-10T21:33:41.8535292Z  Swarm: inactive
Validate Docker Builds	UNKNOWN STEP	2025-12-10T21:33:41.8535485Z  Runtimes: io.containerd.runc.v2 runc
Validate Docker Builds	UNKNOWN STEP	2025-12-10T21:33:41.8535724Z  Default Runtime: runc
Validate Docker Builds	UNKNOWN STEP	2025-12-10T21:33:41.8535921Z  Init Binary: docker-init
Validate Docker Builds	UNKNOWN STEP	2025-12-10T21:33:41.8536201Z  containerd version: fcd43222d6b07379a4be9786bda52438f0dd16a1
Validate Docker Builds	UNKNOWN STEP	2025-12-10T21:33:41.8536514Z  runc version: v1.3.3-0-gd842d771
Validate Docker Builds	UNKNOWN STEP	2025-12-10T21:33:41.8536731Z  init version: de40ad0
Validate Docker Builds	UNKNOWN STEP	2025-12-10T21:33:41.8536921Z  Security Options:
Validate Docker Builds	UNKNOWN STEP	2025-12-10T21:33:41.8537094Z   apparmor
Validate Docker Builds	UNKNOWN STEP	2025-12-10T21:33:41.8537252Z   seccomp
Validate Docker Builds	UNKNOWN STEP	2025-12-10T21:33:41.8537403Z    Profile: builtin
Validate Docker Builds	UNKNOWN STEP	2025-12-10T21:33:41.8537572Z   cgroupns
Validate Docker Builds	UNKNOWN STEP	2025-12-10T21:33:41.8537734Z  Kernel Version: 6.11.0-1018-azure
Validate Docker Builds	UNKNOWN STEP	2025-12-10T21:33:41.8537966Z  Operating System: Ubuntu 24.04.3 LTS
Validate Docker Builds	UNKNOWN STEP	2025-12-10T21:33:41.8538187Z  OSType: linux
Validate Docker Builds	UNKNOWN STEP	2025-12-10T21:33:41.8538370Z  Architecture: x86_64
Validate Docker Builds	UNKNOWN STEP	2025-12-10T21:33:41.8538552Z  CPUs: 4
Validate Docker Builds	UNKNOWN STEP	2025-12-10T21:33:41.8538710Z  Total Memory: 15.62GiB
Validate Docker Builds	UNKNOWN STEP	2025-12-10T21:33:41.8538898Z  Name: runnervmoqczp
Validate Docker Builds	UNKNOWN STEP	2025-12-10T21:33:41.8539096Z  ID: 4ce6fa60-2f23-4ac2-b56a-0440c85af90a
Validate Docker Builds	UNKNOWN STEP	2025-12-10T21:33:41.8539352Z  Docker Root Dir: /var/lib/docker
Validate Docker Builds	UNKNOWN STEP	2025-12-10T21:33:41.8539558Z  Debug Mode: false
Validate Docker Builds	UNKNOWN STEP	2025-12-10T21:33:41.8539740Z  Username: githubactions
Validate Docker Builds	UNKNOWN STEP	2025-12-10T21:33:41.8540036Z  Experimental: false
Validate Docker Builds	UNKNOWN STEP	2025-12-10T21:33:41.8540352Z  Insecure Registries:
Validate Docker Builds	UNKNOWN STEP	2025-12-10T21:33:41.8540703Z   ::1/128
Validate Docker Builds	UNKNOWN STEP	2025-12-10T21:33:41.8540969Z   127.0.0.0/8
Validate Docker Builds	UNKNOWN STEP	2025-12-10T21:33:41.8541262Z  Live Restore Enabled: false
Validate Docker Builds	UNKNOWN STEP	2025-12-10T21:33:41.8541506Z 
Validate Docker Builds	UNKNOWN STEP	2025-12-10T21:33:41.8545852Z ##[endgroup]
Validate Docker Builds	UNKNOWN STEP	2025-12-10T21:33:41.8546379Z ##[group]Proxy configuration
Validate Docker Builds	UNKNOWN STEP	2025-12-10T21:33:41.8549908Z No proxy configuration found
Validate Docker Builds	UNKNOWN STEP	2025-12-10T21:33:41.8550565Z ##[endgroup]
Validate Docker Builds	UNKNOWN STEP	2025-12-10T21:33:41.9105906Z ##[group]Buildx version
Validate Docker Builds	UNKNOWN STEP	2025-12-10T21:33:41.9133240Z [command]/usr/bin/docker buildx version
Validate Docker Builds	UNKNOWN STEP	2025-12-10T21:33:41.9655362Z github.com/docker/buildx v0.30.1 9e66234aa13328a5e75b75aa5574e1ca6d6d9c01
Validate Docker Builds	UNKNOWN STEP	2025-12-10T21:33:41.9687756Z ##[endgroup]
Validate Docker Builds	UNKNOWN STEP	2025-12-10T21:33:41.9688341Z ##[group]Builder info
Validate Docker Builds	UNKNOWN STEP	2025-12-10T21:33:42.0566972Z {
Validate Docker Builds	UNKNOWN STEP	2025-12-10T21:33:42.0568902Z   "nodes": [
Validate Docker Builds	UNKNOWN STEP	2025-12-10T21:33:42.0571358Z     {
Validate Docker Builds	UNKNOWN STEP	2025-12-10T21:33:42.0571770Z       "name": "builder-0a4caf52-08dc-4a0b-8c5f-053a2861ee2f0",
Validate Docker Builds	UNKNOWN STEP	2025-12-10T21:33:42.0572413Z       "endpoint": "unix:///var/run/docker.sock",
Validate Docker Builds	UNKNOWN STEP	2025-12-10T21:33:42.0573546Z       "status": "running",
Validate Docker Builds	UNKNOWN STEP	2025-12-10T21:33:42.0574399Z       "buildkitd-flags": "--allow-insecure-entitlement security.insecure --allow-insecure-entitlement network.host",
Validate Docker Builds	UNKNOWN STEP	2025-12-10T21:33:42.0580566Z       "buildkit": "v0.26.2",
Validate Docker Builds	UNKNOWN STEP	2025-12-10T21:33:42.0581150Z       "platforms": "linux/amd64,linux/amd64/v2,linux/amd64/v3,linux/386",
Validate Docker Builds	UNKNOWN STEP	2025-12-10T21:33:42.0581722Z       "features": {
Validate Docker Builds	UNKNOWN STEP	2025-12-10T21:33:42.0582206Z         "Automatically load images to the Docker Engine image store": true,
Validate Docker Builds	UNKNOWN STEP	2025-12-10T21:33:42.0582813Z         "Cache export": true,
Validate Docker Builds	UNKNOWN STEP	2025-12-10T21:33:42.0583229Z         "Direct push": true,
Validate Docker Builds	UNKNOWN STEP	2025-12-10T21:33:42.0583812Z         "Docker exporter": true,
Validate Docker Builds	UNKNOWN STEP	2025-12-10T21:33:42.0584248Z         "Multi-platform build": true,
Validate Docker Builds	UNKNOWN STEP	2025-12-10T21:33:42.0584690Z         "OCI exporter": true
Validate Docker Builds	UNKNOWN STEP	2025-12-10T21:33:42.0585050Z       },
Validate Docker Builds	UNKNOWN STEP	2025-12-10T21:33:42.0585318Z       "labels": {
Validate Docker Builds	UNKNOWN STEP	2025-12-10T21:33:42.0585746Z         "org.mobyproject.buildkit.worker.executor": "oci",
Validate Docker Builds	UNKNOWN STEP	2025-12-10T21:33:42.0586434Z         "org.mobyproject.buildkit.worker.hostname": "a799b1f929bd",
Validate Docker Builds	UNKNOWN STEP	2025-12-10T21:33:42.0587122Z         "org.mobyproject.buildkit.worker.network": "host",
Validate Docker Builds	UNKNOWN STEP	2025-12-10T21:33:42.0587852Z         "org.mobyproject.buildkit.worker.oci.process-mode": "sandbox",
Validate Docker Builds	UNKNOWN STEP	2025-12-10T21:33:42.0588612Z         "org.mobyproject.buildkit.worker.selinux.enabled": "false",
Validate Docker Builds	UNKNOWN STEP	2025-12-10T21:33:42.0589356Z         "org.mobyproject.buildkit.worker.snapshotter": "overlayfs"
Validate Docker Builds	UNKNOWN STEP	2025-12-10T21:33:42.0589911Z       },
Validate Docker Builds	UNKNOWN STEP	2025-12-10T21:33:42.0590190Z       "gcPolicy": [
Validate Docker Builds	UNKNOWN STEP	2025-12-10T21:33:42.0590481Z         {
Validate Docker Builds	UNKNOWN STEP	2025-12-10T21:33:42.0591024Z           "all": false,
Validate Docker Builds	UNKNOWN STEP	2025-12-10T21:33:42.0591370Z           "filter": [
Validate Docker Builds	UNKNOWN STEP	2025-12-10T21:33:42.0591707Z             "type==source.local",
Validate Docker Builds	UNKNOWN STEP	2025-12-10T21:33:42.0592108Z             "type==exec.cachemount",
Validate Docker Builds	UNKNOWN STEP	2025-12-10T21:33:42.0592543Z             "type==source.git.checkout"
Validate Docker Builds	UNKNOWN STEP	2025-12-10T21:33:42.0592942Z           ],
Validate Docker Builds	UNKNOWN STEP	2025-12-10T21:33:42.0593462Z           "keepDuration": "48h0m0s"
Validate Docker Builds	UNKNOWN STEP	2025-12-10T21:33:42.0593878Z         },
Validate Docker Builds	UNKNOWN STEP	2025-12-10T21:33:42.0594145Z         {
Validate Docker Builds	UNKNOWN STEP	2025-12-10T21:33:42.0594417Z           "all": false,
Validate Docker Builds	UNKNOWN STEP	2025-12-10T21:33:42.0594770Z           "keepDuration": "1440h0m0s"
Validate Docker Builds	UNKNOWN STEP	2025-12-10T21:33:42.0595174Z         },
Validate Docker Builds	UNKNOWN STEP	2025-12-10T21:33:42.0595438Z         {
Validate Docker Builds	UNKNOWN STEP	2025-12-10T21:33:42.0595723Z           "all": false
Validate Docker Builds	UNKNOWN STEP	2025-12-10T21:33:42.0596031Z         },
Validate Docker Builds	UNKNOWN STEP	2025-12-10T21:33:42.0596299Z         {
Validate Docker Builds	UNKNOWN STEP	2025-12-10T21:33:42.0596573Z           "all": true
Validate Docker Builds	UNKNOWN STEP	2025-12-10T21:33:42.0596877Z         }
Validate Docker Builds	UNKNOWN STEP	2025-12-10T21:33:42.0597136Z       ]
Validate Docker Builds	UNKNOWN STEP	2025-12-10T21:33:42.0597400Z     }
Validate Docker Builds	UNKNOWN STEP	2025-12-10T21:33:42.0597637Z   ],
Validate Docker Builds	UNKNOWN STEP	2025-12-10T21:33:42.0598039Z   "name": "builder-0a4caf52-08dc-4a0b-8c5f-053a2861ee2f",
Validate Docker Builds	UNKNOWN STEP	2025-12-10T21:33:42.0598592Z   "driver": "docker-container",
Validate Docker Builds	UNKNOWN STEP	2025-12-10T21:33:42.0599018Z   "lastActivity": "2025-12-10T21:33:37.000Z"
Validate Docker Builds	UNKNOWN STEP	2025-12-10T21:33:42.0599426Z }
Validate Docker Builds	UNKNOWN STEP	2025-12-10T21:33:42.0600088Z ##[endgroup]
Validate Docker Builds	UNKNOWN STEP	2025-12-10T21:33:42.2250122Z [command]/usr/bin/docker buildx build --cache-from type=gha --cache-to type=gha,mode=max --file ./Dockerfile --iidfile /home/runner/work/_temp/docker-actions-toolkit-sOgbwk/build-iidfile-624e9fa723.txt --attest type=provenance,mode=max,builder-id=https://github.com/rodjac-lab/OpenWatt/actions/runs/20113941118 --tag openwatt-api:test --metadata-file /home/runner/work/_temp/docker-actions-toolkit-sOgbwk/build-metadata-11f20fd469.json .
Validate Docker Builds	UNKNOWN STEP	2025-12-10T21:33:42.5430154Z #0 building with "builder-0a4caf52-08dc-4a0b-8c5f-053a2861ee2f" instance using docker-container driver
Validate Docker Builds	UNKNOWN STEP	2025-12-10T21:33:42.5430728Z 
Validate Docker Builds	UNKNOWN STEP	2025-12-10T21:33:42.5430886Z #1 [internal] load build definition from Dockerfile
Validate Docker Builds	UNKNOWN STEP	2025-12-10T21:33:42.5431295Z #1 transferring dockerfile: 1.61kB done
Validate Docker Builds	UNKNOWN STEP	2025-12-10T21:33:42.5431734Z #1 WARN: FromAsCasing: 'as' and 'FROM' keywords' casing do not match (line 5)
Validate Docker Builds	UNKNOWN STEP	2025-12-10T21:33:42.5432151Z #1 DONE 0.0s
Validate Docker Builds	UNKNOWN STEP	2025-12-10T21:33:42.5432284Z 
Validate Docker Builds	UNKNOWN STEP	2025-12-10T21:33:42.5432488Z #2 [internal] load metadata for docker.io/library/python:3.11-slim
Validate Docker Builds	UNKNOWN STEP	2025-12-10T21:33:42.7317250Z #2 ...
Validate Docker Builds	UNKNOWN STEP	2025-12-10T21:33:42.7317657Z 
Validate Docker Builds	UNKNOWN STEP	2025-12-10T21:33:42.7318393Z #3 [auth] library/python:pull token for registry-1.docker.io
Validate Docker Builds	UNKNOWN STEP	2025-12-10T21:33:42.7318746Z #3 DONE 0.0s
Validate Docker Builds	UNKNOWN STEP	2025-12-10T21:33:42.8804983Z 
Validate Docker Builds	UNKNOWN STEP	2025-12-10T21:33:42.8805472Z #2 [internal] load metadata for docker.io/library/python:3.11-slim
Validate Docker Builds	UNKNOWN STEP	2025-12-10T21:33:43.3133016Z #2 DONE 0.9s
Validate Docker Builds	UNKNOWN STEP	2025-12-10T21:33:43.4789024Z 
Validate Docker Builds	UNKNOWN STEP	2025-12-10T21:33:43.4789531Z #4 [internal] load .dockerignore
Validate Docker Builds	UNKNOWN STEP	2025-12-10T21:33:43.4790076Z #4 transferring context: 2B done
Validate Docker Builds	UNKNOWN STEP	2025-12-10T21:33:43.4790382Z #4 DONE 0.0s
Validate Docker Builds	UNKNOWN STEP	2025-12-10T21:33:43.4790525Z 
Validate Docker Builds	UNKNOWN STEP	2025-12-10T21:33:43.4790626Z #5 [internal] load build context
Validate Docker Builds	UNKNOWN STEP	2025-12-10T21:33:43.4790893Z #5 DONE 0.0s
Validate Docker Builds	UNKNOWN STEP	2025-12-10T21:33:43.4791040Z 
Validate Docker Builds	UNKNOWN STEP	2025-12-10T21:33:43.4791509Z #6 [builder 1/5] FROM docker.io/library/python:3.11-slim@sha256:7cd0079a9bd8800c81632d65251048fc2848bf9afda542224b1b10e0cae45575
Validate Docker Builds	UNKNOWN STEP	2025-12-10T21:33:43.4792559Z #6 resolve docker.io/library/python:3.11-slim@sha256:7cd0079a9bd8800c81632d65251048fc2848bf9afda542224b1b10e0cae45575 done
Validate Docker Builds	UNKNOWN STEP	2025-12-10T21:33:43.4793216Z #6 DONE 0.0s
Validate Docker Builds	UNKNOWN STEP	2025-12-10T21:33:43.4793591Z 
Validate Docker Builds	UNKNOWN STEP	2025-12-10T21:33:43.4793767Z #7 importing cache manifest from gha:3439685213455589534
Validate Docker Builds	UNKNOWN STEP	2025-12-10T21:33:43.7287988Z #7 DONE 0.4s
Validate Docker Builds	UNKNOWN STEP	2025-12-10T21:33:43.9048527Z 
Validate Docker Builds	UNKNOWN STEP	2025-12-10T21:33:43.9048891Z #5 [internal] load build context
Validate Docker Builds	UNKNOWN STEP	2025-12-10T21:33:43.9049473Z #5 transferring context: 110.44kB 0.0s done
Validate Docker Builds	UNKNOWN STEP	2025-12-10T21:33:43.9049877Z #5 DONE 0.0s
Validate Docker Builds	UNKNOWN STEP	2025-12-10T21:33:43.9050067Z 
Validate Docker Builds	UNKNOWN STEP	2025-12-10T21:33:43.9050380Z #8 [stage-1 7/9] COPY --chown=openwatt:openwatt parsers/ ./parsers/
Validate Docker Builds	UNKNOWN STEP	2025-12-10T21:33:43.9051019Z #8 CACHED
Validate Docker Builds	UNKNOWN STEP	2025-12-10T21:33:43.9051207Z 
Validate Docker Builds	UNKNOWN STEP	2025-12-10T21:33:43.9051487Z #9 [stage-1 8/9] COPY --chown=openwatt:openwatt ingest/ ./ingest/
Validate Docker Builds	UNKNOWN STEP	2025-12-10T21:33:43.9052353Z #9 CACHED
Validate Docker Builds	UNKNOWN STEP	2025-12-10T21:33:43.9052485Z 
Validate Docker Builds	UNKNOWN STEP	2025-12-10T21:33:43.9052670Z #10 [stage-1 3/9] WORKDIR /app
Validate Docker Builds	UNKNOWN STEP	2025-12-10T21:33:43.9053047Z #10 CACHED
Validate Docker Builds	UNKNOWN STEP	2025-12-10T21:33:43.9053213Z 
Validate Docker Builds	UNKNOWN STEP	2025-12-10T21:33:43.9053584Z #11 [builder 2/5] WORKDIR /build
Validate Docker Builds	UNKNOWN STEP	2025-12-10T21:33:43.9053997Z #11 CACHED
Validate Docker Builds	UNKNOWN STEP	2025-12-10T21:33:43.9054188Z 
Validate Docker Builds	UNKNOWN STEP	2025-12-10T21:33:43.9054795Z #12 [builder 3/5] RUN apt-get update && apt-get install -y --no-install-recommends     gcc     && rm -rf /var/lib/apt/lists/*
Validate Docker Builds	UNKNOWN STEP	2025-12-10T21:33:43.9055642Z #12 CACHED
Validate Docker Builds	UNKNOWN STEP	2025-12-10T21:33:43.9055826Z 
Validate Docker Builds	UNKNOWN STEP	2025-12-10T21:33:43.9056028Z #13 [stage-1 6/9] COPY --chown=openwatt:openwatt db/ ./db/
Validate Docker Builds	UNKNOWN STEP	2025-12-10T21:33:43.9056441Z #13 CACHED
Validate Docker Builds	UNKNOWN STEP	2025-12-10T21:33:43.9056579Z 
Validate Docker Builds	UNKNOWN STEP	2025-12-10T21:33:43.9056846Z #14 [stage-1 5/9] COPY --chown=openwatt:openwatt api/ ./api/
Validate Docker Builds	UNKNOWN STEP	2025-12-10T21:33:43.9057211Z #14 CACHED
Validate Docker Builds	UNKNOWN STEP	2025-12-10T21:33:43.9057318Z 
Validate Docker Builds	UNKNOWN STEP	2025-12-10T21:33:43.9057596Z #15 [stage-1 4/9] COPY --from=builder --chown=openwatt:openwatt /root/.local /home/openwatt/.local
Validate Docker Builds	UNKNOWN STEP	2025-12-10T21:33:43.9058166Z #15 CACHED
Validate Docker Builds	UNKNOWN STEP	2025-12-10T21:33:43.9058272Z 
Validate Docker Builds	UNKNOWN STEP	2025-12-10T21:33:43.9058583Z #16 [stage-1 2/9] RUN useradd -m -u 1000 openwatt &&     mkdir -p /app &&     chown -R openwatt:openwatt /app
Validate Docker Builds	UNKNOWN STEP	2025-12-10T21:33:43.9059040Z #16 CACHED
Validate Docker Builds	UNKNOWN STEP	2025-12-10T21:33:43.9059152Z 
Validate Docker Builds	UNKNOWN STEP	2025-12-10T21:33:43.9059258Z #17 [builder 4/5] COPY requirements.txt .
Validate Docker Builds	UNKNOWN STEP	2025-12-10T21:33:43.9059597Z #17 CACHED
Validate Docker Builds	UNKNOWN STEP	2025-12-10T21:33:43.9059737Z 
Validate Docker Builds	UNKNOWN STEP	2025-12-10T21:33:43.9060090Z #18 [builder 5/5] RUN pip install --no-cache-dir --user -r requirements.txt
Validate Docker Builds	UNKNOWN STEP	2025-12-10T21:33:43.9060563Z #18 CACHED
Validate Docker Builds	UNKNOWN STEP	2025-12-10T21:33:43.9060726Z 
Validate Docker Builds	UNKNOWN STEP	2025-12-10T21:33:43.9060992Z #19 [stage-1 9/9] COPY --chown=openwatt:openwatt scripts/ ./scripts/
Validate Docker Builds	UNKNOWN STEP	2025-12-10T21:33:43.9406317Z #19 CACHED
Validate Docker Builds	UNKNOWN STEP	2025-12-10T21:33:44.0921213Z 
Validate Docker Builds	UNKNOWN STEP	2025-12-10T21:33:44.0921706Z #20 exporting to GitHub Actions Cache
Validate Docker Builds	UNKNOWN STEP	2025-12-10T21:33:44.0922076Z #20 preparing build cache for export
Validate Docker Builds	UNKNOWN STEP	2025-12-10T21:34:03.6789749Z #20 preparing build cache for export 19.7s done
Validate Docker Builds	UNKNOWN STEP	2025-12-10T21:34:03.6790472Z #20 DONE 19.7s
Validate Docker Builds	UNKNOWN STEP	2025-12-10T21:34:03.6982260Z 
Validate Docker Builds	UNKNOWN STEP	2025-12-10T21:34:03.6982604Z #21 resolving provenance for metadata file
Validate Docker Builds	UNKNOWN STEP	2025-12-10T21:34:03.6983051Z #21 DONE 0.0s
Validate Docker Builds	UNKNOWN STEP	2025-12-10T21:34:03.6984368Z WARNING: No output specified with docker-container driver. Build result will only remain in the build cache. To push result image into registry use --push or to load image into docker use --load
Validate Docker Builds	UNKNOWN STEP	2025-12-10T21:34:03.6987043Z 
Validate Docker Builds	UNKNOWN STEP	2025-12-10T21:34:03.6987939Z  [33m1 warning found (use docker --debug to expand):
Validate Docker Builds	UNKNOWN STEP	2025-12-10T21:34:03.6989023Z [0m - FromAsCasing: 'as' and 'FROM' keywords' casing do not match (line 5)
Validate Docker Builds	UNKNOWN STEP	2025-12-10T21:34:03.7078559Z ##[group]Metadata
Validate Docker Builds	UNKNOWN STEP	2025-12-10T21:34:03.7079084Z {
Validate Docker Builds	UNKNOWN STEP	2025-12-10T21:34:03.7079370Z   "buildx.build.provenance": {
Validate Docker Builds	UNKNOWN STEP	2025-12-10T21:34:03.7079734Z     "builder": {
Validate Docker Builds	UNKNOWN STEP	2025-12-10T21:34:03.7080228Z       "id": "https://github.com/rodjac-lab/OpenWatt/actions/runs/20113941118"
Validate Docker Builds	UNKNOWN STEP	2025-12-10T21:34:03.7080773Z     },
Validate Docker Builds	UNKNOWN STEP	2025-12-10T21:34:03.7081123Z     "buildType": "https://mobyproject.org/buildkit@v1",
Validate Docker Builds	UNKNOWN STEP	2025-12-10T21:34:03.7081624Z     "materials": [
Validate Docker Builds	UNKNOWN STEP	2025-12-10T21:34:03.7081853Z       {
Validate Docker Builds	UNKNOWN STEP	2025-12-10T21:34:03.7082101Z         "uri": "pkg:docker/python@3.11-slim?platform=linux%2Famd64",
Validate Docker Builds	UNKNOWN STEP	2025-12-10T21:34:03.7082382Z         "digest": {
Validate Docker Builds	UNKNOWN STEP	2025-12-10T21:34:03.7082677Z           "sha256": "7cd0079a9bd8800c81632d65251048fc2848bf9afda542224b1b10e0cae45575"
Validate Docker Builds	UNKNOWN STEP	2025-12-10T21:34:03.7083006Z         }
Validate Docker Builds	UNKNOWN STEP	2025-12-10T21:34:03.7083155Z       }
Validate Docker Builds	UNKNOWN STEP	2025-12-10T21:34:03.7083663Z     ],
Validate Docker Builds	UNKNOWN STEP	2025-12-10T21:34:03.7083856Z     "invocation": {
Validate Docker Builds	UNKNOWN STEP	2025-12-10T21:34:03.7084037Z       "configSource": {
Validate Docker Builds	UNKNOWN STEP	2025-12-10T21:34:03.7084243Z         "entryPoint": "Dockerfile"
Validate Docker Builds	UNKNOWN STEP	2025-12-10T21:34:03.7084448Z       },
Validate Docker Builds	UNKNOWN STEP	2025-12-10T21:34:03.7084607Z       "parameters": {
Validate Docker Builds	UNKNOWN STEP	2025-12-10T21:34:03.7084855Z         "frontend": "dockerfile.v0",
Validate Docker Builds	UNKNOWN STEP	2025-12-10T21:34:03.7085072Z         "locals": [
Validate Docker Builds	UNKNOWN STEP	2025-12-10T21:34:03.7085244Z           {
Validate Docker Builds	UNKNOWN STEP	2025-12-10T21:34:03.7085414Z             "name": "context"
Validate Docker Builds	UNKNOWN STEP	2025-12-10T21:34:03.7085601Z           },
Validate Docker Builds	UNKNOWN STEP	2025-12-10T21:34:03.7085756Z           {
Validate Docker Builds	UNKNOWN STEP	2025-12-10T21:34:03.7085912Z             "name": "dockerfile"
Validate Docker Builds	UNKNOWN STEP	2025-12-10T21:34:03.7086484Z           }
Validate Docker Builds	UNKNOWN STEP	2025-12-10T21:34:03.7086653Z         ]
Validate Docker Builds	UNKNOWN STEP	2025-12-10T21:34:03.7086799Z       },
Validate Docker Builds	UNKNOWN STEP	2025-12-10T21:34:03.7086953Z       "environment": {
Validate Docker Builds	UNKNOWN STEP	2025-12-10T21:34:03.7087158Z         "github_actor": "rodjac-lab",
Validate Docker Builds	UNKNOWN STEP	2025-12-10T21:34:03.7087389Z         "github_actor_id": "232446658",
Validate Docker Builds	UNKNOWN STEP	2025-12-10T21:34:03.7087625Z         "github_event_name": "push",
Validate Docker Builds	UNKNOWN STEP	2025-12-10T21:34:03.7087851Z         "github_event_payload": {
Validate Docker Builds	UNKNOWN STEP	2025-12-10T21:34:03.7088126Z           "after": "c800eaf04d48a63e38c3f29a7dd53709a0c1fef9",
Validate Docker Builds	UNKNOWN STEP	2025-12-10T21:34:03.7088396Z           "base_ref": null,
Validate Docker Builds	UNKNOWN STEP	2025-12-10T21:34:03.7088628Z           "before": "3bb43724a318fa47d492cb7da48396e170703a87",
Validate Docker Builds	UNKNOWN STEP	2025-12-10T21:34:03.7088885Z           "commits": [
Validate Docker Builds	UNKNOWN STEP	2025-12-10T21:34:03.7089052Z             {
Validate Docker Builds	UNKNOWN STEP	2025-12-10T21:34:03.7089216Z               "author": {
Validate Docker Builds	UNKNOWN STEP	2025-12-10T21:34:03.7089425Z                 "email": "rodolphe.jacson@gmail.com",
Validate Docker Builds	UNKNOWN STEP	2025-12-10T21:34:03.7089683Z                 "name": "Rodolphe Jacson",
Validate Docker Builds	UNKNOWN STEP	2025-12-10T21:34:03.7089921Z                 "username": "rodjac-lab"
Validate Docker Builds	UNKNOWN STEP	2025-12-10T21:34:03.7090137Z               },
Validate Docker Builds	UNKNOWN STEP	2025-12-10T21:34:03.7090306Z               "committer": {
Validate Docker Builds	UNKNOWN STEP	2025-12-10T21:34:03.7090523Z                 "email": "rodolphe.jacson@gmail.com",
Validate Docker Builds	UNKNOWN STEP	2025-12-10T21:34:03.7090778Z                 "name": "Rodolphe Jacson",
Validate Docker Builds	UNKNOWN STEP	2025-12-10T21:34:03.7091003Z                 "username": "rodjac-lab"
Validate Docker Builds	UNKNOWN STEP	2025-12-10T21:34:03.7091215Z               },
Validate Docker Builds	UNKNOWN STEP	2025-12-10T21:34:03.7091385Z               "distinct": true,
Validate Docker Builds	UNKNOWN STEP	2025-12-10T21:34:03.7091622Z               "id": "c800eaf04d48a63e38c3f29a7dd53709a0c1fef9",
Validate Docker Builds	UNKNOWN STEP	2025-12-10T21:34:03.7094793Z               "message": "fix(tests): resolve asyncio event loop issue in test_tariff_history_filters\n\nChanged client fixture from function to session scope to prevent\nasyncio event loop conflicts between FastAPI TestClient and asyncpg.\n\nThe error \"Task got Future attached to a different loop\" occurred\nbecause TestClient was creating a new event loop for each test,\nwhile asyncpg connections retained references to the previous loop.\n\nAlso added asyncio_default_fixture_loop_scope = function to pytest.ini\nfor explicit loop scope control.\n\n­ƒñû Generated with [Claude Code](https://claude.com/claude-code)\n\nCo-Authored-By: Claude Sonnet 4.5 <noreply@anthropic.com>",
Validate Docker Builds	UNKNOWN STEP	2025-12-10T21:34:03.7096900Z               "timestamp": "2025-12-10T22:33:09+01:00",
Validate Docker Builds	UNKNOWN STEP	2025-12-10T21:34:03.7097182Z               "tree_id": "800215470d1f7091d8230fbd2892ab39bf10373d",
Validate Docker Builds	UNKNOWN STEP	2025-12-10T21:34:03.7097812Z               "url": "https://github.com/rodjac-lab/OpenWatt/commit/c800eaf04d48a63e38c3f29a7dd53709a0c1fef9"
Validate Docker Builds	UNKNOWN STEP	2025-12-10T21:34:03.7098199Z             }
Validate Docker Builds	UNKNOWN STEP	2025-12-10T21:34:03.7098357Z           ],
Validate Docker Builds	UNKNOWN STEP	2025-12-10T21:34:03.7098661Z           "compare": "https://github.com/rodjac-lab/OpenWatt/compare/3bb43724a318...c800eaf04d48",
Validate Docker Builds	UNKNOWN STEP	2025-12-10T21:34:03.7099032Z           "created": false,
Validate Docker Builds	UNKNOWN STEP	2025-12-10T21:34:03.7099230Z           "deleted": false,
Validate Docker Builds	UNKNOWN STEP	2025-12-10T21:34:03.7099418Z           "forced": false,
Validate Docker Builds	UNKNOWN STEP	2025-12-10T21:34:03.7099611Z           "head_commit": {
Validate Docker Builds	UNKNOWN STEP	2025-12-10T21:34:03.7099796Z             "author": {
Validate Docker Builds	UNKNOWN STEP	2025-12-10T21:34:03.7100003Z               "email": "rodolphe.jacson@gmail.com",
Validate Docker Builds	UNKNOWN STEP	2025-12-10T21:34:03.7100252Z               "name": "Rodolphe Jacson",
Validate Docker Builds	UNKNOWN STEP	2025-12-10T21:34:03.7100489Z               "username": "rodjac-lab"
Validate Docker Builds	UNKNOWN STEP	2025-12-10T21:34:03.7100697Z             },
Validate Docker Builds	UNKNOWN STEP	2025-12-10T21:34:03.7100866Z             "committer": {
Validate Docker Builds	UNKNOWN STEP	2025-12-10T21:34:03.7101069Z               "email": "rodolphe.jacson@gmail.com",
Validate Docker Builds	UNKNOWN STEP	2025-12-10T21:34:03.7101327Z               "name": "Rodolphe Jacson",
Validate Docker Builds	UNKNOWN STEP	2025-12-10T21:34:03.7101563Z               "username": "rodjac-lab"
Validate Docker Builds	UNKNOWN STEP	2025-12-10T21:34:03.7101766Z             },
Validate Docker Builds	UNKNOWN STEP	2025-12-10T21:34:03.7101935Z             "distinct": true,
Validate Docker Builds	UNKNOWN STEP	2025-12-10T21:34:03.7102165Z             "id": "c800eaf04d48a63e38c3f29a7dd53709a0c1fef9",
Validate Docker Builds	UNKNOWN STEP	2025-12-10T21:34:03.7105034Z             "message": "fix(tests): resolve asyncio event loop issue in test_tariff_history_filters\n\nChanged client fixture from function to session scope to prevent\nasyncio event loop conflicts between FastAPI TestClient and asyncpg.\n\nThe error \"Task got Future attached to a different loop\" occurred\nbecause TestClient was creating a new event loop for each test,\nwhile asyncpg connections retained references to the previous loop.\n\nAlso added asyncio_default_fixture_loop_scope = function to pytest.ini\nfor explicit loop scope control.\n\n­ƒñû Generated with [Claude Code](https://claude.com/claude-code)\n\nCo-Authored-By: Claude Sonnet 4.5 <noreply@anthropic.com>",
Validate Docker Builds	UNKNOWN STEP	2025-12-10T21:34:03.7107088Z             "timestamp": "2025-12-10T22:33:09+01:00",
Validate Docker Builds	UNKNOWN STEP	2025-12-10T21:34:03.7107365Z             "tree_id": "800215470d1f7091d8230fbd2892ab39bf10373d",
Validate Docker Builds	UNKNOWN STEP	2025-12-10T21:34:03.7107807Z             "url": "https://github.com/rodjac-lab/OpenWatt/commit/c800eaf04d48a63e38c3f29a7dd53709a0c1fef9"
Validate Docker Builds	UNKNOWN STEP	2025-12-10T21:34:03.7108206Z           },
Validate Docker Builds	UNKNOWN STEP	2025-12-10T21:34:03.7108366Z           "pusher": {
Validate Docker Builds	UNKNOWN STEP	2025-12-10T21:34:03.7108568Z             "email": "rodolphe.jacson@gmail.com",
Validate Docker Builds	UNKNOWN STEP	2025-12-10T21:34:03.7108816Z             "name": "rodjac-lab"
Validate Docker Builds	UNKNOWN STEP	2025-12-10T21:34:03.7109024Z           },
Validate Docker Builds	UNKNOWN STEP	2025-12-10T21:34:03.7109187Z           "ref": "refs/heads/main",
Validate Docker Builds	UNKNOWN STEP	2025-12-10T21:34:03.7109406Z           "repository": {
Validate Docker Builds	UNKNOWN STEP	2025-12-10T21:34:03.7109599Z             "allow_forking": true,
Validate Docker Builds	UNKNOWN STEP	2025-12-10T21:34:03.7109965Z             "archive_url": "https://api.github.com/repos/rodjac-lab/OpenWatt/{archive_format}{/ref}",
Validate Docker Builds	UNKNOWN STEP	2025-12-10T21:34:03.7110340Z             "archived": false,
Validate Docker Builds	UNKNOWN STEP	2025-12-10T21:34:03.7110682Z             "assignees_url": "https://api.github.com/repos/rodjac-lab/OpenWatt/assignees{/user}",
Validate Docker Builds	UNKNOWN STEP	2025-12-10T21:34:03.7111157Z             "blobs_url": "https://api.github.com/repos/rodjac-lab/OpenWatt/git/blobs{/sha}",
Validate Docker Builds	UNKNOWN STEP	2025-12-10T21:34:03.7111656Z             "branches_url": "https://api.github.com/repos/rodjac-lab/OpenWatt/branches{/branch}",
Validate Docker Builds	UNKNOWN STEP	2025-12-10T21:34:03.7112076Z             "clone_url": "https://github.com/rodjac-lab/OpenWatt.git",
Validate Docker Builds	UNKNOWN STEP	2025-12-10T21:34:03.7112547Z             "collaborators_url": "https://api.github.com/repos/rodjac-lab/OpenWatt/collaborators{/collaborator}",
Validate Docker Builds	UNKNOWN STEP	2025-12-10T21:34:03.7113095Z             "comments_url": "https://api.github.com/repos/rodjac-lab/OpenWatt/comments{/number}",
Validate Docker Builds	UNKNOWN STEP	2025-12-10T21:34:03.7113791Z             "commits_url": "https://api.github.com/repos/rodjac-lab/OpenWatt/commits{/sha}",
Validate Docker Builds	UNKNOWN STEP	2025-12-10T21:34:03.7114277Z             "compare_url": "https://api.github.com/repos/rodjac-lab/OpenWatt/compare/{base}...{head}",
Validate Docker Builds	UNKNOWN STEP	2025-12-10T21:34:03.7114781Z             "contents_url": "https://api.github.com/repos/rodjac-lab/OpenWatt/contents/{+path}",
Validate Docker Builds	UNKNOWN STEP	2025-12-10T21:34:03.7115445Z             "contributors_url": "https://api.github.com/repos/rodjac-lab/OpenWatt/contributors",
Validate Docker Builds	UNKNOWN STEP	2025-12-10T21:34:03.7115812Z             "created_at": 1762866531,
Validate Docker Builds	UNKNOWN STEP	2025-12-10T21:34:03.7116038Z             "default_branch": "main",
Validate Docker Builds	UNKNOWN STEP	2025-12-10T21:34:03.7116389Z             "deployments_url": "https://api.github.com/repos/rodjac-lab/OpenWatt/deployments",
Validate Docker Builds	UNKNOWN STEP	2025-12-10T21:34:03.7117077Z             "description": null,
Validate Docker Builds	UNKNOWN STEP	2025-12-10T21:34:03.7117445Z             "disabled": false,
Validate Docker Builds	UNKNOWN STEP	2025-12-10T21:34:03.7117978Z             "downloads_url": "https://api.github.com/repos/rodjac-lab/OpenWatt/downloads",
Validate Docker Builds	UNKNOWN STEP	2025-12-10T21:34:03.7118421Z             "events_url": "https://api.github.com/repos/rodjac-lab/OpenWatt/events",
Validate Docker Builds	UNKNOWN STEP	2025-12-10T21:34:03.7118742Z             "fork": false,
Validate Docker Builds	UNKNOWN STEP	2025-12-10T21:34:03.7118922Z             "forks": 0,
Validate Docker Builds	UNKNOWN STEP	2025-12-10T21:34:03.7119108Z             "forks_count": 0,
Validate Docker Builds	UNKNOWN STEP	2025-12-10T21:34:03.7119404Z             "forks_url": "https://api.github.com/repos/rodjac-lab/OpenWatt/forks",
Validate Docker Builds	UNKNOWN STEP	2025-12-10T21:34:03.7119739Z             "full_name": "rodjac-lab/OpenWatt",
Validate Docker Builds	UNKNOWN STEP	2025-12-10T21:34:03.7120117Z             "git_commits_url": "https://api.github.com/repos/rodjac-lab/OpenWatt/git/commits{/sha}",
Validate Docker Builds	UNKNOWN STEP	2025-12-10T21:34:03.7120589Z             "git_refs_url": "https://api.github.com/repos/rodjac-lab/OpenWatt/git/refs{/sha}",
Validate Docker Builds	UNKNOWN STEP	2025-12-10T21:34:03.7121034Z             "git_tags_url": "https://api.github.com/repos/rodjac-lab/OpenWatt/git/tags{/sha}",
Validate Docker Builds	UNKNOWN STEP	2025-12-10T21:34:03.7121572Z             "git_url": "git://github.com/rodjac-lab/OpenWatt.git",
Validate Docker Builds	UNKNOWN STEP	2025-12-10T21:34:03.7121862Z             "has_discussions": false,
Validate Docker Builds	UNKNOWN STEP	2025-12-10T21:34:03.7122084Z             "has_downloads": true,
Validate Docker Builds	UNKNOWN STEP	2025-12-10T21:34:03.7122289Z             "has_issues": true,
Validate Docker Builds	UNKNOWN STEP	2025-12-10T21:34:03.7122493Z             "has_pages": false,
Validate Docker Builds	UNKNOWN STEP	2025-12-10T21:34:03.7122691Z             "has_projects": true,
Validate Docker Builds	UNKNOWN STEP	2025-12-10T21:34:03.7122901Z             "has_wiki": true,
Validate Docker Builds	UNKNOWN STEP	2025-12-10T21:34:03.7123103Z             "homepage": null,
Validate Docker Builds	UNKNOWN STEP	2025-12-10T21:34:03.7123711Z             "hooks_url": "https://api.github.com/repos/rodjac-lab/OpenWatt/hooks",
Validate Docker Builds	UNKNOWN STEP	2025-12-10T21:34:03.7124085Z             "html_url": "https://github.com/rodjac-lab/OpenWatt",
Validate Docker Builds	UNKNOWN STEP	2025-12-10T21:34:03.7124457Z             "id": 1094248685,
Validate Docker Builds	UNKNOWN STEP	2025-12-10T21:34:03.7124809Z             "is_template": false,
Validate Docker Builds	UNKNOWN STEP	2025-12-10T21:34:03.7125485Z             "issue_comment_url": "https://api.github.com/repos/rodjac-lab/OpenWatt/issues/comments{/number}",
Validate Docker Builds	UNKNOWN STEP	2025-12-10T21:34:03.7126234Z             "issue_events_url": "https://api.github.com/repos/rodjac-lab/OpenWatt/issues/events{/number}",
Validate Docker Builds	UNKNOWN STEP	2025-12-10T21:34:03.7127133Z             "issues_url": "https://api.github.com/repos/rodjac-lab/OpenWatt/issues{/number}",
Validate Docker Builds	UNKNOWN STEP	2025-12-10T21:34:03.7127925Z             "keys_url": "https://api.github.com/repos/rodjac-lab/OpenWatt/keys{/key_id}",
Validate Docker Builds	UNKNOWN STEP	2025-12-10T21:34:03.7128719Z             "labels_url": "https://api.github.com/repos/rodjac-lab/OpenWatt/labels{/name}",
Validate Docker Builds	UNKNOWN STEP	2025-12-10T21:34:03.7129335Z             "language": "Python",
Validate Docker Builds	UNKNOWN STEP	2025-12-10T21:34:03.7129897Z             "languages_url": "https://api.github.com/repos/rodjac-lab/OpenWatt/languages",
Validate Docker Builds	UNKNOWN STEP	2025-12-10T21:34:03.7130499Z             "license": {
Validate Docker Builds	UNKNOWN STEP	2025-12-10T21:34:03.7130812Z               "key": "mit",
Validate Docker Builds	UNKNOWN STEP	2025-12-10T21:34:03.7131146Z               "name": "MIT License",
Validate Docker Builds	UNKNOWN STEP	2025-12-10T21:34:03.7131536Z               "node_id": "MDc6TGljZW5zZTEz",
Validate Docker Builds	UNKNOWN STEP	2025-12-10T21:34:03.7131934Z               "spdx_id": "MIT",
Validate Docker Builds	UNKNOWN STEP	2025-12-10T21:34:03.7132329Z               "url": "https://api.github.com/licenses/mit"
Validate Docker Builds	UNKNOWN STEP	2025-12-10T21:34:03.7132757Z             },
Validate Docker Builds	UNKNOWN STEP	2025-12-10T21:34:03.7133051Z             "master_branch": "main",
Validate Docker Builds	UNKNOWN STEP	2025-12-10T21:34:03.7133795Z             "merges_url": "https://api.github.com/repos/rodjac-lab/OpenWatt/merges",
Validate Docker Builds	UNKNOWN STEP	2025-12-10T21:34:03.7134631Z             "milestones_url": "https://api.github.com/repos/rodjac-lab/OpenWatt/milestones{/number}",
Validate Docker Builds	UNKNOWN STEP	2025-12-10T21:34:03.7135291Z             "mirror_url": null,
Validate Docker Builds	UNKNOWN STEP	2025-12-10T21:34:03.7135641Z             "name": "OpenWatt",
Validate Docker Builds	UNKNOWN STEP	2025-12-10T21:34:03.7136191Z             "node_id": "R_kgDOQTjo7Q",
Validate Docker Builds	UNKNOWN STEP	2025-12-10T21:34:03.7137004Z             "notifications_url": "https://api.github.com/repos/rodjac-lab/OpenWatt/notifications{?since,all,participating}",
Validate Docker Builds	UNKNOWN STEP	2025-12-10T21:34:03.7137827Z             "open_issues": 3,
Validate Docker Builds	UNKNOWN STEP	2025-12-10T21:34:03.7138178Z             "open_issues_count": 3,
Validate Docker Builds	UNKNOWN STEP	2025-12-10T21:34:03.7138541Z             "owner": {
Validate Docker Builds	UNKNOWN STEP	2025-12-10T21:34:03.7139018Z               "avatar_url": "https://avatars.githubusercontent.com/u/232446658?v=4",
Validate Docker Builds	UNKNOWN STEP	2025-12-10T21:34:03.7139627Z               "email": "rodolphe.jacson@gmail.com",
Validate Docker Builds	UNKNOWN STEP	2025-12-10T21:34:03.7140227Z               "events_url": "https://api.github.com/users/rodjac-lab/events{/privacy}",
Validate Docker Builds	UNKNOWN STEP	2025-12-10T21:34:03.7140964Z               "followers_url": "https://api.github.com/users/rodjac-lab/followers",
Validate Docker Builds	UNKNOWN STEP	2025-12-10T21:34:03.7141748Z               "following_url": "https://api.github.com/users/rodjac-lab/following{/other_user}",
Validate Docker Builds	UNKNOWN STEP	2025-12-10T21:34:03.7142516Z               "gists_url": "https://api.github.com/users/rodjac-lab/gists{/gist_id}",
Validate Docker Builds	UNKNOWN STEP	2025-12-10T21:34:03.7143084Z               "gravatar_id": "",
Validate Docker Builds	UNKNOWN STEP	2025-12-10T21:34:03.7143645Z               "html_url": "https://github.com/rodjac-lab",
Validate Docker Builds	UNKNOWN STEP	2025-12-10T21:34:03.7144084Z               "id": 232446658,
Validate Docker Builds	UNKNOWN STEP	2025-12-10T21:34:03.7144425Z               "login": "rodjac-lab",
Validate Docker Builds	UNKNOWN STEP	2025-12-10T21:34:03.7144785Z               "name": "rodjac-lab",
Validate Docker Builds	UNKNOWN STEP	2025-12-10T21:34:03.7145140Z               "node_id": "U_kgDODdrawg",
Validate Docker Builds	UNKNOWN STEP	2025-12-10T21:34:03.7145688Z               "organizations_url": "https://api.github.com/users/rodjac-lab/orgs",
Validate Docker Builds	UNKNOWN STEP	2025-12-10T21:34:03.7146601Z               "received_events_url": "https://api.github.com/users/rodjac-lab/received_events",
Validate Docker Builds	UNKNOWN STEP	2025-12-10T21:34:03.7147276Z               "repos_url": "https://api.github.com/users/rodjac-lab/repos",
Validate Docker Builds	UNKNOWN STEP	2025-12-10T21:34:03.7147779Z               "site_admin": false,
Validate Docker Builds	UNKNOWN STEP	2025-12-10T21:34:03.7148317Z               "starred_url": "https://api.github.com/users/rodjac-lab/starred{/owner}{/repo}",
Validate Docker Builds	UNKNOWN STEP	2025-12-10T21:34:03.7149142Z               "subscriptions_url": "https://api.github.com/users/rodjac-lab/subscriptions",
Validate Docker Builds	UNKNOWN STEP	2025-12-10T21:34:03.7149734Z               "type": "User",
Validate Docker Builds	UNKNOWN STEP	2025-12-10T21:34:03.7150145Z               "url": "https://api.github.com/users/rodjac-lab",
Validate Docker Builds	UNKNOWN STEP	2025-12-10T21:34:03.7150708Z               "user_view_type": "public"
Validate Docker Builds	UNKNOWN STEP	2025-12-10T21:34:03.7169323Z             },
Validate Docker Builds	UNKNOWN STEP	2025-12-10T21:34:03.7169639Z             "private": false,
Validate Docker Builds	UNKNOWN STEP	2025-12-10T21:34:03.7170229Z             "pulls_url": "https://api.github.com/repos/rodjac-lab/OpenWatt/pulls{/number}",
Validate Docker Builds	UNKNOWN STEP	2025-12-10T21:34:03.7170623Z             "pushed_at": 1765402389,
Validate Docker Builds	UNKNOWN STEP	2025-12-10T21:34:03.7170988Z             "releases_url": "https://api.github.com/repos/rodjac-lab/OpenWatt/releases{/id}",
Validate Docker Builds	UNKNOWN STEP	2025-12-10T21:34:03.7171347Z             "size": 2394,
Validate Docker Builds	UNKNOWN STEP	2025-12-10T21:34:03.7171581Z             "ssh_url": "git@github.com:rodjac-lab/OpenWatt.git",
Validate Docker Builds	UNKNOWN STEP	2025-12-10T21:34:03.7171859Z             "stargazers": 0,
Validate Docker Builds	UNKNOWN STEP	2025-12-10T21:34:03.7172069Z             "stargazers_count": 0,
Validate Docker Builds	UNKNOWN STEP	2025-12-10T21:34:03.7172409Z             "stargazers_url": "https://api.github.com/repos/rodjac-lab/OpenWatt/stargazers",
Validate Docker Builds	UNKNOWN STEP	2025-12-10T21:34:03.7172886Z             "statuses_url": "https://api.github.com/repos/rodjac-lab/OpenWatt/statuses/{sha}",
Validate Docker Builds	UNKNOWN STEP	2025-12-10T21:34:03.7173601Z             "subscribers_url": "https://api.github.com/repos/rodjac-lab/OpenWatt/subscribers",
Validate Docker Builds	UNKNOWN STEP	2025-12-10T21:34:03.7174142Z             "subscription_url": "https://api.github.com/repos/rodjac-lab/OpenWatt/subscription",
Validate Docker Builds	UNKNOWN STEP	2025-12-10T21:34:03.7174558Z             "svn_url": "https://github.com/rodjac-lab/OpenWatt",
Validate Docker Builds	UNKNOWN STEP	2025-12-10T21:34:03.7174907Z             "tags_url": "https://api.github.com/repos/rodjac-lab/OpenWatt/tags",
Validate Docker Builds	UNKNOWN STEP	2025-12-10T21:34:03.7175308Z             "teams_url": "https://api.github.com/repos/rodjac-lab/OpenWatt/teams",
Validate Docker Builds	UNKNOWN STEP	2025-12-10T21:34:03.7175620Z             "topics": [],
Validate Docker Builds	UNKNOWN STEP	2025-12-10T21:34:03.7175929Z             "trees_url": "https://api.github.com/repos/rodjac-lab/OpenWatt/git/trees{/sha}",
Validate Docker Builds	UNKNOWN STEP	2025-12-10T21:34:03.7176277Z             "updated_at": "2025-12-10T21:27:48Z",
Validate Docker Builds	UNKNOWN STEP	2025-12-10T21:34:03.7176771Z             "url": "https://api.github.com/repos/rodjac-lab/OpenWatt",
Validate Docker Builds	UNKNOWN STEP	2025-12-10T21:34:03.7177065Z             "visibility": "public",
Validate Docker Builds	UNKNOWN STEP	2025-12-10T21:34:03.7177279Z             "watchers": 0,
Validate Docker Builds	UNKNOWN STEP	2025-12-10T21:34:03.7177476Z             "watchers_count": 0,
Validate Docker Builds	UNKNOWN STEP	2025-12-10T21:34:03.7177698Z             "web_commit_signoff_required": false
Validate Docker Builds	UNKNOWN STEP	2025-12-10T21:34:03.7177932Z           },
Validate Docker Builds	UNKNOWN STEP	2025-12-10T21:34:03.7178087Z           "sender": {
Validate Docker Builds	UNKNOWN STEP	2025-12-10T21:34:03.7178372Z             "avatar_url": "https://avatars.githubusercontent.com/u/232446658?v=4",
Validate Docker Builds	UNKNOWN STEP	2025-12-10T21:34:03.7178801Z             "events_url": "https://api.github.com/users/rodjac-lab/events{/privacy}",
Validate Docker Builds	UNKNOWN STEP	2025-12-10T21:34:03.7179221Z             "followers_url": "https://api.github.com/users/rodjac-lab/followers",
Validate Docker Builds	UNKNOWN STEP	2025-12-10T21:34:03.7179662Z             "following_url": "https://api.github.com/users/rodjac-lab/following{/other_user}",
Validate Docker Builds	UNKNOWN STEP	2025-12-10T21:34:03.7180093Z             "gists_url": "https://api.github.com/users/rodjac-lab/gists{/gist_id}",
Validate Docker Builds	UNKNOWN STEP	2025-12-10T21:34:03.7180415Z             "gravatar_id": "",
Validate Docker Builds	UNKNOWN STEP	2025-12-10T21:34:03.7180651Z             "html_url": "https://github.com/rodjac-lab",
Validate Docker Builds	UNKNOWN STEP	2025-12-10T21:34:03.7180902Z             "id": 232446658,
Validate Docker Builds	UNKNOWN STEP	2025-12-10T21:34:03.7181097Z             "login": "rodjac-lab",
Validate Docker Builds	UNKNOWN STEP	2025-12-10T21:34:03.7181320Z             "node_id": "U_kgDODdrawg",
Validate Docker Builds	UNKNOWN STEP	2025-12-10T21:34:03.7181631Z             "organizations_url": "https://api.github.com/users/rodjac-lab/orgs",
Validate Docker Builds	UNKNOWN STEP	2025-12-10T21:34:03.7182074Z             "received_events_url": "https://api.github.com/users/rodjac-lab/received_events",
Validate Docker Builds	UNKNOWN STEP	2025-12-10T21:34:03.7182616Z             "repos_url": "https://api.github.com/users/rodjac-lab/repos",
Validate Docker Builds	UNKNOWN STEP	2025-12-10T21:34:03.7182916Z             "site_admin": false,
Validate Docker Builds	UNKNOWN STEP	2025-12-10T21:34:03.7183242Z             "starred_url": "https://api.github.com/users/rodjac-lab/starred{/owner}{/repo}",
Validate Docker Builds	UNKNOWN STEP	2025-12-10T21:34:03.7183944Z             "subscriptions_url": "https://api.github.com/users/rodjac-lab/subscriptions",
Validate Docker Builds	UNKNOWN STEP	2025-12-10T21:34:03.7184304Z             "type": "User",
Validate Docker Builds	UNKNOWN STEP	2025-12-10T21:34:03.7184542Z             "url": "https://api.github.com/users/rodjac-lab",
Validate Docker Builds	UNKNOWN STEP	2025-12-10T21:34:03.7184820Z             "user_view_type": "public"
Validate Docker Builds	UNKNOWN STEP	2025-12-10T21:34:03.7185035Z           }
Validate Docker Builds	UNKNOWN STEP	2025-12-10T21:34:03.7185181Z         },
Validate Docker Builds	UNKNOWN STEP	2025-12-10T21:34:03.7185355Z         "github_job": "docker-build",
Validate Docker Builds	UNKNOWN STEP	2025-12-10T21:34:03.7185586Z         "github_ref": "refs/heads/main",
Validate Docker Builds	UNKNOWN STEP	2025-12-10T21:34:03.7185821Z         "github_ref_name": "main",
Validate Docker Builds	UNKNOWN STEP	2025-12-10T21:34:03.7186039Z         "github_ref_protected": "false",
Validate Docker Builds	UNKNOWN STEP	2025-12-10T21:34:03.7186274Z         "github_ref_type": "branch",
Validate Docker Builds	UNKNOWN STEP	2025-12-10T21:34:03.7186520Z         "github_repository": "rodjac-lab/OpenWatt",
Validate Docker Builds	UNKNOWN STEP	2025-12-10T21:34:03.7186788Z         "github_repository_id": "1094248685",
Validate Docker Builds	UNKNOWN STEP	2025-12-10T21:34:03.7187052Z         "github_repository_owner": "rodjac-lab",
Validate Docker Builds	UNKNOWN STEP	2025-12-10T21:34:03.7187312Z         "github_repository_owner_id": "232446658",
Validate Docker Builds	UNKNOWN STEP	2025-12-10T21:34:03.7187563Z         "github_run_attempt": "1",
Validate Docker Builds	UNKNOWN STEP	2025-12-10T21:34:03.7187784Z         "github_run_id": "20113941118",
Validate Docker Builds	UNKNOWN STEP	2025-12-10T21:34:03.7188010Z         "github_run_number": "39",
Validate Docker Builds	UNKNOWN STEP	2025-12-10T21:34:03.7188225Z         "github_runner_arch": "X64",
Validate Docker Builds	UNKNOWN STEP	2025-12-10T21:34:03.7188479Z         "github_runner_environment": "github-hosted",
Validate Docker Builds	UNKNOWN STEP	2025-12-10T21:34:03.7188744Z         "github_runner_image_os": "ubuntu24",
Validate Docker Builds	UNKNOWN STEP	2025-12-10T21:34:03.7189013Z         "github_runner_image_version": "20251126.144.1",
Validate Docker Builds	UNKNOWN STEP	2025-12-10T21:34:03.7189297Z         "github_runner_name": "GitHub Actions 1000001140",
Validate Docker Builds	UNKNOWN STEP	2025-12-10T21:34:03.7189553Z         "github_runner_os": "Linux",
Validate Docker Builds	UNKNOWN STEP	2025-12-10T21:34:03.7189869Z         "github_runner_tracking_id": "github_35070713-6ff2-433c-b027-034149024207",
Validate Docker Builds	UNKNOWN STEP	2025-12-10T21:34:03.7190210Z         "github_server_url": "https://github.com",
Validate Docker Builds	UNKNOWN STEP	2025-12-10T21:34:03.7190474Z         "github_triggering_actor": "rodjac-lab",
Validate Docker Builds	UNKNOWN STEP	2025-12-10T21:34:03.7190748Z         "github_workflow": "CI - Pull Request Validation",
Validate Docker Builds	UNKNOWN STEP	2025-12-10T21:34:03.7191159Z         "github_workflow_ref": "rodjac-lab/OpenWatt/.github/workflows/ci.yml@refs/heads/main",
Validate Docker Builds	UNKNOWN STEP	2025-12-10T21:34:03.7191746Z         "github_workflow_sha": "c800eaf04d48a63e38c3f29a7dd53709a0c1fef9",
Validate Docker Builds	UNKNOWN STEP	2025-12-10T21:34:03.7192059Z         "platform": "linux/amd64"
Validate Docker Builds	UNKNOWN STEP	2025-12-10T21:34:03.7192275Z       }
Validate Docker Builds	UNKNOWN STEP	2025-12-10T21:34:03.7192417Z     }
Validate Docker Builds	UNKNOWN STEP	2025-12-10T21:34:03.7192562Z   },
Validate Docker Builds	UNKNOWN STEP	2025-12-10T21:34:03.7193043Z   "buildx.build.ref": "builder-0a4caf52-08dc-4a0b-8c5f-053a2861ee2f/builder-0a4caf52-08dc-4a0b-8c5f-053a2861ee2f0/riyps8gvr8j8h6tw4rrerk2fm"
Validate Docker Builds	UNKNOWN STEP	2025-12-10T21:34:03.7194058Z }
Validate Docker Builds	UNKNOWN STEP	2025-12-10T21:34:03.7194456Z ##[endgroup]
Validate Docker Builds	UNKNOWN STEP	2025-12-10T21:34:03.7248300Z ##[group]Run docker/build-push-action@v5
Validate Docker Builds	UNKNOWN STEP	2025-12-10T21:34:03.7248569Z with:
Validate Docker Builds	UNKNOWN STEP	2025-12-10T21:34:03.7248729Z   context: ./ui
Validate Docker Builds	UNKNOWN STEP	2025-12-10T21:34:03.7248909Z   file: ./ui/Dockerfile
Validate Docker Builds	UNKNOWN STEP	2025-12-10T21:34:03.7249088Z   push: false
Validate Docker Builds	UNKNOWN STEP	2025-12-10T21:34:03.7249261Z   tags: openwatt-ui:test
Validate Docker Builds	UNKNOWN STEP	2025-12-10T21:34:03.7249455Z   cache-from: type=gha
Validate Docker Builds	UNKNOWN STEP	2025-12-10T21:34:03.7249654Z   cache-to: type=gha,mode=max
Validate Docker Builds	UNKNOWN STEP	2025-12-10T21:34:03.7249853Z   load: false
Validate Docker Builds	UNKNOWN STEP	2025-12-10T21:34:03.7250026Z   no-cache: false
Validate Docker Builds	UNKNOWN STEP	2025-12-10T21:34:03.7250189Z   pull: false
Validate Docker Builds	UNKNOWN STEP	2025-12-10T21:34:03.7250493Z   github-token: ***
Validate Docker Builds	UNKNOWN STEP	2025-12-10T21:34:03.7250671Z ##[endgroup]
Validate Docker Builds	UNKNOWN STEP	2025-12-10T21:34:03.9466819Z ##[group]GitHub Actions runtime token ACs
Validate Docker Builds	UNKNOWN STEP	2025-12-10T21:34:03.9477598Z refs/heads/main: read/write
Validate Docker Builds	UNKNOWN STEP	2025-12-10T21:34:03.9478389Z ##[endgroup]
Validate Docker Builds	UNKNOWN STEP	2025-12-10T21:34:03.9478967Z ##[group]Docker info
Validate Docker Builds	UNKNOWN STEP	2025-12-10T21:34:03.9518137Z [command]/usr/bin/docker version
Validate Docker Builds	UNKNOWN STEP	2025-12-10T21:34:03.9711634Z Client: Docker Engine - Community
Validate Docker Builds	UNKNOWN STEP	2025-12-10T21:34:03.9712173Z  Version:           28.0.4
Validate Docker Builds	UNKNOWN STEP	2025-12-10T21:34:03.9712394Z  API version:       1.48
Validate Docker Builds	UNKNOWN STEP	2025-12-10T21:34:03.9714961Z  Go version:        go1.23.7
Validate Docker Builds	UNKNOWN STEP	2025-12-10T21:34:03.9715308Z  Git commit:        b8034c0
Validate Docker Builds	UNKNOWN STEP	2025-12-10T21:34:03.9715675Z  Built:             Tue Mar 25 15:07:16 2025
Validate Docker Builds	UNKNOWN STEP	2025-12-10T21:34:03.9716088Z  OS/Arch:           linux/amd64
Validate Docker Builds	UNKNOWN STEP	2025-12-10T21:34:03.9716432Z  Context:           default
Validate Docker Builds	UNKNOWN STEP	2025-12-10T21:34:03.9716643Z 
Validate Docker Builds	UNKNOWN STEP	2025-12-10T21:34:03.9716800Z Server: Docker Engine - Community
Validate Docker Builds	UNKNOWN STEP	2025-12-10T21:34:03.9717045Z  Engine:
Validate Docker Builds	UNKNOWN STEP	2025-12-10T21:34:03.9717213Z   Version:          28.0.4
Validate Docker Builds	UNKNOWN STEP	2025-12-10T21:34:03.9717443Z   API version:      1.48 (minimum version 1.24)
Validate Docker Builds	UNKNOWN STEP	2025-12-10T21:34:03.9717706Z   Go version:       go1.23.7
Validate Docker Builds	UNKNOWN STEP	2025-12-10T21:34:03.9717907Z   Git commit:       6430e49
Validate Docker Builds	UNKNOWN STEP	2025-12-10T21:34:03.9718118Z   Built:            Tue Mar 25 15:07:16 2025
Validate Docker Builds	UNKNOWN STEP	2025-12-10T21:34:03.9718342Z   OS/Arch:          linux/amd64
Validate Docker Builds	UNKNOWN STEP	2025-12-10T21:34:03.9718548Z   Experimental:     false
Validate Docker Builds	UNKNOWN STEP	2025-12-10T21:34:03.9718736Z  containerd:
Validate Docker Builds	UNKNOWN STEP	2025-12-10T21:34:03.9718912Z   Version:          v2.1.5
Validate Docker Builds	UNKNOWN STEP	2025-12-10T21:34:03.9719166Z   GitCommit:        fcd43222d6b07379a4be9786bda52438f0dd16a1
Validate Docker Builds	UNKNOWN STEP	2025-12-10T21:34:03.9719429Z  runc:
Validate Docker Builds	UNKNOWN STEP	2025-12-10T21:34:03.9719586Z   Version:          1.3.3
Validate Docker Builds	UNKNOWN STEP	2025-12-10T21:34:03.9719797Z   GitCommit:        v1.3.3-0-gd842d771
Validate Docker Builds	UNKNOWN STEP	2025-12-10T21:34:03.9720026Z  docker-init:
Validate Docker Builds	UNKNOWN STEP	2025-12-10T21:34:03.9720190Z   Version:          0.19.0
Validate Docker Builds	UNKNOWN STEP	2025-12-10T21:34:03.9720383Z   GitCommit:        de40ad0
Validate Docker Builds	UNKNOWN STEP	2025-12-10T21:34:03.9759209Z [command]/usr/bin/docker info
Validate Docker Builds	UNKNOWN STEP	2025-12-10T21:34:04.0233021Z Client: Docker Engine - Community
Validate Docker Builds	UNKNOWN STEP	2025-12-10T21:34:04.0233847Z  Version:    28.0.4
Validate Docker Builds	UNKNOWN STEP	2025-12-10T21:34:04.0234177Z  Context:    default
Validate Docker Builds	UNKNOWN STEP	2025-12-10T21:34:04.0234539Z  Debug Mode: false
Validate Docker Builds	UNKNOWN STEP	2025-12-10T21:34:04.0234846Z  Plugins:
Validate Docker Builds	UNKNOWN STEP	2025-12-10T21:34:04.0235160Z   buildx: Docker Buildx (Docker Inc.)
Validate Docker Builds	UNKNOWN STEP	2025-12-10T21:34:04.0235567Z     Version:  v0.30.1
Validate Docker Builds	UNKNOWN STEP	2025-12-10T21:34:04.0235968Z     Path:     /usr/libexec/docker/cli-plugins/docker-buildx
Validate Docker Builds	UNKNOWN STEP	2025-12-10T21:34:04.0236487Z   compose: Docker Compose (Docker Inc.)
Validate Docker Builds	UNKNOWN STEP	2025-12-10T21:34:04.0236896Z     Version:  v2.38.2
Validate Docker Builds	UNKNOWN STEP	2025-12-10T21:34:04.0237269Z     Path:     /usr/libexec/docker/cli-plugins/docker-compose
Validate Docker Builds	UNKNOWN STEP	2025-12-10T21:34:04.0237500Z 
Validate Docker Builds	UNKNOWN STEP	2025-12-10T21:34:04.0237570Z Server:
Validate Docker Builds	UNKNOWN STEP	2025-12-10T21:34:04.0237725Z  Containers: 1
Validate Docker Builds	UNKNOWN STEP	2025-12-10T21:34:04.0237905Z   Running: 1
Validate Docker Builds	UNKNOWN STEP	2025-12-10T21:34:04.0238063Z   Paused: 0
Validate Docker Builds	UNKNOWN STEP	2025-12-10T21:34:04.0238224Z   Stopped: 0
Validate Docker Builds	UNKNOWN STEP	2025-12-10T21:34:04.0238375Z  Images: 1
Validate Docker Builds	UNKNOWN STEP	2025-12-10T21:34:04.0238536Z  Server Version: 28.0.4
Validate Docker Builds	UNKNOWN STEP	2025-12-10T21:34:04.0239030Z  Storage Driver: overlay2
Validate Docker Builds	UNKNOWN STEP	2025-12-10T21:34:04.0239244Z   Backing Filesystem: extfs
Validate Docker Builds	UNKNOWN STEP	2025-12-10T21:34:04.0239477Z   Supports d_type: true
Validate Docker Builds	UNKNOWN STEP	2025-12-10T21:34:04.0239673Z   Using metacopy: false
Validate Docker Builds	UNKNOWN STEP	2025-12-10T21:34:04.0239881Z   Native Overlay Diff: false
Validate Docker Builds	UNKNOWN STEP	2025-12-10T21:34:04.0240087Z   userxattr: false
Validate Docker Builds	UNKNOWN STEP	2025-12-10T21:34:04.0240266Z  Logging Driver: json-file
Validate Docker Builds	UNKNOWN STEP	2025-12-10T21:34:04.0240466Z  Cgroup Driver: systemd
Validate Docker Builds	UNKNOWN STEP	2025-12-10T21:34:04.0240645Z  Cgroup Version: 2
Validate Docker Builds	UNKNOWN STEP	2025-12-10T21:34:04.0240821Z  Plugins:
Validate Docker Builds	UNKNOWN STEP	2025-12-10T21:34:04.0240979Z   Volume: local
Validate Docker Builds	UNKNOWN STEP	2025-12-10T21:34:04.0241389Z   Network: bridge host ipvlan macvlan null overlay
Validate Docker Builds	UNKNOWN STEP	2025-12-10T21:34:04.0241768Z   Log: awslogs fluentd gcplogs gelf journald json-file local splunk syslog
Validate Docker Builds	UNKNOWN STEP	2025-12-10T21:34:04.0242091Z  Swarm: inactive
Validate Docker Builds	UNKNOWN STEP	2025-12-10T21:34:04.0242280Z  Runtimes: io.containerd.runc.v2 runc
Validate Docker Builds	UNKNOWN STEP	2025-12-10T21:34:04.0242519Z  Default Runtime: runc
Validate Docker Builds	UNKNOWN STEP	2025-12-10T21:34:04.0242710Z  Init Binary: docker-init
Validate Docker Builds	UNKNOWN STEP	2025-12-10T21:34:04.0242981Z  containerd version: fcd43222d6b07379a4be9786bda52438f0dd16a1
Validate Docker Builds	UNKNOWN STEP	2025-12-10T21:34:04.0243522Z  runc version: v1.3.3-0-gd842d771
Validate Docker Builds	UNKNOWN STEP	2025-12-10T21:34:04.0243843Z  init version: de40ad0
Validate Docker Builds	UNKNOWN STEP	2025-12-10T21:34:04.0244030Z  Security Options:
Validate Docker Builds	UNKNOWN STEP	2025-12-10T21:34:04.0244194Z   apparmor
Validate Docker Builds	UNKNOWN STEP	2025-12-10T21:34:04.0244350Z   seccomp
Validate Docker Builds	UNKNOWN STEP	2025-12-10T21:34:04.0244501Z    Profile: builtin
Validate Docker Builds	UNKNOWN STEP	2025-12-10T21:34:04.0244667Z   cgroupns
Validate Docker Builds	UNKNOWN STEP	2025-12-10T21:34:04.0244826Z  Kernel Version: 6.11.0-1018-azure
Validate Docker Builds	UNKNOWN STEP	2025-12-10T21:34:04.0245056Z  Operating System: Ubuntu 24.04.3 LTS
Validate Docker Builds	UNKNOWN STEP	2025-12-10T21:34:04.0245271Z  OSType: linux
Validate Docker Builds	UNKNOWN STEP	2025-12-10T21:34:04.0245449Z  Architecture: x86_64
Validate Docker Builds	UNKNOWN STEP	2025-12-10T21:34:04.0245628Z  CPUs: 4
Validate Docker Builds	UNKNOWN STEP	2025-12-10T21:34:04.0245780Z  Total Memory: 15.62GiB
Validate Docker Builds	UNKNOWN STEP	2025-12-10T21:34:04.0245969Z  Name: runnervmoqczp
Validate Docker Builds	UNKNOWN STEP	2025-12-10T21:34:04.0246164Z  ID: 4ce6fa60-2f23-4ac2-b56a-0440c85af90a
Validate Docker Builds	UNKNOWN STEP	2025-12-10T21:34:04.0246413Z  Docker Root Dir: /var/lib/docker
Validate Docker Builds	UNKNOWN STEP	2025-12-10T21:34:04.0246619Z  Debug Mode: false
Validate Docker Builds	UNKNOWN STEP	2025-12-10T21:34:04.0246797Z  Username: githubactions
Validate Docker Builds	UNKNOWN STEP	2025-12-10T21:34:04.0246989Z  Experimental: false
Validate Docker Builds	UNKNOWN STEP	2025-12-10T21:34:04.0247175Z  Insecure Registries:
Validate Docker Builds	UNKNOWN STEP	2025-12-10T21:34:04.0247376Z   ::1/128
Validate Docker Builds	UNKNOWN STEP	2025-12-10T21:34:04.0247525Z   127.0.0.0/8
Validate Docker Builds	UNKNOWN STEP	2025-12-10T21:34:04.0247690Z  Live Restore Enabled: false
Validate Docker Builds	UNKNOWN STEP	2025-12-10T21:34:04.0247830Z 
Validate Docker Builds	UNKNOWN STEP	2025-12-10T21:34:04.0258300Z ##[endgroup]
Validate Docker Builds	UNKNOWN STEP	2025-12-10T21:34:04.0260275Z ##[group]Proxy configuration
Validate Docker Builds	UNKNOWN STEP	2025-12-10T21:34:04.0263649Z No proxy configuration found
Validate Docker Builds	UNKNOWN STEP	2025-12-10T21:34:04.0264375Z ##[endgroup]
Validate Docker Builds	UNKNOWN STEP	2025-12-10T21:34:04.0889197Z ##[group]Buildx version
Validate Docker Builds	UNKNOWN STEP	2025-12-10T21:34:04.0919114Z [command]/usr/bin/docker buildx version
Validate Docker Builds	UNKNOWN STEP	2025-12-10T21:34:04.1440654Z github.com/docker/buildx v0.30.1 9e66234aa13328a5e75b75aa5574e1ca6d6d9c01
Validate Docker Builds	UNKNOWN STEP	2025-12-10T21:34:04.1473929Z ##[endgroup]
Validate Docker Builds	UNKNOWN STEP	2025-12-10T21:34:04.1474487Z ##[group]Builder info
Validate Docker Builds	UNKNOWN STEP	2025-12-10T21:34:04.2548774Z {
Validate Docker Builds	UNKNOWN STEP	2025-12-10T21:34:04.2549021Z   "nodes": [
Validate Docker Builds	UNKNOWN STEP	2025-12-10T21:34:04.2549198Z     {
Validate Docker Builds	UNKNOWN STEP	2025-12-10T21:34:04.2549453Z       "name": "builder-0a4caf52-08dc-4a0b-8c5f-053a2861ee2f0",
Validate Docker Builds	UNKNOWN STEP	2025-12-10T21:34:04.2549777Z       "endpoint": "unix:///var/run/docker.sock",
Validate Docker Builds	UNKNOWN STEP	2025-12-10T21:34:04.2550039Z       "status": "running",
Validate Docker Builds	UNKNOWN STEP	2025-12-10T21:34:04.2550526Z       "buildkitd-flags": "--allow-insecure-entitlement security.insecure --allow-insecure-entitlement network.host",
Validate Docker Builds	UNKNOWN STEP	2025-12-10T21:34:04.2551013Z       "buildkit": "v0.26.2",
Validate Docker Builds	UNKNOWN STEP	2025-12-10T21:34:04.2551312Z       "platforms": "linux/amd64,linux/amd64/v2,linux/amd64/v3,linux/386",
Validate Docker Builds	UNKNOWN STEP	2025-12-10T21:34:04.2551622Z       "features": {
Validate Docker Builds	UNKNOWN STEP	2025-12-10T21:34:04.2551905Z         "Automatically load images to the Docker Engine image store": true,
Validate Docker Builds	UNKNOWN STEP	2025-12-10T21:34:04.2552230Z         "Cache export": true,
Validate Docker Builds	UNKNOWN STEP	2025-12-10T21:34:04.2552468Z         "Direct push": true,
Validate Docker Builds	UNKNOWN STEP	2025-12-10T21:34:04.2552673Z         "Docker exporter": true,
Validate Docker Builds	UNKNOWN STEP	2025-12-10T21:34:04.2552897Z         "Multi-platform build": true,
Validate Docker Builds	UNKNOWN STEP	2025-12-10T21:34:04.2553127Z         "OCI exporter": true
Validate Docker Builds	UNKNOWN STEP	2025-12-10T21:34:04.2554063Z       },
Validate Docker Builds	UNKNOWN STEP	2025-12-10T21:34:04.2554249Z       "labels": {
Validate Docker Builds	UNKNOWN STEP	2025-12-10T21:34:04.2554490Z         "org.mobyproject.buildkit.worker.executor": "oci",
Validate Docker Builds	UNKNOWN STEP	2025-12-10T21:34:04.2554856Z         "org.mobyproject.buildkit.worker.hostname": "a799b1f929bd",
Validate Docker Builds	UNKNOWN STEP	2025-12-10T21:34:04.2555478Z         "org.mobyproject.buildkit.worker.network": "host",
Validate Docker Builds	UNKNOWN STEP	2025-12-10T21:34:04.2555901Z         "org.mobyproject.buildkit.worker.oci.process-mode": "sandbox",
Validate Docker Builds	UNKNOWN STEP	2025-12-10T21:34:04.2556304Z         "org.mobyproject.buildkit.worker.selinux.enabled": "false",
Validate Docker Builds	UNKNOWN STEP	2025-12-10T21:34:04.2556691Z         "org.mobyproject.buildkit.worker.snapshotter": "overlayfs"
Validate Docker Builds	UNKNOWN STEP	2025-12-10T21:34:04.2556983Z       },
Validate Docker Builds	UNKNOWN STEP	2025-12-10T21:34:04.2557138Z       "gcPolicy": [
Validate Docker Builds	UNKNOWN STEP	2025-12-10T21:34:04.2557307Z         {
Validate Docker Builds	UNKNOWN STEP	2025-12-10T21:34:04.2557611Z           "all": false,
Validate Docker Builds	UNKNOWN STEP	2025-12-10T21:34:04.2557800Z           "filter": [
Validate Docker Builds	UNKNOWN STEP	2025-12-10T21:34:04.2557983Z             "type==source.local",
Validate Docker Builds	UNKNOWN STEP	2025-12-10T21:34:04.2558204Z             "type==exec.cachemount",
Validate Docker Builds	UNKNOWN STEP	2025-12-10T21:34:04.2558431Z             "type==source.git.checkout"
Validate Docker Builds	UNKNOWN STEP	2025-12-10T21:34:04.2558647Z           ],
Validate Docker Builds	UNKNOWN STEP	2025-12-10T21:34:04.2558814Z           "keepDuration": "48h0m0s"
Validate Docker Builds	UNKNOWN STEP	2025-12-10T21:34:04.2559018Z         },
Validate Docker Builds	UNKNOWN STEP	2025-12-10T21:34:04.2559161Z         {
Validate Docker Builds	UNKNOWN STEP	2025-12-10T21:34:04.2559321Z           "all": false,
Validate Docker Builds	UNKNOWN STEP	2025-12-10T21:34:04.2559514Z           "keepDuration": "1440h0m0s"
Validate Docker Builds	UNKNOWN STEP	2025-12-10T21:34:04.2559717Z         },
Validate Docker Builds	UNKNOWN STEP	2025-12-10T21:34:04.2559864Z         {
Validate Docker Builds	UNKNOWN STEP	2025-12-10T21:34:04.2560014Z           "all": false
Validate Docker Builds	UNKNOWN STEP	2025-12-10T21:34:04.2560190Z         },
Validate Docker Builds	UNKNOWN STEP	2025-12-10T21:34:04.2560332Z         {
Validate Docker Builds	UNKNOWN STEP	2025-12-10T21:34:04.2560483Z           "all": true
Validate Docker Builds	UNKNOWN STEP	2025-12-10T21:34:04.2560646Z         }
Validate Docker Builds	UNKNOWN STEP	2025-12-10T21:34:04.2560793Z       ]
Validate Docker Builds	UNKNOWN STEP	2025-12-10T21:34:04.2560934Z     }
Validate Docker Builds	UNKNOWN STEP	2025-12-10T21:34:04.2561078Z   ],
Validate Docker Builds	UNKNOWN STEP	2025-12-10T21:34:04.2561290Z   "name": "builder-0a4caf52-08dc-4a0b-8c5f-053a2861ee2f",
Validate Docker Builds	UNKNOWN STEP	2025-12-10T21:34:04.2561592Z   "driver": "docker-container",
Validate Docker Builds	UNKNOWN STEP	2025-12-10T21:34:04.2561823Z   "lastActivity": "2025-12-10T21:33:42.000Z"
Validate Docker Builds	UNKNOWN STEP	2025-12-10T21:34:04.2562042Z }
Validate Docker Builds	UNKNOWN STEP	2025-12-10T21:34:04.2562434Z ##[endgroup]
Validate Docker Builds	UNKNOWN STEP	2025-12-10T21:34:04.4071793Z [command]/usr/bin/docker buildx build --cache-from type=gha --cache-to type=gha,mode=max --file ./ui/Dockerfile --iidfile /home/runner/work/_temp/docker-actions-toolkit-LXUl4F/build-iidfile-834777ae1b.txt --attest type=provenance,mode=max,builder-id=https://github.com/rodjac-lab/OpenWatt/actions/runs/20113941118 --tag openwatt-ui:test --metadata-file /home/runner/work/_temp/docker-actions-toolkit-LXUl4F/build-metadata-7f7081399e.json ./ui
Validate Docker Builds	UNKNOWN STEP	2025-12-10T21:34:04.7169325Z #0 building with "builder-0a4caf52-08dc-4a0b-8c5f-053a2861ee2f" instance using docker-container driver
Validate Docker Builds	UNKNOWN STEP	2025-12-10T21:34:04.7170262Z 
Validate Docker Builds	UNKNOWN STEP	2025-12-10T21:34:04.7170516Z #1 [internal] load build definition from Dockerfile
Validate Docker Builds	UNKNOWN STEP	2025-12-10T21:34:04.7171038Z #1 transferring dockerfile: 1.53kB done
Validate Docker Builds	UNKNOWN STEP	2025-12-10T21:34:04.7171388Z #1 DONE 0.0s
Validate Docker Builds	UNKNOWN STEP	2025-12-10T21:34:04.7171532Z 
Validate Docker Builds	UNKNOWN STEP	2025-12-10T21:34:04.7171738Z #2 [auth] library/node:pull token for registry-1.docker.io
Validate Docker Builds	UNKNOWN STEP	2025-12-10T21:34:04.7172145Z #2 DONE 0.0s
Validate Docker Builds	UNKNOWN STEP	2025-12-10T21:34:04.7172281Z 
Validate Docker Builds	UNKNOWN STEP	2025-12-10T21:34:04.7172518Z #3 [internal] load metadata for docker.io/library/node:20-alpine
Validate Docker Builds	UNKNOWN STEP	2025-12-10T21:34:05.1407152Z #3 DONE 0.6s
Validate Docker Builds	UNKNOWN STEP	2025-12-10T21:34:05.2908001Z 
Validate Docker Builds	UNKNOWN STEP	2025-12-10T21:34:05.2908629Z #4 [internal] load .dockerignore
Validate Docker Builds	UNKNOWN STEP	2025-12-10T21:34:05.2909867Z #4 transferring context: 2B done
Validate Docker Builds	UNKNOWN STEP	2025-12-10T21:34:05.2911123Z #4 DONE 0.0s
Validate Docker Builds	UNKNOWN STEP	2025-12-10T21:34:05.2911720Z 
Validate Docker Builds	UNKNOWN STEP	2025-12-10T21:34:05.2912016Z #5 [internal] load build context
Validate Docker Builds	UNKNOWN STEP	2025-12-10T21:34:05.2912446Z #5 DONE 0.0s
Validate Docker Builds	UNKNOWN STEP	2025-12-10T21:34:05.2912654Z 
Validate Docker Builds	UNKNOWN STEP	2025-12-10T21:34:05.2913530Z #6 [deps 1/4] FROM docker.io/library/node:20-alpine@sha256:643e7036aa985317ebfee460005e322aa550c6b6883000d01daefb58689a58e2
Validate Docker Builds	UNKNOWN STEP	2025-12-10T21:34:05.2914866Z #6 resolve docker.io/library/node:20-alpine@sha256:643e7036aa985317ebfee460005e322aa550c6b6883000d01daefb58689a58e2 done
Validate Docker Builds	UNKNOWN STEP	2025-12-10T21:34:05.2915902Z #6 DONE 0.0s
Validate Docker Builds	UNKNOWN STEP	2025-12-10T21:34:05.2916090Z 
Validate Docker Builds	UNKNOWN STEP	2025-12-10T21:34:05.2916240Z #7 importing cache manifest from gha:3439685213455589534
Validate Docker Builds	UNKNOWN STEP	2025-12-10T21:34:05.2916509Z #7 DONE 0.1s
Validate Docker Builds	UNKNOWN STEP	2025-12-10T21:34:05.4094258Z 
Validate Docker Builds	UNKNOWN STEP	2025-12-10T21:34:05.4094662Z #5 [internal] load build context
Validate Docker Builds	UNKNOWN STEP	2025-12-10T21:34:05.4095225Z #5 transferring context: 413.60kB 0.0s done
Validate Docker Builds	UNKNOWN STEP	2025-12-10T21:34:05.4095724Z #5 DONE 0.0s
Validate Docker Builds	UNKNOWN STEP	2025-12-10T21:34:05.4095931Z 
Validate Docker Builds	UNKNOWN STEP	2025-12-10T21:34:05.4097018Z #6 [deps 1/4] FROM docker.io/library/node:20-alpine@sha256:643e7036aa985317ebfee460005e322aa550c6b6883000d01daefb58689a58e2
Validate Docker Builds	UNKNOWN STEP	2025-12-10T21:34:05.4098007Z #6 sha256:6ac8cc1f0b52065d2132d052abc59bf19e19ac0c65729d4300ab41db30fed855 446B / 446B 0.1s done
Validate Docker Builds	UNKNOWN STEP	2025-12-10T21:34:05.5509553Z #6 sha256:34226f5414967f183a8ba2d2a0bf2809b3864182e8f68c07c066fa83f025024a 1.26MB / 1.26MB 0.2s done
Validate Docker Builds	UNKNOWN STEP	2025-12-10T21:34:05.5510882Z #6 sha256:014e56e613968f73cce0858124ca5fbc601d7888099969a4eea69f31dcd71a53 0B / 3.86MB 0.2s
Validate Docker Builds	UNKNOWN STEP	2025-12-10T21:34:05.5512373Z #6 sha256:d28ab52fe4290429b930e8fa368da4da8a7e63cf143c38f9b869950a67c32645 0B / 42.78MB 0.2s
Validate Docker Builds	UNKNOWN STEP	2025-12-10T21:34:05.7697741Z #6 sha256:014e56e613968f73cce0858124ca5fbc601d7888099969a4eea69f31dcd71a53 3.86MB / 3.86MB 0.4s done
Validate Docker Builds	UNKNOWN STEP	2025-12-10T21:34:05.9259873Z #6 sha256:d28ab52fe4290429b930e8fa368da4da8a7e63cf143c38f9b869950a67c32645 17.83MB / 42.78MB 0.6s
Validate Docker Builds	UNKNOWN STEP	2025-12-10T21:34:05.9260942Z #6 extracting sha256:014e56e613968f73cce0858124ca5fbc601d7888099969a4eea69f31dcd71a53 0.1s done
Validate Docker Builds	UNKNOWN STEP	2025-12-10T21:34:06.0756490Z #6 sha256:d28ab52fe4290429b930e8fa368da4da8a7e63cf143c38f9b869950a67c32645 29.36MB / 42.78MB 0.8s
Validate Docker Builds	UNKNOWN STEP	2025-12-10T21:34:06.2262169Z #6 sha256:d28ab52fe4290429b930e8fa368da4da8a7e63cf143c38f9b869950a67c32645 34.60MB / 42.78MB 0.9s
Validate Docker Builds	UNKNOWN STEP	2025-12-10T21:34:06.3757340Z #6 sha256:d28ab52fe4290429b930e8fa368da4da8a7e63cf143c38f9b869950a67c32645 37.75MB / 42.78MB 1.1s
Validate Docker Builds	UNKNOWN STEP	2025-12-10T21:34:06.5260828Z #6 sha256:d28ab52fe4290429b930e8fa368da4da8a7e63cf143c38f9b869950a67c32645 41.94MB / 42.78MB 1.2s
Validate Docker Builds	UNKNOWN STEP	2025-12-10T21:34:06.7204381Z #6 sha256:d28ab52fe4290429b930e8fa368da4da8a7e63cf143c38f9b869950a67c32645 42.78MB / 42.78MB 1.2s done
Validate Docker Builds	UNKNOWN STEP	2025-12-10T21:34:06.7206672Z #6 extracting sha256:d28ab52fe4290429b930e8fa368da4da8a7e63cf143c38f9b869950a67c32645
Validate Docker Builds	UNKNOWN STEP	2025-12-10T21:34:07.4566812Z #6 extracting sha256:d28ab52fe4290429b930e8fa368da4da8a7e63cf143c38f9b869950a67c32645 0.9s done
Validate Docker Builds	UNKNOWN STEP	2025-12-10T21:34:07.4567628Z #6 DONE 2.2s
Validate Docker Builds	UNKNOWN STEP	2025-12-10T21:34:07.6046811Z 
Validate Docker Builds	UNKNOWN STEP	2025-12-10T21:34:07.6048246Z #6 [deps 1/4] FROM docker.io/library/node:20-alpine@sha256:643e7036aa985317ebfee460005e322aa550c6b6883000d01daefb58689a58e2
Validate Docker Builds	UNKNOWN STEP	2025-12-10T21:34:07.6050672Z #6 extracting sha256:34226f5414967f183a8ba2d2a0bf2809b3864182e8f68c07c066fa83f025024a 0.0s done
Validate Docker Builds	UNKNOWN STEP	2025-12-10T21:34:07.6052538Z #6 extracting sha256:6ac8cc1f0b52065d2132d052abc59bf19e19ac0c65729d4300ab41db30fed855 done
Validate Docker Builds	UNKNOWN STEP	2025-12-10T21:34:07.6053524Z #6 DONE 2.2s
Validate Docker Builds	UNKNOWN STEP	2025-12-10T21:34:07.6053732Z 
Validate Docker Builds	UNKNOWN STEP	2025-12-10T21:34:07.6053877Z #8 [deps 2/4] WORKDIR /app
Validate Docker Builds	UNKNOWN STEP	2025-12-10T21:34:07.6054162Z #8 DONE 0.1s
Validate Docker Builds	UNKNOWN STEP	2025-12-10T21:34:07.7752460Z 
Validate Docker Builds	UNKNOWN STEP	2025-12-10T21:34:07.7753915Z #9 [deps 3/4] COPY package.json package-lock.json* ./
Validate Docker Builds	UNKNOWN STEP	2025-12-10T21:34:07.7754590Z #9 DONE 0.0s
Validate Docker Builds	UNKNOWN STEP	2025-12-10T21:34:07.7754737Z 
Validate Docker Builds	UNKNOWN STEP	2025-12-10T21:34:07.7755140Z #10 [runner 3/6] RUN addgroup --system --gid 1001 nodejs &&     adduser --system --uid 1001 nextjs
Validate Docker Builds	UNKNOWN STEP	2025-12-10T21:34:07.7755984Z #10 DONE 0.1s
Validate Docker Builds	UNKNOWN STEP	2025-12-10T21:34:07.7756166Z 
Validate Docker Builds	UNKNOWN STEP	2025-12-10T21:34:07.7756505Z #11 [deps 4/4] RUN npm ci --only=production &&     npm cache clean --force
Validate Docker Builds	UNKNOWN STEP	2025-12-10T21:34:07.7757574Z #11 0.155 npm warn config only Use `--omit=dev` to omit dev dependencies from the install.
Validate Docker Builds	UNKNOWN STEP	2025-12-10T21:34:14.6435534Z #11 7.023 
Validate Docker Builds	UNKNOWN STEP	2025-12-10T21:34:14.6436631Z #11 7.023 added 23 packages, and audited 24 packages in 7s
Validate Docker Builds	UNKNOWN STEP	2025-12-10T21:34:14.8701927Z #11 7.024 
Validate Docker Builds	UNKNOWN STEP	2025-12-10T21:34:14.8704261Z #11 7.024 3 packages are looking for funding
Validate Docker Builds	UNKNOWN STEP	2025-12-10T21:34:14.8704782Z #11 7.024   run `npm fund` for details
Validate Docker Builds	UNKNOWN STEP	2025-12-10T21:34:14.8705201Z #11 7.108 
Validate Docker Builds	UNKNOWN STEP	2025-12-10T21:34:14.8705522Z #11 7.108 1 critical severity vulnerability
Validate Docker Builds	UNKNOWN STEP	2025-12-10T21:34:14.8705973Z #11 7.108 
Validate Docker Builds	UNKNOWN STEP	2025-12-10T21:34:14.8706265Z #11 7.108 To address all issues, run:
Validate Docker Builds	UNKNOWN STEP	2025-12-10T21:34:14.8706692Z #11 7.108   npm audit fix --force
Validate Docker Builds	UNKNOWN STEP	2025-12-10T21:34:14.8707054Z #11 7.108 
Validate Docker Builds	UNKNOWN STEP	2025-12-10T21:34:14.8707356Z #11 7.108 Run `npm audit` for details.
Validate Docker Builds	UNKNOWN STEP	2025-12-10T21:34:14.8707748Z #11 7.110 npm notice
Validate Docker Builds	UNKNOWN STEP	2025-12-10T21:34:14.8708259Z #11 7.110 npm notice New major version of npm available! 10.8.2 -> 11.7.0
Validate Docker Builds	UNKNOWN STEP	2025-12-10T21:34:14.8709057Z #11 7.110 npm notice Changelog: https://github.com/npm/cli/releases/tag/v11.7.0
Validate Docker Builds	UNKNOWN STEP	2025-12-10T21:34:14.8710188Z #11 7.110 npm notice To update run: npm install -g npm@11.7.0
Validate Docker Builds	UNKNOWN STEP	2025-12-10T21:34:14.8710714Z #11 7.110 npm notice
Validate Docker Builds	UNKNOWN STEP	2025-12-10T21:34:14.8711176Z #11 7.250 npm warn using --force Recommended protections disabled.
Validate Docker Builds	UNKNOWN STEP	2025-12-10T21:34:15.6029943Z #11 DONE 8.0s
Validate Docker Builds	UNKNOWN STEP	2025-12-10T21:34:16.3393789Z 
Validate Docker Builds	UNKNOWN STEP	2025-12-10T21:34:16.3394433Z #12 [builder 3/5] COPY --from=deps /app/node_modules ./node_modules
Validate Docker Builds	UNKNOWN STEP	2025-12-10T21:34:18.2130244Z #12 DONE 1.9s
Validate Docker Builds	UNKNOWN STEP	2025-12-10T21:34:18.4315184Z 
Validate Docker Builds	UNKNOWN STEP	2025-12-10T21:34:18.4316261Z #13 [builder 4/5] COPY . .
Validate Docker Builds	UNKNOWN STEP	2025-12-10T21:34:18.4316912Z #13 DONE 0.1s
Validate Docker Builds	UNKNOWN STEP	2025-12-10T21:34:18.4317158Z 
Validate Docker Builds	UNKNOWN STEP	2025-12-10T21:34:18.4317333Z #14 [builder 5/5] RUN npm run build
Validate Docker Builds	UNKNOWN STEP	2025-12-10T21:34:18.6757471Z #14 0.396 
Validate Docker Builds	UNKNOWN STEP	2025-12-10T21:34:18.6757795Z #14 0.396 > openwatt-ui@0.1.0 build
Validate Docker Builds	UNKNOWN STEP	2025-12-10T21:34:18.6758048Z #14 0.396 > next build
Validate Docker Builds	UNKNOWN STEP	2025-12-10T21:34:18.6758354Z #14 0.396 
Validate Docker Builds	UNKNOWN STEP	2025-12-10T21:34:19.3647319Z #14 1.085   Ôû▓ Next.js 14.2.3
Validate Docker Builds	UNKNOWN STEP	2025-12-10T21:34:19.5333789Z #14 1.086 
Validate Docker Builds	UNKNOWN STEP	2025-12-10T21:34:19.5334296Z #14 1.103    Creating an optimized production build ...
Validate Docker Builds	UNKNOWN STEP	2025-12-10T21:34:27.7243822Z #14 9.444  Ô£ô Compiled successfully
Validate Docker Builds	UNKNOWN STEP	2025-12-10T21:34:27.8354302Z #14 9.445    Linting and checking validity of types ...
Validate Docker Builds	UNKNOWN STEP	2025-12-10T21:34:27.8357564Z #14 9.529 It looks like you're trying to use TypeScript but do not have the required package(s) installed.
Validate Docker Builds	UNKNOWN STEP	2025-12-10T21:34:27.8359202Z #14 9.529 Installing dependencies
Validate Docker Builds	UNKNOWN STEP	2025-12-10T21:34:27.8359545Z #14 9.529 
Validate Docker Builds	UNKNOWN STEP	2025-12-10T21:34:27.8360351Z #14 9.529 If you are not trying to use TypeScript, please remove the tsconfig.json file from your package root (and any TypeScript files in your pages directory).
Validate Docker Builds	UNKNOWN STEP	2025-12-10T21:34:27.8361212Z #14 9.529 
Validate Docker Builds	UNKNOWN STEP	2025-12-10T21:34:27.8362125Z #14 9.555  Ô¿» ESLint must be installed in order to run during builds: npm install --save-dev eslint
Validate Docker Builds	UNKNOWN STEP	2025-12-10T21:34:28.0110113Z #14 9.580 
Validate Docker Builds	UNKNOWN STEP	2025-12-10T21:34:28.0110487Z #14 9.580 Installing devDependencies (npm):
Validate Docker Builds	UNKNOWN STEP	2025-12-10T21:34:28.0110948Z #14 9.580 - typescript
Validate Docker Builds	UNKNOWN STEP	2025-12-10T21:34:28.0111262Z #14 9.580 - @types/react
Validate Docker Builds	UNKNOWN STEP	2025-12-10T21:34:28.0111604Z #14 9.580 - @types/node
Validate Docker Builds	UNKNOWN STEP	2025-12-10T21:34:28.0111891Z #14 9.580 
Validate Docker Builds	UNKNOWN STEP	2025-12-10T21:34:31.7105157Z #14 13.43 npm warn deprecated rimraf@3.0.2: Rimraf versions prior to v4 are no longer supported
Validate Docker Builds	UNKNOWN STEP	2025-12-10T21:34:32.2129852Z #14 13.93 npm warn deprecated inflight@1.0.6: This module is not supported, and leaks memory. Do not use it. Check out lru-cache if you want a good and tested way to coalesce async requests by a key value, which is much more comprehensive and powerful.
Validate Docker Builds	UNKNOWN STEP	2025-12-10T21:34:33.1143561Z #14 14.83 npm warn deprecated @humanwhocodes/object-schema@2.0.3: Use @eslint/object-schema instead
Validate Docker Builds	UNKNOWN STEP	2025-12-10T21:34:33.3035286Z #14 14.87 npm warn deprecated @humanwhocodes/config-array@0.11.14: Use @eslint/config-array instead
Validate Docker Builds	UNKNOWN STEP	2025-12-10T21:34:33.4663596Z #14 15.19 npm warn deprecated glob@7.2.3: Glob versions prior to v9 are no longer supported
Validate Docker Builds	UNKNOWN STEP	2025-12-10T21:34:33.6369771Z #14 15.21 npm warn deprecated glob@7.2.3: Glob versions prior to v9 are no longer supported
Validate Docker Builds	UNKNOWN STEP	2025-12-10T21:34:34.9580818Z #14 16.68 npm warn deprecated eslint@8.57.0: This version is no longer supported. Please see https://eslint.org/version-support for other options.
Validate Docker Builds	UNKNOWN STEP	2025-12-10T21:34:43.1372483Z #14 24.86 
Validate Docker Builds	UNKNOWN STEP	2025-12-10T21:34:43.1373220Z #14 24.86 added 509 packages, and audited 533 packages in 15s
Validate Docker Builds	UNKNOWN STEP	2025-12-10T21:34:43.2771485Z #14 24.86 
Validate Docker Builds	UNKNOWN STEP	2025-12-10T21:34:43.2773982Z #14 24.86 177 packages are looking for funding
Validate Docker Builds	UNKNOWN STEP	2025-12-10T21:34:43.2774507Z #14 24.86   run `npm fund` for details
Validate Docker Builds	UNKNOWN STEP	2025-12-10T21:34:43.2774916Z #14 25.00 
Validate Docker Builds	UNKNOWN STEP	2025-12-10T21:34:43.2775342Z #14 25.00 11 vulnerabilities (6 moderate, 3 high, 2 critical)
Validate Docker Builds	UNKNOWN STEP	2025-12-10T21:34:43.2775854Z #14 25.00 
Validate Docker Builds	UNKNOWN STEP	2025-12-10T21:34:43.2776276Z #14 25.00 To address all issues (including breaking changes), run:
Validate Docker Builds	UNKNOWN STEP	2025-12-10T21:34:43.2776828Z #14 25.00   npm audit fix --force
Validate Docker Builds	UNKNOWN STEP	2025-12-10T21:34:43.2777203Z #14 25.00 
Validate Docker Builds	UNKNOWN STEP	2025-12-10T21:34:43.2777496Z #14 25.00 Run `npm audit` for details.
Validate Docker Builds	UNKNOWN STEP	2025-12-10T21:34:43.4545216Z #14 25.02 
Validate Docker Builds	UNKNOWN STEP	2025-12-10T21:34:46.5828092Z #14 28.30    Collecting page data ...
Validate Docker Builds	UNKNOWN STEP	2025-12-10T21:34:47.6008313Z #14 29.32    Generating static pages (0/5) ...
Validate Docker Builds	UNKNOWN STEP	2025-12-10T21:34:47.9564030Z #14 29.68    Generating static pages (1/5) 
Validate Docker Builds	UNKNOWN STEP	2025-12-10T21:34:48.0642375Z #14 29.68    Generating static pages (2/5) 
Validate Docker Builds	UNKNOWN STEP	2025-12-10T21:34:48.0643092Z #14 29.68    Generating static pages (3/5) 
Validate Docker Builds	UNKNOWN STEP	2025-12-10T21:34:48.0644046Z #14 29.78  Ô£ô Generating static pages (5/5)
Validate Docker Builds	UNKNOWN STEP	2025-12-10T21:34:48.2897988Z #14 30.01    Finalizing page optimization ...
Validate Docker Builds	UNKNOWN STEP	2025-12-10T21:34:48.2898534Z #14 30.01    Collecting build traces ...
Validate Docker Builds	UNKNOWN STEP	2025-12-10T21:34:58.6742616Z #14 40.39 
Validate Docker Builds	UNKNOWN STEP	2025-12-10T21:34:58.8175306Z #14 40.40 Route (app)                              Size     First Load JS
Validate Docker Builds	UNKNOWN STEP	2025-12-10T21:34:58.8178448Z #14 40.40 Ôöî Ôùï /                                    4.18 kB        91.2 kB
Validate Docker Builds	UNKNOWN STEP	2025-12-10T21:34:58.8179203Z #14 40.40 Ôö£ Ôùï /_not-found                          871 B          87.9 kB
Validate Docker Builds	UNKNOWN STEP	2025-12-10T21:34:58.8179955Z #14 40.40 Ôöö Ôùï /admin                               5.15 kB        92.2 kB
Validate Docker Builds	UNKNOWN STEP	2025-12-10T21:34:58.8180551Z #14 40.40 + First Load JS shared by all            87 kB
Validate Docker Builds	UNKNOWN STEP	2025-12-10T21:34:58.8181264Z #14 40.40   Ôö£ chunks/23-6744239a366402e9.js        31.5 kB
Validate Docker Builds	UNKNOWN STEP	2025-12-10T21:34:58.8181928Z #14 40.40   Ôö£ chunks/fd9d1056-b6e16a5f15b47ad4.js  53.6 kB
Validate Docker Builds	UNKNOWN STEP	2025-12-10T21:34:58.8182604Z #14 40.40   Ôöö other shared chunks (total)          1.92 kB
Validate Docker Builds	UNKNOWN STEP	2025-12-10T21:34:58.8183086Z #14 40.40 
Validate Docker Builds	UNKNOWN STEP	2025-12-10T21:34:58.8183557Z #14 40.40 
Validate Docker Builds	UNKNOWN STEP	2025-12-10T21:34:58.8183999Z #14 40.40 Ôùï  (Static)  prerendered as static content
Validate Docker Builds	UNKNOWN STEP	2025-12-10T21:34:58.8184441Z #14 40.40 
Validate Docker Builds	UNKNOWN STEP	2025-12-10T21:34:58.8184705Z #14 40.44 npm notice
Validate Docker Builds	UNKNOWN STEP	2025-12-10T21:34:58.8185195Z #14 40.44 npm notice New major version of npm available! 10.8.2 -> 11.7.0
Validate Docker Builds	UNKNOWN STEP	2025-12-10T21:34:58.8185950Z #14 40.44 npm notice Changelog: https://github.com/npm/cli/releases/tag/v11.7.0
Validate Docker Builds	UNKNOWN STEP	2025-12-10T21:34:58.8186651Z #14 40.44 npm notice To update run: npm install -g npm@11.7.0
Validate Docker Builds	UNKNOWN STEP	2025-12-10T21:34:58.8187129Z #14 40.44 npm notice
Validate Docker Builds	UNKNOWN STEP	2025-12-10T21:34:58.8187433Z #14 DONE 40.5s
Validate Docker Builds	UNKNOWN STEP	2025-12-10T21:34:59.3984269Z 
Validate Docker Builds	UNKNOWN STEP	2025-12-10T21:34:59.3985143Z #15 [runner 4/6] COPY --from=builder /app/public ./public
Validate Docker Builds	UNKNOWN STEP	2025-12-10T21:34:59.5625399Z #15 DONE 0.0s
Validate Docker Builds	UNKNOWN STEP	2025-12-10T21:34:59.5625650Z 
Validate Docker Builds	UNKNOWN STEP	2025-12-10T21:34:59.5626012Z #16 [runner 5/6] COPY --from=builder --chown=nextjs:nodejs /app/.next/standalone ./
Validate Docker Builds	UNKNOWN STEP	2025-12-10T21:34:59.6742049Z #16 DONE 0.3s
Validate Docker Builds	UNKNOWN STEP	2025-12-10T21:34:59.8572277Z 
Validate Docker Builds	UNKNOWN STEP	2025-12-10T21:34:59.8573077Z #17 [runner 6/6] COPY --from=builder --chown=nextjs:nodejs /app/.next/static ./.next/static
Validate Docker Builds	UNKNOWN STEP	2025-12-10T21:34:59.8573761Z #17 DONE 0.0s
Validate Docker Builds	UNKNOWN STEP	2025-12-10T21:34:59.8573881Z 
Validate Docker Builds	UNKNOWN STEP	2025-12-10T21:34:59.8573986Z #18 exporting to GitHub Actions Cache
Validate Docker Builds	UNKNOWN STEP	2025-12-10T21:34:59.8574314Z #18 preparing build cache for export
Validate Docker Builds	UNKNOWN STEP	2025-12-10T21:35:25.1109025Z #18 writing layer sha256:2df82940b1dd32f5706c8cbcbe403f31fc9505eaaedcbded76c000a05ca0065a
Validate Docker Builds	UNKNOWN STEP	2025-12-10T21:35:25.6061115Z #18 writing layer sha256:2df82940b1dd32f5706c8cbcbe403f31fc9505eaaedcbded76c000a05ca0065a 0.5s done
Validate Docker Builds	UNKNOWN STEP	2025-12-10T21:35:25.8159226Z #18 writing layer sha256:2ff35038246659bbff030ea6173d1ada0e270cc05e3605f11b6cee1cd2fe24b7
Validate Docker Builds	UNKNOWN STEP	2025-12-10T21:35:26.1532923Z #18 writing layer sha256:2ff35038246659bbff030ea6173d1ada0e270cc05e3605f11b6cee1cd2fe24b7 0.5s done
Validate Docker Builds	UNKNOWN STEP	2025-12-10T21:35:26.3634860Z #18 writing layer sha256:303ef162b93d678ceaa9b89b74768bc9dbc9737f845a2b99d3e8daae028413b4
Validate Docker Builds	UNKNOWN STEP	2025-12-10T21:35:36.5894817Z #18 writing layer sha256:303ef162b93d678ceaa9b89b74768bc9dbc9737f845a2b99d3e8daae028413b4 10.4s done
Validate Docker Builds	UNKNOWN STEP	2025-12-10T21:35:36.7192929Z #18 writing layer sha256:42996a69592d4f147d7eb4b7ec4083270c09518195ae113ac4d3d92cbf6c5354
Validate Docker Builds	UNKNOWN STEP	2025-12-10T21:35:37.1523958Z #18 writing layer sha256:42996a69592d4f147d7eb4b7ec4083270c09518195ae113ac4d3d92cbf6c5354 0.4s done
Validate Docker Builds	UNKNOWN STEP	2025-12-10T21:35:37.3604789Z #18 writing layer sha256:53b22cc909703c5082420c62ffe3a0802dedc08c2c186471ac8b994adb937b10
Validate Docker Builds	UNKNOWN STEP	2025-12-10T21:35:37.7232383Z #18 writing layer sha256:53b22cc909703c5082420c62ffe3a0802dedc08c2c186471ac8b994adb937b10 0.5s done
Validate Docker Builds	UNKNOWN STEP	2025-12-10T21:35:37.8530634Z #18 writing layer sha256:7d7f26e36c757810c5e1118c854c4e1581793a7078e80ed7d28f99814420f950
Validate Docker Builds	UNKNOWN STEP	2025-12-10T21:35:38.6123730Z #18 writing layer sha256:7d7f26e36c757810c5e1118c854c4e1581793a7078e80ed7d28f99814420f950 0.8s done
Validate Docker Builds	UNKNOWN STEP	2025-12-10T21:35:38.8204429Z #18 writing layer sha256:840e08487f36291ab629079cf90207487487a2ecd9aabdbec51ce9e5d4e8dde1
Validate Docker Builds	UNKNOWN STEP	2025-12-10T21:35:48.6961961Z #18 writing layer sha256:840e08487f36291ab629079cf90207487487a2ecd9aabdbec51ce9e5d4e8dde1 10.0s done
Validate Docker Builds	UNKNOWN STEP	2025-12-10T21:35:48.9098156Z #18 writing layer sha256:a48faaabd9179885a2ccdb016ad8ed29832d1afd1194de57561da43eac556f15
Validate Docker Builds	UNKNOWN STEP	2025-12-10T21:36:00.1047076Z #18 writing layer sha256:a48faaabd9179885a2ccdb016ad8ed29832d1afd1194de57561da43eac556f15 11.3s done
Validate Docker Builds	UNKNOWN STEP	2025-12-10T21:36:00.2074325Z #18 writing layer sha256:ba10de34dfc9ce33fcecc4c3789fed54a5073bdd2c2bc9b5081f4ae900150e44
Validate Docker Builds	UNKNOWN STEP	2025-12-10T21:36:01.6892155Z #18 writing layer sha256:ba10de34dfc9ce33fcecc4c3789fed54a5073bdd2c2bc9b5081f4ae900150e44 1.5s done
Validate Docker Builds	UNKNOWN STEP	2025-12-10T21:36:01.8105627Z #18 writing layer sha256:f65a94f108e3b3cf93be8e44daeac28649ee9aab5b3720f98bf9c14eff1b11be
Validate Docker Builds	UNKNOWN STEP	2025-12-10T21:36:02.0610124Z #18 writing layer sha256:f65a94f108e3b3cf93be8e44daeac28649ee9aab5b3720f98bf9c14eff1b11be 0.3s done
Validate Docker Builds	UNKNOWN STEP	2025-12-10T21:36:20.3204027Z #18 preparing build cache for export 80.6s done
Validate Docker Builds	UNKNOWN STEP	2025-12-10T21:36:20.3204700Z #18 DONE 80.6s
Validate Docker Builds	UNKNOWN STEP	2025-12-10T21:36:20.3402692Z 
Validate Docker Builds	UNKNOWN STEP	2025-12-10T21:36:20.3403409Z #19 resolving provenance for metadata file
Validate Docker Builds	UNKNOWN STEP	2025-12-10T21:36:20.3403765Z #19 DONE 0.0s
Validate Docker Builds	UNKNOWN STEP	2025-12-10T21:36:20.3404556Z WARNING: No output specified with docker-container driver. Build result will only remain in the build cache. To push result image into registry use --push or to load image into docker use --load
Validate Docker Builds	UNKNOWN STEP	2025-12-10T21:36:20.3476953Z ##[group]Metadata
Validate Docker Builds	UNKNOWN STEP	2025-12-10T21:36:20.3478010Z {
Validate Docker Builds	UNKNOWN STEP	2025-12-10T21:36:20.3478325Z   "buildx.build.provenance": {
Validate Docker Builds	UNKNOWN STEP	2025-12-10T21:36:20.3478697Z     "builder": {
Validate Docker Builds	UNKNOWN STEP	2025-12-10T21:36:20.3479188Z       "id": "https://github.com/rodjac-lab/OpenWatt/actions/runs/20113941118"
Validate Docker Builds	UNKNOWN STEP	2025-12-10T21:36:20.3479746Z     },
Validate Docker Builds	UNKNOWN STEP	2025-12-10T21:36:20.3480107Z     "buildType": "https://mobyproject.org/buildkit@v1",
Validate Docker Builds	UNKNOWN STEP	2025-12-10T21:36:20.3480566Z     "materials": [
Validate Docker Builds	UNKNOWN STEP	2025-12-10T21:36:20.3480865Z       {
Validate Docker Builds	UNKNOWN STEP	2025-12-10T21:36:20.3481258Z         "uri": "pkg:docker/node@20-alpine?platform=linux%2Famd64",
Validate Docker Builds	UNKNOWN STEP	2025-12-10T21:36:20.3481755Z         "digest": {
Validate Docker Builds	UNKNOWN STEP	2025-12-10T21:36:20.3482214Z           "sha256": "643e7036aa985317ebfee460005e322aa550c6b6883000d01daefb58689a58e2"
Validate Docker Builds	UNKNOWN STEP	2025-12-10T21:36:20.3482781Z         }
Validate Docker Builds	UNKNOWN STEP	2025-12-10T21:36:20.3483009Z       }
Validate Docker Builds	UNKNOWN STEP	2025-12-10T21:36:20.3483208Z     ],
Validate Docker Builds	UNKNOWN STEP	2025-12-10T21:36:20.3483890Z     "invocation": {
Validate Docker Builds	UNKNOWN STEP	2025-12-10T21:36:20.3484169Z       "configSource": {
Validate Docker Builds	UNKNOWN STEP	2025-12-10T21:36:20.3484479Z         "entryPoint": "Dockerfile"
Validate Docker Builds	UNKNOWN STEP	2025-12-10T21:36:20.3484824Z       },
Validate Docker Builds	UNKNOWN STEP	2025-12-10T21:36:20.3485075Z       "parameters": {
Validate Docker Builds	UNKNOWN STEP	2025-12-10T21:36:20.3485392Z         "frontend": "dockerfile.v0",
Validate Docker Builds	UNKNOWN STEP	2025-12-10T21:36:20.3485727Z         "locals": [
Validate Docker Builds	UNKNOWN STEP	2025-12-10T21:36:20.3485997Z           {
Validate Docker Builds	UNKNOWN STEP	2025-12-10T21:36:20.3486257Z             "name": "context"
Validate Docker Builds	UNKNOWN STEP	2025-12-10T21:36:20.3486576Z           },
Validate Docker Builds	UNKNOWN STEP	2025-12-10T21:36:20.3486828Z           {
Validate Docker Builds	UNKNOWN STEP	2025-12-10T21:36:20.3487093Z             "name": "dockerfile"
Validate Docker Builds	UNKNOWN STEP	2025-12-10T21:36:20.3487483Z           }
Validate Docker Builds	UNKNOWN STEP	2025-12-10T21:36:20.3487736Z         ]
Validate Docker Builds	UNKNOWN STEP	2025-12-10T21:36:20.3487968Z       },
Validate Docker Builds	UNKNOWN STEP	2025-12-10T21:36:20.3488214Z       "environment": {
Validate Docker Builds	UNKNOWN STEP	2025-12-10T21:36:20.3488529Z         "github_actor": "rodjac-lab",
Validate Docker Builds	UNKNOWN STEP	2025-12-10T21:36:20.3488906Z         "github_actor_id": "232446658",
Validate Docker Builds	UNKNOWN STEP	2025-12-10T21:36:20.3489281Z         "github_event_name": "push",
Validate Docker Builds	UNKNOWN STEP	2025-12-10T21:36:20.3489661Z         "github_event_payload": {
Validate Docker Builds	UNKNOWN STEP	2025-12-10T21:36:20.3490085Z           "after": "c800eaf04d48a63e38c3f29a7dd53709a0c1fef9",
Validate Docker Builds	UNKNOWN STEP	2025-12-10T21:36:20.3490516Z           "base_ref": null,
Validate Docker Builds	UNKNOWN STEP	2025-12-10T21:36:20.3490913Z           "before": "3bb43724a318fa47d492cb7da48396e170703a87",
Validate Docker Builds	UNKNOWN STEP	2025-12-10T21:36:20.3491346Z           "commits": [
Validate Docker Builds	UNKNOWN STEP	2025-12-10T21:36:20.3491630Z             {
Validate Docker Builds	UNKNOWN STEP	2025-12-10T21:36:20.3491885Z               "author": {
Validate Docker Builds	UNKNOWN STEP	2025-12-10T21:36:20.3492230Z                 "email": "rodolphe.jacson@gmail.com",
Validate Docker Builds	UNKNOWN STEP	2025-12-10T21:36:20.3492650Z                 "name": "Rodolphe Jacson",
Validate Docker Builds	UNKNOWN STEP	2025-12-10T21:36:20.3493042Z                 "username": "rodjac-lab"
Validate Docker Builds	UNKNOWN STEP	2025-12-10T21:36:20.3493920Z               },
Validate Docker Builds	UNKNOWN STEP	2025-12-10T21:36:20.3494243Z               "committer": {
Validate Docker Builds	UNKNOWN STEP	2025-12-10T21:36:20.3494613Z                 "email": "rodolphe.jacson@gmail.com",
Validate Docker Builds	UNKNOWN STEP	2025-12-10T21:36:20.3495044Z                 "name": "Rodolphe Jacson",
Validate Docker Builds	UNKNOWN STEP	2025-12-10T21:36:20.3495434Z                 "username": "rodjac-lab"
Validate Docker Builds	UNKNOWN STEP	2025-12-10T21:36:20.3495791Z               },
Validate Docker Builds	UNKNOWN STEP	2025-12-10T21:36:20.3496073Z               "distinct": true,
Validate Docker Builds	UNKNOWN STEP	2025-12-10T21:36:20.3496467Z               "id": "c800eaf04d48a63e38c3f29a7dd53709a0c1fef9",
Validate Docker Builds	UNKNOWN STEP	2025-12-10T21:36:20.3501267Z               "message": "fix(tests): resolve asyncio event loop issue in test_tariff_history_filters\n\nChanged client fixture from function to session scope to prevent\nasyncio event loop conflicts between FastAPI TestClient and asyncpg.\n\nThe error \"Task got Future attached to a different loop\" occurred\nbecause TestClient was creating a new event loop for each test,\nwhile asyncpg connections retained references to the previous loop.\n\nAlso added asyncio_default_fixture_loop_scope = function to pytest.ini\nfor explicit loop scope control.\n\n­ƒñû Generated with [Claude Code](https://claude.com/claude-code)\n\nCo-Authored-By: Claude Sonnet 4.5 <noreply@anthropic.com>",
Validate Docker Builds	UNKNOWN STEP	2025-12-10T21:36:20.3505173Z               "timestamp": "2025-12-10T22:33:09+01:00",
Validate Docker Builds	UNKNOWN STEP	2025-12-10T21:36:20.3505655Z               "tree_id": "800215470d1f7091d8230fbd2892ab39bf10373d",
Validate Docker Builds	UNKNOWN STEP	2025-12-10T21:36:20.3506416Z               "url": "https://github.com/rodjac-lab/OpenWatt/commit/c800eaf04d48a63e38c3f29a7dd53709a0c1fef9"
Validate Docker Builds	UNKNOWN STEP	2025-12-10T21:36:20.3507109Z             }
Validate Docker Builds	UNKNOWN STEP	2025-12-10T21:36:20.3507367Z           ],
Validate Docker Builds	UNKNOWN STEP	2025-12-10T21:36:20.3507885Z           "compare": "https://github.com/rodjac-lab/OpenWatt/compare/3bb43724a318...c800eaf04d48",
Validate Docker Builds	UNKNOWN STEP	2025-12-10T21:36:20.3508500Z           "created": false,
Validate Docker Builds	UNKNOWN STEP	2025-12-10T21:36:20.3508808Z           "deleted": false,
Validate Docker Builds	UNKNOWN STEP	2025-12-10T21:36:20.3509127Z           "forced": false,
Validate Docker Builds	UNKNOWN STEP	2025-12-10T21:36:20.3509444Z           "head_commit": {
Validate Docker Builds	UNKNOWN STEP	2025-12-10T21:36:20.3509753Z             "author": {
Validate Docker Builds	UNKNOWN STEP	2025-12-10T21:36:20.3510076Z               "email": "rodolphe.jacson@gmail.com",
Validate Docker Builds	UNKNOWN STEP	2025-12-10T21:36:20.3510511Z               "name": "Rodolphe Jacson",
Validate Docker Builds	UNKNOWN STEP	2025-12-10T21:36:20.3510911Z               "username": "rodjac-lab"
Validate Docker Builds	UNKNOWN STEP	2025-12-10T21:36:20.3511268Z             },
Validate Docker Builds	UNKNOWN STEP	2025-12-10T21:36:20.3511535Z             "committer": {
Validate Docker Builds	UNKNOWN STEP	2025-12-10T21:36:20.3511893Z               "email": "rodolphe.jacson@gmail.com",
Validate Docker Builds	UNKNOWN STEP	2025-12-10T21:36:20.3512301Z               "name": "Rodolphe Jacson",
Validate Docker Builds	UNKNOWN STEP	2025-12-10T21:36:20.3512692Z               "username": "rodjac-lab"
Validate Docker Builds	UNKNOWN STEP	2025-12-10T21:36:20.3513036Z             },
Validate Docker Builds	UNKNOWN STEP	2025-12-10T21:36:20.3513452Z             "distinct": true,
Validate Docker Builds	UNKNOWN STEP	2025-12-10T21:36:20.3513827Z             "id": "c800eaf04d48a63e38c3f29a7dd53709a0c1fef9",
Validate Docker Builds	UNKNOWN STEP	2025-12-10T21:36:20.3518107Z             "message": "fix(tests): resolve asyncio event loop issue in test_tariff_history_filters\n\nChanged client fixture from function to session scope to prevent\nasyncio event loop conflicts between FastAPI TestClient and asyncpg.\n\nThe error \"Task got Future attached to a different loop\" occurred\nbecause TestClient was creating a new event loop for each test,\nwhile asyncpg connections retained references to the previous loop.\n\nAlso added asyncio_default_fixture_loop_scope = function to pytest.ini\nfor explicit loop scope control.\n\n­ƒñû Generated with [Claude Code](https://claude.com/claude-code)\n\nCo-Authored-By: Claude Sonnet 4.5 <noreply@anthropic.com>",
Validate Docker Builds	UNKNOWN STEP	2025-12-10T21:36:20.3521873Z             "timestamp": "2025-12-10T22:33:09+01:00",
Validate Docker Builds	UNKNOWN STEP	2025-12-10T21:36:20.3522470Z             "tree_id": "800215470d1f7091d8230fbd2892ab39bf10373d",
Validate Docker Builds	UNKNOWN STEP	2025-12-10T21:36:20.3523577Z             "url": "https://github.com/rodjac-lab/OpenWatt/commit/c800eaf04d48a63e38c3f29a7dd53709a0c1fef9"
Validate Docker Builds	UNKNOWN STEP	2025-12-10T21:36:20.3524348Z           },
Validate Docker Builds	UNKNOWN STEP	2025-12-10T21:36:20.3524787Z           "pusher": {
Validate Docker Builds	UNKNOWN STEP	2025-12-10T21:36:20.3525261Z             "email": "rodolphe.jacson@gmail.com",
Validate Docker Builds	UNKNOWN STEP	2025-12-10T21:36:20.3525820Z             "name": "rodjac-lab"
Validate Docker Builds	UNKNOWN STEP	2025-12-10T21:36:20.3526205Z           },
Validate Docker Builds	UNKNOWN STEP	2025-12-10T21:36:20.3526741Z           "ref": "refs/heads/main",
Validate Docker Builds	UNKNOWN STEP	2025-12-10T21:36:20.3527680Z           "repository": {
Validate Docker Builds	UNKNOWN STEP	2025-12-10T21:36:20.3528122Z             "allow_forking": true,
Validate Docker Builds	UNKNOWN STEP	2025-12-10T21:36:20.3528774Z             "archive_url": "https://api.github.com/repos/rodjac-lab/OpenWatt/{archive_format}{/ref}",
Validate Docker Builds	UNKNOWN STEP	2025-12-10T21:36:20.3529250Z             "archived": false,
Validate Docker Builds	UNKNOWN STEP	2025-12-10T21:36:20.3529710Z             "assignees_url": "https://api.github.com/repos/rodjac-lab/OpenWatt/assignees{/user}",
Validate Docker Builds	UNKNOWN STEP	2025-12-10T21:36:20.3539518Z             "blobs_url": "https://api.github.com/repos/rodjac-lab/OpenWatt/git/blobs{/sha}",
Validate Docker Builds	UNKNOWN STEP	2025-12-10T21:36:20.3540375Z             "branches_url": "https://api.github.com/repos/rodjac-lab/OpenWatt/branches{/branch}",
Validate Docker Builds	UNKNOWN STEP	2025-12-10T21:36:20.3541072Z             "clone_url": "https://github.com/rodjac-lab/OpenWatt.git",
Validate Docker Builds	UNKNOWN STEP	2025-12-10T21:36:20.3541711Z             "collaborators_url": "https://api.github.com/repos/rodjac-lab/OpenWatt/collaborators{/collaborator}",
Validate Docker Builds	UNKNOWN STEP	2025-12-10T21:36:20.3542298Z             "comments_url": "https://api.github.com/repos/rodjac-lab/OpenWatt/comments{/number}",
Validate Docker Builds	UNKNOWN STEP	2025-12-10T21:36:20.3542792Z             "commits_url": "https://api.github.com/repos/rodjac-lab/OpenWatt/commits{/sha}",
Validate Docker Builds	UNKNOWN STEP	2025-12-10T21:36:20.3543516Z             "compare_url": "https://api.github.com/repos/rodjac-lab/OpenWatt/compare/{base}...{head}",
Validate Docker Builds	UNKNOWN STEP	2025-12-10T21:36:20.3544295Z             "contents_url": "https://api.github.com/repos/rodjac-lab/OpenWatt/contents/{+path}",
Validate Docker Builds	UNKNOWN STEP	2025-12-10T21:36:20.3544791Z             "contributors_url": "https://api.github.com/repos/rodjac-lab/OpenWatt/contributors",
Validate Docker Builds	UNKNOWN STEP	2025-12-10T21:36:20.3545158Z             "created_at": 1762866531,
Validate Docker Builds	UNKNOWN STEP	2025-12-10T21:36:20.3545382Z             "default_branch": "main",
Validate Docker Builds	UNKNOWN STEP	2025-12-10T21:36:20.3545718Z             "deployments_url": "https://api.github.com/repos/rodjac-lab/OpenWatt/deployments",
Validate Docker Builds	UNKNOWN STEP	2025-12-10T21:36:20.3546076Z             "description": null,
Validate Docker Builds	UNKNOWN STEP	2025-12-10T21:36:20.3546312Z             "disabled": false,
Validate Docker Builds	UNKNOWN STEP	2025-12-10T21:36:20.3546628Z             "downloads_url": "https://api.github.com/repos/rodjac-lab/OpenWatt/downloads",
Validate Docker Builds	UNKNOWN STEP	2025-12-10T21:36:20.3547062Z             "events_url": "https://api.github.com/repos/rodjac-lab/OpenWatt/events",
Validate Docker Builds	UNKNOWN STEP	2025-12-10T21:36:20.3547379Z             "fork": false,
Validate Docker Builds	UNKNOWN STEP	2025-12-10T21:36:20.3547568Z             "forks": 0,
Validate Docker Builds	UNKNOWN STEP	2025-12-10T21:36:20.3547747Z             "forks_count": 0,
Validate Docker Builds	UNKNOWN STEP	2025-12-10T21:36:20.3548032Z             "forks_url": "https://api.github.com/repos/rodjac-lab/OpenWatt/forks",
Validate Docker Builds	UNKNOWN STEP	2025-12-10T21:36:20.3548355Z             "full_name": "rodjac-lab/OpenWatt",
Validate Docker Builds	UNKNOWN STEP	2025-12-10T21:36:20.3548734Z             "git_commits_url": "https://api.github.com/repos/rodjac-lab/OpenWatt/git/commits{/sha}",
Validate Docker Builds	UNKNOWN STEP	2025-12-10T21:36:20.3549205Z             "git_refs_url": "https://api.github.com/repos/rodjac-lab/OpenWatt/git/refs{/sha}",
Validate Docker Builds	UNKNOWN STEP	2025-12-10T21:36:20.3549649Z             "git_tags_url": "https://api.github.com/repos/rodjac-lab/OpenWatt/git/tags{/sha}",
Validate Docker Builds	UNKNOWN STEP	2025-12-10T21:36:20.3550028Z             "git_url": "git://github.com/rodjac-lab/OpenWatt.git",
Validate Docker Builds	UNKNOWN STEP	2025-12-10T21:36:20.3550300Z             "has_discussions": false,
Validate Docker Builds	UNKNOWN STEP	2025-12-10T21:36:20.3550528Z             "has_downloads": true,
Validate Docker Builds	UNKNOWN STEP	2025-12-10T21:36:20.3550733Z             "has_issues": true,
Validate Docker Builds	UNKNOWN STEP	2025-12-10T21:36:20.3550933Z             "has_pages": false,
Validate Docker Builds	UNKNOWN STEP	2025-12-10T21:36:20.3551130Z             "has_projects": true,
Validate Docker Builds	UNKNOWN STEP	2025-12-10T21:36:20.3551338Z             "has_wiki": true,
Validate Docker Builds	UNKNOWN STEP	2025-12-10T21:36:20.3551526Z             "homepage": null,
Validate Docker Builds	UNKNOWN STEP	2025-12-10T21:36:20.3551819Z             "hooks_url": "https://api.github.com/repos/rodjac-lab/OpenWatt/hooks",
Validate Docker Builds	UNKNOWN STEP	2025-12-10T21:36:20.3552178Z             "html_url": "https://github.com/rodjac-lab/OpenWatt",
Validate Docker Builds	UNKNOWN STEP	2025-12-10T21:36:20.3552436Z             "id": 1094248685,
Validate Docker Builds	UNKNOWN STEP	2025-12-10T21:36:20.3552632Z             "is_template": false,
Validate Docker Builds	UNKNOWN STEP	2025-12-10T21:36:20.3553006Z             "issue_comment_url": "https://api.github.com/repos/rodjac-lab/OpenWatt/issues/comments{/number}",
Validate Docker Builds	UNKNOWN STEP	2025-12-10T21:36:20.3553886Z             "issue_events_url": "https://api.github.com/repos/rodjac-lab/OpenWatt/issues/events{/number}",
Validate Docker Builds	UNKNOWN STEP	2025-12-10T21:36:20.3555030Z             "issues_url": "https://api.github.com/repos/rodjac-lab/OpenWatt/issues{/number}",
Validate Docker Builds	UNKNOWN STEP	2025-12-10T21:36:20.3555783Z             "keys_url": "https://api.github.com/repos/rodjac-lab/OpenWatt/keys{/key_id}",
Validate Docker Builds	UNKNOWN STEP	2025-12-10T21:36:20.3556531Z             "labels_url": "https://api.github.com/repos/rodjac-lab/OpenWatt/labels{/name}",
Validate Docker Builds	UNKNOWN STEP	2025-12-10T21:36:20.3557122Z             "language": "Python",
Validate Docker Builds	UNKNOWN STEP	2025-12-10T21:36:20.3557688Z             "languages_url": "https://api.github.com/repos/rodjac-lab/OpenWatt/languages",
Validate Docker Builds	UNKNOWN STEP	2025-12-10T21:36:20.3558475Z             "license": {
Validate Docker Builds	UNKNOWN STEP	2025-12-10T21:36:20.3558796Z               "key": "mit",
Validate Docker Builds	UNKNOWN STEP	2025-12-10T21:36:20.3558997Z               "name": "MIT License",
Validate Docker Builds	UNKNOWN STEP	2025-12-10T21:36:20.3559233Z               "node_id": "MDc6TGljZW5zZTEz",
Validate Docker Builds	UNKNOWN STEP	2025-12-10T21:36:20.3559463Z               "spdx_id": "MIT",
Validate Docker Builds	UNKNOWN STEP	2025-12-10T21:36:20.3559700Z               "url": "https://api.github.com/licenses/mit"
Validate Docker Builds	UNKNOWN STEP	2025-12-10T21:36:20.3559949Z             },
Validate Docker Builds	UNKNOWN STEP	2025-12-10T21:36:20.3560116Z             "master_branch": "main",
Validate Docker Builds	UNKNOWN STEP	2025-12-10T21:36:20.3560437Z             "merges_url": "https://api.github.com/repos/rodjac-lab/OpenWatt/merges",
Validate Docker Builds	UNKNOWN STEP	2025-12-10T21:36:20.3560906Z             "milestones_url": "https://api.github.com/repos/rodjac-lab/OpenWatt/milestones{/number}",
Validate Docker Builds	UNKNOWN STEP	2025-12-10T21:36:20.3561277Z             "mirror_url": null,
Validate Docker Builds	UNKNOWN STEP	2025-12-10T21:36:20.3561471Z             "name": "OpenWatt",
Validate Docker Builds	UNKNOWN STEP	2025-12-10T21:36:20.3561684Z             "node_id": "R_kgDOQTjo7Q",
Validate Docker Builds	UNKNOWN STEP	2025-12-10T21:36:20.3562146Z             "notifications_url": "https://api.github.com/repos/rodjac-lab/OpenWatt/notifications{?since,all,participating}",
Validate Docker Builds	UNKNOWN STEP	2025-12-10T21:36:20.3562599Z             "open_issues": 3,
Validate Docker Builds	UNKNOWN STEP	2025-12-10T21:36:20.3562810Z             "open_issues_count": 3,
Validate Docker Builds	UNKNOWN STEP	2025-12-10T21:36:20.3563013Z             "owner": {
Validate Docker Builds	UNKNOWN STEP	2025-12-10T21:36:20.3563561Z               "avatar_url": "https://avatars.githubusercontent.com/u/232446658?v=4",
Validate Docker Builds	UNKNOWN STEP	2025-12-10T21:36:20.3563971Z               "email": "rodolphe.jacson@gmail.com",
Validate Docker Builds	UNKNOWN STEP	2025-12-10T21:36:20.3564316Z               "events_url": "https://api.github.com/users/rodjac-lab/events{/privacy}",
Validate Docker Builds	UNKNOWN STEP	2025-12-10T21:36:20.3564724Z               "followers_url": "https://api.github.com/users/rodjac-lab/followers",
Validate Docker Builds	UNKNOWN STEP	2025-12-10T21:36:20.3565165Z               "following_url": "https://api.github.com/users/rodjac-lab/following{/other_user}",
Validate Docker Builds	UNKNOWN STEP	2025-12-10T21:36:20.3565600Z               "gists_url": "https://api.github.com/users/rodjac-lab/gists{/gist_id}",
Validate Docker Builds	UNKNOWN STEP	2025-12-10T21:36:20.3565909Z               "gravatar_id": "",
Validate Docker Builds	UNKNOWN STEP	2025-12-10T21:36:20.3566153Z               "html_url": "https://github.com/rodjac-lab",
Validate Docker Builds	UNKNOWN STEP	2025-12-10T21:36:20.3566400Z               "id": 232446658,
Validate Docker Builds	UNKNOWN STEP	2025-12-10T21:36:20.3566603Z               "login": "rodjac-lab",
Validate Docker Builds	UNKNOWN STEP	2025-12-10T21:36:20.3566814Z               "name": "rodjac-lab",
Validate Docker Builds	UNKNOWN STEP	2025-12-10T21:36:20.3567033Z               "node_id": "U_kgDODdrawg",
Validate Docker Builds	UNKNOWN STEP	2025-12-10T21:36:20.3567352Z               "organizations_url": "https://api.github.com/users/rodjac-lab/orgs",
Validate Docker Builds	UNKNOWN STEP	2025-12-10T21:36:20.3567792Z               "received_events_url": "https://api.github.com/users/rodjac-lab/received_events",
Validate Docker Builds	UNKNOWN STEP	2025-12-10T21:36:20.3568211Z               "repos_url": "https://api.github.com/users/rodjac-lab/repos",
Validate Docker Builds	UNKNOWN STEP	2025-12-10T21:36:20.3568500Z               "site_admin": false,
Validate Docker Builds	UNKNOWN STEP	2025-12-10T21:36:20.3568828Z               "starred_url": "https://api.github.com/users/rodjac-lab/starred{/owner}{/repo}",
Validate Docker Builds	UNKNOWN STEP	2025-12-10T21:36:20.3569276Z               "subscriptions_url": "https://api.github.com/users/rodjac-lab/subscriptions",
Validate Docker Builds	UNKNOWN STEP	2025-12-10T21:36:20.3569619Z               "type": "User",
Validate Docker Builds	UNKNOWN STEP	2025-12-10T21:36:20.3569859Z               "url": "https://api.github.com/users/rodjac-lab",
Validate Docker Builds	UNKNOWN STEP	2025-12-10T21:36:20.3570121Z               "user_view_type": "public"
Validate Docker Builds	UNKNOWN STEP	2025-12-10T21:36:20.3570339Z             },
Validate Docker Builds	UNKNOWN STEP	2025-12-10T21:36:20.3570504Z             "private": false,
Validate Docker Builds	UNKNOWN STEP	2025-12-10T21:36:20.3570816Z             "pulls_url": "https://api.github.com/repos/rodjac-lab/OpenWatt/pulls{/number}",
Validate Docker Builds	UNKNOWN STEP	2025-12-10T21:36:20.3571152Z             "pushed_at": 1765402389,
Validate Docker Builds	UNKNOWN STEP	2025-12-10T21:36:20.3571485Z             "releases_url": "https://api.github.com/repos/rodjac-lab/OpenWatt/releases{/id}",
Validate Docker Builds	UNKNOWN STEP	2025-12-10T21:36:20.3572017Z             "size": 2394,
Validate Docker Builds	UNKNOWN STEP	2025-12-10T21:36:20.3572251Z             "ssh_url": "git@github.com:rodjac-lab/OpenWatt.git",
Validate Docker Builds	UNKNOWN STEP	2025-12-10T21:36:20.3572517Z             "stargazers": 0,
Validate Docker Builds	UNKNOWN STEP	2025-12-10T21:36:20.3572715Z             "stargazers_count": 0,
Validate Docker Builds	UNKNOWN STEP	2025-12-10T21:36:20.3573042Z             "stargazers_url": "https://api.github.com/repos/rodjac-lab/OpenWatt/stargazers",
Validate Docker Builds	UNKNOWN STEP	2025-12-10T21:36:20.3574023Z             "statuses_url": "https://api.github.com/repos/rodjac-lab/OpenWatt/statuses/{sha}",
Validate Docker Builds	UNKNOWN STEP	2025-12-10T21:36:20.3574829Z             "subscribers_url": "https://api.github.com/repos/rodjac-lab/OpenWatt/subscribers",
Validate Docker Builds	UNKNOWN STEP	2025-12-10T21:36:20.3575372Z             "subscription_url": "https://api.github.com/repos/rodjac-lab/OpenWatt/subscription",
Validate Docker Builds	UNKNOWN STEP	2025-12-10T21:36:20.3575775Z             "svn_url": "https://github.com/rodjac-lab/OpenWatt",
Validate Docker Builds	UNKNOWN STEP	2025-12-10T21:36:20.3576116Z             "tags_url": "https://api.github.com/repos/rodjac-lab/OpenWatt/tags",
Validate Docker Builds	UNKNOWN STEP	2025-12-10T21:36:20.3576514Z             "teams_url": "https://api.github.com/repos/rodjac-lab/OpenWatt/teams",
Validate Docker Builds	UNKNOWN STEP	2025-12-10T21:36:20.3576817Z             "topics": [],
Validate Docker Builds	UNKNOWN STEP	2025-12-10T21:36:20.3577117Z             "trees_url": "https://api.github.com/repos/rodjac-lab/OpenWatt/git/trees{/sha}",
Validate Docker Builds	UNKNOWN STEP	2025-12-10T21:36:20.3577466Z             "updated_at": "2025-12-10T21:27:48Z",
Validate Docker Builds	UNKNOWN STEP	2025-12-10T21:36:20.3577753Z             "url": "https://api.github.com/repos/rodjac-lab/OpenWatt",
Validate Docker Builds	UNKNOWN STEP	2025-12-10T21:36:20.3578042Z             "visibility": "public",
Validate Docker Builds	UNKNOWN STEP	2025-12-10T21:36:20.3578251Z             "watchers": 0,
Validate Docker Builds	UNKNOWN STEP	2025-12-10T21:36:20.3578447Z             "watchers_count": 0,
Validate Docker Builds	UNKNOWN STEP	2025-12-10T21:36:20.3578664Z             "web_commit_signoff_required": false
Validate Docker Builds	UNKNOWN STEP	2025-12-10T21:36:20.3578890Z           },
Validate Docker Builds	UNKNOWN STEP	2025-12-10T21:36:20.3579041Z           "sender": {
Validate Docker Builds	UNKNOWN STEP	2025-12-10T21:36:20.3579316Z             "avatar_url": "https://avatars.githubusercontent.com/u/232446658?v=4",
Validate Docker Builds	UNKNOWN STEP	2025-12-10T21:36:20.3579735Z             "events_url": "https://api.github.com/users/rodjac-lab/events{/privacy}",
Validate Docker Builds	UNKNOWN STEP	2025-12-10T21:36:20.3580143Z             "followers_url": "https://api.github.com/users/rodjac-lab/followers",
Validate Docker Builds	UNKNOWN STEP	2025-12-10T21:36:20.3580574Z             "following_url": "https://api.github.com/users/rodjac-lab/following{/other_user}",
Validate Docker Builds	UNKNOWN STEP	2025-12-10T21:36:20.3580998Z             "gists_url": "https://api.github.com/users/rodjac-lab/gists{/gist_id}",
Validate Docker Builds	UNKNOWN STEP	2025-12-10T21:36:20.3581310Z             "gravatar_id": "",
Validate Docker Builds	UNKNOWN STEP	2025-12-10T21:36:20.3581539Z             "html_url": "https://github.com/rodjac-lab",
Validate Docker Builds	UNKNOWN STEP	2025-12-10T21:36:20.3581790Z             "id": 232446658,
Validate Docker Builds	UNKNOWN STEP	2025-12-10T21:36:20.3581988Z             "login": "rodjac-lab",
Validate Docker Builds	UNKNOWN STEP	2025-12-10T21:36:20.3582199Z             "node_id": "U_kgDODdrawg",
Validate Docker Builds	UNKNOWN STEP	2025-12-10T21:36:20.3582508Z             "organizations_url": "https://api.github.com/users/rodjac-lab/orgs",
Validate Docker Builds	UNKNOWN STEP	2025-12-10T21:36:20.3582941Z             "received_events_url": "https://api.github.com/users/rodjac-lab/received_events",
Validate Docker Builds	UNKNOWN STEP	2025-12-10T21:36:20.3583621Z             "repos_url": "https://api.github.com/users/rodjac-lab/repos",
Validate Docker Builds	UNKNOWN STEP	2025-12-10T21:36:20.3583924Z             "site_admin": false,
Validate Docker Builds	UNKNOWN STEP	2025-12-10T21:36:20.3584243Z             "starred_url": "https://api.github.com/users/rodjac-lab/starred{/owner}{/repo}",
Validate Docker Builds	UNKNOWN STEP	2025-12-10T21:36:20.3584715Z             "subscriptions_url": "https://api.github.com/users/rodjac-lab/subscriptions",
Validate Docker Builds	UNKNOWN STEP	2025-12-10T21:36:20.3585055Z             "type": "User",
Validate Docker Builds	UNKNOWN STEP	2025-12-10T21:36:20.3585290Z             "url": "https://api.github.com/users/rodjac-lab",
Validate Docker Builds	UNKNOWN STEP	2025-12-10T21:36:20.3585556Z             "user_view_type": "public"
Validate Docker Builds	UNKNOWN STEP	2025-12-10T21:36:20.3585785Z           }
Validate Docker Builds	UNKNOWN STEP	2025-12-10T21:36:20.3585931Z         },
Validate Docker Builds	UNKNOWN STEP	2025-12-10T21:36:20.3586100Z         "github_job": "docker-build",
Validate Docker Builds	UNKNOWN STEP	2025-12-10T21:36:20.3586331Z         "github_ref": "refs/heads/main",
Validate Docker Builds	UNKNOWN STEP	2025-12-10T21:36:20.3586566Z         "github_ref_name": "main",
Validate Docker Builds	UNKNOWN STEP	2025-12-10T21:36:20.3586784Z         "github_ref_protected": "false",
Validate Docker Builds	UNKNOWN STEP	2025-12-10T21:36:20.3587011Z         "github_ref_type": "branch",
Validate Docker Builds	UNKNOWN STEP	2025-12-10T21:36:20.3587257Z         "github_repository": "rodjac-lab/OpenWatt",
Validate Docker Builds	UNKNOWN STEP	2025-12-10T21:36:20.3587698Z         "github_repository_id": "1094248685",
Validate Docker Builds	UNKNOWN STEP	2025-12-10T21:36:20.3587953Z         "github_repository_owner": "rodjac-lab",
Validate Docker Builds	UNKNOWN STEP	2025-12-10T21:36:20.3588212Z         "github_repository_owner_id": "232446658",
Validate Docker Builds	UNKNOWN STEP	2025-12-10T21:36:20.3588460Z         "github_run_attempt": "1",
Validate Docker Builds	UNKNOWN STEP	2025-12-10T21:36:20.3588675Z         "github_run_id": "20113941118",
Validate Docker Builds	UNKNOWN STEP	2025-12-10T21:36:20.3588904Z         "github_run_number": "39",
Validate Docker Builds	UNKNOWN STEP	2025-12-10T21:36:20.3589118Z         "github_runner_arch": "X64",
Validate Docker Builds	UNKNOWN STEP	2025-12-10T21:36:20.3589482Z         "github_runner_environment": "github-hosted",
Validate Docker Builds	UNKNOWN STEP	2025-12-10T21:36:20.3589755Z         "github_runner_image_os": "ubuntu24",
Validate Docker Builds	UNKNOWN STEP	2025-12-10T21:36:20.3590018Z         "github_runner_image_version": "20251126.144.1",
Validate Docker Builds	UNKNOWN STEP	2025-12-10T21:36:20.3590308Z         "github_runner_name": "GitHub Actions 1000001140",
Validate Docker Builds	UNKNOWN STEP	2025-12-10T21:36:20.3590567Z         "github_runner_os": "Linux",
Validate Docker Builds	UNKNOWN STEP	2025-12-10T21:36:20.3590880Z         "github_runner_tracking_id": "github_35070713-6ff2-433c-b027-034149024207",
Validate Docker Builds	UNKNOWN STEP	2025-12-10T21:36:20.3591230Z         "github_server_url": "https://github.com",
Validate Docker Builds	UNKNOWN STEP	2025-12-10T21:36:20.3591504Z         "github_triggering_actor": "rodjac-lab",
Validate Docker Builds	UNKNOWN STEP	2025-12-10T21:36:20.3591794Z         "github_workflow": "CI - Pull Request Validation",
Validate Docker Builds	UNKNOWN STEP	2025-12-10T21:36:20.3592188Z         "github_workflow_ref": "rodjac-lab/OpenWatt/.github/workflows/ci.yml@refs/heads/main",
Validate Docker Builds	UNKNOWN STEP	2025-12-10T21:36:20.3592632Z         "github_workflow_sha": "c800eaf04d48a63e38c3f29a7dd53709a0c1fef9",
Validate Docker Builds	UNKNOWN STEP	2025-12-10T21:36:20.3592942Z         "platform": "linux/amd64"
Validate Docker Builds	UNKNOWN STEP	2025-12-10T21:36:20.3593148Z       }
Validate Docker Builds	UNKNOWN STEP	2025-12-10T21:36:20.3593469Z     }
Validate Docker Builds	UNKNOWN STEP	2025-12-10T21:36:20.3593716Z   },
Validate Docker Builds	UNKNOWN STEP	2025-12-10T21:36:20.3594270Z   "buildx.build.ref": "builder-0a4caf52-08dc-4a0b-8c5f-053a2861ee2f/builder-0a4caf52-08dc-4a0b-8c5f-053a2861ee2f0/d762tamudwcubdwx8gi4a30ms"
Validate Docker Builds	UNKNOWN STEP	2025-12-10T21:36:20.3594813Z }
Validate Docker Builds	UNKNOWN STEP	2025-12-10T21:36:20.3595146Z ##[endgroup]
Validate Docker Builds	UNKNOWN STEP	2025-12-10T21:36:20.3646411Z Post job cleanup.
Validate Docker Builds	UNKNOWN STEP	2025-12-10T21:36:20.5859264Z ##[group]Removing temp folder /home/runner/work/_temp/docker-actions-toolkit-LXUl4F
Validate Docker Builds	UNKNOWN STEP	2025-12-10T21:36:20.5872657Z ##[endgroup]
Validate Docker Builds	UNKNOWN STEP	2025-12-10T21:36:20.5873146Z ##[group]Post cache
Validate Docker Builds	UNKNOWN STEP	2025-12-10T21:36:20.5875207Z State not set
Validate Docker Builds	UNKNOWN STEP	2025-12-10T21:36:20.5876091Z ##[endgroup]
Validate Docker Builds	UNKNOWN STEP	2025-12-10T21:36:20.6024635Z Post job cleanup.
Validate Docker Builds	UNKNOWN STEP	2025-12-10T21:36:20.8220067Z ##[group]Removing temp folder /home/runner/work/_temp/docker-actions-toolkit-sOgbwk
Validate Docker Builds	UNKNOWN STEP	2025-12-10T21:36:20.8232995Z ##[endgroup]
Validate Docker Builds	UNKNOWN STEP	2025-12-10T21:36:20.8233748Z ##[group]Post cache
Validate Docker Builds	UNKNOWN STEP	2025-12-10T21:36:20.8235651Z State not set
Validate Docker Builds	UNKNOWN STEP	2025-12-10T21:36:20.8236143Z ##[endgroup]
Validate Docker Builds	UNKNOWN STEP	2025-12-10T21:36:20.8349555Z Post job cleanup.
Validate Docker Builds	UNKNOWN STEP	2025-12-10T21:36:21.1077895Z ##[group]Removing builder
Validate Docker Builds	UNKNOWN STEP	2025-12-10T21:36:21.2304573Z [command]/usr/bin/docker buildx rm builder-0a4caf52-08dc-4a0b-8c5f-053a2861ee2f
Validate Docker Builds	UNKNOWN STEP	2025-12-10T21:36:22.9230581Z builder-0a4caf52-08dc-4a0b-8c5f-053a2861ee2f removed
Validate Docker Builds	UNKNOWN STEP	2025-12-10T21:36:22.9267565Z ##[endgroup]
Validate Docker Builds	UNKNOWN STEP	2025-12-10T21:36:22.9269151Z ##[group]Cleaning up certificates
Validate Docker Builds	UNKNOWN STEP	2025-12-10T21:36:22.9275635Z ##[endgroup]
Validate Docker Builds	UNKNOWN STEP	2025-12-10T21:36:22.9276253Z ##[group]Post cache
Validate Docker Builds	UNKNOWN STEP	2025-12-10T21:36:22.9278485Z State not set
Validate Docker Builds	UNKNOWN STEP	2025-12-10T21:36:22.9279553Z ##[endgroup]
Validate Docker Builds	UNKNOWN STEP	2025-12-10T21:36:22.9442204Z Post job cleanup.
Validate Docker Builds	UNKNOWN STEP	2025-12-10T21:36:23.0393190Z [command]/usr/bin/git version
Validate Docker Builds	UNKNOWN STEP	2025-12-10T21:36:23.0429819Z git version 2.52.0
Validate Docker Builds	UNKNOWN STEP	2025-12-10T21:36:23.0472913Z Temporarily overriding HOME='/home/runner/work/_temp/5b20f050-a454-4a48-8f21-268aeecb1eff' before making global git config changes
Validate Docker Builds	UNKNOWN STEP	2025-12-10T21:36:23.0474392Z Adding repository directory to the temporary git global config as a safe directory
Validate Docker Builds	UNKNOWN STEP	2025-12-10T21:36:23.0485421Z [command]/usr/bin/git config --global --add safe.directory /home/runner/work/OpenWatt/OpenWatt
Validate Docker Builds	UNKNOWN STEP	2025-12-10T21:36:23.0519196Z [command]/usr/bin/git config --local --name-only --get-regexp core\.sshCommand
Validate Docker Builds	UNKNOWN STEP	2025-12-10T21:36:23.0551483Z [command]/usr/bin/git submodule foreach --recursive sh -c "git config --local --name-only --get-regexp 'core\.sshCommand' && git config --local --unset-all 'core.sshCommand' || :"
Validate Docker Builds	UNKNOWN STEP	2025-12-10T21:36:23.0783664Z [command]/usr/bin/git config --local --name-only --get-regexp http\.https\:\/\/github\.com\/\.extraheader
Validate Docker Builds	UNKNOWN STEP	2025-12-10T21:36:23.0804999Z http.https://github.com/.extraheader
Validate Docker Builds	UNKNOWN STEP	2025-12-10T21:36:23.0817789Z [command]/usr/bin/git config --local --unset-all http.https://github.com/.extraheader
Validate Docker Builds	UNKNOWN STEP	2025-12-10T21:36:23.0848217Z [command]/usr/bin/git submodule foreach --recursive sh -c "git config --local --name-only --get-regexp 'http\.https\:\/\/github\.com\/\.extraheader' && git config --local --unset-all 'http.https://github.com/.extraheader' || :"
Validate Docker Builds	UNKNOWN STEP	2025-12-10T21:36:23.1065477Z [command]/usr/bin/git config --local --name-only --get-regexp ^includeIf\.gitdir:
Validate Docker Builds	UNKNOWN STEP	2025-12-10T21:36:23.1095631Z [command]/usr/bin/git submodule foreach --recursive git config --local --show-origin --name-only --get-regexp remote.origin.url
Validate Docker Builds	UNKNOWN STEP	2025-12-10T21:36:23.1415821Z Cleaning up orphan processes
Test Frontend (Vitest)	UNKNOWN STEP	´╗┐2025-12-10T21:33:25.9506938Z Current runner version: '2.329.0'
Test Frontend (Vitest)	UNKNOWN STEP	2025-12-10T21:33:25.9538476Z ##[group]Runner Image Provisioner
Test Frontend (Vitest)	UNKNOWN STEP	2025-12-10T21:33:25.9539664Z Hosted Compute Agent
Test Frontend (Vitest)	UNKNOWN STEP	2025-12-10T21:33:25.9540598Z Version: 20251124.448
Test Frontend (Vitest)	UNKNOWN STEP	2025-12-10T21:33:25.9541726Z Commit: fda5086b43ec66ade217e5fcd18146c879571177
Test Frontend (Vitest)	UNKNOWN STEP	2025-12-10T21:33:25.9543202Z Build Date: 2025-11-24T21:16:26Z
Test Frontend (Vitest)	UNKNOWN STEP	2025-12-10T21:33:25.9544211Z ##[endgroup]
Test Frontend (Vitest)	UNKNOWN STEP	2025-12-10T21:33:25.9545287Z ##[group]Operating System
Test Frontend (Vitest)	UNKNOWN STEP	2025-12-10T21:33:25.9546292Z Ubuntu
Test Frontend (Vitest)	UNKNOWN STEP	2025-12-10T21:33:25.9547071Z 24.04.3
Test Frontend (Vitest)	UNKNOWN STEP	2025-12-10T21:33:25.9548016Z LTS
Test Frontend (Vitest)	UNKNOWN STEP	2025-12-10T21:33:25.9548773Z ##[endgroup]
Test Frontend (Vitest)	UNKNOWN STEP	2025-12-10T21:33:25.9549590Z ##[group]Runner Image
Test Frontend (Vitest)	UNKNOWN STEP	2025-12-10T21:33:25.9550572Z Image: ubuntu-24.04
Test Frontend (Vitest)	UNKNOWN STEP	2025-12-10T21:33:25.9551422Z Version: 20251126.144.1
Test Frontend (Vitest)	UNKNOWN STEP	2025-12-10T21:33:25.9553373Z Included Software: https://github.com/actions/runner-images/blob/ubuntu24/20251126.144/images/ubuntu/Ubuntu2404-Readme.md
Test Frontend (Vitest)	UNKNOWN STEP	2025-12-10T21:33:25.9556087Z Image Release: https://github.com/actions/runner-images/releases/tag/ubuntu24%2F20251126.144
Test Frontend (Vitest)	UNKNOWN STEP	2025-12-10T21:33:25.9557763Z ##[endgroup]
Test Frontend (Vitest)	UNKNOWN STEP	2025-12-10T21:33:25.9559636Z ##[group]GITHUB_TOKEN Permissions
Test Frontend (Vitest)	UNKNOWN STEP	2025-12-10T21:33:25.9562320Z Contents: read
Test Frontend (Vitest)	UNKNOWN STEP	2025-12-10T21:33:25.9563351Z Metadata: read
Test Frontend (Vitest)	UNKNOWN STEP	2025-12-10T21:33:25.9564183Z Packages: read
Test Frontend (Vitest)	UNKNOWN STEP	2025-12-10T21:33:25.9565056Z ##[endgroup]
Test Frontend (Vitest)	UNKNOWN STEP	2025-12-10T21:33:25.9568310Z Secret source: Actions
Test Frontend (Vitest)	UNKNOWN STEP	2025-12-10T21:33:25.9569792Z Prepare workflow directory
Test Frontend (Vitest)	UNKNOWN STEP	2025-12-10T21:33:26.0137541Z Prepare all required actions
Test Frontend (Vitest)	UNKNOWN STEP	2025-12-10T21:33:26.0193405Z Getting action download info
Test Frontend (Vitest)	UNKNOWN STEP	2025-12-10T21:33:26.3054794Z Download action repository 'actions/checkout@v4' (SHA:34e114876b0b11c390a56381ad16ebd13914f8d5)
Test Frontend (Vitest)	UNKNOWN STEP	2025-12-10T21:33:26.7188792Z Download action repository 'actions/setup-node@v4' (SHA:49933ea5288caeca8642d1e84afbd3f7d6820020)
Test Frontend (Vitest)	UNKNOWN STEP	2025-12-10T21:33:26.8115143Z Download action repository 'codecov/codecov-action@v4' (SHA:b9fd7d16f6d7d1b5d2bec1a2887e65ceed900238)
Test Frontend (Vitest)	UNKNOWN STEP	2025-12-10T21:33:27.2474766Z Complete job name: Test Frontend (Vitest)
Test Frontend (Vitest)	UNKNOWN STEP	2025-12-10T21:33:27.3156827Z ##[group]Run actions/checkout@v4
Test Frontend (Vitest)	UNKNOWN STEP	2025-12-10T21:33:27.3157711Z with:
Test Frontend (Vitest)	UNKNOWN STEP	2025-12-10T21:33:27.3158154Z   repository: rodjac-lab/OpenWatt
Test Frontend (Vitest)	UNKNOWN STEP	2025-12-10T21:33:27.3158843Z   token: ***
Test Frontend (Vitest)	UNKNOWN STEP	2025-12-10T21:33:27.3159258Z   ssh-strict: true
Test Frontend (Vitest)	UNKNOWN STEP	2025-12-10T21:33:27.3159689Z   ssh-user: git
Test Frontend (Vitest)	UNKNOWN STEP	2025-12-10T21:33:27.3160135Z   persist-credentials: true
Test Frontend (Vitest)	UNKNOWN STEP	2025-12-10T21:33:27.3160642Z   clean: true
Test Frontend (Vitest)	UNKNOWN STEP	2025-12-10T21:33:27.3161102Z   sparse-checkout-cone-mode: true
Test Frontend (Vitest)	UNKNOWN STEP	2025-12-10T21:33:27.3161616Z   fetch-depth: 1
Test Frontend (Vitest)	UNKNOWN STEP	2025-12-10T21:33:27.3162218Z   fetch-tags: false
Test Frontend (Vitest)	UNKNOWN STEP	2025-12-10T21:33:27.3162651Z   show-progress: true
Test Frontend (Vitest)	UNKNOWN STEP	2025-12-10T21:33:27.3163085Z   lfs: false
Test Frontend (Vitest)	UNKNOWN STEP	2025-12-10T21:33:27.3163486Z   submodules: false
Test Frontend (Vitest)	UNKNOWN STEP	2025-12-10T21:33:27.3163939Z   set-safe-directory: true
Test Frontend (Vitest)	UNKNOWN STEP	2025-12-10T21:33:27.3164650Z ##[endgroup]
Test Frontend (Vitest)	UNKNOWN STEP	2025-12-10T21:33:27.4255511Z Syncing repository: rodjac-lab/OpenWatt
Test Frontend (Vitest)	UNKNOWN STEP	2025-12-10T21:33:27.4258281Z ##[group]Getting Git version info
Test Frontend (Vitest)	UNKNOWN STEP	2025-12-10T21:33:27.4259651Z Working directory is '/home/runner/work/OpenWatt/OpenWatt'
Test Frontend (Vitest)	UNKNOWN STEP	2025-12-10T21:33:27.4261696Z [command]/usr/bin/git version
Test Frontend (Vitest)	UNKNOWN STEP	2025-12-10T21:33:27.4312400Z git version 2.52.0
Test Frontend (Vitest)	UNKNOWN STEP	2025-12-10T21:33:27.4339188Z ##[endgroup]
Test Frontend (Vitest)	UNKNOWN STEP	2025-12-10T21:33:27.4360484Z Temporarily overriding HOME='/home/runner/work/_temp/2cc5cef7-ea8d-4540-9b9d-0959ae3a87ef' before making global git config changes
Test Frontend (Vitest)	UNKNOWN STEP	2025-12-10T21:33:27.4363445Z Adding repository directory to the temporary git global config as a safe directory
Test Frontend (Vitest)	UNKNOWN STEP	2025-12-10T21:33:27.4366635Z [command]/usr/bin/git config --global --add safe.directory /home/runner/work/OpenWatt/OpenWatt
Test Frontend (Vitest)	UNKNOWN STEP	2025-12-10T21:33:27.4403267Z Deleting the contents of '/home/runner/work/OpenWatt/OpenWatt'
Test Frontend (Vitest)	UNKNOWN STEP	2025-12-10T21:33:27.4407190Z ##[group]Initializing the repository
Test Frontend (Vitest)	UNKNOWN STEP	2025-12-10T21:33:27.4411754Z [command]/usr/bin/git init /home/runner/work/OpenWatt/OpenWatt
Test Frontend (Vitest)	UNKNOWN STEP	2025-12-10T21:33:27.4509613Z hint: Using 'master' as the name for the initial branch. This default branch name
Test Frontend (Vitest)	UNKNOWN STEP	2025-12-10T21:33:27.4511017Z hint: will change to "main" in Git 3.0. To configure the initial branch name
Test Frontend (Vitest)	UNKNOWN STEP	2025-12-10T21:33:27.4512508Z hint: to use in all of your new repositories, which will suppress this warning,
Test Frontend (Vitest)	UNKNOWN STEP	2025-12-10T21:33:27.4513900Z hint: call:
Test Frontend (Vitest)	UNKNOWN STEP	2025-12-10T21:33:27.4514479Z hint:
Test Frontend (Vitest)	UNKNOWN STEP	2025-12-10T21:33:27.4515433Z hint: 	git config --global init.defaultBranch <name>
Test Frontend (Vitest)	UNKNOWN STEP	2025-12-10T21:33:27.4516625Z hint:
Test Frontend (Vitest)	UNKNOWN STEP	2025-12-10T21:33:27.4517779Z hint: Names commonly chosen instead of 'master' are 'main', 'trunk' and
Test Frontend (Vitest)	UNKNOWN STEP	2025-12-10T21:33:27.4519690Z hint: 'development'. The just-created branch can be renamed via this command:
Test Frontend (Vitest)	UNKNOWN STEP	2025-12-10T21:33:27.4521136Z hint:
Test Frontend (Vitest)	UNKNOWN STEP	2025-12-10T21:33:27.4522105Z hint: 	git branch -m <name>
Test Frontend (Vitest)	UNKNOWN STEP	2025-12-10T21:33:27.4522970Z hint:
Test Frontend (Vitest)	UNKNOWN STEP	2025-12-10T21:33:27.4524212Z hint: Disable this message with "git config set advice.defaultBranchName false"
Test Frontend (Vitest)	UNKNOWN STEP	2025-12-10T21:33:27.4526304Z Initialized empty Git repository in /home/runner/work/OpenWatt/OpenWatt/.git/
Test Frontend (Vitest)	UNKNOWN STEP	2025-12-10T21:33:27.4529357Z [command]/usr/bin/git remote add origin https://github.com/rodjac-lab/OpenWatt
Test Frontend (Vitest)	UNKNOWN STEP	2025-12-10T21:33:27.4560366Z ##[endgroup]
Test Frontend (Vitest)	UNKNOWN STEP	2025-12-10T21:33:27.4561715Z ##[group]Disabling automatic garbage collection
Test Frontend (Vitest)	UNKNOWN STEP	2025-12-10T21:33:27.4565204Z [command]/usr/bin/git config --local gc.auto 0
Test Frontend (Vitest)	UNKNOWN STEP	2025-12-10T21:33:27.4594249Z ##[endgroup]
Test Frontend (Vitest)	UNKNOWN STEP	2025-12-10T21:33:27.4595684Z ##[group]Setting up auth
Test Frontend (Vitest)	UNKNOWN STEP	2025-12-10T21:33:27.4602297Z [command]/usr/bin/git config --local --name-only --get-regexp core\.sshCommand
Test Frontend (Vitest)	UNKNOWN STEP	2025-12-10T21:33:27.4633176Z [command]/usr/bin/git submodule foreach --recursive sh -c "git config --local --name-only --get-regexp 'core\.sshCommand' && git config --local --unset-all 'core.sshCommand' || :"
Test Frontend (Vitest)	UNKNOWN STEP	2025-12-10T21:33:27.4944801Z [command]/usr/bin/git config --local --name-only --get-regexp http\.https\:\/\/github\.com\/\.extraheader
Test Frontend (Vitest)	UNKNOWN STEP	2025-12-10T21:33:27.4974683Z [command]/usr/bin/git submodule foreach --recursive sh -c "git config --local --name-only --get-regexp 'http\.https\:\/\/github\.com\/\.extraheader' && git config --local --unset-all 'http.https://github.com/.extraheader' || :"
Test Frontend (Vitest)	UNKNOWN STEP	2025-12-10T21:33:27.5193166Z [command]/usr/bin/git config --local --name-only --get-regexp ^includeIf\.gitdir:
Test Frontend (Vitest)	UNKNOWN STEP	2025-12-10T21:33:27.5222143Z [command]/usr/bin/git submodule foreach --recursive git config --local --show-origin --name-only --get-regexp remote.origin.url
Test Frontend (Vitest)	UNKNOWN STEP	2025-12-10T21:33:27.5439225Z [command]/usr/bin/git config --local http.https://github.com/.extraheader AUTHORIZATION: basic ***
Test Frontend (Vitest)	UNKNOWN STEP	2025-12-10T21:33:27.5471613Z ##[endgroup]
Test Frontend (Vitest)	UNKNOWN STEP	2025-12-10T21:33:27.5472785Z ##[group]Fetching the repository
Test Frontend (Vitest)	UNKNOWN STEP	2025-12-10T21:33:27.5479711Z [command]/usr/bin/git -c protocol.version=2 fetch --no-tags --prune --no-recurse-submodules --depth=1 origin +c800eaf04d48a63e38c3f29a7dd53709a0c1fef9:refs/remotes/origin/main
Test Frontend (Vitest)	UNKNOWN STEP	2025-12-10T21:33:27.9472443Z From https://github.com/rodjac-lab/OpenWatt
Test Frontend (Vitest)	UNKNOWN STEP	2025-12-10T21:33:27.9474192Z  * [new ref]         c800eaf04d48a63e38c3f29a7dd53709a0c1fef9 -> origin/main
Test Frontend (Vitest)	UNKNOWN STEP	2025-12-10T21:33:27.9517954Z ##[endgroup]
Test Frontend (Vitest)	UNKNOWN STEP	2025-12-10T21:33:27.9519807Z ##[group]Determining the checkout info
Test Frontend (Vitest)	UNKNOWN STEP	2025-12-10T21:33:27.9522171Z ##[endgroup]
Test Frontend (Vitest)	UNKNOWN STEP	2025-12-10T21:33:27.9526551Z [command]/usr/bin/git sparse-checkout disable
Test Frontend (Vitest)	UNKNOWN STEP	2025-12-10T21:33:27.9572492Z [command]/usr/bin/git config --local --unset-all extensions.worktreeConfig
Test Frontend (Vitest)	UNKNOWN STEP	2025-12-10T21:33:27.9600152Z ##[group]Checking out the ref
Test Frontend (Vitest)	UNKNOWN STEP	2025-12-10T21:33:27.9603787Z [command]/usr/bin/git checkout --progress --force -B main refs/remotes/origin/main
Test Frontend (Vitest)	UNKNOWN STEP	2025-12-10T21:33:27.9848174Z Switched to a new branch 'main'
Test Frontend (Vitest)	UNKNOWN STEP	2025-12-10T21:33:27.9853531Z branch 'main' set up to track 'origin/main'.
Test Frontend (Vitest)	UNKNOWN STEP	2025-12-10T21:33:27.9860714Z ##[endgroup]
Test Frontend (Vitest)	UNKNOWN STEP	2025-12-10T21:33:27.9897357Z [command]/usr/bin/git log -1 --format=%H
Test Frontend (Vitest)	UNKNOWN STEP	2025-12-10T21:33:27.9919430Z c800eaf04d48a63e38c3f29a7dd53709a0c1fef9
Test Frontend (Vitest)	UNKNOWN STEP	2025-12-10T21:33:28.0208244Z ##[group]Run actions/setup-node@v4
Test Frontend (Vitest)	UNKNOWN STEP	2025-12-10T21:33:28.0209281Z with:
Test Frontend (Vitest)	UNKNOWN STEP	2025-12-10T21:33:28.0209980Z   node-version: 20
Test Frontend (Vitest)	UNKNOWN STEP	2025-12-10T21:33:28.0210753Z   cache: npm
Test Frontend (Vitest)	UNKNOWN STEP	2025-12-10T21:33:28.0211617Z   cache-dependency-path: ui/package-lock.json
Test Frontend (Vitest)	UNKNOWN STEP	2025-12-10T21:33:28.0212923Z   always-auth: false
Test Frontend (Vitest)	UNKNOWN STEP	2025-12-10T21:33:28.0213748Z   check-latest: false
Test Frontend (Vitest)	UNKNOWN STEP	2025-12-10T21:33:28.0214826Z   token: ***
Test Frontend (Vitest)	UNKNOWN STEP	2025-12-10T21:33:28.0215549Z ##[endgroup]
Test Frontend (Vitest)	UNKNOWN STEP	2025-12-10T21:33:28.1974022Z Found in cache @ /opt/hostedtoolcache/node/20.19.6/x64
Test Frontend (Vitest)	UNKNOWN STEP	2025-12-10T21:33:28.1979309Z ##[group]Environment details
Test Frontend (Vitest)	UNKNOWN STEP	2025-12-10T21:33:29.9534000Z node: v20.19.6
Test Frontend (Vitest)	UNKNOWN STEP	2025-12-10T21:33:29.9534542Z npm: 10.8.2
Test Frontend (Vitest)	UNKNOWN STEP	2025-12-10T21:33:29.9534923Z yarn: 1.22.22
Test Frontend (Vitest)	UNKNOWN STEP	2025-12-10T21:33:29.9538022Z ##[endgroup]
Test Frontend (Vitest)	UNKNOWN STEP	2025-12-10T21:33:29.9556782Z [command]/opt/hostedtoolcache/node/20.19.6/x64/bin/npm config get cache
Test Frontend (Vitest)	UNKNOWN STEP	2025-12-10T21:33:30.1691331Z /home/runner/.npm
Test Frontend (Vitest)	UNKNOWN STEP	2025-12-10T21:33:30.3044472Z Cache hit for: node-cache-Linux-x64-npm-3e72c2937761c9ee6f0118e00c6d835045fcfe6a4e8a0790b3e587623049054b
Test Frontend (Vitest)	UNKNOWN STEP	2025-12-10T21:33:31.4129397Z Received 121634816 of 157084946 (77.4%), 116.0 MBs/sec
Test Frontend (Vitest)	UNKNOWN STEP	2025-12-10T21:33:31.7102915Z Received 157084946 of 157084946 (100.0%), 115.4 MBs/sec
Test Frontend (Vitest)	UNKNOWN STEP	2025-12-10T21:33:31.7103629Z Cache Size: ~150 MB (157084946 B)
Test Frontend (Vitest)	UNKNOWN STEP	2025-12-10T21:33:31.7132108Z [command]/usr/bin/tar -xf /home/runner/work/_temp/5e1aeab6-6806-4111-80d4-f624977d46b5/cache.tzst -P -C /home/runner/work/OpenWatt/OpenWatt --use-compress-program unzstd
Test Frontend (Vitest)	UNKNOWN STEP	2025-12-10T21:33:32.0309669Z Cache restored successfully
Test Frontend (Vitest)	UNKNOWN STEP	2025-12-10T21:33:32.0610505Z Cache restored from key: node-cache-Linux-x64-npm-3e72c2937761c9ee6f0118e00c6d835045fcfe6a4e8a0790b3e587623049054b
Test Frontend (Vitest)	UNKNOWN STEP	2025-12-10T21:33:32.0777423Z ##[group]Run npm ci
Test Frontend (Vitest)	UNKNOWN STEP	2025-12-10T21:33:32.0777719Z [36;1mnpm ci[0m
Test Frontend (Vitest)	UNKNOWN STEP	2025-12-10T21:33:32.0823314Z shell: /usr/bin/bash -e {0}
Test Frontend (Vitest)	UNKNOWN STEP	2025-12-10T21:33:32.0823584Z ##[endgroup]
Test Frontend (Vitest)	UNKNOWN STEP	2025-12-10T21:33:36.4555237Z npm warn deprecated inflight@1.0.6: This module is not supported, and leaks memory. Do not use it. Check out lru-cache if you want a good and tested way to coalesce async requests by a key value, which is much more comprehensive and powerful.
Test Frontend (Vitest)	UNKNOWN STEP	2025-12-10T21:33:36.5576069Z npm warn deprecated @humanwhocodes/config-array@0.11.14: Use @eslint/config-array instead
Test Frontend (Vitest)	UNKNOWN STEP	2025-12-10T21:33:36.5663974Z npm warn deprecated rimraf@3.0.2: Rimraf versions prior to v4 are no longer supported
Test Frontend (Vitest)	UNKNOWN STEP	2025-12-10T21:33:36.6550754Z npm warn deprecated @humanwhocodes/object-schema@2.0.3: Use @eslint/object-schema instead
Test Frontend (Vitest)	UNKNOWN STEP	2025-12-10T21:33:36.6590566Z npm warn deprecated glob@7.2.3: Glob versions prior to v9 are no longer supported
Test Frontend (Vitest)	UNKNOWN STEP	2025-12-10T21:33:36.6593509Z npm warn deprecated glob@7.2.3: Glob versions prior to v9 are no longer supported
Test Frontend (Vitest)	UNKNOWN STEP	2025-12-10T21:33:38.1637672Z npm warn deprecated eslint@8.57.0: This version is no longer supported. Please see https://eslint.org/version-support for other options.
Test Frontend (Vitest)	UNKNOWN STEP	2025-12-10T21:33:47.3162733Z 
Test Frontend (Vitest)	UNKNOWN STEP	2025-12-10T21:33:47.3163356Z added 532 packages, and audited 533 packages in 15s
Test Frontend (Vitest)	UNKNOWN STEP	2025-12-10T21:33:47.3163796Z 
Test Frontend (Vitest)	UNKNOWN STEP	2025-12-10T21:33:47.3164055Z 177 packages are looking for funding
Test Frontend (Vitest)	UNKNOWN STEP	2025-12-10T21:33:47.3164562Z   run `npm fund` for details
Test Frontend (Vitest)	UNKNOWN STEP	2025-12-10T21:33:47.4399858Z 
Test Frontend (Vitest)	UNKNOWN STEP	2025-12-10T21:33:47.4400649Z 11 vulnerabilities (6 moderate, 3 high, 2 critical)
Test Frontend (Vitest)	UNKNOWN STEP	2025-12-10T21:33:47.4401119Z 
Test Frontend (Vitest)	UNKNOWN STEP	2025-12-10T21:33:47.4401431Z To address all issues (including breaking changes), run:
Test Frontend (Vitest)	UNKNOWN STEP	2025-12-10T21:33:47.4402147Z   npm audit fix --force
Test Frontend (Vitest)	UNKNOWN STEP	2025-12-10T21:33:47.4402381Z 
Test Frontend (Vitest)	UNKNOWN STEP	2025-12-10T21:33:47.4402537Z Run `npm audit` for details.
Test Frontend (Vitest)	UNKNOWN STEP	2025-12-10T21:33:47.5188963Z ##[group]Run npm run test:coverage
Test Frontend (Vitest)	UNKNOWN STEP	2025-12-10T21:33:47.5189275Z [36;1mnpm run test:coverage[0m
Test Frontend (Vitest)	UNKNOWN STEP	2025-12-10T21:33:47.5222240Z shell: /usr/bin/bash -e {0}
Test Frontend (Vitest)	UNKNOWN STEP	2025-12-10T21:33:47.5222475Z ##[endgroup]
Test Frontend (Vitest)	UNKNOWN STEP	2025-12-10T21:33:47.6353691Z 
Test Frontend (Vitest)	UNKNOWN STEP	2025-12-10T21:33:47.6354118Z > openwatt-ui@0.1.0 test:coverage
Test Frontend (Vitest)	UNKNOWN STEP	2025-12-10T21:33:47.6354608Z > vitest run --coverage
Test Frontend (Vitest)	UNKNOWN STEP	2025-12-10T21:33:47.6354768Z 
Test Frontend (Vitest)	UNKNOWN STEP	2025-12-10T21:33:47.9666497Z [33mThe CJS build of Vite's Node API is deprecated. See https://vite.dev/guide/troubleshooting.html#vite-cjs-node-api-deprecated for more details.[39m
Test Frontend (Vitest)	UNKNOWN STEP	2025-12-10T21:33:48.1829325Z 
Test Frontend (Vitest)	UNKNOWN STEP	2025-12-10T21:33:48.1830678Z [7m[1m[36m RUN [39m[22m[27m [36mv1.6.1[39m [90m/home/runner/work/OpenWatt/OpenWatt/ui[39m
Test Frontend (Vitest)	UNKNOWN STEP	2025-12-10T21:33:48.1831632Z [2m      Coverage enabled with [22m[33mv8[39m
Test Frontend (Vitest)	UNKNOWN STEP	2025-12-10T21:33:48.1832161Z 
Test Frontend (Vitest)	UNKNOWN STEP	2025-12-10T21:33:49.1208828Z  [32mÔ£ô[39m components/__tests__/FreshnessBadge.test.tsx [2m ([22m[2m6 tests[22m[2m)[22m[90m 42[2mms[22m[39m
Test Frontend (Vitest)	UNKNOWN STEP	2025-12-10T21:33:49.3076849Z [90mstderr[2m | components/__tests__/TariffList.test.tsx[2m > [22m[2mTariffList[2m > [22m[2mfilters tariffs by option[22m[39m
Test Frontend (Vitest)	UNKNOWN STEP	2025-12-10T21:33:49.3078202Z Warning: An update to TariffList inside a test was not wrapped in act(...).
Test Frontend (Vitest)	UNKNOWN STEP	2025-12-10T21:33:49.3078551Z 
Test Frontend (Vitest)	UNKNOWN STEP	2025-12-10T21:33:49.3078933Z When testing, code that causes React state updates should be wrapped into act(...):
Test Frontend (Vitest)	UNKNOWN STEP	2025-12-10T21:33:49.3079389Z 
Test Frontend (Vitest)	UNKNOWN STEP	2025-12-10T21:33:49.3079507Z act(() => {
Test Frontend (Vitest)	UNKNOWN STEP	2025-12-10T21:33:49.3079774Z   /* fire events that update state */
Test Frontend (Vitest)	UNKNOWN STEP	2025-12-10T21:33:49.3080057Z });
Test Frontend (Vitest)	UNKNOWN STEP	2025-12-10T21:33:49.3080304Z /* assert on the output */
Test Frontend (Vitest)	UNKNOWN STEP	2025-12-10T21:33:49.3080479Z 
Test Frontend (Vitest)	UNKNOWN STEP	2025-12-10T21:33:49.3081135Z This ensures that you're testing the behavior the user would see in the browser. Learn more at https://reactjs.org/link/wrap-tests-with-act
Test Frontend (Vitest)	UNKNOWN STEP	2025-12-10T21:33:49.3082317Z     at TariffList (/home/runner/work/OpenWatt/OpenWatt/ui/components/TariffList.tsx:19:55)
Test Frontend (Vitest)	UNKNOWN STEP	2025-12-10T21:33:49.3082737Z 
Test Frontend (Vitest)	UNKNOWN STEP	2025-12-10T21:33:49.3508551Z [90mstderr[2m | components/__tests__/TariffList.test.tsx[2m > [22m[2mTariffList[2m > [22m[2mfilters tariffs by puissance[22m[39m
Test Frontend (Vitest)	UNKNOWN STEP	2025-12-10T21:33:49.3509861Z Warning: An update to TariffList inside a test was not wrapped in act(...).
Test Frontend (Vitest)	UNKNOWN STEP	2025-12-10T21:33:49.3510334Z 
Test Frontend (Vitest)	UNKNOWN STEP	2025-12-10T21:33:49.3510671Z When testing, code that causes React state updates should be wrapped into act(...):
Test Frontend (Vitest)	UNKNOWN STEP	2025-12-10T21:33:49.3510993Z 
Test Frontend (Vitest)	UNKNOWN STEP	2025-12-10T21:33:49.3511202Z act(() => {
Test Frontend (Vitest)	UNKNOWN STEP	2025-12-10T21:33:49.3511452Z   /* fire events that update state */
Test Frontend (Vitest)	UNKNOWN STEP	2025-12-10T21:33:49.3511706Z });
Test Frontend (Vitest)	UNKNOWN STEP	2025-12-10T21:33:49.3512122Z /* assert on the output */
Test Frontend (Vitest)	UNKNOWN STEP	2025-12-10T21:33:49.3512279Z 
Test Frontend (Vitest)	UNKNOWN STEP	2025-12-10T21:33:49.3512806Z This ensures that you're testing the behavior the user would see in the browser. Learn more at https://reactjs.org/link/wrap-tests-with-act
Test Frontend (Vitest)	UNKNOWN STEP	2025-12-10T21:33:49.3513559Z     at TariffList (/home/runner/work/OpenWatt/OpenWatt/ui/components/TariffList.tsx:19:55)
Test Frontend (Vitest)	UNKNOWN STEP	2025-12-10T21:33:49.3513893Z 
Test Frontend (Vitest)	UNKNOWN STEP	2025-12-10T21:33:49.3956014Z [90mstderr[2m | components/__tests__/TariffList.test.tsx[2m > [22m[2mTariffList[2m > [22m[2mupdates consumption and recalculates cost[22m[39m
Test Frontend (Vitest)	UNKNOWN STEP	2025-12-10T21:33:49.3957431Z Warning: An update to TariffList inside a test was not wrapped in act(...).
Test Frontend (Vitest)	UNKNOWN STEP	2025-12-10T21:33:49.3957899Z 
Test Frontend (Vitest)	UNKNOWN STEP	2025-12-10T21:33:49.3958432Z When testing, code that causes React state updates should be wrapped into act(...):
Test Frontend (Vitest)	UNKNOWN STEP	2025-12-10T21:33:49.3958953Z 
Test Frontend (Vitest)	UNKNOWN STEP	2025-12-10T21:33:49.3959099Z act(() => {
Test Frontend (Vitest)	UNKNOWN STEP	2025-12-10T21:33:49.3959487Z   /* fire events that update state */
Test Frontend (Vitest)	UNKNOWN STEP	2025-12-10T21:33:49.3959908Z });
Test Frontend (Vitest)	UNKNOWN STEP	2025-12-10T21:33:49.3960207Z /* assert on the output */
Test Frontend (Vitest)	UNKNOWN STEP	2025-12-10T21:33:49.3960362Z 
Test Frontend (Vitest)	UNKNOWN STEP	2025-12-10T21:33:49.3961347Z This ensures that you're testing the behavior the user would see in the browser. Learn more at https://reactjs.org/link/wrap-tests-with-act
Test Frontend (Vitest)	UNKNOWN STEP	2025-12-10T21:33:49.3962932Z     at TariffList (/home/runner/work/OpenWatt/OpenWatt/ui/components/TariffList.tsx:19:55)
Test Frontend (Vitest)	UNKNOWN STEP	2025-12-10T21:33:49.3964020Z Warning: An update to TariffList inside a test was not wrapped in act(...).
Test Frontend (Vitest)	UNKNOWN STEP	2025-12-10T21:33:49.3964510Z 
Test Frontend (Vitest)	UNKNOWN STEP	2025-12-10T21:33:49.3965584Z When testing, code that causes React state updates should be wrapped into act(...):
Test Frontend (Vitest)	UNKNOWN STEP	2025-12-10T21:33:49.3966175Z 
Test Frontend (Vitest)	UNKNOWN STEP	2025-12-10T21:33:49.3966331Z act(() => {
Test Frontend (Vitest)	UNKNOWN STEP	2025-12-10T21:33:49.3966730Z   /* fire events that update state */
Test Frontend (Vitest)	UNKNOWN STEP	2025-12-10T21:33:49.3967152Z });
Test Frontend (Vitest)	UNKNOWN STEP	2025-12-10T21:33:49.3967474Z /* assert on the output */
Test Frontend (Vitest)	UNKNOWN STEP	2025-12-10T21:33:49.3967721Z 
Test Frontend (Vitest)	UNKNOWN STEP	2025-12-10T21:33:49.3968681Z This ensures that you're testing the behavior the user would see in the browser. Learn more at https://reactjs.org/link/wrap-tests-with-act
Test Frontend (Vitest)	UNKNOWN STEP	2025-12-10T21:33:49.3970088Z     at TariffList (/home/runner/work/OpenWatt/OpenWatt/ui/components/TariffList.tsx:19:55)
Test Frontend (Vitest)	UNKNOWN STEP	2025-12-10T21:33:49.3970712Z 
Test Frontend (Vitest)	UNKNOWN STEP	2025-12-10T21:33:49.4087165Z [90mstderr[2m | components/__tests__/TariffList.test.tsx[2m > [22m[2mTariffList[2m > [22m[2mupdates consumption and recalculates cost[22m[39m
Test Frontend (Vitest)	UNKNOWN STEP	2025-12-10T21:33:49.4088892Z Warning: An update to TariffList inside a test was not wrapped in act(...).
Test Frontend (Vitest)	UNKNOWN STEP	2025-12-10T21:33:49.4089624Z 
Test Frontend (Vitest)	UNKNOWN STEP	2025-12-10T21:33:49.4104260Z When testing, code that causes React state updates should be wrapped into act(...):
Test Frontend (Vitest)	UNKNOWN STEP	2025-12-10T21:33:49.4105104Z 
Test Frontend (Vitest)	UNKNOWN STEP	2025-12-10T21:33:49.4105347Z act(() => {
Test Frontend (Vitest)	UNKNOWN STEP	2025-12-10T21:33:49.4105726Z   /* fire events that update state */
Test Frontend (Vitest)	UNKNOWN STEP	2025-12-10T21:33:49.4106144Z });
Test Frontend (Vitest)	UNKNOWN STEP	2025-12-10T21:33:49.4106469Z /* assert on the output */
Test Frontend (Vitest)	UNKNOWN STEP	2025-12-10T21:33:49.4106710Z 
Test Frontend (Vitest)	UNKNOWN STEP	2025-12-10T21:33:49.4107653Z This ensures that you're testing the behavior the user would see in the browser. Learn more at https://reactjs.org/link/wrap-tests-with-act
Test Frontend (Vitest)	UNKNOWN STEP	2025-12-10T21:33:49.4108971Z     at TariffList (/home/runner/work/OpenWatt/OpenWatt/ui/components/TariffList.tsx:19:55)
Test Frontend (Vitest)	UNKNOWN STEP	2025-12-10T21:33:49.4110021Z Warning: An update to TariffList inside a test was not wrapped in act(...).
Test Frontend (Vitest)	UNKNOWN STEP	2025-12-10T21:33:49.4110510Z 
Test Frontend (Vitest)	UNKNOWN STEP	2025-12-10T21:33:49.4111049Z When testing, code that causes React state updates should be wrapped into act(...):
Test Frontend (Vitest)	UNKNOWN STEP	2025-12-10T21:33:49.4111596Z 
Test Frontend (Vitest)	UNKNOWN STEP	2025-12-10T21:33:49.4111730Z act(() => {
Test Frontend (Vitest)	UNKNOWN STEP	2025-12-10T21:33:49.4112362Z   /* fire events that update state */
Test Frontend (Vitest)	UNKNOWN STEP	2025-12-10T21:33:49.4112794Z });
Test Frontend (Vitest)	UNKNOWN STEP	2025-12-10T21:33:49.4113127Z /* assert on the output */
Test Frontend (Vitest)	UNKNOWN STEP	2025-12-10T21:33:49.4113394Z 
Test Frontend (Vitest)	UNKNOWN STEP	2025-12-10T21:33:49.4114319Z This ensures that you're testing the behavior the user would see in the browser. Learn more at https://reactjs.org/link/wrap-tests-with-act
Test Frontend (Vitest)	UNKNOWN STEP	2025-12-10T21:33:49.4115677Z     at TariffList (/home/runner/work/OpenWatt/OpenWatt/ui/components/TariffList.tsx:19:55)
Test Frontend (Vitest)	UNKNOWN STEP	2025-12-10T21:33:49.4116265Z 
Test Frontend (Vitest)	UNKNOWN STEP	2025-12-10T21:33:49.4152670Z [90mstderr[2m | components/__tests__/TariffList.test.tsx[2m > [22m[2mTariffList[2m > [22m[2mupdates consumption and recalculates cost[22m[39m
Test Frontend (Vitest)	UNKNOWN STEP	2025-12-10T21:33:49.4153467Z Warning: An update to TariffList inside a test was not wrapped in act(...).
Test Frontend (Vitest)	UNKNOWN STEP	2025-12-10T21:33:49.4153752Z 
Test Frontend (Vitest)	UNKNOWN STEP	2025-12-10T21:33:49.4154060Z When testing, code that causes React state updates should be wrapped into act(...):
Test Frontend (Vitest)	UNKNOWN STEP	2025-12-10T21:33:49.4154362Z 
Test Frontend (Vitest)	UNKNOWN STEP	2025-12-10T21:33:49.4154437Z act(() => {
Test Frontend (Vitest)	UNKNOWN STEP	2025-12-10T21:33:49.4154655Z   /* fire events that update state */
Test Frontend (Vitest)	UNKNOWN STEP	2025-12-10T21:33:49.4154897Z });
Test Frontend (Vitest)	UNKNOWN STEP	2025-12-10T21:33:49.4155088Z /* assert on the output */
Test Frontend (Vitest)	UNKNOWN STEP	2025-12-10T21:33:49.4155236Z 
Test Frontend (Vitest)	UNKNOWN STEP	2025-12-10T21:33:49.4155752Z This ensures that you're testing the behavior the user would see in the browser. Learn more at https://reactjs.org/link/wrap-tests-with-act
Test Frontend (Vitest)	UNKNOWN STEP	2025-12-10T21:33:49.4156499Z     at TariffList (/home/runner/work/OpenWatt/OpenWatt/ui/components/TariffList.tsx:19:55)
Test Frontend (Vitest)	UNKNOWN STEP	2025-12-10T21:33:49.4157111Z Warning: An update to TariffList inside a test was not wrapped in act(...).
Test Frontend (Vitest)	UNKNOWN STEP	2025-12-10T21:33:49.4157385Z 
Test Frontend (Vitest)	UNKNOWN STEP	2025-12-10T21:33:49.4157673Z When testing, code that causes React state updates should be wrapped into act(...):
Test Frontend (Vitest)	UNKNOWN STEP	2025-12-10T21:33:49.4157962Z 
Test Frontend (Vitest)	UNKNOWN STEP	2025-12-10T21:33:49.4158040Z act(() => {
Test Frontend (Vitest)	UNKNOWN STEP	2025-12-10T21:33:49.4158268Z   /* fire events that update state */
Test Frontend (Vitest)	UNKNOWN STEP	2025-12-10T21:33:49.4158535Z });
Test Frontend (Vitest)	UNKNOWN STEP	2025-12-10T21:33:49.4158764Z /* assert on the output */
Test Frontend (Vitest)	UNKNOWN STEP	2025-12-10T21:33:49.4158908Z 
Test Frontend (Vitest)	UNKNOWN STEP	2025-12-10T21:33:49.4159684Z This ensures that you're testing the behavior the user would see in the browser. Learn more at https://reactjs.org/link/wrap-tests-with-act
Test Frontend (Vitest)	UNKNOWN STEP	2025-12-10T21:33:49.4160448Z     at TariffList (/home/runner/work/OpenWatt/OpenWatt/ui/components/TariffList.tsx:19:55)
Test Frontend (Vitest)	UNKNOWN STEP	2025-12-10T21:33:49.4160791Z 
Test Frontend (Vitest)	UNKNOWN STEP	2025-12-10T21:33:49.4194455Z [90mstderr[2m | components/__tests__/TariffList.test.tsx[2m > [22m[2mTariffList[2m > [22m[2mupdates consumption and recalculates cost[22m[39m
Test Frontend (Vitest)	UNKNOWN STEP	2025-12-10T21:33:49.4195250Z Warning: An update to TariffList inside a test was not wrapped in act(...).
Test Frontend (Vitest)	UNKNOWN STEP	2025-12-10T21:33:49.4195528Z 
Test Frontend (Vitest)	UNKNOWN STEP	2025-12-10T21:33:49.4195840Z When testing, code that causes React state updates should be wrapped into act(...):
Test Frontend (Vitest)	UNKNOWN STEP	2025-12-10T21:33:49.4196139Z 
Test Frontend (Vitest)	UNKNOWN STEP	2025-12-10T21:33:49.4196221Z act(() => {
Test Frontend (Vitest)	UNKNOWN STEP	2025-12-10T21:33:49.4196441Z   /* fire events that update state */
Test Frontend (Vitest)	UNKNOWN STEP	2025-12-10T21:33:49.4196681Z });
Test Frontend (Vitest)	UNKNOWN STEP	2025-12-10T21:33:49.4196872Z /* assert on the output */
Test Frontend (Vitest)	UNKNOWN STEP	2025-12-10T21:33:49.4197016Z 
Test Frontend (Vitest)	UNKNOWN STEP	2025-12-10T21:33:49.4197558Z This ensures that you're testing the behavior the user would see in the browser. Learn more at https://reactjs.org/link/wrap-tests-with-act
Test Frontend (Vitest)	UNKNOWN STEP	2025-12-10T21:33:49.4198304Z     at TariffList (/home/runner/work/OpenWatt/OpenWatt/ui/components/TariffList.tsx:19:55)
Test Frontend (Vitest)	UNKNOWN STEP	2025-12-10T21:33:49.4199113Z Warning: An update to TariffList inside a test was not wrapped in act(...).
Test Frontend (Vitest)	UNKNOWN STEP	2025-12-10T21:33:49.4199388Z 
Test Frontend (Vitest)	UNKNOWN STEP	2025-12-10T21:33:49.4199678Z When testing, code that causes React state updates should be wrapped into act(...):
Test Frontend (Vitest)	UNKNOWN STEP	2025-12-10T21:33:49.4199982Z 
Test Frontend (Vitest)	UNKNOWN STEP	2025-12-10T21:33:49.4200053Z act(() => {
Test Frontend (Vitest)	UNKNOWN STEP	2025-12-10T21:33:49.4200267Z   /* fire events that update state */
Test Frontend (Vitest)	UNKNOWN STEP	2025-12-10T21:33:49.4200492Z });
Test Frontend (Vitest)	UNKNOWN STEP	2025-12-10T21:33:49.4200677Z /* assert on the output */
Test Frontend (Vitest)	UNKNOWN STEP	2025-12-10T21:33:49.4200821Z 
Test Frontend (Vitest)	UNKNOWN STEP	2025-12-10T21:33:49.4201339Z This ensures that you're testing the behavior the user would see in the browser. Learn more at https://reactjs.org/link/wrap-tests-with-act
Test Frontend (Vitest)	UNKNOWN STEP	2025-12-10T21:33:49.4202285Z     at TariffList (/home/runner/work/OpenWatt/OpenWatt/ui/components/TariffList.tsx:19:55)
Test Frontend (Vitest)	UNKNOWN STEP	2025-12-10T21:33:49.4202617Z 
Test Frontend (Vitest)	UNKNOWN STEP	2025-12-10T21:33:49.4247561Z [90mstderr[2m | components/__tests__/TariffList.test.tsx[2m > [22m[2mTariffList[2m > [22m[2mupdates consumption and recalculates cost[22m[39m
Test Frontend (Vitest)	UNKNOWN STEP	2025-12-10T21:33:49.4248880Z Warning: An update to TariffList inside a test was not wrapped in act(...).
Test Frontend (Vitest)	UNKNOWN STEP	2025-12-10T21:33:49.4249345Z 
Test Frontend (Vitest)	UNKNOWN STEP	2025-12-10T21:33:49.4249880Z When testing, code that causes React state updates should be wrapped into act(...):
Test Frontend (Vitest)	UNKNOWN STEP	2025-12-10T21:33:49.4250359Z 
Test Frontend (Vitest)	UNKNOWN STEP	2025-12-10T21:33:49.4250441Z act(() => {
Test Frontend (Vitest)	UNKNOWN STEP	2025-12-10T21:33:49.4250676Z   /* fire events that update state */
Test Frontend (Vitest)	UNKNOWN STEP	2025-12-10T21:33:49.4250927Z });
Test Frontend (Vitest)	UNKNOWN STEP	2025-12-10T21:33:49.4251126Z /* assert on the output */
Test Frontend (Vitest)	UNKNOWN STEP	2025-12-10T21:33:49.4251269Z 
Test Frontend (Vitest)	UNKNOWN STEP	2025-12-10T21:33:49.4251793Z This ensures that you're testing the behavior the user would see in the browser. Learn more at https://reactjs.org/link/wrap-tests-with-act
Test Frontend (Vitest)	UNKNOWN STEP	2025-12-10T21:33:49.4252778Z     at TariffList (/home/runner/work/OpenWatt/OpenWatt/ui/components/TariffList.tsx:19:55)
Test Frontend (Vitest)	UNKNOWN STEP	2025-12-10T21:33:49.4253380Z Warning: An update to TariffList inside a test was not wrapped in act(...).
Test Frontend (Vitest)	UNKNOWN STEP	2025-12-10T21:33:49.4253652Z 
Test Frontend (Vitest)	UNKNOWN STEP	2025-12-10T21:33:49.4253952Z When testing, code that causes React state updates should be wrapped into act(...):
Test Frontend (Vitest)	UNKNOWN STEP	2025-12-10T21:33:49.4254248Z 
Test Frontend (Vitest)	UNKNOWN STEP	2025-12-10T21:33:49.4254326Z act(() => {
Test Frontend (Vitest)	UNKNOWN STEP	2025-12-10T21:33:49.4254542Z   /* fire events that update state */
Test Frontend (Vitest)	UNKNOWN STEP	2025-12-10T21:33:49.4254773Z });
Test Frontend (Vitest)	UNKNOWN STEP	2025-12-10T21:33:49.4254965Z /* assert on the output */
Test Frontend (Vitest)	UNKNOWN STEP	2025-12-10T21:33:49.4255099Z 
Test Frontend (Vitest)	UNKNOWN STEP	2025-12-10T21:33:49.4255998Z This ensures that you're testing the behavior the user would see in the browser. Learn more at https://reactjs.org/link/wrap-tests-with-act
Test Frontend (Vitest)	UNKNOWN STEP	2025-12-10T21:33:49.4257366Z     at TariffList (/home/runner/work/OpenWatt/OpenWatt/ui/components/TariffList.tsx:19:55)
Test Frontend (Vitest)	UNKNOWN STEP	2025-12-10T21:33:49.4257973Z 
Test Frontend (Vitest)	UNKNOWN STEP	2025-12-10T21:33:49.4304305Z [90mstderr[2m | components/__tests__/TariffList.test.tsx[2m > [22m[2mTariffList[2m > [22m[2mupdates consumption and recalculates cost[22m[39m
Test Frontend (Vitest)	UNKNOWN STEP	2025-12-10T21:33:49.4305959Z Warning: An update to TariffList inside a test was not wrapped in act(...).
Test Frontend (Vitest)	UNKNOWN STEP	2025-12-10T21:33:49.4306953Z 
Test Frontend (Vitest)	UNKNOWN STEP	2025-12-10T21:33:49.4307751Z When testing, code that causes React state updates should be wrapped into act(...):
Test Frontend (Vitest)	UNKNOWN STEP	2025-12-10T21:33:49.4308641Z 
Test Frontend (Vitest)	UNKNOWN STEP	2025-12-10T21:33:49.4309017Z act(() => {
Test Frontend (Vitest)	UNKNOWN STEP	2025-12-10T21:33:49.4309586Z   /* fire events that update state */
Test Frontend (Vitest)	UNKNOWN STEP	2025-12-10T21:33:49.4314004Z });
Test Frontend (Vitest)	UNKNOWN STEP	2025-12-10T21:33:49.4314370Z /* assert on the output */
Test Frontend (Vitest)	UNKNOWN STEP	2025-12-10T21:33:49.4314639Z 
Test Frontend (Vitest)	UNKNOWN STEP	2025-12-10T21:33:49.4315596Z This ensures that you're testing the behavior the user would see in the browser. Learn more at https://reactjs.org/link/wrap-tests-with-act
Test Frontend (Vitest)	UNKNOWN STEP	2025-12-10T21:33:49.4316954Z     at TariffList (/home/runner/work/OpenWatt/OpenWatt/ui/components/TariffList.tsx:19:55)
Test Frontend (Vitest)	UNKNOWN STEP	2025-12-10T21:33:49.4317990Z Warning: An update to TariffList inside a test was not wrapped in act(...).
Test Frontend (Vitest)	UNKNOWN STEP	2025-12-10T21:33:49.4318458Z 
Test Frontend (Vitest)	UNKNOWN STEP	2025-12-10T21:33:49.4318975Z When testing, code that causes React state updates should be wrapped into act(...):
Test Frontend (Vitest)	UNKNOWN STEP	2025-12-10T21:33:49.4319475Z 
Test Frontend (Vitest)	UNKNOWN STEP	2025-12-10T21:33:49.4319600Z act(() => {
Test Frontend (Vitest)	UNKNOWN STEP	2025-12-10T21:33:49.4319967Z   /* fire events that update state */
Test Frontend (Vitest)	UNKNOWN STEP	2025-12-10T21:33:49.4320361Z });
Test Frontend (Vitest)	UNKNOWN STEP	2025-12-10T21:33:49.4320670Z /* assert on the output */
Test Frontend (Vitest)	UNKNOWN STEP	2025-12-10T21:33:49.4321062Z 
Test Frontend (Vitest)	UNKNOWN STEP	2025-12-10T21:33:49.4321597Z This ensures that you're testing the behavior the user would see in the browser. Learn more at https://reactjs.org/link/wrap-tests-with-act
Test Frontend (Vitest)	UNKNOWN STEP	2025-12-10T21:33:49.4322633Z     at TariffList (/home/runner/work/OpenWatt/OpenWatt/ui/components/TariffList.tsx:19:55)
Test Frontend (Vitest)	UNKNOWN STEP	2025-12-10T21:33:49.4322981Z 
Test Frontend (Vitest)	UNKNOWN STEP	2025-12-10T21:33:49.5389672Z  [32mÔ£ô[39m components/__tests__/TariffList.test.tsx [2m ([22m[2m9 tests[22m[2m)[22m[33m 349[2mms[22m[39m
Test Frontend (Vitest)	UNKNOWN STEP	2025-12-10T21:33:49.5686596Z 
Test Frontend (Vitest)	UNKNOWN STEP	2025-12-10T21:33:49.5701125Z [2m Test Files [22m [1m[32m2 passed[39m[22m[90m (2)[39m
Test Frontend (Vitest)	UNKNOWN STEP	2025-12-10T21:33:49.5702329Z [2m      Tests [22m [1m[32m15 passed[39m[22m[90m (15)[39m
Test Frontend (Vitest)	UNKNOWN STEP	2025-12-10T21:33:49.5703096Z [2m   Start at [22m 21:33:48
Test Frontend (Vitest)	UNKNOWN STEP	2025-12-10T21:33:49.5704423Z [2m   Duration [22m 1.39s[2m (transform 130ms, setup 511ms, collect 230ms, tests 391ms, environment 428ms, prepare 259ms)[22m
Test Frontend (Vitest)	UNKNOWN STEP	2025-12-10T21:33:49.5705130Z 
Test Frontend (Vitest)	UNKNOWN STEP	2025-12-10T21:33:49.7716271Z [34m % [39m[2mCoverage report from [22m[33mv8[39m
Test Frontend (Vitest)	UNKNOWN STEP	2025-12-10T21:33:49.7763886Z -------------------|---------|----------|---------|---------|-------------------
Test Frontend (Vitest)	UNKNOWN STEP	2025-12-10T21:33:49.7764780Z File               | % Stmts | % Branch | % Funcs | % Lines | Uncovered Line #s 
Test Frontend (Vitest)	UNKNOWN STEP	2025-12-10T21:33:49.7765554Z -------------------|---------|----------|---------|---------|-------------------
Test Frontend (Vitest)	UNKNOWN STEP	2025-12-10T21:33:49.7766317Z All files          |      98 |       75 |   71.42 |      98 |                   
Test Frontend (Vitest)	UNKNOWN STEP	2025-12-10T21:33:49.7767031Z  ...hnessBadge.tsx |     100 |       75 |     100 |     100 | 27                
Test Frontend (Vitest)	UNKNOWN STEP	2025-12-10T21:33:49.7768013Z  TariffList.tsx    |   97.81 |       75 |   69.23 |   97.81 | ...18-120,333,341 
Test Frontend (Vitest)	UNKNOWN STEP	2025-12-10T21:33:49.7768837Z -------------------|---------|----------|---------|---------|-------------------
Test Frontend (Vitest)	UNKNOWN STEP	2025-12-10T21:33:49.8341417Z ##[group]Run codecov/codecov-action@v4
Test Frontend (Vitest)	UNKNOWN STEP	2025-12-10T21:33:49.8341697Z with:
Test Frontend (Vitest)	UNKNOWN STEP	2025-12-10T21:33:49.8342045Z   file: ./ui/coverage/coverage-final.json
Test Frontend (Vitest)	UNKNOWN STEP	2025-12-10T21:33:49.8342295Z   flags: frontend
Test Frontend (Vitest)	UNKNOWN STEP	2025-12-10T21:33:49.8342499Z   name: frontend-coverage
Test Frontend (Vitest)	UNKNOWN STEP	2025-12-10T21:33:49.8342705Z   fail_ci_if_error: false
Test Frontend (Vitest)	UNKNOWN STEP	2025-12-10T21:33:49.8342903Z ##[endgroup]
Test Frontend (Vitest)	UNKNOWN STEP	2025-12-10T21:33:49.9161040Z eventName: push
Test Frontend (Vitest)	UNKNOWN STEP	2025-12-10T21:33:49.9175827Z ==> linux OS detected
Test Frontend (Vitest)	UNKNOWN STEP	2025-12-10T21:33:50.1015448Z https://cli.codecov.io/latest/linux/codecov.SHA256SUM
Test Frontend (Vitest)	UNKNOWN STEP	2025-12-10T21:33:50.1746025Z gpg: directory '/home/runner/.gnupg' created
Test Frontend (Vitest)	UNKNOWN STEP	2025-12-10T21:33:50.1752387Z gpg: keybox '/home/runner/.gnupg/pubring.kbx' created
Test Frontend (Vitest)	UNKNOWN STEP	2025-12-10T21:33:50.1774356Z gpg: /home/runner/.gnupg/trustdb.gpg: trustdb created
Test Frontend (Vitest)	UNKNOWN STEP	2025-12-10T21:33:50.1775870Z gpg: key 806BB28AED779869: public key "Codecov Uploader (Codecov Uploader Verification Key) <security@codecov.io>" imported
Test Frontend (Vitest)	UNKNOWN STEP	2025-12-10T21:33:50.2076590Z gpg: Total number processed: 1
Test Frontend (Vitest)	UNKNOWN STEP	2025-12-10T21:33:50.2077150Z gpg:               imported: 1
Test Frontend (Vitest)	UNKNOWN STEP	2025-12-10T21:33:50.2137789Z gpg: Signature made Fri Dec  5 15:31:48 2025 UTC
Test Frontend (Vitest)	UNKNOWN STEP	2025-12-10T21:33:50.2138542Z gpg:                using RSA key 27034E7FDB850E0BBC2C62FF806BB28AED779869
Test Frontend (Vitest)	UNKNOWN STEP	2025-12-10T21:33:50.2141494Z gpg: Good signature from "Codecov Uploader (Codecov Uploader Verification Key) <security@codecov.io>" [unknown]
Test Frontend (Vitest)	UNKNOWN STEP	2025-12-10T21:33:50.2142856Z gpg: WARNING: This key is not certified with a trusted signature!
Test Frontend (Vitest)	UNKNOWN STEP	2025-12-10T21:33:50.2143737Z gpg:          There is no indication that the signature belongs to the owner.
Test Frontend (Vitest)	UNKNOWN STEP	2025-12-10T21:33:50.2144660Z Primary key fingerprint: 2703 4E7F DB85 0E0B BC2C  62FF 806B B28A ED77 9869
Test Frontend (Vitest)	UNKNOWN STEP	2025-12-10T21:33:50.2360995Z ==> Uploader SHASUM verified (fd34214e2b2c738e48e3ac90b2c23ec4e975d0e9aee51f2cebe81b5704af3f6c  codecov)
Test Frontend (Vitest)	UNKNOWN STEP	2025-12-10T21:33:50.2362077Z ==> Running version latest
Test Frontend (Vitest)	UNKNOWN STEP	2025-12-10T21:33:50.3072322Z Could not pull latest version information: SyntaxError: Unexpected token '<', "<!DOCTYPE "... is not valid JSON
Test Frontend (Vitest)	UNKNOWN STEP	2025-12-10T21:33:50.3073946Z ==> Running git config --global --add safe.directory /home/runner/work/OpenWatt/OpenWatt
Test Frontend (Vitest)	UNKNOWN STEP	2025-12-10T21:33:50.3163436Z [command]/usr/bin/git config --global --add safe.directory /home/runner/work/OpenWatt/OpenWatt
Test Frontend (Vitest)	UNKNOWN STEP	2025-12-10T21:33:50.3213292Z ==> Running command '/home/runner/work/_actions/codecov/codecov-action/v4/dist/codecov create-commit'
Test Frontend (Vitest)	UNKNOWN STEP	2025-12-10T21:33:50.3215277Z [command]/home/runner/work/_actions/codecov/codecov-action/v4/dist/codecov create-commit --git-service github
Test Frontend (Vitest)	UNKNOWN STEP	2025-12-10T21:33:50.6892213Z info - 2025-12-10 21:33:50,688 -- ci service found: github-actions
Test Frontend (Vitest)	UNKNOWN STEP	2025-12-10T21:33:50.6983150Z warning - 2025-12-10 21:33:50,697 -- No config file could be found. Ignoring config.
Test Frontend (Vitest)	UNKNOWN STEP	2025-12-10T21:33:50.7273701Z warning - 2025-12-10 21:33:50,727 -- Branch `main` is protected but no token was provided
Test Frontend (Vitest)	UNKNOWN STEP	2025-12-10T21:33:50.7274746Z warning - 2025-12-10 21:33:50,727 -- For information on Codecov upload tokens, see https://docs.codecov.com/docs/codecov-tokens
Test Frontend (Vitest)	UNKNOWN STEP	2025-12-10T21:33:50.9357680Z info - 2025-12-10 21:33:50,935 -- Process Commit creating complete
Test Frontend (Vitest)	UNKNOWN STEP	2025-12-10T21:33:50.9359378Z error - 2025-12-10 21:33:50,935 -- Commit creating failed: {"message":"Token required - not valid tokenless upload"}
Test Frontend (Vitest)	UNKNOWN STEP	2025-12-10T21:33:51.0407307Z Sentry is attempting to send 3 pending events
Test Frontend (Vitest)	UNKNOWN STEP	2025-12-10T21:33:51.0407877Z Waiting up to 2 seconds
Test Frontend (Vitest)	UNKNOWN STEP	2025-12-10T21:33:51.0408211Z Press Ctrl-C to quit
Test Frontend (Vitest)	UNKNOWN STEP	2025-12-10T21:33:51.1849008Z ==> Running command '/home/runner/work/_actions/codecov/codecov-action/v4/dist/codecov create-report'
Test Frontend (Vitest)	UNKNOWN STEP	2025-12-10T21:33:51.1850991Z [command]/home/runner/work/_actions/codecov/codecov-action/v4/dist/codecov create-report --git-service github
Test Frontend (Vitest)	UNKNOWN STEP	2025-12-10T21:33:51.5281429Z info - 2025-12-10 21:33:51,527 -- ci service found: github-actions
Test Frontend (Vitest)	UNKNOWN STEP	2025-12-10T21:33:51.5371730Z warning - 2025-12-10 21:33:51,536 -- No config file could be found. Ignoring config.
Test Frontend (Vitest)	UNKNOWN STEP	2025-12-10T21:33:51.7334990Z info - 2025-12-10 21:33:51,733 -- Process Report creating complete
Test Frontend (Vitest)	UNKNOWN STEP	2025-12-10T21:33:51.7341167Z error - 2025-12-10 21:33:51,733 -- Report creating failed: {"message":"Token required - not valid tokenless upload"}
Test Frontend (Vitest)	UNKNOWN STEP	2025-12-10T21:33:51.8389684Z Sentry is attempting to send 2 pending events
Test Frontend (Vitest)	UNKNOWN STEP	2025-12-10T21:33:51.8390255Z Waiting up to 2 seconds
Test Frontend (Vitest)	UNKNOWN STEP	2025-12-10T21:33:51.8390595Z Press Ctrl-C to quit
Test Frontend (Vitest)	UNKNOWN STEP	2025-12-10T21:33:51.8869344Z ==> Running command '/home/runner/work/_actions/codecov/codecov-action/v4/dist/codecov do-upload'
Test Frontend (Vitest)	UNKNOWN STEP	2025-12-10T21:33:51.8871495Z [command]/home/runner/work/_actions/codecov/codecov-action/v4/dist/codecov do-upload -f ./ui/coverage/coverage-final.json -F frontend --git-service github -n frontend-coverage
Test Frontend (Vitest)	UNKNOWN STEP	2025-12-10T21:33:52.2310400Z info - 2025-12-10 21:33:52,230 -- ci service found: github-actions
Test Frontend (Vitest)	UNKNOWN STEP	2025-12-10T21:33:52.2400679Z warning - 2025-12-10 21:33:52,239 -- No config file could be found. Ignoring config.
Test Frontend (Vitest)	UNKNOWN STEP	2025-12-10T21:33:52.2707753Z warning - 2025-12-10 21:33:52,270 -- xcrun is not installed or can't be found.
Test Frontend (Vitest)	UNKNOWN STEP	2025-12-10T21:33:52.6199125Z warning - 2025-12-10 21:33:52,619 -- No gcov data found.
Test Frontend (Vitest)	UNKNOWN STEP	2025-12-10T21:33:52.6203223Z warning - 2025-12-10 21:33:52,620 -- coverage.py is not installed or can't be found.
Test Frontend (Vitest)	UNKNOWN STEP	2025-12-10T21:33:52.9691434Z info - 2025-12-10 21:33:52,968 -- Found 2 coverage files to report
Test Frontend (Vitest)	UNKNOWN STEP	2025-12-10T21:33:52.9692849Z info - 2025-12-10 21:33:52,968 -- > /home/runner/work/OpenWatt/OpenWatt/ui/coverage/coverage-final.json
Test Frontend (Vitest)	UNKNOWN STEP	2025-12-10T21:33:52.9694139Z info - 2025-12-10 21:33:52,969 -- > /home/runner/work/OpenWatt/OpenWatt/ui/coverage/lcov.info
Test Frontend (Vitest)	UNKNOWN STEP	2025-12-10T21:33:53.1846726Z info - 2025-12-10 21:33:53,184 -- Process Upload complete
Test Frontend (Vitest)	UNKNOWN STEP	2025-12-10T21:33:53.1847857Z error - 2025-12-10 21:33:53,184 -- Upload failed: {"message":"Token required - not valid tokenless upload"}
Test Frontend (Vitest)	UNKNOWN STEP	2025-12-10T21:33:53.2914235Z Sentry is attempting to send 2 pending events
Test Frontend (Vitest)	UNKNOWN STEP	2025-12-10T21:33:53.2914917Z Waiting up to 2 seconds
Test Frontend (Vitest)	UNKNOWN STEP	2025-12-10T21:33:53.2915334Z Press Ctrl-C to quit
Test Frontend (Vitest)	UNKNOWN STEP	2025-12-10T21:33:53.3498561Z Post job cleanup.
Test Frontend (Vitest)	UNKNOWN STEP	2025-12-10T21:33:53.5000444Z Cache hit occurred on the primary key node-cache-Linux-x64-npm-3e72c2937761c9ee6f0118e00c6d835045fcfe6a4e8a0790b3e587623049054b, not saving cache.
Test Frontend (Vitest)	UNKNOWN STEP	2025-12-10T21:33:53.5102723Z Post job cleanup.
Test Frontend (Vitest)	UNKNOWN STEP	2025-12-10T21:33:53.6029677Z [command]/usr/bin/git version
Test Frontend (Vitest)	UNKNOWN STEP	2025-12-10T21:33:53.6064719Z git version 2.52.0
Test Frontend (Vitest)	UNKNOWN STEP	2025-12-10T21:33:53.6103874Z Copying '/home/runner/.gitconfig' to '/home/runner/work/_temp/f810e3ed-12db-4b81-8c58-62f702c93b0d/.gitconfig'
Test Frontend (Vitest)	UNKNOWN STEP	2025-12-10T21:33:53.6113170Z Temporarily overriding HOME='/home/runner/work/_temp/f810e3ed-12db-4b81-8c58-62f702c93b0d' before making global git config changes
Test Frontend (Vitest)	UNKNOWN STEP	2025-12-10T21:33:53.6114661Z Adding repository directory to the temporary git global config as a safe directory
Test Frontend (Vitest)	UNKNOWN STEP	2025-12-10T21:33:53.6126154Z [command]/usr/bin/git config --global --add safe.directory /home/runner/work/OpenWatt/OpenWatt
Test Frontend (Vitest)	UNKNOWN STEP	2025-12-10T21:33:53.6160905Z [command]/usr/bin/git config --local --name-only --get-regexp core\.sshCommand
Test Frontend (Vitest)	UNKNOWN STEP	2025-12-10T21:33:53.6192739Z [command]/usr/bin/git submodule foreach --recursive sh -c "git config --local --name-only --get-regexp 'core\.sshCommand' && git config --local --unset-all 'core.sshCommand' || :"
Test Frontend (Vitest)	UNKNOWN STEP	2025-12-10T21:33:53.6416678Z [command]/usr/bin/git config --local --name-only --get-regexp http\.https\:\/\/github\.com\/\.extraheader
Test Frontend (Vitest)	UNKNOWN STEP	2025-12-10T21:33:53.6436394Z http.https://github.com/.extraheader
Test Frontend (Vitest)	UNKNOWN STEP	2025-12-10T21:33:53.6448857Z [command]/usr/bin/git config --local --unset-all http.https://github.com/.extraheader
Test Frontend (Vitest)	UNKNOWN STEP	2025-12-10T21:33:53.6478635Z [command]/usr/bin/git submodule foreach --recursive sh -c "git config --local --name-only --get-regexp 'http\.https\:\/\/github\.com\/\.extraheader' && git config --local --unset-all 'http.https://github.com/.extraheader' || :"
Test Frontend (Vitest)	UNKNOWN STEP	2025-12-10T21:33:53.6719672Z [command]/usr/bin/git config --local --name-only --get-regexp ^includeIf\.gitdir:
Test Frontend (Vitest)	UNKNOWN STEP	2025-12-10T21:33:53.6753865Z [command]/usr/bin/git submodule foreach --recursive git config --local --show-origin --name-only --get-regexp remote.origin.url
Test Frontend (Vitest)	UNKNOWN STEP	2025-12-10T21:33:53.7086096Z Cleaning up orphan processes
